[*] Run ID 0: seed=0, split_index=0
    Starting now: 2026-06-06 18:40:30.166990
[*] Loaded dataset 'wisconsin' from 'PyG-WebKB':
  Data(x=[251, 1703], edge_index=[2, 515], y=[251], train_mask=[251, 10], val_mask=[251, 10], test_mask=[251, 10])
  undirected: False
  num graphs: 1
  avg num_nodes/graph: 251
  num node features: 1703
  num edge features: 0
  num classes: 5
Precomputing Positional Encoding statistics: ['LapPE'] for all graphs...
  ...estimated to be undirected: False
Done! Took 00:00:00.01
GraphGymModule(
  (model): GPSModel(
    (encoder): FeatureEncoder(
      (node_encoder): LapPENodeEncoder(
        (linear_x): Linear(in_features=1703, out_features=60, bias=True)
        (linear_A): Linear(in_features=2, out_features=8, bias=True)
        (pe_encoder): Sequential(
          (0): ReLU()
          (1): Linear(in_features=8, out_features=4, bias=True)
          (2): ReLU()
        )
      )
    )
    (layers): Sequential(
      (0): GPSLayer(
        summary: dim_h=64, local_gnn_type=GCN, global_model_type=Transformer, heads=4
        (local_model): GCNConv(64, 64)
        (self_attn): MultiheadAttention(
          (out_proj): NonDynamicallyQuantizableLinear(in_features=64, out_features=64, bias=True)
        )
        (dropout_local): Dropout(p=0.2, inplace=False)
        (dropout_attn): Dropout(p=0.2, inplace=False)
        (ff_linear1): Linear(in_features=64, out_features=128, bias=True)
        (ff_linear2): Linear(in_features=128, out_features=64, bias=True)
        (act_fn_ff): GELU(approximate='none')
        (ff_dropout1): Dropout(p=0.2, inplace=False)
        (ff_dropout2): Dropout(p=0.2, inplace=False)
      )
      (1): GPSLayer(
        summary: dim_h=64, local_gnn_type=GCN, global_model_type=Transformer, heads=4
        (local_model): GCNConv(64, 64)
        (self_attn): MultiheadAttention(
          (out_proj): NonDynamicallyQuantizableLinear(in_features=64, out_features=64, bias=True)
        )
        (dropout_local): Dropout(p=0.2, inplace=False)
        (dropout_attn): Dropout(p=0.2, inplace=False)
        (ff_linear1): Linear(in_features=64, out_features=128, bias=True)
        (ff_linear2): Linear(in_features=128, out_features=64, bias=True)
        (act_fn_ff): GELU(approximate='none')
        (ff_dropout1): Dropout(p=0.2, inplace=False)
        (ff_dropout2): Dropout(p=0.2, inplace=False)
      )
    )
    (post_mp): GNNNodeHead(
      (layer_post_mp): MLP(
        (model): Sequential(
          (0): Linear(
            (model): Linear(64, 5, bias=True)
          )
        )
      )
    )
  )
)
accelerator: cuda
benchmark: False
bn:
  eps: 1e-05
  mom: 0.1
cfg_dest: config.yaml
custom_metrics: []
dataset:
  cache_load: False
  cache_save: False
  dir: ./datasets
  edge_dim: 128
  edge_encoder: False
  edge_encoder_bn: False
  edge_encoder_name: DummyEdge
  edge_encoder_num_types: 0
  edge_message_ratio: 0.8
  edge_negative_sampling_ratio: 1.0
  edge_train_mode: all
  encoder: True
  encoder_bn: True
  encoder_dim: 128
  encoder_name: db
  format: PyG-WebKB
  infer_link_label: None
  label_column: none
  label_table: none
  location: local
  name: wisconsin
  node_encoder: True
  node_encoder_bn: False
  node_encoder_name: LapPE
  node_encoder_num_types: 0
  remove_feature: False
  resample_disjoint: False
  resample_negative: False
  shuffle_split: True
  slic_compactness: 10
  split: [0.8, 0.1, 0.1]
  split_dir: ./splits
  split_index: 0
  split_mode: standard
  task: node
  task_type: classification
  to_undirected: False
  transductive: True
  transform: none
  tu_simple: True
devices: 1
example_arg: example
example_group:
  example_arg: example
gnn:
  act: gelu
  agg: mean
  att_final_linear: False
  att_final_linear_bn: False
  att_heads: 1
  batchnorm: True
  clear_feature: True
  dim_inner: 64
  dropout: 0.2
  head: node
  keep_edge: 0.5
  l2norm: True
  layer_type: generalconv
  layers_mp: 2
  layers_post_mp: 1
  layers_pre_mp: 0
  msg_direction: single
  normalize_adj: False
  residual: False
  self_msg: concat
  skip_every: 1
  stage_type: stack
gpu_mem: False
graphormer:
  attention_dropout: 0.0
  dropout: 0.0
  embed_dim: 80
  input_dropout: 0.0
  mlp_dropout: 0.0
  num_heads: 4
  num_layers: 6
  use_graph_token: False
gt:
  attn_dropout: 0.0
  batch_norm: False
  bigbird:
    add_cross_attention: False
    attention_type: block_sparse
    block_size: 3
    chunk_size_feed_forward: 0
    hidden_act: relu
    is_decoder: False
    layer_norm_eps: 1e-06
    max_position_embeddings: 128
    num_random_blocks: 3
    use_bias: False
  dim_hidden: 64
  dropout: 0.2
  full_graph: True
  gamma: 1e-05
  layer_norm: False
  layer_type: GCN+Transformer
  layers: 2
  n_heads: 4
  pna_degrees: []
  residual: True
mem:
  inplace: False
metric_agg: argmax
metric_best: accuracy
model:
  edge_decoding: dot
  graph_pooling: add
  loss_fun: cross_entropy
  match_upper: True
  size_average: mean
  thresh: 0.5
  type: GPSModel
name_tag: 
num_threads: 6
num_workers: 0
optim:
  base_lr: 0.0005
  batch_accumulation: 1
  clip_grad_norm: True
  clip_grad_norm_value: 1.0
  lr_decay: 0.1
  max_epoch: 200
  min_lr: 0.0
  momentum: 0.9
  num_warmup_epochs: 10
  optimizer: adamW
  reduce_factor: 0.1
  schedule_patience: 10
  scheduler: cosine_with_warmup
  steps: [30, 60, 90]
  weight_decay: 1e-05
out_dir: results\webkb-wis-GPS
posenc_ElstaticSE:
  dim_pe: 16
  enable: False
  kernel:
    times: []
    times_func: range(10)
  layers: 3
  model: none
  n_heads: 4
  pass_as_var: False
  post_layers: 0
  raw_norm_type: none
posenc_EquivStableLapPE:
  eigen:
    eigvec_norm: L2
    laplacian_norm: sym
    max_freqs: 10
  enable: False
  raw_norm_type: none
posenc_GraphormerBias:
  dim_pe: 0
  enable: False
  node_degrees_only: True
  num_in_degrees: 12
  num_out_degrees: 123
  num_spatial_types: 20
posenc_HKdiagSE:
  dim_pe: 16
  enable: False
  kernel:
    times: []
    times_func: 
  layers: 3
  model: none
  n_heads: 4
  pass_as_var: False
  post_layers: 0
  raw_norm_type: none
posenc_LapPE:
  dim_pe: 4
  eigen:
    eigvec_norm: L2
    laplacian_norm: none
    max_freqs: 4
  enable: True
  layers: 2
  model: DeepSet
  n_heads: 4
  pass_as_var: False
  post_layers: 0
  raw_norm_type: none
posenc_RWSE:
  dim_pe: 16
  enable: False
  kernel:
    times: []
    times_func: range(1,17)
  layers: 3
  model: Linear
  n_heads: 4
  pass_as_var: False
  post_layers: 0
  raw_norm_type: BatchNorm
posenc_SignNet:
  dim_pe: 16
  eigen:
    eigvec_norm: L2
    laplacian_norm: sym
    max_freqs: 10
  enable: False
  layers: 3
  model: none
  n_heads: 4
  pass_as_var: False
  phi_hidden_dim: 64
  phi_out_dim: 4
  post_layers: 0
  raw_norm_type: none
pretrained:
  dir: 
  freeze_main: False
  reset_prediction_head: True
print: both
round: 5
run_dir: results\webkb-wis-GPS\0
run_id: 0
run_multiple_splits: []
seed: 0
share:
  dim_in: 1703
  dim_out: 5
  num_splits: 3
tensorboard_agg: True
tensorboard_each_run: False
train:
  auto_resume: False
  batch_size: 16
  ckpt_best: False
  ckpt_clean: True
  ckpt_period: 100
  enable_ckpt: False
  epoch_resume: -1
  eval_period: 5
  iter_per_epoch: 32
  mode: custom
  neighbor_sizes: [20, 15, 10, 5]
  node_per_graph: 32
  radius: extend
  sample_node: False
  sampler: full_batch
  skip_train_eval: False
  walk_length: 4
val:
  node_per_graph: 32
  radius: extend
  sample_node: False
  sampler: full_batch
view_emb: False
wandb:
  entity: gtransformers
  name: 
  project: Wisconsin
  use: False
Num parameters: 177377
Start from epoch 0
train: {'epoch': 0, 'time_epoch': 0.19152, 'eta': 38.11243, 'eta_hours': 0.01059, 'loss': 1.99339795, 'lr': 0.0, 'params': 177377, 'time_iter': 0.19152, 'accuracy': 0.15, 'f1': 0.0686, 'auc': 0.50991}
...computing epoch stats took: 0.03s
val: {'epoch': 0, 'time_epoch': 0.0065, 'loss': 2.07560444, 'lr': 0, 'params': 177377, 'time_iter': 0.0065, 'accuracy': 0.1, 'f1': 0.08294, 'auc': 0.57163}
...computing epoch stats took: 0.01s
test: {'epoch': 0, 'time_epoch': 0.005, 'loss': 2.11284351, 'lr': 0, 'params': 177377, 'time_iter': 0.005, 'accuracy': 0.17647, 'f1': 0.08691, 'auc': 0.45723}
...computing epoch stats took: 0.01s
> Epoch 0: took 0.2s (avg 0.2s) | Best so far: epoch 0	train_loss: 1.9934 train_accuracy: 0.1500	val_loss: 2.0756 val_accuracy: 0.1000	test_loss: 2.1128 test_accuracy: 0.1765
train: {'epoch': 1, 'time_epoch': 0.008, 'eta': 19.75244, 'eta_hours': 0.00549, 'loss': 2.01569581, 'lr': 5e-05, 'params': 177377, 'time_iter': 0.008, 'accuracy': 0.15, 'f1': 0.06848, 'auc': 0.47708}
...computing epoch stats took: 0.00s
train: {'epoch': 2, 'time_epoch': 0.008, 'eta': 13.62699, 'eta_hours': 0.00379, 'loss': 1.86218131, 'lr': 0.0001, 'params': 177377, 'time_iter': 0.008, 'accuracy': 0.15833, 'f1': 0.08317, 'auc': 0.55094}
...computing epoch stats took: 0.00s
train: {'epoch': 3, 'time_epoch': 0.007, 'eta': 10.51136, 'eta_hours': 0.00292, 'loss': 1.78896511, 'lr': 0.00015, 'params': 177377, 'time_iter': 0.007, 'accuracy': 0.18333, 'f1': 0.11228, 'auc': 0.55884}
train: {'epoch': 4, 'time_epoch': 0.007, 'eta': 8.63924, 'eta_hours': 0.0024, 'loss': 1.59079123, 'lr': 0.0002, 'params': 177377, 'time_iter': 0.007, 'accuracy': 0.28333, 'f1': 0.18833, 'auc': 0.61121}
val: {'epoch': 4, 'time_epoch': 0.003, 'loss': 1.50331342, 'lr': 0, 'params': 177377, 'time_iter': 0.003, 'accuracy': 0.2875, 'f1': 0.21127, 'auc': 0.55375}
test: {'epoch': 4, 'time_epoch': 0.004, 'loss': 1.50084519, 'lr': 0, 'params': 177377, 'time_iter': 0.004, 'accuracy': 0.29412, 'f1': 0.18631, 'auc': 0.47448}
> Epoch 4: took 0.0s (avg 0.1s) | Best so far: epoch 4	train_loss: 1.5908 train_accuracy: 0.2833	val_loss: 1.5033 val_accuracy: 0.2875	test_loss: 1.5008 test_accuracy: 0.2941
train: {'epoch': 5, 'time_epoch': 0.009, 'eta': 7.45346, 'eta_hours': 0.00207, 'loss': 1.39333701, 'lr': 0.00025, 'params': 177377, 'time_iter': 0.009, 'accuracy': 0.41667, 'f1': 0.2636, 'auc': 0.65877}
train: {'epoch': 6, 'time_epoch': 0.00849, 'eta': 6.58992, 'eta_hours': 0.00183, 'loss': 1.25314879, 'lr': 0.0003, 'params': 177377, 'time_iter': 0.00849, 'accuracy': 0.54167, 'f1': 0.38978, 'auc': 0.70839}
train: {'epoch': 7, 'time_epoch': 0.009, 'eta': 5.95229, 'eta_hours': 0.00165, 'loss': 1.08202672, 'lr': 0.00035, 'params': 177377, 'time_iter': 0.009, 'accuracy': 0.625, 'f1': 0.29179, 'auc': 0.82939}
train: {'epoch': 8, 'time_epoch': 0.007, 'eta': 5.41189, 'eta_hours': 0.0015, 'loss': 0.95429176, 'lr': 0.0004, 'params': 177377, 'time_iter': 0.007, 'accuracy': 0.66667, 'f1': 0.37997, 'auc': 0.85647}
train: {'epoch': 9, 'time_epoch': 0.007, 'eta': 4.9782, 'eta_hours': 0.00138, 'loss': 0.86157411, 'lr': 0.00045, 'params': 177377, 'time_iter': 0.007, 'accuracy': 0.68333, 'f1': 0.37657, 'auc': 0.91403}
val: {'epoch': 9, 'time_epoch': 0.004, 'loss': 1.04192996, 'lr': 0, 'params': 177377, 'time_iter': 0.004, 'accuracy': 0.7, 'f1': 0.31842, 'auc': 0.74053}
test: {'epoch': 9, 'time_epoch': 0.005, 'loss': 1.06476164, 'lr': 0, 'params': 177377, 'time_iter': 0.005, 'accuracy': 0.66667, 'f1': 0.29435, 'auc': 0.66378}
> Epoch 9: took 0.0s (avg 0.0s) | Best so far: epoch 9	train_loss: 0.8616 train_accuracy: 0.6833	val_loss: 1.0419 val_accuracy: 0.7000	test_loss: 1.0648 test_accuracy: 0.6667
train: {'epoch': 10, 'time_epoch': 0.007, 'eta': 4.62209, 'eta_hours': 0.00128, 'loss': 0.72487122, 'lr': 0.0005, 'params': 177377, 'time_iter': 0.007, 'accuracy': 0.75, 'f1': 0.46293, 'auc': 0.92273}
train: {'epoch': 11, 'time_epoch': 0.007, 'eta': 4.32419, 'eta_hours': 0.0012, 'loss': 0.56272733, 'lr': 0.00049997, 'params': 177377, 'time_iter': 0.007, 'accuracy': 0.86667, 'f1': 0.6135, 'auc': 0.97445}
train: {'epoch': 12, 'time_epoch': 0.0075, 'eta': 4.07826, 'eta_hours': 0.00113, 'loss': 0.48736283, 'lr': 0.00049986, 'params': 177377, 'time_iter': 0.0075, 'accuracy': 0.85, 'f1': 0.64569, 'auc': 0.97166}
train: {'epoch': 13, 'time_epoch': 0.008, 'eta': 3.87299, 'eta_hours': 0.00108, 'loss': 0.42096281, 'lr': 0.00049969, 'params': 177377, 'time_iter': 0.008, 'accuracy': 0.9, 'f1': 0.69452, 'auc': 0.97616}
train: {'epoch': 14, 'time_epoch': 0.009, 'eta': 3.70634, 'eta_hours': 0.00103, 'loss': 0.36949813, 'lr': 0.00049945, 'params': 177377, 'time_iter': 0.009, 'accuracy': 0.93333, 'f1': 0.86929, 'auc': 0.97586}
val: {'epoch': 14, 'time_epoch': 0.004, 'loss': 0.75909889, 'lr': 0, 'params': 177377, 'time_iter': 0.004, 'accuracy': 0.7875, 'f1': 0.536, 'auc': 0.85702}
test: {'epoch': 14, 'time_epoch': 0.004, 'loss': 0.87023777, 'lr': 0, 'params': 177377, 'time_iter': 0.004, 'accuracy': 0.70588, 'f1': 0.46892, 'auc': 0.71256}
> Epoch 14: took 0.0s (avg 0.0s) | Best so far: epoch 14	train_loss: 0.3695 train_accuracy: 0.9333	val_loss: 0.7591 val_accuracy: 0.7875	test_loss: 0.8702 test_accuracy: 0.7059
train: {'epoch': 15, 'time_epoch': 0.007, 'eta': 3.53641, 'eta_hours': 0.00098, 'loss': 0.32009158, 'lr': 0.00049915, 'params': 177377, 'time_iter': 0.007, 'accuracy': 0.93333, 'f1': 0.86137, 'auc': 0.991}
train: {'epoch': 16, 'time_epoch': 0.007, 'eta': 3.38566, 'eta_hours': 0.00094, 'loss': 0.27227238, 'lr': 0.00049877, 'params': 177377, 'time_iter': 0.007, 'accuracy': 0.94167, 'f1': 0.87976, 'auc': 0.98943}
train: {'epoch': 17, 'time_epoch': 0.007, 'eta': 3.25087, 'eta_hours': 0.0009, 'loss': 0.23237388, 'lr': 0.00049833, 'params': 177377, 'time_iter': 0.007, 'accuracy': 0.95833, 'f1': 0.93306, 'auc': 0.9899}
train: {'epoch': 18, 'time_epoch': 0.007, 'eta': 3.12953, 'eta_hours': 0.00087, 'loss': 0.19160686, 'lr': 0.00049782, 'params': 177377, 'time_iter': 0.007, 'accuracy': 0.96667, 'f1': 0.93768, 'auc': 0.99573}
train: {'epoch': 19, 'time_epoch': 0.00751, 'eta': 3.02418, 'eta_hours': 0.00084, 'loss': 0.17083438, 'lr': 0.00049724, 'params': 177377, 'time_iter': 0.00751, 'accuracy': 0.94167, 'f1': 0.92403, 'auc': 0.99779}
val: {'epoch': 19, 'time_epoch': 0.004, 'loss': 0.59958309, 'lr': 0, 'params': 177377, 'time_iter': 0.004, 'accuracy': 0.8125, 'f1': 0.5436, 'auc': 0.90953}
test: {'epoch': 19, 'time_epoch': 0.004, 'loss': 0.85051745, 'lr': 0, 'params': 177377, 'time_iter': 0.004, 'accuracy': 0.76471, 'f1': 0.50414, 'auc': 0.77136}
> Epoch 19: took 0.0s (avg 0.0s) | Best so far: epoch 19	train_loss: 0.1708 train_accuracy: 0.9417	val_loss: 0.5996 val_accuracy: 0.8125	test_loss: 0.8505 test_accuracy: 0.7647
train: {'epoch': 20, 'time_epoch': 0.007, 'eta': 2.92384, 'eta_hours': 0.00081, 'loss': 0.13540636, 'lr': 0.00049659, 'params': 177377, 'time_iter': 0.007, 'accuracy': 0.96667, 'f1': 0.93768, 'auc': 0.99926}
train: {'epoch': 21, 'time_epoch': 0.009, 'eta': 2.84817, 'eta_hours': 0.00079, 'loss': 0.13876608, 'lr': 0.00049588, 'params': 177377, 'time_iter': 0.009, 'accuracy': 0.95, 'f1': 0.92857, 'auc': 0.99908}
train: {'epoch': 22, 'time_epoch': 0.0075, 'eta': 2.76678, 'eta_hours': 0.00077, 'loss': 0.10682855, 'lr': 0.00049509, 'params': 177377, 'time_iter': 0.0075, 'accuracy': 0.96667, 'f1': 0.93768, 'auc': 0.99977}
train: {'epoch': 23, 'time_epoch': 0.007, 'eta': 2.68785, 'eta_hours': 0.00075, 'loss': 0.09712221, 'lr': 0.00049425, 'params': 177377, 'time_iter': 0.007, 'accuracy': 0.96667, 'f1': 0.94107, 'auc': 0.99971}
train: {'epoch': 24, 'time_epoch': 0.007, 'eta': 2.61468, 'eta_hours': 0.00073, 'loss': 0.08264944, 'lr': 0.00049333, 'params': 177377, 'time_iter': 0.007, 'accuracy': 0.975, 'f1': 0.9456, 'auc': 0.99994}
val: {'epoch': 24, 'time_epoch': 0.004, 'loss': 0.54614943, 'lr': 0, 'params': 177377, 'time_iter': 0.004, 'accuracy': 0.825, 'f1': 0.55091, 'auc': 0.91205}
test: {'epoch': 24, 'time_epoch': 0.0045, 'loss': 0.87950724, 'lr': 0, 'params': 177377, 'time_iter': 0.0045, 'accuracy': 0.76471, 'f1': 0.52124, 'auc': 0.81744}
> Epoch 24: took 0.0s (avg 0.0s) | Best so far: epoch 24	train_loss: 0.0826 train_accuracy: 0.9750	val_loss: 0.5461 val_accuracy: 0.8250	test_loss: 0.8795 test_accuracy: 0.7647
train: {'epoch': 25, 'time_epoch': 0.008, 'eta': 2.55327, 'eta_hours': 0.00071, 'loss': 0.07829854, 'lr': 0.00049235, 'params': 177377, 'time_iter': 0.008, 'accuracy': 0.975, 'f1': 0.9456, 'auc': 0.99971}
train: {'epoch': 26, 'time_epoch': 0.01, 'eta': 2.50865, 'eta_hours': 0.0007, 'loss': 0.06173642, 'lr': 0.0004913, 'params': 177377, 'time_iter': 0.01, 'accuracy': 0.975, 'f1': 0.9456, 'auc': 0.99994}
train: {'epoch': 27, 'time_epoch': 0.008, 'eta': 2.45422, 'eta_hours': 0.00068, 'loss': 0.06151674, 'lr': 0.00049019, 'params': 177377, 'time_iter': 0.008, 'accuracy': 0.975, 'f1': 0.9456, 'auc': 1.0}
train: {'epoch': 28, 'time_epoch': 0.007, 'eta': 2.3971, 'eta_hours': 0.00067, 'loss': 0.04522495, 'lr': 0.00048901, 'params': 177377, 'time_iter': 0.007, 'accuracy': 0.98333, 'f1': 0.97608, 'auc': 1.0}
train: {'epoch': 29, 'time_epoch': 0.009, 'eta': 2.35465, 'eta_hours': 0.00065, 'loss': 0.04035786, 'lr': 0.00048776, 'params': 177377, 'time_iter': 0.009, 'accuracy': 1.0, 'f1': 1.0, 'auc': 1.0}
val: {'epoch': 29, 'time_epoch': 0.004, 'loss': 0.53149438, 'lr': 0, 'params': 177377, 'time_iter': 0.004, 'accuracy': 0.8125, 'f1': 0.62915, 'auc': 0.91063}
test: {'epoch': 29, 'time_epoch': 0.005, 'loss': 0.93356091, 'lr': 0, 'params': 177377, 'time_iter': 0.005, 'accuracy': 0.7451, 'f1': 0.51695, 'auc': 0.83374}
> Epoch 29: took 0.0s (avg 0.0s) | Best so far: epoch 24	train_loss: 0.0826 train_accuracy: 0.9750	val_loss: 0.5461 val_accuracy: 0.8250	test_loss: 0.8795 test_accuracy: 0.7647
train: {'epoch': 30, 'time_epoch': 0.009, 'eta': 2.31434, 'eta_hours': 0.00064, 'loss': 0.03562595, 'lr': 0.00048645, 'params': 177377, 'time_iter': 0.009, 'accuracy': 0.99167, 'f1': 0.9885, 'auc': 1.0}
train: {'epoch': 31, 'time_epoch': 0.007, 'eta': 2.2655, 'eta_hours': 0.00063, 'loss': 0.02526849, 'lr': 0.00048508, 'params': 177377, 'time_iter': 0.007, 'accuracy': 1.0, 'f1': 1.0, 'auc': 1.0}
train: {'epoch': 32, 'time_epoch': 0.01, 'eta': 2.23438, 'eta_hours': 0.00062, 'loss': 0.02854089, 'lr': 0.00048364, 'params': 177377, 'time_iter': 0.01, 'accuracy': 1.0, 'f1': 1.0, 'auc': 1.0}
train: {'epoch': 33, 'time_epoch': 0.007, 'eta': 2.18985, 'eta_hours': 0.00061, 'loss': 0.02052935, 'lr': 0.00048214, 'params': 177377, 'time_iter': 0.007, 'accuracy': 1.0, 'f1': 1.0, 'auc': 1.0}
train: {'epoch': 34, 'time_epoch': 0.007, 'eta': 2.14747, 'eta_hours': 0.0006, 'loss': 0.02149817, 'lr': 0.00048057, 'params': 177377, 'time_iter': 0.007, 'accuracy': 1.0, 'f1': 1.0, 'auc': 1.0}
val: {'epoch': 34, 'time_epoch': 0.003, 'loss': 0.56678569, 'lr': 0, 'params': 177377, 'time_iter': 0.003, 'accuracy': 0.8125, 'f1': 0.62915, 'auc': 0.90957}
test: {'epoch': 34, 'time_epoch': 0.004, 'loss': 1.01945853, 'lr': 0, 'params': 177377, 'time_iter': 0.004, 'accuracy': 0.72549, 'f1': 0.50574, 'auc': 0.84456}
> Epoch 34: took 0.0s (avg 0.0s) | Best so far: epoch 24	train_loss: 0.0826 train_accuracy: 0.9750	val_loss: 0.5461 val_accuracy: 0.8250	test_loss: 0.8795 test_accuracy: 0.7647
train: {'epoch': 35, 'time_epoch': 0.008, 'eta': 2.11161, 'eta_hours': 0.00059, 'loss': 0.01712695, 'lr': 0.00047894, 'params': 177377, 'time_iter': 0.008, 'accuracy': 1.0, 'f1': 1.0, 'auc': 1.0}
train: {'epoch': 36, 'time_epoch': 0.007, 'eta': 2.07285, 'eta_hours': 0.00058, 'loss': 0.01751141, 'lr': 0.00047725, 'params': 177377, 'time_iter': 0.007, 'accuracy': 1.0, 'f1': 1.0, 'auc': 1.0}
train: {'epoch': 37, 'time_epoch': 0.0075, 'eta': 2.03791, 'eta_hours': 0.00057, 'loss': 0.0139011, 'lr': 0.0004755, 'params': 177377, 'time_iter': 0.0075, 'accuracy': 1.0, 'f1': 1.0, 'auc': 1.0}
train: {'epoch': 38, 'time_epoch': 0.007, 'eta': 2.00229, 'eta_hours': 0.00056, 'loss': 0.01010184, 'lr': 0.00047368, 'params': 177377, 'time_iter': 0.007, 'accuracy': 1.0, 'f1': 1.0, 'auc': 1.0}
train: {'epoch': 39, 'time_epoch': 0.007, 'eta': 1.96811, 'eta_hours': 0.00055, 'loss': 0.01038098, 'lr': 0.00047181, 'params': 177377, 'time_iter': 0.007, 'accuracy': 1.0, 'f1': 1.0, 'auc': 1.0}
val: {'epoch': 39, 'time_epoch': 0.004, 'loss': 0.63473439, 'lr': 0, 'params': 177377, 'time_iter': 0.004, 'accuracy': 0.8, 'f1': 0.62032, 'auc': 0.90445}
test: {'epoch': 39, 'time_epoch': 0.004, 'loss': 1.13493514, 'lr': 0, 'params': 177377, 'time_iter': 0.004, 'accuracy': 0.72549, 'f1': 0.50574, 'auc': 0.85996}
> Epoch 39: took 0.0s (avg 0.0s) | Best so far: epoch 24	train_loss: 0.0826 train_accuracy: 0.9750	val_loss: 0.5461 val_accuracy: 0.8250	test_loss: 0.8795 test_accuracy: 0.7647
train: {'epoch': 40, 'time_epoch': 0.007, 'eta': 1.93525, 'eta_hours': 0.00054, 'loss': 0.00856452, 'lr': 0.00046987, 'params': 177377, 'time_iter': 0.007, 'accuracy': 1.0, 'f1': 1.0, 'auc': 1.0}
train: {'epoch': 41, 'time_epoch': 0.007, 'eta': 1.90362, 'eta_hours': 0.00053, 'loss': 0.00953139, 'lr': 0.00046787, 'params': 177377, 'time_iter': 0.007, 'accuracy': 1.0, 'f1': 1.0, 'auc': 1.0}
train: {'epoch': 42, 'time_epoch': 0.007, 'eta': 1.87314, 'eta_hours': 0.00052, 'loss': 0.00798695, 'lr': 0.00046581, 'params': 177377, 'time_iter': 0.007, 'accuracy': 1.0, 'f1': 1.0, 'auc': 1.0}
train: {'epoch': 43, 'time_epoch': 0.007, 'eta': 1.84372, 'eta_hours': 0.00051, 'loss': 0.00489251, 'lr': 0.0004637, 'params': 177377, 'time_iter': 0.007, 'accuracy': 1.0, 'f1': 1.0, 'auc': 1.0}
train: {'epoch': 44, 'time_epoch': 0.00751, 'eta': 1.81705, 'eta_hours': 0.0005, 'loss': 0.0051508, 'lr': 0.00046152, 'params': 177377, 'time_iter': 0.00751, 'accuracy': 1.0, 'f1': 1.0, 'auc': 1.0}
val: {'epoch': 44, 'time_epoch': 0.004, 'loss': 0.72180897, 'lr': 0, 'params': 177377, 'time_iter': 0.004, 'accuracy': 0.775, 'f1': 0.5915, 'auc': 0.90453}
test: {'epoch': 44, 'time_epoch': 0.004, 'loss': 1.27380478, 'lr': 0, 'params': 177377, 'time_iter': 0.004, 'accuracy': 0.72549, 'f1': 0.50574, 'auc': 0.86565}
> Epoch 44: took 0.0s (avg 0.0s) | Best so far: epoch 24	train_loss: 0.0826 train_accuracy: 0.9750	val_loss: 0.5461 val_accuracy: 0.8250	test_loss: 0.8795 test_accuracy: 0.7647
train: {'epoch': 45, 'time_epoch': 0.008, 'eta': 1.79285, 'eta_hours': 0.0005, 'loss': 0.00561309, 'lr': 0.00045929, 'params': 177377, 'time_iter': 0.008, 'accuracy': 1.0, 'f1': 1.0, 'auc': 1.0}
train: {'epoch': 46, 'time_epoch': 0.007, 'eta': 1.7661, 'eta_hours': 0.00049, 'loss': 0.00309835, 'lr': 0.000457, 'params': 177377, 'time_iter': 0.007, 'accuracy': 1.0, 'f1': 1.0, 'auc': 1.0}
train: {'epoch': 47, 'time_epoch': 0.007, 'eta': 1.74016, 'eta_hours': 0.00048, 'loss': 0.00396286, 'lr': 0.00045466, 'params': 177377, 'time_iter': 0.007, 'accuracy': 1.0, 'f1': 1.0, 'auc': 1.0}
train: {'epoch': 48, 'time_epoch': 0.009, 'eta': 1.72117, 'eta_hours': 0.00048, 'loss': 0.00381213, 'lr': 0.00045225, 'params': 177377, 'time_iter': 0.009, 'accuracy': 1.0, 'f1': 1.0, 'auc': 1.0}
train: {'epoch': 49, 'time_epoch': 0.007, 'eta': 1.69658, 'eta_hours': 0.00047, 'loss': 0.00335851, 'lr': 0.0004498, 'params': 177377, 'time_iter': 0.007, 'accuracy': 1.0, 'f1': 1.0, 'auc': 1.0}
val: {'epoch': 49, 'time_epoch': 0.004, 'loss': 0.81856978, 'lr': 0, 'params': 177377, 'time_iter': 0.004, 'accuracy': 0.775, 'f1': 0.5915, 'auc': 0.90004}
test: {'epoch': 49, 'time_epoch': 0.0035, 'loss': 1.42005336, 'lr': 0, 'params': 177377, 'time_iter': 0.0035, 'accuracy': 0.7451, 'f1': 0.52352, 'auc': 0.87737}
> Epoch 49: took 0.0s (avg 0.0s) | Best so far: epoch 24	train_loss: 0.0826 train_accuracy: 0.9750	val_loss: 0.5461 val_accuracy: 0.8250	test_loss: 0.8795 test_accuracy: 0.7647
train: {'epoch': 50, 'time_epoch': 0.007, 'eta': 1.67268, 'eta_hours': 0.00046, 'loss': 0.00223173, 'lr': 0.00044729, 'params': 177377, 'time_iter': 0.007, 'accuracy': 1.0, 'f1': 1.0, 'auc': 1.0}
train: {'epoch': 51, 'time_epoch': 0.009, 'eta': 1.65511, 'eta_hours': 0.00046, 'loss': 0.00346645, 'lr': 0.00044472, 'params': 177377, 'time_iter': 0.009, 'accuracy': 1.0, 'f1': 1.0, 'auc': 1.0}
train: {'epoch': 52, 'time_epoch': 0.007, 'eta': 1.63232, 'eta_hours': 0.00045, 'loss': 0.00239499, 'lr': 0.0004421, 'params': 177377, 'time_iter': 0.007, 'accuracy': 1.0, 'f1': 1.0, 'auc': 1.0}
train: {'epoch': 53, 'time_epoch': 0.008, 'eta': 1.61283, 'eta_hours': 0.00045, 'loss': 0.00200624, 'lr': 0.00043943, 'params': 177377, 'time_iter': 0.008, 'accuracy': 1.0, 'f1': 1.0, 'auc': 1.0}
train: {'epoch': 54, 'time_epoch': 0.007, 'eta': 1.59112, 'eta_hours': 0.00044, 'loss': 0.00210334, 'lr': 0.00043671, 'params': 177377, 'time_iter': 0.007, 'accuracy': 1.0, 'f1': 1.0, 'auc': 1.0}
val: {'epoch': 54, 'time_epoch': 0.004, 'loss': 0.90811378, 'lr': 0, 'params': 177377, 'time_iter': 0.004, 'accuracy': 0.775, 'f1': 0.59163, 'auc': 0.89769}
test: {'epoch': 54, 'time_epoch': 0.004, 'loss': 1.55323136, 'lr': 0, 'params': 177377, 'time_iter': 0.004, 'accuracy': 0.76471, 'f1': 0.5478, 'auc': 0.87508}
> Epoch 54: took 0.0s (avg 0.0s) | Best so far: epoch 24	train_loss: 0.0826 train_accuracy: 0.9750	val_loss: 0.5461 val_accuracy: 0.8250	test_loss: 0.8795 test_accuracy: 0.7647
train: {'epoch': 55, 'time_epoch': 0.007, 'eta': 1.56993, 'eta_hours': 0.00044, 'loss': 0.00160166, 'lr': 0.00043393, 'params': 177377, 'time_iter': 0.007, 'accuracy': 1.0, 'f1': 1.0, 'auc': 1.0}
train: {'epoch': 56, 'time_epoch': 0.0065, 'eta': 1.548, 'eta_hours': 0.00043, 'loss': 0.00139635, 'lr': 0.00043111, 'params': 177377, 'time_iter': 0.0065, 'accuracy': 1.0, 'f1': 1.0, 'auc': 1.0}
train: {'epoch': 57, 'time_epoch': 0.008, 'eta': 1.53025, 'eta_hours': 0.00043, 'loss': 0.00077328, 'lr': 0.00042823, 'params': 177377, 'time_iter': 0.008, 'accuracy': 1.0, 'f1': 1.0, 'auc': 1.0}
train: {'epoch': 58, 'time_epoch': 0.007, 'eta': 1.51045, 'eta_hours': 0.00042, 'loss': 0.00102918, 'lr': 0.00042531, 'params': 177377, 'time_iter': 0.007, 'accuracy': 1.0, 'f1': 1.0, 'auc': 1.0}
train: {'epoch': 59, 'time_epoch': 0.009, 'eta': 1.49574, 'eta_hours': 0.00042, 'loss': 0.00112174, 'lr': 0.00042234, 'params': 177377, 'time_iter': 0.009, 'accuracy': 1.0, 'f1': 1.0, 'auc': 1.0}
val: {'epoch': 59, 'time_epoch': 0.003, 'loss': 0.95621502, 'lr': 0, 'params': 177377, 'time_iter': 0.003, 'accuracy': 0.775, 'f1': 0.59163, 'auc': 0.8973}
test: {'epoch': 59, 'time_epoch': 0.005, 'loss': 1.6496979, 'lr': 0, 'params': 177377, 'time_iter': 0.005, 'accuracy': 0.76471, 'f1': 0.5478, 'auc': 0.8786}
> Epoch 59: took 0.0s (avg 0.0s) | Best so far: epoch 24	train_loss: 0.0826 train_accuracy: 0.9750	val_loss: 0.5461 val_accuracy: 0.8250	test_loss: 0.8795 test_accuracy: 0.7647
train: {'epoch': 60, 'time_epoch': 0.007, 'eta': 1.47667, 'eta_hours': 0.00041, 'loss': 0.00127204, 'lr': 0.00041932, 'params': 177377, 'time_iter': 0.007, 'accuracy': 1.0, 'f1': 1.0, 'auc': 1.0}
train: {'epoch': 61, 'time_epoch': 0.007, 'eta': 1.45798, 'eta_hours': 0.0004, 'loss': 0.00087395, 'lr': 0.00041626, 'params': 177377, 'time_iter': 0.007, 'accuracy': 1.0, 'f1': 1.0, 'auc': 1.0}
train: {'epoch': 62, 'time_epoch': 0.007, 'eta': 1.43966, 'eta_hours': 0.0004, 'loss': 0.00082069, 'lr': 0.00041315, 'params': 177377, 'time_iter': 0.007, 'accuracy': 1.0, 'f1': 1.0, 'auc': 1.0}
train: {'epoch': 63, 'time_epoch': 0.009, 'eta': 1.42595, 'eta_hours': 0.0004, 'loss': 0.00088407, 'lr': 0.00040999, 'params': 177377, 'time_iter': 0.009, 'accuracy': 1.0, 'f1': 1.0, 'auc': 1.0}
train: {'epoch': 64, 'time_epoch': 0.007, 'eta': 1.40823, 'eta_hours': 0.00039, 'loss': 0.00040784, 'lr': 0.00040679, 'params': 177377, 'time_iter': 0.007, 'accuracy': 1.0, 'f1': 1.0, 'auc': 1.0}
val: {'epoch': 64, 'time_epoch': 0.004, 'loss': 0.97237742, 'lr': 0, 'params': 177377, 'time_iter': 0.004, 'accuracy': 0.775, 'f1': 0.5915, 'auc': 0.89629}
test: {'epoch': 64, 'time_epoch': 0.003, 'loss': 1.72166777, 'lr': 0, 'params': 177377, 'time_iter': 0.003, 'accuracy': 0.7451, 'f1': 0.51315, 'auc': 0.87785}
> Epoch 64: took 0.0s (avg 0.0s) | Best so far: epoch 24	train_loss: 0.0826 train_accuracy: 0.9750	val_loss: 0.5461 val_accuracy: 0.8250	test_loss: 0.8795 test_accuracy: 0.7647
train: {'epoch': 65, 'time_epoch': 0.007, 'eta': 1.39083, 'eta_hours': 0.00039, 'loss': 0.00060236, 'lr': 0.00040355, 'params': 177377, 'time_iter': 0.007, 'accuracy': 1.0, 'f1': 1.0, 'auc': 1.0}
train: {'epoch': 66, 'time_epoch': 0.007, 'eta': 1.37374, 'eta_hours': 0.00038, 'loss': 0.00059527, 'lr': 0.00040027, 'params': 177377, 'time_iter': 0.007, 'accuracy': 1.0, 'f1': 1.0, 'auc': 1.0}
train: {'epoch': 67, 'time_epoch': 0.007, 'eta': 1.35695, 'eta_hours': 0.00038, 'loss': 0.00072711, 'lr': 0.00039695, 'params': 177377, 'time_iter': 0.007, 'accuracy': 1.0, 'f1': 1.0, 'auc': 1.0}
train: {'epoch': 68, 'time_epoch': 0.007, 'eta': 1.34045, 'eta_hours': 0.00037, 'loss': 0.00038246, 'lr': 0.00039358, 'params': 177377, 'time_iter': 0.007, 'accuracy': 1.0, 'f1': 1.0, 'auc': 1.0}
train: {'epoch': 69, 'time_epoch': 0.0095, 'eta': 1.32886, 'eta_hours': 0.00037, 'loss': 0.00049611, 'lr': 0.00039018, 'params': 177377, 'time_iter': 0.0095, 'accuracy': 1.0, 'f1': 1.0, 'auc': 1.0}
val: {'epoch': 69, 'time_epoch': 0.004, 'loss': 0.98884046, 'lr': 0, 'params': 177377, 'time_iter': 0.004, 'accuracy': 0.7875, 'f1': 0.59937, 'auc': 0.89606}
test: {'epoch': 69, 'time_epoch': 0.003, 'loss': 1.78187919, 'lr': 0, 'params': 177377, 'time_iter': 0.003, 'accuracy': 0.7451, 'f1': 0.51315, 'auc': 0.87669}
> Epoch 69: took 0.0s (avg 0.0s) | Best so far: epoch 24	train_loss: 0.0826 train_accuracy: 0.9750	val_loss: 0.5461 val_accuracy: 0.8250	test_loss: 0.8795 test_accuracy: 0.7647
train: {'epoch': 70, 'time_epoch': 0.007, 'eta': 1.31279, 'eta_hours': 0.00036, 'loss': 0.00047169, 'lr': 0.00038674, 'params': 177377, 'time_iter': 0.007, 'accuracy': 1.0, 'f1': 1.0, 'auc': 1.0}
train: {'epoch': 71, 'time_epoch': 0.007, 'eta': 1.29696, 'eta_hours': 0.00036, 'loss': 0.0006977, 'lr': 0.00038326, 'params': 177377, 'time_iter': 0.007, 'accuracy': 1.0, 'f1': 1.0, 'auc': 1.0}
train: {'epoch': 72, 'time_epoch': 0.007, 'eta': 1.28138, 'eta_hours': 0.00036, 'loss': 0.00032966, 'lr': 0.00037974, 'params': 177377, 'time_iter': 0.007, 'accuracy': 1.0, 'f1': 1.0, 'auc': 1.0}
train: {'epoch': 73, 'time_epoch': 0.007, 'eta': 1.26603, 'eta_hours': 0.00035, 'loss': 0.00033107, 'lr': 0.00037619, 'params': 177377, 'time_iter': 0.007, 'accuracy': 1.0, 'f1': 1.0, 'auc': 1.0}
train: {'epoch': 74, 'time_epoch': 0.008, 'eta': 1.25257, 'eta_hours': 0.00035, 'loss': 0.00048922, 'lr': 0.00037261, 'params': 177377, 'time_iter': 0.008, 'accuracy': 1.0, 'f1': 1.0, 'auc': 1.0}
val: {'epoch': 74, 'time_epoch': 0.00601, 'loss': 1.02365637, 'lr': 0, 'params': 177377, 'time_iter': 0.00601, 'accuracy': 0.7875, 'f1': 0.59937, 'auc': 0.89619}
test: {'epoch': 74, 'time_epoch': 0.005, 'loss': 1.82979512, 'lr': 0, 'params': 177377, 'time_iter': 0.005, 'accuracy': 0.7451, 'f1': 0.51315, 'auc': 0.87707}
> Epoch 74: took 0.0s (avg 0.0s) | Best so far: epoch 24	train_loss: 0.0826 train_accuracy: 0.9750	val_loss: 0.5461 val_accuracy: 0.8250	test_loss: 0.8795 test_accuracy: 0.7647
train: {'epoch': 75, 'time_epoch': 0.008, 'eta': 1.23926, 'eta_hours': 0.00034, 'loss': 0.00036776, 'lr': 0.00036899, 'params': 177377, 'time_iter': 0.008, 'accuracy': 1.0, 'f1': 1.0, 'auc': 1.0}
train: {'epoch': 76, 'time_epoch': 0.01, 'eta': 1.22927, 'eta_hours': 0.00034, 'loss': 0.00032508, 'lr': 0.00036534, 'params': 177377, 'time_iter': 0.01, 'accuracy': 1.0, 'f1': 1.0, 'auc': 1.0}
train: {'epoch': 77, 'time_epoch': 0.009, 'eta': 1.21772, 'eta_hours': 0.00034, 'loss': 0.00032275, 'lr': 0.00036165, 'params': 177377, 'time_iter': 0.009, 'accuracy': 1.0, 'f1': 1.0, 'auc': 1.0}
train: {'epoch': 78, 'time_epoch': 0.007, 'eta': 1.20317, 'eta_hours': 0.00033, 'loss': 0.00048972, 'lr': 0.00035794, 'params': 177377, 'time_iter': 0.007, 'accuracy': 1.0, 'f1': 1.0, 'auc': 1.0}
train: {'epoch': 79, 'time_epoch': 0.009, 'eta': 1.19181, 'eta_hours': 0.00033, 'loss': 0.00020583, 'lr': 0.0003542, 'params': 177377, 'time_iter': 0.009, 'accuracy': 1.0, 'f1': 1.0, 'auc': 1.0}
val: {'epoch': 79, 'time_epoch': 0.004, 'loss': 1.05690169, 'lr': 0, 'params': 177377, 'time_iter': 0.004, 'accuracy': 0.775, 'f1': 0.53616, 'auc': 0.89484}
test: {'epoch': 79, 'time_epoch': 0.004, 'loss': 1.86580908, 'lr': 0, 'params': 177377, 'time_iter': 0.004, 'accuracy': 0.7451, 'f1': 0.51315, 'auc': 0.87691}
> Epoch 79: took 0.0s (avg 0.0s) | Best so far: epoch 24	train_loss: 0.0826 train_accuracy: 0.9750	val_loss: 0.5461 val_accuracy: 0.8250	test_loss: 0.8795 test_accuracy: 0.7647
train: {'epoch': 80, 'time_epoch': 0.008, 'eta': 1.17904, 'eta_hours': 0.00033, 'loss': 0.00027718, 'lr': 0.00035042, 'params': 177377, 'time_iter': 0.008, 'accuracy': 1.0, 'f1': 1.0, 'auc': 1.0}
train: {'epoch': 81, 'time_epoch': 0.009, 'eta': 1.16782, 'eta_hours': 0.00032, 'loss': 0.00020963, 'lr': 0.00034662, 'params': 177377, 'time_iter': 0.009, 'accuracy': 1.0, 'f1': 1.0, 'auc': 1.0}
train: {'epoch': 82, 'time_epoch': 0.007, 'eta': 1.15384, 'eta_hours': 0.00032, 'loss': 0.00027116, 'lr': 0.0003428, 'params': 177377, 'time_iter': 0.007, 'accuracy': 1.0, 'f1': 1.0, 'auc': 1.0}
train: {'epoch': 83, 'time_epoch': 0.008, 'eta': 1.14141, 'eta_hours': 0.00032, 'loss': 0.00012376, 'lr': 0.00033895, 'params': 177377, 'time_iter': 0.008, 'accuracy': 1.0, 'f1': 1.0, 'auc': 1.0}
train: {'epoch': 84, 'time_epoch': 0.007, 'eta': 1.12773, 'eta_hours': 0.00031, 'loss': 0.00031901, 'lr': 0.00033507, 'params': 177377, 'time_iter': 0.007, 'accuracy': 1.0, 'f1': 1.0, 'auc': 1.0}
val: {'epoch': 84, 'time_epoch': 0.004, 'loss': 1.08192527, 'lr': 0, 'params': 177377, 'time_iter': 0.004, 'accuracy': 0.775, 'f1': 0.53616, 'auc': 0.89445}
test: {'epoch': 84, 'time_epoch': 0.004, 'loss': 1.89425826, 'lr': 0, 'params': 177377, 'time_iter': 0.004, 'accuracy': 0.7451, 'f1': 0.51315, 'auc': 0.87707}
> Epoch 84: took 0.0s (avg 0.0s) | Best so far: epoch 24	train_loss: 0.0826 train_accuracy: 0.9750	val_loss: 0.5461 val_accuracy: 0.8250	test_loss: 0.8795 test_accuracy: 0.7647
train: {'epoch': 85, 'time_epoch': 0.007, 'eta': 1.1142, 'eta_hours': 0.00031, 'loss': 0.00013963, 'lr': 0.00033117, 'params': 177377, 'time_iter': 0.007, 'accuracy': 1.0, 'f1': 1.0, 'auc': 1.0}
train: {'epoch': 86, 'time_epoch': 0.01, 'eta': 1.10473, 'eta_hours': 0.00031, 'loss': 0.00021151, 'lr': 0.00032725, 'params': 177377, 'time_iter': 0.01, 'accuracy': 1.0, 'f1': 1.0, 'auc': 1.0}
train: {'epoch': 87, 'time_epoch': 0.0065, 'eta': 1.09079, 'eta_hours': 0.0003, 'loss': 0.00031249, 'lr': 0.00032331, 'params': 177377, 'time_iter': 0.0065, 'accuracy': 1.0, 'f1': 1.0, 'auc': 1.0}
train: {'epoch': 88, 'time_epoch': 0.008, 'eta': 1.07887, 'eta_hours': 0.0003, 'loss': 0.0001305, 'lr': 0.00031935, 'params': 177377, 'time_iter': 0.008, 'accuracy': 1.0, 'f1': 1.0, 'auc': 1.0}
train: {'epoch': 89, 'time_epoch': 0.01, 'eta': 1.0695, 'eta_hours': 0.0003, 'loss': 0.00021906, 'lr': 0.00031537, 'params': 177377, 'time_iter': 0.01, 'accuracy': 1.0, 'f1': 1.0, 'auc': 1.0}
val: {'epoch': 89, 'time_epoch': 0.004, 'loss': 1.0965215, 'lr': 0, 'params': 177377, 'time_iter': 0.004, 'accuracy': 0.775, 'f1': 0.53616, 'auc': 0.89505}
test: {'epoch': 89, 'time_epoch': 0.003, 'loss': 1.91589928, 'lr': 0, 'params': 177377, 'time_iter': 0.003, 'accuracy': 0.7451, 'f1': 0.51315, 'auc': 0.87691}
> Epoch 89: took 0.0s (avg 0.0s) | Best so far: epoch 24	train_loss: 0.0826 train_accuracy: 0.9750	val_loss: 0.5461 val_accuracy: 0.8250	test_loss: 0.8795 test_accuracy: 0.7647
train: {'epoch': 90, 'time_epoch': 0.007, 'eta': 1.05651, 'eta_hours': 0.00029, 'loss': 0.00043049, 'lr': 0.00031137, 'params': 177377, 'time_iter': 0.007, 'accuracy': 1.0, 'f1': 1.0, 'auc': 1.0}
train: {'epoch': 91, 'time_epoch': 0.007, 'eta': 1.04366, 'eta_hours': 0.00029, 'loss': 0.00014578, 'lr': 0.00030736, 'params': 177377, 'time_iter': 0.007, 'accuracy': 1.0, 'f1': 1.0, 'auc': 1.0}
train: {'epoch': 92, 'time_epoch': 0.007, 'eta': 1.03093, 'eta_hours': 0.00029, 'loss': 0.00019801, 'lr': 0.00030332, 'params': 177377, 'time_iter': 0.007, 'accuracy': 1.0, 'f1': 1.0, 'auc': 1.0}
train: {'epoch': 93, 'time_epoch': 0.007, 'eta': 1.01833, 'eta_hours': 0.00028, 'loss': 0.00015317, 'lr': 0.00029928, 'params': 177377, 'time_iter': 0.007, 'accuracy': 1.0, 'f1': 1.0, 'auc': 1.0}
train: {'epoch': 94, 'time_epoch': 0.007, 'eta': 1.00584, 'eta_hours': 0.00028, 'loss': 0.0003086, 'lr': 0.00029522, 'params': 177377, 'time_iter': 0.007, 'accuracy': 1.0, 'f1': 1.0, 'auc': 1.0}
val: {'epoch': 94, 'time_epoch': 0.004, 'loss': 1.1073482, 'lr': 0, 'params': 177377, 'time_iter': 0.004, 'accuracy': 0.775, 'f1': 0.53616, 'auc': 0.89509}
test: {'epoch': 94, 'time_epoch': 0.003, 'loss': 1.93303132, 'lr': 0, 'params': 177377, 'time_iter': 0.003, 'accuracy': 0.76471, 'f1': 0.53079, 'auc': 0.87633}
> Epoch 94: took 0.0s (avg 0.0s) | Best so far: epoch 24	train_loss: 0.0826 train_accuracy: 0.9750	val_loss: 0.5461 val_accuracy: 0.8250	test_loss: 0.8795 test_accuracy: 0.7647
train: {'epoch': 95, 'time_epoch': 0.007, 'eta': 0.99346, 'eta_hours': 0.00028, 'loss': 0.00014815, 'lr': 0.00029115, 'params': 177377, 'time_iter': 0.007, 'accuracy': 1.0, 'f1': 1.0, 'auc': 1.0}
train: {'epoch': 96, 'time_epoch': 0.007, 'eta': 0.9812, 'eta_hours': 0.00027, 'loss': 0.00024627, 'lr': 0.00028707, 'params': 177377, 'time_iter': 0.007, 'accuracy': 1.0, 'f1': 1.0, 'auc': 1.0}
train: {'epoch': 97, 'time_epoch': 0.007, 'eta': 0.96905, 'eta_hours': 0.00027, 'loss': 0.00069557, 'lr': 0.00028297, 'params': 177377, 'time_iter': 0.007, 'accuracy': 1.0, 'f1': 1.0, 'auc': 1.0}
train: {'epoch': 98, 'time_epoch': 0.007, 'eta': 0.95699, 'eta_hours': 0.00027, 'loss': 0.00029519, 'lr': 0.00027887, 'params': 177377, 'time_iter': 0.007, 'accuracy': 1.0, 'f1': 1.0, 'auc': 1.0}
train: {'epoch': 99, 'time_epoch': 0.007, 'eta': 0.94504, 'eta_hours': 0.00026, 'loss': 9.72e-05, 'lr': 0.00027476, 'params': 177377, 'time_iter': 0.007, 'accuracy': 1.0, 'f1': 1.0, 'auc': 1.0}
val: {'epoch': 99, 'time_epoch': 0.004, 'loss': 1.11923194, 'lr': 0, 'params': 177377, 'time_iter': 0.004, 'accuracy': 0.7875, 'f1': 0.59937, 'auc': 0.8955}
test: {'epoch': 99, 'time_epoch': 0.00351, 'loss': 1.94878507, 'lr': 0, 'params': 177377, 'time_iter': 0.00351, 'accuracy': 0.76471, 'f1': 0.53079, 'auc': 0.87772}
> Epoch 99: took 0.0s (avg 0.0s) | Best so far: epoch 24	train_loss: 0.0826 train_accuracy: 0.9750	val_loss: 0.5461 val_accuracy: 0.8250	test_loss: 0.8795 test_accuracy: 0.7647
train: {'epoch': 100, 'time_epoch': 0.01, 'eta': 0.93613, 'eta_hours': 0.00026, 'loss': 0.00018942, 'lr': 0.00027064, 'params': 177377, 'time_iter': 0.01, 'accuracy': 1.0, 'f1': 1.0, 'auc': 1.0}
train: {'epoch': 101, 'time_epoch': 0.009, 'eta': 0.92623, 'eta_hours': 0.00026, 'loss': 0.00016449, 'lr': 0.00026652, 'params': 177377, 'time_iter': 0.009, 'accuracy': 1.0, 'f1': 1.0, 'auc': 1.0}
train: {'epoch': 102, 'time_epoch': 0.007, 'eta': 0.91447, 'eta_hours': 0.00025, 'loss': 0.000225, 'lr': 0.0002624, 'params': 177377, 'time_iter': 0.007, 'accuracy': 1.0, 'f1': 1.0, 'auc': 1.0}
train: {'epoch': 103, 'time_epoch': 0.007, 'eta': 0.90281, 'eta_hours': 0.00025, 'loss': 0.0001812, 'lr': 0.00025827, 'params': 177377, 'time_iter': 0.007, 'accuracy': 1.0, 'f1': 1.0, 'auc': 1.0}
train: {'epoch': 104, 'time_epoch': 0.008, 'eta': 0.89213, 'eta_hours': 0.00025, 'loss': 0.00013554, 'lr': 0.00025413, 'params': 177377, 'time_iter': 0.008, 'accuracy': 1.0, 'f1': 1.0, 'auc': 1.0}
val: {'epoch': 104, 'time_epoch': 0.004, 'loss': 1.13158476, 'lr': 0, 'params': 177377, 'time_iter': 0.004, 'accuracy': 0.7875, 'f1': 0.5995, 'auc': 0.89585}
test: {'epoch': 104, 'time_epoch': 0.004, 'loss': 1.96316457, 'lr': 0, 'params': 177377, 'time_iter': 0.004, 'accuracy': 0.76471, 'f1': 0.53079, 'auc': 0.87714}
> Epoch 104: took 0.0s (avg 0.0s) | Best so far: epoch 24	train_loss: 0.0826 train_accuracy: 0.9750	val_loss: 0.5461 val_accuracy: 0.8250	test_loss: 0.8795 test_accuracy: 0.7647
train: {'epoch': 105, 'time_epoch': 0.008, 'eta': 0.8815, 'eta_hours': 0.00024, 'loss': 0.00036217, 'lr': 0.00025, 'params': 177377, 'time_iter': 0.008, 'accuracy': 1.0, 'f1': 1.0, 'auc': 1.0}
train: {'epoch': 106, 'time_epoch': 0.007, 'eta': 0.87006, 'eta_hours': 0.00024, 'loss': 0.00013335, 'lr': 0.00024587, 'params': 177377, 'time_iter': 0.007, 'accuracy': 1.0, 'f1': 1.0, 'auc': 1.0}
train: {'epoch': 107, 'time_epoch': 0.00804, 'eta': 0.85958, 'eta_hours': 0.00024, 'loss': 9.466e-05, 'lr': 0.00024173, 'params': 177377, 'time_iter': 0.00804, 'accuracy': 1.0, 'f1': 1.0, 'auc': 1.0}
train: {'epoch': 108, 'time_epoch': 0.007, 'eta': 0.84828, 'eta_hours': 0.00024, 'loss': 0.00017435, 'lr': 0.0002376, 'params': 177377, 'time_iter': 0.007, 'accuracy': 1.0, 'f1': 1.0, 'auc': 1.0}
train: {'epoch': 109, 'time_epoch': 0.007, 'eta': 0.83706, 'eta_hours': 0.00023, 'loss': 0.00016891, 'lr': 0.00023348, 'params': 177377, 'time_iter': 0.007, 'accuracy': 1.0, 'f1': 1.0, 'auc': 1.0}
val: {'epoch': 109, 'time_epoch': 0.005, 'loss': 1.11910415, 'lr': 0, 'params': 177377, 'time_iter': 0.005, 'accuracy': 0.7875, 'f1': 0.5995, 'auc': 0.89574}
test: {'epoch': 109, 'time_epoch': 0.003, 'loss': 1.97350729, 'lr': 0, 'params': 177377, 'time_iter': 0.003, 'accuracy': 0.76471, 'f1': 0.53079, 'auc': 0.88114}
> Epoch 109: took 0.0s (avg 0.0s) | Best so far: epoch 24	train_loss: 0.0826 train_accuracy: 0.9750	val_loss: 0.5461 val_accuracy: 0.8250	test_loss: 0.8795 test_accuracy: 0.7647
train: {'epoch': 110, 'time_epoch': 0.007, 'eta': 0.82592, 'eta_hours': 0.00023, 'loss': 0.00028525, 'lr': 0.00022936, 'params': 177377, 'time_iter': 0.007, 'accuracy': 1.0, 'f1': 1.0, 'auc': 1.0}
train: {'epoch': 111, 'time_epoch': 0.009, 'eta': 0.81642, 'eta_hours': 0.00023, 'loss': 0.00016315, 'lr': 0.00022524, 'params': 177377, 'time_iter': 0.009, 'accuracy': 1.0, 'f1': 1.0, 'auc': 1.0}
train: {'epoch': 112, 'time_epoch': 0.007, 'eta': 0.80539, 'eta_hours': 0.00022, 'loss': 0.00015894, 'lr': 0.00022113, 'params': 177377, 'time_iter': 0.007, 'accuracy': 1.0, 'f1': 1.0, 'auc': 1.0}
train: {'epoch': 113, 'time_epoch': 0.007, 'eta': 0.79443, 'eta_hours': 0.00022, 'loss': 0.00020693, 'lr': 0.00021703, 'params': 177377, 'time_iter': 0.007, 'accuracy': 1.0, 'f1': 1.0, 'auc': 1.0}
train: {'epoch': 114, 'time_epoch': 0.007, 'eta': 0.78353, 'eta_hours': 0.00022, 'loss': 0.00011942, 'lr': 0.00021293, 'params': 177377, 'time_iter': 0.007, 'accuracy': 1.0, 'f1': 1.0, 'auc': 1.0}
val: {'epoch': 114, 'time_epoch': 0.004, 'loss': 1.10868812, 'lr': 0, 'params': 177377, 'time_iter': 0.004, 'accuracy': 0.7875, 'f1': 0.5995, 'auc': 0.89774}
test: {'epoch': 114, 'time_epoch': 0.007, 'loss': 1.98240507, 'lr': 0, 'params': 177377, 'time_iter': 0.007, 'accuracy': 0.76471, 'f1': 0.53079, 'auc': 0.88006}
> Epoch 114: took 0.0s (avg 0.0s) | Best so far: epoch 24	train_loss: 0.0826 train_accuracy: 0.9750	val_loss: 0.5461 val_accuracy: 0.8250	test_loss: 0.8795 test_accuracy: 0.7647
train: {'epoch': 115, 'time_epoch': 0.007, 'eta': 0.77271, 'eta_hours': 0.00021, 'loss': 0.00028722, 'lr': 0.00020885, 'params': 177377, 'time_iter': 0.007, 'accuracy': 1.0, 'f1': 1.0, 'auc': 1.0}
train: {'epoch': 116, 'time_epoch': 0.007, 'eta': 0.76195, 'eta_hours': 0.00021, 'loss': 0.00030887, 'lr': 0.00020478, 'params': 177377, 'time_iter': 0.007, 'accuracy': 1.0, 'f1': 1.0, 'auc': 1.0}
train: {'epoch': 117, 'time_epoch': 0.009, 'eta': 0.75264, 'eta_hours': 0.00021, 'loss': 0.00031029, 'lr': 0.00020072, 'params': 177377, 'time_iter': 0.009, 'accuracy': 1.0, 'f1': 1.0, 'auc': 1.0}
train: {'epoch': 118, 'time_epoch': 0.007, 'eta': 0.74199, 'eta_hours': 0.00021, 'loss': 0.00023178, 'lr': 0.00019668, 'params': 177377, 'time_iter': 0.007, 'accuracy': 1.0, 'f1': 1.0, 'auc': 1.0}
train: {'epoch': 119, 'time_epoch': 0.0065, 'eta': 0.73105, 'eta_hours': 0.0002, 'loss': 0.0001164, 'lr': 0.00019264, 'params': 177377, 'time_iter': 0.0065, 'accuracy': 1.0, 'f1': 1.0, 'auc': 1.0}
val: {'epoch': 119, 'time_epoch': 0.004, 'loss': 1.10141063, 'lr': 0, 'params': 177377, 'time_iter': 0.004, 'accuracy': 0.7875, 'f1': 0.5995, 'auc': 0.8971}
test: {'epoch': 119, 'time_epoch': 0.004, 'loss': 1.99047899, 'lr': 0, 'params': 177377, 'time_iter': 0.004, 'accuracy': 0.76471, 'f1': 0.53079, 'auc': 0.88006}
> Epoch 119: took 0.0s (avg 0.0s) | Best so far: epoch 24	train_loss: 0.0826 train_accuracy: 0.9750	val_loss: 0.5461 val_accuracy: 0.8250	test_loss: 0.8795 test_accuracy: 0.7647
train: {'epoch': 120, 'time_epoch': 0.007, 'eta': 0.72052, 'eta_hours': 0.0002, 'loss': 0.00010691, 'lr': 0.00018863, 'params': 177377, 'time_iter': 0.007, 'accuracy': 1.0, 'f1': 1.0, 'auc': 1.0}
train: {'epoch': 121, 'time_epoch': 0.008, 'eta': 0.71068, 'eta_hours': 0.0002, 'loss': 6.002e-05, 'lr': 0.00018463, 'params': 177377, 'time_iter': 0.008, 'accuracy': 1.0, 'f1': 1.0, 'auc': 1.0}
train: {'epoch': 122, 'time_epoch': 0.008, 'eta': 0.70088, 'eta_hours': 0.00019, 'loss': 0.00011352, 'lr': 0.00018065, 'params': 177377, 'time_iter': 0.008, 'accuracy': 1.0, 'f1': 1.0, 'auc': 1.0}
train: {'epoch': 123, 'time_epoch': 0.007, 'eta': 0.69049, 'eta_hours': 0.00019, 'loss': 6.253e-05, 'lr': 0.00017669, 'params': 177377, 'time_iter': 0.007, 'accuracy': 1.0, 'f1': 1.0, 'auc': 1.0}
train: {'epoch': 124, 'time_epoch': 0.007, 'eta': 0.68015, 'eta_hours': 0.00019, 'loss': 0.00014415, 'lr': 0.00017275, 'params': 177377, 'time_iter': 0.007, 'accuracy': 1.0, 'f1': 1.0, 'auc': 1.0}
val: {'epoch': 124, 'time_epoch': 0.004, 'loss': 1.09837949, 'lr': 0, 'params': 177377, 'time_iter': 0.004, 'accuracy': 0.7875, 'f1': 0.5995, 'auc': 0.89763}
test: {'epoch': 124, 'time_epoch': 0.004, 'loss': 1.99787772, 'lr': 0, 'params': 177377, 'time_iter': 0.004, 'accuracy': 0.76471, 'f1': 0.53079, 'auc': 0.88006}
> Epoch 124: took 0.0s (avg 0.0s) | Best so far: epoch 24	train_loss: 0.0826 train_accuracy: 0.9750	val_loss: 0.5461 val_accuracy: 0.8250	test_loss: 0.8795 test_accuracy: 0.7647
train: {'epoch': 125, 'time_epoch': 0.007, 'eta': 0.66986, 'eta_hours': 0.00019, 'loss': 7.964e-05, 'lr': 0.00016883, 'params': 177377, 'time_iter': 0.007, 'accuracy': 1.0, 'f1': 1.0, 'auc': 1.0}
train: {'epoch': 126, 'time_epoch': 0.007, 'eta': 0.65963, 'eta_hours': 0.00018, 'loss': 0.00062291, 'lr': 0.00016493, 'params': 177377, 'time_iter': 0.007, 'accuracy': 1.0, 'f1': 1.0, 'auc': 1.0}
train: {'epoch': 127, 'time_epoch': 0.007, 'eta': 0.64945, 'eta_hours': 0.00018, 'loss': 0.00022023, 'lr': 0.00016105, 'params': 177377, 'time_iter': 0.007, 'accuracy': 1.0, 'f1': 1.0, 'auc': 1.0}
train: {'epoch': 128, 'time_epoch': 0.007, 'eta': 0.63932, 'eta_hours': 0.00018, 'loss': 5.588e-05, 'lr': 0.0001572, 'params': 177377, 'time_iter': 0.007, 'accuracy': 1.0, 'f1': 1.0, 'auc': 1.0}
train: {'epoch': 129, 'time_epoch': 0.007, 'eta': 0.62923, 'eta_hours': 0.00017, 'loss': 9.611e-05, 'lr': 0.00015338, 'params': 177377, 'time_iter': 0.007, 'accuracy': 1.0, 'f1': 1.0, 'auc': 1.0}
val: {'epoch': 129, 'time_epoch': 0.004, 'loss': 1.09245622, 'lr': 0, 'params': 177377, 'time_iter': 0.004, 'accuracy': 0.7875, 'f1': 0.5995, 'auc': 0.89685}
test: {'epoch': 129, 'time_epoch': 0.004, 'loss': 2.00365949, 'lr': 0, 'params': 177377, 'time_iter': 0.004, 'accuracy': 0.76471, 'f1': 0.53079, 'auc': 0.87867}
> Epoch 129: took 0.0s (avg 0.0s) | Best so far: epoch 24	train_loss: 0.0826 train_accuracy: 0.9750	val_loss: 0.5461 val_accuracy: 0.8250	test_loss: 0.8795 test_accuracy: 0.7647
train: {'epoch': 130, 'time_epoch': 0.007, 'eta': 0.6192, 'eta_hours': 0.00017, 'loss': 5.876e-05, 'lr': 0.00014958, 'params': 177377, 'time_iter': 0.007, 'accuracy': 1.0, 'f1': 1.0, 'auc': 1.0}
train: {'epoch': 131, 'time_epoch': 0.007, 'eta': 0.60921, 'eta_hours': 0.00017, 'loss': 0.0001603, 'lr': 0.0001458, 'params': 177377, 'time_iter': 0.007, 'accuracy': 1.0, 'f1': 1.0, 'auc': 1.0}
train: {'epoch': 132, 'time_epoch': 0.007, 'eta': 0.59926, 'eta_hours': 0.00017, 'loss': 9.045e-05, 'lr': 0.00014206, 'params': 177377, 'time_iter': 0.007, 'accuracy': 1.0, 'f1': 1.0, 'auc': 1.0}
train: {'epoch': 133, 'time_epoch': 0.007, 'eta': 0.58936, 'eta_hours': 0.00016, 'loss': 0.00065263, 'lr': 0.00013835, 'params': 177377, 'time_iter': 0.007, 'accuracy': 1.0, 'f1': 1.0, 'auc': 1.0}
train: {'epoch': 134, 'time_epoch': 0.008, 'eta': 0.57998, 'eta_hours': 0.00016, 'loss': 0.00013267, 'lr': 0.00013466, 'params': 177377, 'time_iter': 0.008, 'accuracy': 1.0, 'f1': 1.0, 'auc': 1.0}
val: {'epoch': 134, 'time_epoch': 0.003, 'loss': 1.08356631, 'lr': 0, 'params': 177377, 'time_iter': 0.003, 'accuracy': 0.7875, 'f1': 0.5995, 'auc': 0.89791}
test: {'epoch': 134, 'time_epoch': 0.007, 'loss': 2.00708342, 'lr': 0, 'params': 177377, 'time_iter': 0.007, 'accuracy': 0.72549, 'f1': 0.50545, 'auc': 0.87956}
> Epoch 134: took 0.0s (avg 0.0s) | Best so far: epoch 24	train_loss: 0.0826 train_accuracy: 0.9750	val_loss: 0.5461 val_accuracy: 0.8250	test_loss: 0.8795 test_accuracy: 0.7647
train: {'epoch': 135, 'time_epoch': 0.008, 'eta': 0.57063, 'eta_hours': 0.00016, 'loss': 6.465e-05, 'lr': 0.00013101, 'params': 177377, 'time_iter': 0.008, 'accuracy': 1.0, 'f1': 1.0, 'auc': 1.0}
train: {'epoch': 136, 'time_epoch': 0.008, 'eta': 0.56129, 'eta_hours': 0.00016, 'loss': 9.471e-05, 'lr': 0.00012739, 'params': 177377, 'time_iter': 0.008, 'accuracy': 1.0, 'f1': 1.0, 'auc': 1.0}
train: {'epoch': 137, 'time_epoch': 0.009, 'eta': 0.55242, 'eta_hours': 0.00015, 'loss': 8.608e-05, 'lr': 0.00012381, 'params': 177377, 'time_iter': 0.009, 'accuracy': 1.0, 'f1': 1.0, 'auc': 1.0}
train: {'epoch': 138, 'time_epoch': 0.007, 'eta': 0.54267, 'eta_hours': 0.00015, 'loss': 0.00010363, 'lr': 0.00012026, 'params': 177377, 'time_iter': 0.007, 'accuracy': 1.0, 'f1': 1.0, 'auc': 1.0}
train: {'epoch': 139, 'time_epoch': 0.007, 'eta': 0.53296, 'eta_hours': 0.00015, 'loss': 3.471e-05, 'lr': 0.00011674, 'params': 177377, 'time_iter': 0.007, 'accuracy': 1.0, 'f1': 1.0, 'auc': 1.0}
val: {'epoch': 139, 'time_epoch': 0.004, 'loss': 1.07188988, 'lr': 0, 'params': 177377, 'time_iter': 0.004, 'accuracy': 0.775, 'f1': 0.5914, 'auc': 0.89964}
test: {'epoch': 139, 'time_epoch': 0.004, 'loss': 2.0090878, 'lr': 0, 'params': 177377, 'time_iter': 0.004, 'accuracy': 0.72549, 'f1': 0.50545, 'auc': 0.87898}
> Epoch 139: took 0.0s (avg 0.0s) | Best so far: epoch 24	train_loss: 0.0826 train_accuracy: 0.9750	val_loss: 0.5461 val_accuracy: 0.8250	test_loss: 0.8795 test_accuracy: 0.7647
train: {'epoch': 140, 'time_epoch': 0.007, 'eta': 0.52329, 'eta_hours': 0.00015, 'loss': 0.00035151, 'lr': 0.00011326, 'params': 177377, 'time_iter': 0.007, 'accuracy': 1.0, 'f1': 1.0, 'auc': 1.0}
train: {'epoch': 141, 'time_epoch': 0.007, 'eta': 0.51366, 'eta_hours': 0.00014, 'loss': 0.00013347, 'lr': 0.00010982, 'params': 177377, 'time_iter': 0.007, 'accuracy': 1.0, 'f1': 1.0, 'auc': 1.0}
train: {'epoch': 142, 'time_epoch': 0.008, 'eta': 0.50446, 'eta_hours': 0.00014, 'loss': 6.921e-05, 'lr': 0.00010642, 'params': 177377, 'time_iter': 0.008, 'accuracy': 1.0, 'f1': 1.0, 'auc': 1.0}
train: {'epoch': 143, 'time_epoch': 0.007, 'eta': 0.49489, 'eta_hours': 0.00014, 'loss': 0.0002119, 'lr': 0.00010305, 'params': 177377, 'time_iter': 0.007, 'accuracy': 1.0, 'f1': 1.0, 'auc': 1.0}
train: {'epoch': 144, 'time_epoch': 0.007, 'eta': 0.48536, 'eta_hours': 0.00013, 'loss': 0.00015184, 'lr': 9.973e-05, 'params': 177377, 'time_iter': 0.007, 'accuracy': 1.0, 'f1': 1.0, 'auc': 1.0}
val: {'epoch': 144, 'time_epoch': 0.004, 'loss': 1.06613922, 'lr': 0, 'params': 177377, 'time_iter': 0.004, 'accuracy': 0.775, 'f1': 0.58969, 'auc': 0.90013}
test: {'epoch': 144, 'time_epoch': 0.004, 'loss': 2.01221228, 'lr': 0, 'params': 177377, 'time_iter': 0.004, 'accuracy': 0.72549, 'f1': 0.50545, 'auc': 0.87898}
> Epoch 144: took 0.0s (avg 0.0s) | Best so far: epoch 24	train_loss: 0.0826 train_accuracy: 0.9750	val_loss: 0.5461 val_accuracy: 0.8250	test_loss: 0.8795 test_accuracy: 0.7647
train: {'epoch': 145, 'time_epoch': 0.008, 'eta': 0.47623, 'eta_hours': 0.00013, 'loss': 0.00012052, 'lr': 9.645e-05, 'params': 177377, 'time_iter': 0.008, 'accuracy': 1.0, 'f1': 1.0, 'auc': 1.0}
train: {'epoch': 146, 'time_epoch': 0.007, 'eta': 0.46675, 'eta_hours': 0.00013, 'loss': 0.00020888, 'lr': 9.321e-05, 'params': 177377, 'time_iter': 0.007, 'accuracy': 1.0, 'f1': 1.0, 'auc': 1.0}
train: {'epoch': 147, 'time_epoch': 0.007, 'eta': 0.45731, 'eta_hours': 0.00013, 'loss': 0.00038468, 'lr': 9.001e-05, 'params': 177377, 'time_iter': 0.007, 'accuracy': 1.0, 'f1': 1.0, 'auc': 1.0}
train: {'epoch': 148, 'time_epoch': 0.007, 'eta': 0.4479, 'eta_hours': 0.00012, 'loss': 6.545e-05, 'lr': 8.685e-05, 'params': 177377, 'time_iter': 0.007, 'accuracy': 1.0, 'f1': 1.0, 'auc': 1.0}
train: {'epoch': 149, 'time_epoch': 0.008, 'eta': 0.43886, 'eta_hours': 0.00012, 'loss': 0.00012111, 'lr': 8.374e-05, 'params': 177377, 'time_iter': 0.008, 'accuracy': 1.0, 'f1': 1.0, 'auc': 1.0}
val: {'epoch': 149, 'time_epoch': 0.004, 'loss': 1.06484532, 'lr': 0, 'params': 177377, 'time_iter': 0.004, 'accuracy': 0.775, 'f1': 0.58969, 'auc': 0.89974}
test: {'epoch': 149, 'time_epoch': 0.004, 'loss': 2.01492167, 'lr': 0, 'params': 177377, 'time_iter': 0.004, 'accuracy': 0.72549, 'f1': 0.50545, 'auc': 0.87898}
> Epoch 149: took 0.0s (avg 0.0s) | Best so far: epoch 24	train_loss: 0.0826 train_accuracy: 0.9750	val_loss: 0.5461 val_accuracy: 0.8250	test_loss: 0.8795 test_accuracy: 0.7647
train: {'epoch': 150, 'time_epoch': 0.0075, 'eta': 0.42967, 'eta_hours': 0.00012, 'loss': 0.00013037, 'lr': 8.068e-05, 'params': 177377, 'time_iter': 0.0075, 'accuracy': 1.0, 'f1': 1.0, 'auc': 1.0}
train: {'epoch': 151, 'time_epoch': 0.007, 'eta': 0.42034, 'eta_hours': 0.00012, 'loss': 8.491e-05, 'lr': 7.766e-05, 'params': 177377, 'time_iter': 0.007, 'accuracy': 1.0, 'f1': 1.0, 'auc': 1.0}
train: {'epoch': 152, 'time_epoch': 0.007, 'eta': 0.41104, 'eta_hours': 0.00011, 'loss': 7.814e-05, 'lr': 7.469e-05, 'params': 177377, 'time_iter': 0.007, 'accuracy': 1.0, 'f1': 1.0, 'auc': 1.0}
train: {'epoch': 153, 'time_epoch': 0.007, 'eta': 0.40178, 'eta_hours': 0.00011, 'loss': 8.509e-05, 'lr': 7.177e-05, 'params': 177377, 'time_iter': 0.007, 'accuracy': 1.0, 'f1': 1.0, 'auc': 1.0}
train: {'epoch': 154, 'time_epoch': 0.008, 'eta': 0.39283, 'eta_hours': 0.00011, 'loss': 7.361e-05, 'lr': 6.889e-05, 'params': 177377, 'time_iter': 0.008, 'accuracy': 1.0, 'f1': 1.0, 'auc': 1.0}
val: {'epoch': 154, 'time_epoch': 0.004, 'loss': 1.06474662, 'lr': 0, 'params': 177377, 'time_iter': 0.004, 'accuracy': 0.775, 'f1': 0.58969, 'auc': 0.89986}
test: {'epoch': 154, 'time_epoch': 0.004, 'loss': 2.01734853, 'lr': 0, 'params': 177377, 'time_iter': 0.004, 'accuracy': 0.72549, 'f1': 0.50545, 'auc': 0.87898}
> Epoch 154: took 0.0s (avg 0.0s) | Best so far: epoch 24	train_loss: 0.0826 train_accuracy: 0.9750	val_loss: 0.5461 val_accuracy: 0.8250	test_loss: 0.8795 test_accuracy: 0.7647
train: {'epoch': 155, 'time_epoch': 0.007, 'eta': 0.38361, 'eta_hours': 0.00011, 'loss': 9.692e-05, 'lr': 6.607e-05, 'params': 177377, 'time_iter': 0.007, 'accuracy': 1.0, 'f1': 1.0, 'auc': 1.0}
train: {'epoch': 156, 'time_epoch': 0.007, 'eta': 0.37442, 'eta_hours': 0.0001, 'loss': 0.0001179, 'lr': 6.329e-05, 'params': 177377, 'time_iter': 0.007, 'accuracy': 1.0, 'f1': 1.0, 'auc': 1.0}
train: {'epoch': 157, 'time_epoch': 0.0075, 'eta': 0.3654, 'eta_hours': 0.0001, 'loss': 0.00012012, 'lr': 6.057e-05, 'params': 177377, 'time_iter': 0.0075, 'accuracy': 1.0, 'f1': 1.0, 'auc': 1.0}
train: {'epoch': 158, 'time_epoch': 0.007, 'eta': 0.35626, 'eta_hours': 0.0001, 'loss': 4.268e-05, 'lr': 5.79e-05, 'params': 177377, 'time_iter': 0.007, 'accuracy': 1.0, 'f1': 1.0, 'auc': 1.0}
train: {'epoch': 159, 'time_epoch': 0.01069, 'eta': 0.34807, 'eta_hours': 0.0001, 'loss': 7.244e-05, 'lr': 5.528e-05, 'params': 177377, 'time_iter': 0.01069, 'accuracy': 1.0, 'f1': 1.0, 'auc': 1.0}
val: {'epoch': 159, 'time_epoch': 0.004, 'loss': 1.06567121, 'lr': 0, 'params': 177377, 'time_iter': 0.004, 'accuracy': 0.775, 'f1': 0.58969, 'auc': 0.89986}
test: {'epoch': 159, 'time_epoch': 0.004, 'loss': 2.01933837, 'lr': 0, 'params': 177377, 'time_iter': 0.004, 'accuracy': 0.72549, 'f1': 0.50545, 'auc': 0.87898}
> Epoch 159: took 0.0s (avg 0.0s) | Best so far: epoch 24	train_loss: 0.0826 train_accuracy: 0.9750	val_loss: 0.5461 val_accuracy: 0.8250	test_loss: 0.8795 test_accuracy: 0.7647
train: {'epoch': 160, 'time_epoch': 0.008, 'eta': 0.3392, 'eta_hours': 9e-05, 'loss': 5.54e-05, 'lr': 5.271e-05, 'params': 177377, 'time_iter': 0.008, 'accuracy': 1.0, 'f1': 1.0, 'auc': 1.0}
train: {'epoch': 161, 'time_epoch': 0.01, 'eta': 0.33081, 'eta_hours': 9e-05, 'loss': 6.91e-05, 'lr': 5.02e-05, 'params': 177377, 'time_iter': 0.01, 'accuracy': 1.0, 'f1': 1.0, 'auc': 1.0}
train: {'epoch': 162, 'time_epoch': 0.008, 'eta': 0.32194, 'eta_hours': 9e-05, 'loss': 7.819e-05, 'lr': 4.775e-05, 'params': 177377, 'time_iter': 0.008, 'accuracy': 1.0, 'f1': 1.0, 'auc': 1.0}
train: {'epoch': 163, 'time_epoch': 0.007, 'eta': 0.31287, 'eta_hours': 9e-05, 'loss': 0.00017201, 'lr': 4.534e-05, 'params': 177377, 'time_iter': 0.007, 'accuracy': 1.0, 'f1': 1.0, 'auc': 1.0}
train: {'epoch': 164, 'time_epoch': 0.008, 'eta': 0.30403, 'eta_hours': 8e-05, 'loss': 0.00015071, 'lr': 4.3e-05, 'params': 177377, 'time_iter': 0.008, 'accuracy': 1.0, 'f1': 1.0, 'auc': 1.0}
val: {'epoch': 164, 'time_epoch': 0.004, 'loss': 1.06614447, 'lr': 0, 'params': 177377, 'time_iter': 0.004, 'accuracy': 0.775, 'f1': 0.58969, 'auc': 0.89974}
test: {'epoch': 164, 'time_epoch': 0.004, 'loss': 2.02100611, 'lr': 0, 'params': 177377, 'time_iter': 0.004, 'accuracy': 0.72549, 'f1': 0.50545, 'auc': 0.87898}
> Epoch 164: took 0.0s (avg 0.0s) | Best so far: epoch 24	train_loss: 0.0826 train_accuracy: 0.9750	val_loss: 0.5461 val_accuracy: 0.8250	test_loss: 0.8795 test_accuracy: 0.7647
train: {'epoch': 165, 'time_epoch': 0.007, 'eta': 0.295, 'eta_hours': 8e-05, 'loss': 0.00017586, 'lr': 4.071e-05, 'params': 177377, 'time_iter': 0.007, 'accuracy': 1.0, 'f1': 1.0, 'auc': 1.0}
train: {'epoch': 166, 'time_epoch': 0.007, 'eta': 0.28599, 'eta_hours': 8e-05, 'loss': 0.00020483, 'lr': 3.848e-05, 'params': 177377, 'time_iter': 0.007, 'accuracy': 1.0, 'f1': 1.0, 'auc': 1.0}
train: {'epoch': 167, 'time_epoch': 0.008, 'eta': 0.2772, 'eta_hours': 8e-05, 'loss': 0.00013722, 'lr': 3.63e-05, 'params': 177377, 'time_iter': 0.008, 'accuracy': 1.0, 'f1': 1.0, 'auc': 1.0}
train: {'epoch': 168, 'time_epoch': 0.007, 'eta': 0.26823, 'eta_hours': 7e-05, 'loss': 0.00019307, 'lr': 3.419e-05, 'params': 177377, 'time_iter': 0.007, 'accuracy': 1.0, 'f1': 1.0, 'auc': 1.0}
train: {'epoch': 169, 'time_epoch': 0.007, 'eta': 0.25928, 'eta_hours': 7e-05, 'loss': 0.00012081, 'lr': 3.213e-05, 'params': 177377, 'time_iter': 0.007, 'accuracy': 1.0, 'f1': 1.0, 'auc': 1.0}
val: {'epoch': 169, 'time_epoch': 0.0045, 'loss': 1.06633723, 'lr': 0, 'params': 177377, 'time_iter': 0.0045, 'accuracy': 0.775, 'f1': 0.58969, 'auc': 0.89974}
test: {'epoch': 169, 'time_epoch': 0.007, 'loss': 2.02240443, 'lr': 0, 'params': 177377, 'time_iter': 0.007, 'accuracy': 0.72549, 'f1': 0.50545, 'auc': 0.87898}
> Epoch 169: took 0.0s (avg 0.0s) | Best so far: epoch 24	train_loss: 0.0826 train_accuracy: 0.9750	val_loss: 0.5461 val_accuracy: 0.8250	test_loss: 0.8795 test_accuracy: 0.7647
train: {'epoch': 170, 'time_epoch': 0.0065, 'eta': 0.25028, 'eta_hours': 7e-05, 'loss': 0.0001531, 'lr': 3.013e-05, 'params': 177377, 'time_iter': 0.0065, 'accuracy': 1.0, 'f1': 1.0, 'auc': 1.0}
train: {'epoch': 171, 'time_epoch': 0.008, 'eta': 0.24155, 'eta_hours': 7e-05, 'loss': 9.73e-05, 'lr': 2.819e-05, 'params': 177377, 'time_iter': 0.008, 'accuracy': 1.0, 'f1': 1.0, 'auc': 1.0}
train: {'epoch': 172, 'time_epoch': 0.007, 'eta': 0.23267, 'eta_hours': 6e-05, 'loss': 0.00020947, 'lr': 2.632e-05, 'params': 177377, 'time_iter': 0.007, 'accuracy': 1.0, 'f1': 1.0, 'auc': 1.0}
train: {'epoch': 173, 'time_epoch': 0.007, 'eta': 0.22381, 'eta_hours': 6e-05, 'loss': 8.729e-05, 'lr': 2.45e-05, 'params': 177377, 'time_iter': 0.007, 'accuracy': 1.0, 'f1': 1.0, 'auc': 1.0}
train: {'epoch': 174, 'time_epoch': 0.007, 'eta': 0.21497, 'eta_hours': 6e-05, 'loss': 9.743e-05, 'lr': 2.275e-05, 'params': 177377, 'time_iter': 0.007, 'accuracy': 1.0, 'f1': 1.0, 'auc': 1.0}
val: {'epoch': 174, 'time_epoch': 0.004, 'loss': 1.06697297, 'lr': 0, 'params': 177377, 'time_iter': 0.004, 'accuracy': 0.775, 'f1': 0.58969, 'auc': 0.89968}
test: {'epoch': 174, 'time_epoch': 0.005, 'loss': 2.02368617, 'lr': 0, 'params': 177377, 'time_iter': 0.005, 'accuracy': 0.72549, 'f1': 0.50545, 'auc': 0.87898}
> Epoch 174: took 0.0s (avg 0.0s) | Best so far: epoch 24	train_loss: 0.0826 train_accuracy: 0.9750	val_loss: 0.5461 val_accuracy: 0.8250	test_loss: 0.8795 test_accuracy: 0.7647
train: {'epoch': 175, 'time_epoch': 0.007, 'eta': 0.20615, 'eta_hours': 6e-05, 'loss': 0.00012507, 'lr': 2.106e-05, 'params': 177377, 'time_iter': 0.007, 'accuracy': 1.0, 'f1': 1.0, 'auc': 1.0}
train: {'epoch': 176, 'time_epoch': 0.007, 'eta': 0.19736, 'eta_hours': 5e-05, 'loss': 7.768e-05, 'lr': 1.943e-05, 'params': 177377, 'time_iter': 0.007, 'accuracy': 1.0, 'f1': 1.0, 'auc': 1.0}
train: {'epoch': 177, 'time_epoch': 0.007, 'eta': 0.18858, 'eta_hours': 5e-05, 'loss': 0.00013928, 'lr': 1.786e-05, 'params': 177377, 'time_iter': 0.007, 'accuracy': 1.0, 'f1': 1.0, 'auc': 1.0}
train: {'epoch': 178, 'time_epoch': 0.009, 'eta': 0.18006, 'eta_hours': 5e-05, 'loss': 0.00018788, 'lr': 1.636e-05, 'params': 177377, 'time_iter': 0.009, 'accuracy': 1.0, 'f1': 1.0, 'auc': 1.0}
train: {'epoch': 179, 'time_epoch': 0.006, 'eta': 0.1712, 'eta_hours': 5e-05, 'loss': 0.00020133, 'lr': 1.492e-05, 'params': 177377, 'time_iter': 0.006, 'accuracy': 1.0, 'f1': 1.0, 'auc': 1.0}
val: {'epoch': 179, 'time_epoch': 0.004, 'loss': 1.06776929, 'lr': 0, 'params': 177377, 'time_iter': 0.004, 'accuracy': 0.775, 'f1': 0.58969, 'auc': 0.89968}
test: {'epoch': 179, 'time_epoch': 0.004, 'loss': 2.02448797, 'lr': 0, 'params': 177377, 'time_iter': 0.004, 'accuracy': 0.72549, 'f1': 0.50545, 'auc': 0.87898}
> Epoch 179: took 0.0s (avg 0.0s) | Best so far: epoch 24	train_loss: 0.0826 train_accuracy: 0.9750	val_loss: 0.5461 val_accuracy: 0.8250	test_loss: 0.8795 test_accuracy: 0.7647
train: {'epoch': 180, 'time_epoch': 0.007, 'eta': 0.16248, 'eta_hours': 5e-05, 'loss': 0.0001458, 'lr': 1.355e-05, 'params': 177377, 'time_iter': 0.007, 'accuracy': 1.0, 'f1': 1.0, 'auc': 1.0}
train: {'epoch': 181, 'time_epoch': 0.00623, 'eta': 0.15369, 'eta_hours': 4e-05, 'loss': 0.00015852, 'lr': 1.224e-05, 'params': 177377, 'time_iter': 0.00623, 'accuracy': 1.0, 'f1': 1.0, 'auc': 1.0}
train: {'epoch': 182, 'time_epoch': 0.007, 'eta': 0.14501, 'eta_hours': 4e-05, 'loss': 0.00010183, 'lr': 1.099e-05, 'params': 177377, 'time_iter': 0.007, 'accuracy': 1.0, 'f1': 1.0, 'auc': 1.0}
train: {'epoch': 183, 'time_epoch': 0.008, 'eta': 0.13644, 'eta_hours': 4e-05, 'loss': 0.0001009, 'lr': 9.81e-06, 'params': 177377, 'time_iter': 0.008, 'accuracy': 1.0, 'f1': 1.0, 'auc': 1.0}
train: {'epoch': 184, 'time_epoch': 0.009, 'eta': 0.12795, 'eta_hours': 4e-05, 'loss': 0.00013538, 'lr': 8.7e-06, 'params': 177377, 'time_iter': 0.009, 'accuracy': 1.0, 'f1': 1.0, 'auc': 1.0}
val: {'epoch': 184, 'time_epoch': 0.004, 'loss': 1.068537, 'lr': 0, 'params': 177377, 'time_iter': 0.004, 'accuracy': 0.775, 'f1': 0.58969, 'auc': 0.89974}
test: {'epoch': 184, 'time_epoch': 0.004, 'loss': 2.02505851, 'lr': 0, 'params': 177377, 'time_iter': 0.004, 'accuracy': 0.72549, 'f1': 0.50545, 'auc': 0.87898}
> Epoch 184: took 0.0s (avg 0.0s) | Best so far: epoch 24	train_loss: 0.0826 train_accuracy: 0.9750	val_loss: 0.5461 val_accuracy: 0.8250	test_loss: 0.8795 test_accuracy: 0.7647
train: {'epoch': 185, 'time_epoch': 0.008, 'eta': 0.11938, 'eta_hours': 3e-05, 'loss': 8.55e-05, 'lr': 7.65e-06, 'params': 177377, 'time_iter': 0.008, 'accuracy': 1.0, 'f1': 1.0, 'auc': 1.0}
train: {'epoch': 186, 'time_epoch': 0.011, 'eta': 0.11102, 'eta_hours': 3e-05, 'loss': 6.796e-05, 'lr': 6.67e-06, 'params': 177377, 'time_iter': 0.011, 'accuracy': 1.0, 'f1': 1.0, 'auc': 1.0}
train: {'epoch': 187, 'time_epoch': 0.007, 'eta': 0.10238, 'eta_hours': 3e-05, 'loss': 0.0001485, 'lr': 5.75e-06, 'params': 177377, 'time_iter': 0.007, 'accuracy': 1.0, 'f1': 1.0, 'auc': 1.0}
train: {'epoch': 188, 'time_epoch': 0.008, 'eta': 0.09382, 'eta_hours': 3e-05, 'loss': 0.00011313, 'lr': 4.91e-06, 'params': 177377, 'time_iter': 0.008, 'accuracy': 1.0, 'f1': 1.0, 'auc': 1.0}
train: {'epoch': 189, 'time_epoch': 0.007, 'eta': 0.08521, 'eta_hours': 2e-05, 'loss': 0.00019942, 'lr': 4.12e-06, 'params': 177377, 'time_iter': 0.007, 'accuracy': 1.0, 'f1': 1.0, 'auc': 1.0}
val: {'epoch': 189, 'time_epoch': 0.005, 'loss': 1.06885219, 'lr': 0, 'params': 177377, 'time_iter': 0.005, 'accuracy': 0.775, 'f1': 0.5914, 'auc': 0.89974}
test: {'epoch': 189, 'time_epoch': 0.005, 'loss': 2.02516794, 'lr': 0, 'params': 177377, 'time_iter': 0.005, 'accuracy': 0.72549, 'f1': 0.50545, 'auc': 0.87898}
> Epoch 189: took 0.0s (avg 0.0s) | Best so far: epoch 24	train_loss: 0.0826 train_accuracy: 0.9750	val_loss: 0.5461 val_accuracy: 0.8250	test_loss: 0.8795 test_accuracy: 0.7647
train: {'epoch': 190, 'time_epoch': 0.007, 'eta': 0.07662, 'eta_hours': 2e-05, 'loss': 9.236e-05, 'lr': 3.41e-06, 'params': 177377, 'time_iter': 0.007, 'accuracy': 1.0, 'f1': 1.0, 'auc': 1.0}
train: {'epoch': 191, 'time_epoch': 0.007, 'eta': 0.06804, 'eta_hours': 2e-05, 'loss': 0.00012972, 'lr': 2.76e-06, 'params': 177377, 'time_iter': 0.007, 'accuracy': 1.0, 'f1': 1.0, 'auc': 1.0}
train: {'epoch': 192, 'time_epoch': 0.009, 'eta': 0.05956, 'eta_hours': 2e-05, 'loss': 0.00014389, 'lr': 2.18e-06, 'params': 177377, 'time_iter': 0.009, 'accuracy': 1.0, 'f1': 1.0, 'auc': 1.0}
train: {'epoch': 193, 'time_epoch': 0.007, 'eta': 0.051, 'eta_hours': 1e-05, 'loss': 0.00016667, 'lr': 1.67e-06, 'params': 177377, 'time_iter': 0.007, 'accuracy': 1.0, 'f1': 1.0, 'auc': 1.0}
train: {'epoch': 194, 'time_epoch': 0.0065, 'eta': 0.04245, 'eta_hours': 1e-05, 'loss': 0.00020129, 'lr': 1.23e-06, 'params': 177377, 'time_iter': 0.0065, 'accuracy': 1.0, 'f1': 1.0, 'auc': 1.0}
val: {'epoch': 194, 'time_epoch': 0.003, 'loss': 1.06892061, 'lr': 0, 'params': 177377, 'time_iter': 0.003, 'accuracy': 0.775, 'f1': 0.5914, 'auc': 0.89974}
test: {'epoch': 194, 'time_epoch': 0.003, 'loss': 2.02538276, 'lr': 0, 'params': 177377, 'time_iter': 0.003, 'accuracy': 0.72549, 'f1': 0.50545, 'auc': 0.87898}
> Epoch 194: took 0.0s (avg 0.0s) | Best so far: epoch 24	train_loss: 0.0826 train_accuracy: 0.9750	val_loss: 0.5461 val_accuracy: 0.8250	test_loss: 0.8795 test_accuracy: 0.7647
train: {'epoch': 195, 'time_epoch': 0.007, 'eta': 0.03393, 'eta_hours': 1e-05, 'loss': 0.00011438, 'lr': 8.5e-07, 'params': 177377, 'time_iter': 0.007, 'accuracy': 1.0, 'f1': 1.0, 'auc': 1.0}
train: {'epoch': 196, 'time_epoch': 0.007, 'eta': 0.02542, 'eta_hours': 1e-05, 'loss': 0.00014669, 'lr': 5.5e-07, 'params': 177377, 'time_iter': 0.007, 'accuracy': 1.0, 'f1': 1.0, 'auc': 1.0}
train: {'epoch': 197, 'time_epoch': 0.007, 'eta': 0.01693, 'eta_hours': 0.0, 'loss': 6.489e-05, 'lr': 3.1e-07, 'params': 177377, 'time_iter': 0.007, 'accuracy': 1.0, 'f1': 1.0, 'auc': 1.0}
train: {'epoch': 198, 'time_epoch': 0.007, 'eta': 0.00846, 'eta_hours': 0.0, 'loss': 0.00010814, 'lr': 1.4e-07, 'params': 177377, 'time_iter': 0.007, 'accuracy': 1.0, 'f1': 1.0, 'auc': 1.0}
train: {'epoch': 199, 'time_epoch': 0.009, 'eta': 0.0, 'eta_hours': 0.0, 'loss': 0.00014923, 'lr': 3e-08, 'params': 177377, 'time_iter': 0.009, 'accuracy': 1.0, 'f1': 1.0, 'auc': 1.0}
val: {'epoch': 199, 'time_epoch': 0.003, 'loss': 1.06893802, 'lr': 0, 'params': 177377, 'time_iter': 0.003, 'accuracy': 0.775, 'f1': 0.5914, 'auc': 0.89974}
test: {'epoch': 199, 'time_epoch': 0.003, 'loss': 2.02530599, 'lr': 0, 'params': 177377, 'time_iter': 0.003, 'accuracy': 0.72549, 'f1': 0.50545, 'auc': 0.87898}
> Epoch 199: took 0.0s (avg 0.0s) | Best so far: epoch 24	train_loss: 0.0826 train_accuracy: 0.9750	val_loss: 0.5461 val_accuracy: 0.8250	test_loss: 0.8795 test_accuracy: 0.7647
Avg time per epoch: 0.02s
Total train loop time: 0.00h
Task done, results saved in results\webkb-wis-GPS\0
Results aggregated across runs saved in results\webkb-wis-GPS\agg
[*] All done: 2026-06-06 18:40:35.719981
