[*] Run ID 0: seed=0, split_index=0
    Starting now: 2026-06-06 18:30:07.279271
[*] Loaded dataset 'none' from 'PyG-Actor':
  Data(x=[7600, 932], edge_index=[2, 30019], y=[7600], train_mask=[7600, 10], val_mask=[7600, 10], test_mask=[7600, 10])
  undirected: False
  num graphs: 1
  avg num_nodes/graph: 7600
  num node features: 932
  num edge features: 0
  num classes: 5
Precomputing Positional Encoding statistics: ['LapPE'] for all graphs...
  ...estimated to be undirected: False
Done! Took 00:00:14.69
GraphGymModule(
  (model): GPSModel(
    (encoder): FeatureEncoder(
      (node_encoder): LapPENodeEncoder(
        (linear_x): Linear(in_features=932, out_features=60, bias=True)
        (linear_A): Linear(in_features=2, out_features=8, bias=True)
        (pe_encoder): Sequential(
          (0): ReLU()
          (1): Linear(in_features=8, out_features=4, bias=True)
          (2): ReLU()
        )
      )
    )
    (layers): Sequential(
      (0): GPSLayer(
        summary: dim_h=64, local_gnn_type=GCN, global_model_type=Transformer, heads=4
        (local_model): GCNConv(64, 64)
        (self_attn): MultiheadAttention(
          (out_proj): NonDynamicallyQuantizableLinear(in_features=64, out_features=64, bias=True)
        )
        (dropout_local): Dropout(p=0.2, inplace=False)
        (dropout_attn): Dropout(p=0.2, inplace=False)
        (ff_linear1): Linear(in_features=64, out_features=128, bias=True)
        (ff_linear2): Linear(in_features=128, out_features=64, bias=True)
        (act_fn_ff): GELU(approximate='none')
        (ff_dropout1): Dropout(p=0.2, inplace=False)
        (ff_dropout2): Dropout(p=0.2, inplace=False)
      )
      (1): GPSLayer(
        summary: dim_h=64, local_gnn_type=GCN, global_model_type=Transformer, heads=4
        (local_model): GCNConv(64, 64)
        (self_attn): MultiheadAttention(
          (out_proj): NonDynamicallyQuantizableLinear(in_features=64, out_features=64, bias=True)
        )
        (dropout_local): Dropout(p=0.2, inplace=False)
        (dropout_attn): Dropout(p=0.2, inplace=False)
        (ff_linear1): Linear(in_features=64, out_features=128, bias=True)
        (ff_linear2): Linear(in_features=128, out_features=64, bias=True)
        (act_fn_ff): GELU(approximate='none')
        (ff_dropout1): Dropout(p=0.2, inplace=False)
        (ff_dropout2): Dropout(p=0.2, inplace=False)
      )
    )
    (post_mp): GNNNodeHead(
      (layer_post_mp): MLP(
        (model): Sequential(
          (0): Linear(
            (model): Linear(64, 5, bias=True)
          )
        )
      )
    )
  )
)
accelerator: cuda
benchmark: False
bn:
  eps: 1e-05
  mom: 0.1
cfg_dest: config.yaml
custom_metrics: []
dataset:
  cache_load: False
  cache_save: False
  dir: ./datasets
  edge_dim: 128
  edge_encoder: False
  edge_encoder_bn: False
  edge_encoder_name: DummyEdge
  edge_encoder_num_types: 0
  edge_message_ratio: 0.8
  edge_negative_sampling_ratio: 1.0
  edge_train_mode: all
  encoder: True
  encoder_bn: True
  encoder_dim: 128
  encoder_name: db
  format: PyG-Actor
  infer_link_label: None
  label_column: none
  label_table: none
  location: local
  name: none
  node_encoder: True
  node_encoder_bn: False
  node_encoder_name: LapPE
  node_encoder_num_types: 0
  remove_feature: False
  resample_disjoint: False
  resample_negative: False
  shuffle_split: True
  slic_compactness: 10
  split: [0.8, 0.1, 0.1]
  split_dir: ./splits
  split_index: 0
  split_mode: standard
  task: node
  task_type: classification
  to_undirected: False
  transductive: True
  transform: none
  tu_simple: True
devices: 1
example_arg: example
example_group:
  example_arg: example
gnn:
  act: gelu
  agg: mean
  att_final_linear: False
  att_final_linear_bn: False
  att_heads: 1
  batchnorm: True
  clear_feature: True
  dim_inner: 64
  dropout: 0.2
  head: node
  keep_edge: 0.5
  l2norm: True
  layer_type: generalconv
  layers_mp: 2
  layers_post_mp: 1
  layers_pre_mp: 0
  msg_direction: single
  normalize_adj: False
  residual: False
  self_msg: concat
  skip_every: 1
  stage_type: stack
gpu_mem: False
graphormer:
  attention_dropout: 0.0
  dropout: 0.0
  embed_dim: 80
  input_dropout: 0.0
  mlp_dropout: 0.0
  num_heads: 4
  num_layers: 6
  use_graph_token: False
gt:
  attn_dropout: 0.0
  batch_norm: False
  bigbird:
    add_cross_attention: False
    attention_type: block_sparse
    block_size: 3
    chunk_size_feed_forward: 0
    hidden_act: relu
    is_decoder: False
    layer_norm_eps: 1e-06
    max_position_embeddings: 128
    num_random_blocks: 3
    use_bias: False
  dim_hidden: 64
  dropout: 0.2
  full_graph: True
  gamma: 1e-05
  layer_norm: False
  layer_type: GCN+Transformer
  layers: 2
  n_heads: 4
  pna_degrees: []
  residual: True
mem:
  inplace: False
metric_agg: argmax
metric_best: accuracy
model:
  edge_decoding: dot
  graph_pooling: add
  loss_fun: cross_entropy
  match_upper: True
  size_average: mean
  thresh: 0.5
  type: GPSModel
name_tag: 
num_threads: 6
num_workers: 0
optim:
  base_lr: 0.0005
  batch_accumulation: 1
  clip_grad_norm: True
  clip_grad_norm_value: 1.0
  lr_decay: 0.1
  max_epoch: 200
  min_lr: 0.0
  momentum: 0.9
  num_warmup_epochs: 10
  optimizer: adamW
  reduce_factor: 0.1
  schedule_patience: 10
  scheduler: cosine_with_warmup
  steps: [30, 60, 90]
  weight_decay: 1e-05
out_dir: results\actor-GPS
posenc_ElstaticSE:
  dim_pe: 16
  enable: False
  kernel:
    times: []
    times_func: range(10)
  layers: 3
  model: none
  n_heads: 4
  pass_as_var: False
  post_layers: 0
  raw_norm_type: none
posenc_EquivStableLapPE:
  eigen:
    eigvec_norm: L2
    laplacian_norm: sym
    max_freqs: 10
  enable: False
  raw_norm_type: none
posenc_GraphormerBias:
  dim_pe: 0
  enable: False
  node_degrees_only: True
  num_in_degrees: 1297
  num_out_degrees: 74
  num_spatial_types: 20
posenc_HKdiagSE:
  dim_pe: 16
  enable: False
  kernel:
    times: []
    times_func: 
  layers: 3
  model: none
  n_heads: 4
  pass_as_var: False
  post_layers: 0
  raw_norm_type: none
posenc_LapPE:
  dim_pe: 4
  eigen:
    eigvec_norm: L2
    laplacian_norm: none
    max_freqs: 4
  enable: True
  layers: 2
  model: DeepSet
  n_heads: 4
  pass_as_var: False
  post_layers: 0
  raw_norm_type: none
posenc_RWSE:
  dim_pe: 16
  enable: False
  kernel:
    times: []
    times_func: range(1,17)
  layers: 3
  model: Linear
  n_heads: 4
  pass_as_var: False
  post_layers: 0
  raw_norm_type: BatchNorm
posenc_SignNet:
  dim_pe: 16
  eigen:
    eigvec_norm: L2
    laplacian_norm: sym
    max_freqs: 10
  enable: False
  layers: 3
  model: none
  n_heads: 4
  pass_as_var: False
  phi_hidden_dim: 64
  phi_out_dim: 4
  post_layers: 0
  raw_norm_type: none
pretrained:
  dir: 
  freeze_main: False
  reset_prediction_head: True
print: both
round: 5
run_dir: results\actor-GPS\0
run_id: 0
run_multiple_splits: []
seed: 0
share:
  dim_in: 932
  dim_out: 5
  num_splits: 3
tensorboard_agg: True
tensorboard_each_run: False
train:
  auto_resume: False
  batch_size: 16
  ckpt_best: False
  ckpt_clean: True
  ckpt_period: 100
  enable_ckpt: False
  epoch_resume: -1
  eval_period: 5
  iter_per_epoch: 32
  mode: custom
  neighbor_sizes: [20, 15, 10, 5]
  node_per_graph: 32
  radius: extend
  sample_node: False
  sampler: full_batch
  skip_train_eval: False
  walk_length: 4
val:
  node_per_graph: 32
  radius: extend
  sample_node: False
  sampler: full_batch
view_emb: False
wandb:
  entity: gtransformers
  name: 
  project: Actor
  use: False
Num parameters: 131117
Start from epoch 0
train: {'epoch': 0, 'time_epoch': 0.30355, 'eta': 60.40726, 'eta_hours': 0.01678, 'loss': 1.66643131, 'lr': 0.0, 'params': 131117, 'time_iter': 0.30355, 'accuracy': 0.23273, 'f1': 0.14533, 'auc': 0.48893}
...computing epoch stats took: 0.03s
val: {'epoch': 0, 'time_epoch': 0.06651, 'loss': 1.64690423, 'lr': 0, 'params': 131117, 'time_iter': 0.06651, 'accuracy': 0.23643, 'f1': 0.12385, 'auc': 0.4852}
...computing epoch stats took: 0.01s
test: {'epoch': 0, 'time_epoch': 0.035, 'loss': 1.64010763, 'lr': 0, 'params': 131117, 'time_iter': 0.035, 'accuracy': 0.22105, 'f1': 0.11372, 'auc': 0.4837}
...computing epoch stats took: 0.01s
> Epoch 0: took 0.5s (avg 0.5s) | Best so far: epoch 0	train_loss: 1.6664 train_accuracy: 0.2327	val_loss: 1.6469 val_accuracy: 0.2364	test_loss: 1.6401 test_accuracy: 0.2210
train: {'epoch': 1, 'time_epoch': 0.05551, 'eta': 35.54694, 'eta_hours': 0.00987, 'loss': 1.6654861, 'lr': 5e-05, 'params': 131117, 'time_iter': 0.05551, 'accuracy': 0.24068, 'f1': 0.15416, 'auc': 0.49313}
...computing epoch stats took: 0.01s
train: {'epoch': 2, 'time_epoch': 0.056, 'eta': 27.25575, 'eta_hours': 0.00757, 'loss': 1.65977144, 'lr': 0.0001, 'params': 131117, 'time_iter': 0.056, 'accuracy': 0.22889, 'f1': 0.14364, 'auc': 0.4938}
...computing epoch stats took: 0.01s
train: {'epoch': 3, 'time_epoch': 0.05751, 'eta': 23.15589, 'eta_hours': 0.00643, 'loss': 1.65320373, 'lr': 0.00015, 'params': 131117, 'time_iter': 0.05751, 'accuracy': 0.23766, 'f1': 0.15179, 'auc': 0.49424}
train: {'epoch': 4, 'time_epoch': 0.05651, 'eta': 20.634, 'eta_hours': 0.00573, 'loss': 1.63168025, 'lr': 0.0002, 'params': 131117, 'time_iter': 0.05651, 'accuracy': 0.23712, 'f1': 0.1498, 'auc': 0.50451}
val: {'epoch': 4, 'time_epoch': 0.0345, 'loss': 1.60303533, 'lr': 0, 'params': 131117, 'time_iter': 0.0345, 'accuracy': 0.24095, 'f1': 0.12226, 'auc': 0.49881}
test: {'epoch': 4, 'time_epoch': 0.03373, 'loss': 1.60231793, 'lr': 0, 'params': 131117, 'time_iter': 0.03373, 'accuracy': 0.23487, 'f1': 0.11638, 'auc': 0.49762}
> Epoch 4: took 0.1s (avg 0.2s) | Best so far: epoch 4	train_loss: 1.6317 train_accuracy: 0.2371	val_loss: 1.6030 val_accuracy: 0.2409	test_loss: 1.6023 test_accuracy: 0.2349
train: {'epoch': 5, 'time_epoch': 0.05808, 'eta': 18.98489, 'eta_hours': 0.00527, 'loss': 1.62460804, 'lr': 0.00025, 'params': 131117, 'time_iter': 0.05808, 'accuracy': 0.2341, 'f1': 0.15116, 'auc': 0.49734}
train: {'epoch': 6, 'time_epoch': 0.05751, 'eta': 17.77444, 'eta_hours': 0.00494, 'loss': 1.61286235, 'lr': 0.0003, 'params': 131117, 'time_iter': 0.05751, 'accuracy': 0.23026, 'f1': 0.14999, 'auc': 0.50619}
train: {'epoch': 7, 'time_epoch': 0.05651, 'eta': 16.82825, 'eta_hours': 0.00467, 'loss': 1.60027719, 'lr': 0.00035, 'params': 131117, 'time_iter': 0.05651, 'accuracy': 0.25164, 'f1': 0.17935, 'auc': 0.5121}
train: {'epoch': 8, 'time_epoch': 0.05737, 'eta': 16.09809, 'eta_hours': 0.00447, 'loss': 1.59622705, 'lr': 0.0004, 'params': 131117, 'time_iter': 0.05737, 'accuracy': 0.2585, 'f1': 0.18655, 'auc': 0.5283}
train: {'epoch': 9, 'time_epoch': 0.05651, 'eta': 15.48613, 'eta_hours': 0.0043, 'loss': 1.59576309, 'lr': 0.00045, 'params': 131117, 'time_iter': 0.05651, 'accuracy': 0.24507, 'f1': 0.16365, 'auc': 0.5381}
val: {'epoch': 9, 'time_epoch': 0.034, 'loss': 1.57436669, 'lr': 0, 'params': 131117, 'time_iter': 0.034, 'accuracy': 0.27056, 'f1': 0.152, 'auc': 0.54716}
test: {'epoch': 9, 'time_epoch': 0.034, 'loss': 1.5869292, 'lr': 0, 'params': 131117, 'time_iter': 0.034, 'accuracy': 0.25855, 'f1': 0.14585, 'auc': 0.54745}
> Epoch 9: took 0.1s (avg 0.1s) | Best so far: epoch 9	train_loss: 1.5958 train_accuracy: 0.2451	val_loss: 1.5744 val_accuracy: 0.2706	test_loss: 1.5869 test_accuracy: 0.2586
train: {'epoch': 10, 'time_epoch': 0.05751, 'eta': 14.99227, 'eta_hours': 0.00416, 'loss': 1.58308375, 'lr': 0.0005, 'params': 131117, 'time_iter': 0.05751, 'accuracy': 0.27166, 'f1': 0.18493, 'auc': 0.56136}
train: {'epoch': 11, 'time_epoch': 0.05751, 'eta': 14.57117, 'eta_hours': 0.00405, 'loss': 1.5800792, 'lr': 0.00049997, 'params': 131117, 'time_iter': 0.05751, 'accuracy': 0.27686, 'f1': 0.1874, 'auc': 0.56237}
train: {'epoch': 12, 'time_epoch': 0.057, 'eta': 14.19866, 'eta_hours': 0.00394, 'loss': 1.56744623, 'lr': 0.00049986, 'params': 131117, 'time_iter': 0.057, 'accuracy': 0.27714, 'f1': 0.19225, 'auc': 0.57593}
train: {'epoch': 13, 'time_epoch': 0.05701, 'eta': 13.87144, 'eta_hours': 0.00385, 'loss': 1.55113697, 'lr': 0.00049969, 'params': 131117, 'time_iter': 0.05701, 'accuracy': 0.29139, 'f1': 0.20306, 'auc': 0.59661}
train: {'epoch': 14, 'time_epoch': 0.05751, 'eta': 13.58632, 'eta_hours': 0.00377, 'loss': 1.5371474, 'lr': 0.00049945, 'params': 131117, 'time_iter': 0.05751, 'accuracy': 0.29962, 'f1': 0.20439, 'auc': 0.61439}
val: {'epoch': 14, 'time_epoch': 0.034, 'loss': 1.5305227, 'lr': 0, 'params': 131117, 'time_iter': 0.034, 'accuracy': 0.28577, 'f1': 0.16824, 'auc': 0.60871}
test: {'epoch': 14, 'time_epoch': 0.03268, 'loss': 1.53565383, 'lr': 0, 'params': 131117, 'time_iter': 0.03268, 'accuracy': 0.26776, 'f1': 0.15994, 'auc': 0.60573}
> Epoch 14: took 0.1s (avg 0.1s) | Best so far: epoch 14	train_loss: 1.5371 train_accuracy: 0.2996	val_loss: 1.5305 val_accuracy: 0.2858	test_loss: 1.5357 test_accuracy: 0.2678
train: {'epoch': 15, 'time_epoch': 0.05751, 'eta': 13.32974, 'eta_hours': 0.0037, 'loss': 1.52876639, 'lr': 0.00049915, 'params': 131117, 'time_iter': 0.05751, 'accuracy': 0.30592, 'f1': 0.2111, 'auc': 0.61822}
train: {'epoch': 16, 'time_epoch': 0.05651, 'eta': 13.08576, 'eta_hours': 0.00363, 'loss': 1.5130868, 'lr': 0.00049877, 'params': 131117, 'time_iter': 0.05651, 'accuracy': 0.3114, 'f1': 0.20733, 'auc': 0.64409}
train: {'epoch': 17, 'time_epoch': 0.057, 'eta': 12.86757, 'eta_hours': 0.00357, 'loss': 1.50985479, 'lr': 0.00049833, 'params': 131117, 'time_iter': 0.057, 'accuracy': 0.31414, 'f1': 0.22121, 'auc': 0.64125}
train: {'epoch': 18, 'time_epoch': 0.05774, 'eta': 12.67336, 'eta_hours': 0.00352, 'loss': 1.49254525, 'lr': 0.00049782, 'params': 131117, 'time_iter': 0.05774, 'accuracy': 0.32977, 'f1': 0.23224, 'auc': 0.66664}
train: {'epoch': 19, 'time_epoch': 0.057, 'eta': 12.48619, 'eta_hours': 0.00347, 'loss': 1.48620212, 'lr': 0.00049724, 'params': 131117, 'time_iter': 0.057, 'accuracy': 0.34567, 'f1': 0.25367, 'auc': 0.67089}
val: {'epoch': 19, 'time_epoch': 0.03451, 'loss': 1.50604272, 'lr': 0, 'params': 131117, 'time_iter': 0.03451, 'accuracy': 0.30592, 'f1': 0.20005, 'auc': 0.6483}
test: {'epoch': 19, 'time_epoch': 0.033, 'loss': 1.51140666, 'lr': 0, 'params': 131117, 'time_iter': 0.033, 'accuracy': 0.30526, 'f1': 0.20115, 'auc': 0.6447}
> Epoch 19: took 0.1s (avg 0.1s) | Best so far: epoch 19	train_loss: 1.4862 train_accuracy: 0.3457	val_loss: 1.5060 val_accuracy: 0.3059	test_loss: 1.5114 test_accuracy: 0.3053
train: {'epoch': 20, 'time_epoch': 0.05751, 'eta': 12.31571, 'eta_hours': 0.00342, 'loss': 1.48037469, 'lr': 0.00049659, 'params': 131117, 'time_iter': 0.05751, 'accuracy': 0.34539, 'f1': 0.25375, 'auc': 0.67483}
train: {'epoch': 21, 'time_epoch': 0.058, 'eta': 12.1595, 'eta_hours': 0.00338, 'loss': 1.47066736, 'lr': 0.00049588, 'params': 131117, 'time_iter': 0.058, 'accuracy': 0.34978, 'f1': 0.25697, 'auc': 0.6869}
train: {'epoch': 22, 'time_epoch': 0.057, 'eta': 12.00412, 'eta_hours': 0.00333, 'loss': 1.46089673, 'lr': 0.00049509, 'params': 131117, 'time_iter': 0.057, 'accuracy': 0.35992, 'f1': 0.26189, 'auc': 0.69602}
train: {'epoch': 23, 'time_epoch': 0.05851, 'eta': 11.86805, 'eta_hours': 0.0033, 'loss': 1.4501375, 'lr': 0.00049425, 'params': 131117, 'time_iter': 0.05851, 'accuracy': 0.36266, 'f1': 0.26977, 'auc': 0.70577}
train: {'epoch': 24, 'time_epoch': 0.05951, 'eta': 11.74518, 'eta_hours': 0.00326, 'loss': 1.44176412, 'lr': 0.00049333, 'params': 131117, 'time_iter': 0.05951, 'accuracy': 0.36486, 'f1': 0.27555, 'auc': 0.70521}
val: {'epoch': 24, 'time_epoch': 0.03451, 'loss': 1.47021437, 'lr': 0, 'params': 131117, 'time_iter': 0.03451, 'accuracy': 0.31579, 'f1': 0.21377, 'auc': 0.66571}
test: {'epoch': 24, 'time_epoch': 0.035, 'loss': 1.47709882, 'lr': 0, 'params': 131117, 'time_iter': 0.035, 'accuracy': 0.30724, 'f1': 0.20518, 'auc': 0.66184}
> Epoch 24: took 0.1s (avg 0.1s) | Best so far: epoch 24	train_loss: 1.4418 train_accuracy: 0.3649	val_loss: 1.4702 val_accuracy: 0.3158	test_loss: 1.4771 test_accuracy: 0.3072
train: {'epoch': 25, 'time_epoch': 0.05851, 'eta': 11.62046, 'eta_hours': 0.00323, 'loss': 1.42051184, 'lr': 0.00049235, 'params': 131117, 'time_iter': 0.05851, 'accuracy': 0.37884, 'f1': 0.2952, 'auc': 0.72342}
train: {'epoch': 26, 'time_epoch': 0.058, 'eta': 11.49742, 'eta_hours': 0.00319, 'loss': 1.40956116, 'lr': 0.0004913, 'params': 131117, 'time_iter': 0.058, 'accuracy': 0.392, 'f1': 0.31222, 'auc': 0.7291}
train: {'epoch': 27, 'time_epoch': 0.05674, 'eta': 11.37129, 'eta_hours': 0.00316, 'loss': 1.40586567, 'lr': 0.00049019, 'params': 131117, 'time_iter': 0.05674, 'accuracy': 0.38405, 'f1': 0.30873, 'auc': 0.72303}
train: {'epoch': 28, 'time_epoch': 0.05851, 'eta': 11.26035, 'eta_hours': 0.00313, 'loss': 1.39250481, 'lr': 0.00048901, 'params': 131117, 'time_iter': 0.05851, 'accuracy': 0.3994, 'f1': 0.32967, 'auc': 0.73081}
train: {'epoch': 29, 'time_epoch': 0.057, 'eta': 11.14437, 'eta_hours': 0.0031, 'loss': 1.38253069, 'lr': 0.00048776, 'params': 131117, 'time_iter': 0.057, 'accuracy': 0.4057, 'f1': 0.3358, 'auc': 0.7344}
val: {'epoch': 29, 'time_epoch': 0.03451, 'loss': 1.43167651, 'lr': 0, 'params': 131117, 'time_iter': 0.03451, 'accuracy': 0.3491, 'f1': 0.27984, 'auc': 0.67473}
test: {'epoch': 29, 'time_epoch': 0.034, 'loss': 1.43919563, 'lr': 0, 'params': 131117, 'time_iter': 0.034, 'accuracy': 0.34474, 'f1': 0.27868, 'auc': 0.67262}
> Epoch 29: took 0.1s (avg 0.1s) | Best so far: epoch 29	train_loss: 1.3825 train_accuracy: 0.4057	val_loss: 1.4317 val_accuracy: 0.3491	test_loss: 1.4392 test_accuracy: 0.3447
train: {'epoch': 30, 'time_epoch': 0.05802, 'eta': 11.03774, 'eta_hours': 0.00307, 'loss': 1.37208152, 'lr': 0.00048645, 'params': 131117, 'time_iter': 0.05802, 'accuracy': 0.41118, 'f1': 0.34496, 'auc': 0.73264}
train: {'epoch': 31, 'time_epoch': 0.057, 'eta': 10.92881, 'eta_hours': 0.00304, 'loss': 1.36079669, 'lr': 0.00048508, 'params': 131117, 'time_iter': 0.057, 'accuracy': 0.41584, 'f1': 0.34894, 'auc': 0.74288}
train: {'epoch': 32, 'time_epoch': 0.05719, 'eta': 10.82397, 'eta_hours': 0.00301, 'loss': 1.3492589, 'lr': 0.00048364, 'params': 131117, 'time_iter': 0.05719, 'accuracy': 0.42023, 'f1': 0.35706, 'auc': 0.74604}
train: {'epoch': 33, 'time_epoch': 0.05751, 'eta': 10.72348, 'eta_hours': 0.00298, 'loss': 1.33714736, 'lr': 0.00048214, 'params': 131117, 'time_iter': 0.05751, 'accuracy': 0.43311, 'f1': 0.3654, 'auc': 0.75068}
train: {'epoch': 34, 'time_epoch': 0.056, 'eta': 10.61834, 'eta_hours': 0.00295, 'loss': 1.32943189, 'lr': 0.00048057, 'params': 131117, 'time_iter': 0.056, 'accuracy': 0.43065, 'f1': 0.37463, 'auc': 0.75328}
val: {'epoch': 34, 'time_epoch': 0.03351, 'loss': 1.40653098, 'lr': 0, 'params': 131117, 'time_iter': 0.03351, 'accuracy': 0.35855, 'f1': 0.29316, 'auc': 0.68205}
test: {'epoch': 34, 'time_epoch': 0.03551, 'loss': 1.41489816, 'lr': 0, 'params': 131117, 'time_iter': 0.03551, 'accuracy': 0.35592, 'f1': 0.29304, 'auc': 0.68172}
> Epoch 34: took 0.1s (avg 0.1s) | Best so far: epoch 34	train_loss: 1.3294 train_accuracy: 0.4306	val_loss: 1.4065 val_accuracy: 0.3585	test_loss: 1.4149 test_accuracy: 0.3559
train: {'epoch': 35, 'time_epoch': 0.05951, 'eta': 10.53192, 'eta_hours': 0.00293, 'loss': 1.31858981, 'lr': 0.00047894, 'params': 131117, 'time_iter': 0.05951, 'accuracy': 0.42982, 'f1': 0.37431, 'auc': 0.75905}
train: {'epoch': 36, 'time_epoch': 0.057, 'eta': 10.4359, 'eta_hours': 0.0029, 'loss': 1.3091203, 'lr': 0.00047725, 'params': 131117, 'time_iter': 0.057, 'accuracy': 0.43723, 'f1': 0.37897, 'auc': 0.75986}
train: {'epoch': 37, 'time_epoch': 0.05651, 'eta': 10.33983, 'eta_hours': 0.00287, 'loss': 1.30186391, 'lr': 0.0004755, 'params': 131117, 'time_iter': 0.05651, 'accuracy': 0.44106, 'f1': 0.39085, 'auc': 0.75959}
train: {'epoch': 38, 'time_epoch': 0.05807, 'eta': 10.25223, 'eta_hours': 0.00285, 'loss': 1.2873733, 'lr': 0.00047368, 'params': 131117, 'time_iter': 0.05807, 'accuracy': 0.45258, 'f1': 0.40857, 'auc': 0.76786}
train: {'epoch': 39, 'time_epoch': 0.057, 'eta': 10.16185, 'eta_hours': 0.00282, 'loss': 1.27887845, 'lr': 0.00047181, 'params': 131117, 'time_iter': 0.057, 'accuracy': 0.46162, 'f1': 0.41633, 'auc': 0.77412}
val: {'epoch': 39, 'time_epoch': 0.03451, 'loss': 1.39449561, 'lr': 0, 'params': 131117, 'time_iter': 0.03451, 'accuracy': 0.36349, 'f1': 0.31795, 'auc': 0.68888}
test: {'epoch': 39, 'time_epoch': 0.03371, 'loss': 1.40226197, 'lr': 0, 'params': 131117, 'time_iter': 0.03371, 'accuracy': 0.37303, 'f1': 0.32679, 'auc': 0.6906}
> Epoch 39: took 0.1s (avg 0.1s) | Best so far: epoch 39	train_loss: 1.2789 train_accuracy: 0.4616	val_loss: 1.3945 val_accuracy: 0.3635	test_loss: 1.4023 test_accuracy: 0.3730
train: {'epoch': 40, 'time_epoch': 0.0575, 'eta': 10.07504, 'eta_hours': 0.0028, 'loss': 1.2731216, 'lr': 0.00046987, 'params': 131117, 'time_iter': 0.0575, 'accuracy': 0.46628, 'f1': 0.42538, 'auc': 0.77258}
train: {'epoch': 41, 'time_epoch': 0.057, 'eta': 9.98773, 'eta_hours': 0.00277, 'loss': 1.26120508, 'lr': 0.00046787, 'params': 131117, 'time_iter': 0.057, 'accuracy': 0.46601, 'f1': 0.42268, 'auc': 0.77685}
train: {'epoch': 42, 'time_epoch': 0.05602, 'eta': 9.89824, 'eta_hours': 0.00275, 'loss': 1.25083268, 'lr': 0.00046581, 'params': 131117, 'time_iter': 0.05602, 'accuracy': 0.47615, 'f1': 0.4393, 'auc': 0.78133}
train: {'epoch': 43, 'time_epoch': 0.05751, 'eta': 9.81556, 'eta_hours': 0.00273, 'loss': 1.24648154, 'lr': 0.0004637, 'params': 131117, 'time_iter': 0.05751, 'accuracy': 0.4756, 'f1': 0.43572, 'auc': 0.78249}
train: {'epoch': 44, 'time_epoch': 0.057, 'eta': 9.73224, 'eta_hours': 0.0027, 'loss': 1.24038351, 'lr': 0.00046152, 'params': 131117, 'time_iter': 0.057, 'accuracy': 0.47423, 'f1': 0.43471, 'auc': 0.78418}
val: {'epoch': 44, 'time_epoch': 0.03451, 'loss': 1.38623786, 'lr': 0, 'params': 131117, 'time_iter': 0.03451, 'accuracy': 0.37377, 'f1': 0.33205, 'auc': 0.69417}
test: {'epoch': 44, 'time_epoch': 0.034, 'loss': 1.39374375, 'lr': 0, 'params': 131117, 'time_iter': 0.034, 'accuracy': 0.36842, 'f1': 0.32979, 'auc': 0.69638}
> Epoch 44: took 0.1s (avg 0.1s) | Best so far: epoch 44	train_loss: 1.2404 train_accuracy: 0.4742	val_loss: 1.3862 val_accuracy: 0.3738	test_loss: 1.3937 test_accuracy: 0.3684
train: {'epoch': 45, 'time_epoch': 0.05751, 'eta': 9.6518, 'eta_hours': 0.00268, 'loss': 1.23370123, 'lr': 0.00045929, 'params': 131117, 'time_iter': 0.05751, 'accuracy': 0.47944, 'f1': 0.44152, 'auc': 0.7862}
train: {'epoch': 46, 'time_epoch': 0.057, 'eta': 9.57065, 'eta_hours': 0.00266, 'loss': 1.21985912, 'lr': 0.000457, 'params': 131117, 'time_iter': 0.057, 'accuracy': 0.49232, 'f1': 0.45019, 'auc': 0.79154}
train: {'epoch': 47, 'time_epoch': 0.05551, 'eta': 9.48578, 'eta_hours': 0.00263, 'loss': 1.20835531, 'lr': 0.00045466, 'params': 131117, 'time_iter': 0.05551, 'accuracy': 0.49671, 'f1': 0.46402, 'auc': 0.79667}
train: {'epoch': 48, 'time_epoch': 0.05851, 'eta': 9.41136, 'eta_hours': 0.00261, 'loss': 1.20203531, 'lr': 0.00045225, 'params': 131117, 'time_iter': 0.05851, 'accuracy': 0.49698, 'f1': 0.46284, 'auc': 0.79897}
train: {'epoch': 49, 'time_epoch': 0.056, 'eta': 9.33005, 'eta_hours': 0.00259, 'loss': 1.19419324, 'lr': 0.0004498, 'params': 131117, 'time_iter': 0.056, 'accuracy': 0.48904, 'f1': 0.45353, 'auc': 0.80179}
val: {'epoch': 49, 'time_epoch': 0.0332, 'loss': 1.38211989, 'lr': 0, 'params': 131117, 'time_iter': 0.0332, 'accuracy': 0.37294, 'f1': 0.34076, 'auc': 0.69843}
test: {'epoch': 49, 'time_epoch': 0.034, 'loss': 1.39282215, 'lr': 0, 'params': 131117, 'time_iter': 0.034, 'accuracy': 0.37105, 'f1': 0.34169, 'auc': 0.69879}
> Epoch 49: took 0.1s (avg 0.1s) | Best so far: epoch 44	train_loss: 1.2404 train_accuracy: 0.4742	val_loss: 1.3862 val_accuracy: 0.3738	test_loss: 1.3937 test_accuracy: 0.3684
train: {'epoch': 50, 'time_epoch': 0.05751, 'eta': 9.25413, 'eta_hours': 0.00257, 'loss': 1.18425786, 'lr': 0.00044729, 'params': 131117, 'time_iter': 0.05751, 'accuracy': 0.5085, 'f1': 0.47897, 'auc': 0.80575}
train: {'epoch': 51, 'time_epoch': 0.057, 'eta': 9.17749, 'eta_hours': 0.00255, 'loss': 1.18042183, 'lr': 0.00044472, 'params': 131117, 'time_iter': 0.057, 'accuracy': 0.50521, 'f1': 0.47606, 'auc': 0.80477}
train: {'epoch': 52, 'time_epoch': 0.05651, 'eta': 9.10023, 'eta_hours': 0.00253, 'loss': 1.17238832, 'lr': 0.0004421, 'params': 131117, 'time_iter': 0.05651, 'accuracy': 0.50302, 'f1': 0.4748, 'auc': 0.80927}
train: {'epoch': 53, 'time_epoch': 0.057, 'eta': 9.02506, 'eta_hours': 0.00251, 'loss': 1.16076744, 'lr': 0.00043943, 'params': 131117, 'time_iter': 0.057, 'accuracy': 0.52549, 'f1': 0.4988, 'auc': 0.81517}
train: {'epoch': 54, 'time_epoch': 0.05574, 'eta': 8.94723, 'eta_hours': 0.00249, 'loss': 1.15500557, 'lr': 0.00043671, 'params': 131117, 'time_iter': 0.05574, 'accuracy': 0.52796, 'f1': 0.50342, 'auc': 0.81544}
val: {'epoch': 54, 'time_epoch': 0.034, 'loss': 1.38567948, 'lr': 0, 'params': 131117, 'time_iter': 0.034, 'accuracy': 0.37582, 'f1': 0.34693, 'auc': 0.70052}
test: {'epoch': 54, 'time_epoch': 0.03351, 'loss': 1.40029621, 'lr': 0, 'params': 131117, 'time_iter': 0.03351, 'accuracy': 0.36974, 'f1': 0.34468, 'auc': 0.69907}
> Epoch 54: took 0.1s (avg 0.1s) | Best so far: epoch 54	train_loss: 1.1550 train_accuracy: 0.5280	val_loss: 1.3857 val_accuracy: 0.3758	test_loss: 1.4003 test_accuracy: 0.3697
train: {'epoch': 55, 'time_epoch': 0.058, 'eta': 8.876, 'eta_hours': 0.00247, 'loss': 1.14785779, 'lr': 0.00043393, 'params': 131117, 'time_iter': 0.058, 'accuracy': 0.52632, 'f1': 0.4958, 'auc': 0.81731}
train: {'epoch': 56, 'time_epoch': 0.05751, 'eta': 8.804, 'eta_hours': 0.00245, 'loss': 1.13374853, 'lr': 0.00043111, 'params': 131117, 'time_iter': 0.05751, 'accuracy': 0.52467, 'f1': 0.49855, 'auc': 0.82305}
train: {'epoch': 57, 'time_epoch': 0.05551, 'eta': 8.72759, 'eta_hours': 0.00242, 'loss': 1.12996244, 'lr': 0.00042823, 'params': 131117, 'time_iter': 0.05551, 'accuracy': 0.53454, 'f1': 0.50825, 'auc': 0.82392}
train: {'epoch': 58, 'time_epoch': 0.058, 'eta': 8.65785, 'eta_hours': 0.0024, 'loss': 1.11973298, 'lr': 0.00042531, 'params': 131117, 'time_iter': 0.058, 'accuracy': 0.53043, 'f1': 0.50266, 'auc': 0.82571}
train: {'epoch': 59, 'time_epoch': 0.05651, 'eta': 8.58502, 'eta_hours': 0.00238, 'loss': 1.11081469, 'lr': 0.00042234, 'params': 131117, 'time_iter': 0.05651, 'accuracy': 0.52906, 'f1': 0.49972, 'auc': 0.83055}
val: {'epoch': 59, 'time_epoch': 0.035, 'loss': 1.39938223, 'lr': 0, 'params': 131117, 'time_iter': 0.035, 'accuracy': 0.37664, 'f1': 0.35129, 'auc': 0.70127}
test: {'epoch': 59, 'time_epoch': 0.03402, 'loss': 1.41914558, 'lr': 0, 'params': 131117, 'time_iter': 0.03402, 'accuracy': 0.36382, 'f1': 0.34117, 'auc': 0.69797}
> Epoch 59: took 0.1s (avg 0.1s) | Best so far: epoch 59	train_loss: 1.1108 train_accuracy: 0.5291	val_loss: 1.3994 val_accuracy: 0.3766	test_loss: 1.4191 test_accuracy: 0.3638
train: {'epoch': 60, 'time_epoch': 0.057, 'eta': 8.51386, 'eta_hours': 0.00236, 'loss': 1.10170078, 'lr': 0.00041932, 'params': 131117, 'time_iter': 0.057, 'accuracy': 0.54605, 'f1': 0.52262, 'auc': 0.83386}
train: {'epoch': 61, 'time_epoch': 0.0573, 'eta': 8.44382, 'eta_hours': 0.00235, 'loss': 1.09679008, 'lr': 0.00041626, 'params': 131117, 'time_iter': 0.0573, 'accuracy': 0.54276, 'f1': 0.51586, 'auc': 0.8353}
train: {'epoch': 62, 'time_epoch': 0.05651, 'eta': 8.37246, 'eta_hours': 0.00233, 'loss': 1.0880245, 'lr': 0.00041315, 'params': 131117, 'time_iter': 0.05651, 'accuracy': 0.55016, 'f1': 0.52275, 'auc': 0.83695}
train: {'epoch': 63, 'time_epoch': 0.058, 'eta': 8.30473, 'eta_hours': 0.00231, 'loss': 1.08385396, 'lr': 0.00040999, 'params': 131117, 'time_iter': 0.058, 'accuracy': 0.54907, 'f1': 0.51894, 'auc': 0.83898}
train: {'epoch': 64, 'time_epoch': 0.09001, 'eta': 8.30379, 'eta_hours': 0.00231, 'loss': 1.07926536, 'lr': 0.00040679, 'params': 131117, 'time_iter': 0.09001, 'accuracy': 0.55126, 'f1': 0.52493, 'auc': 0.8394}
val: {'epoch': 64, 'time_epoch': 0.03551, 'loss': 1.42475092, 'lr': 0, 'params': 131117, 'time_iter': 0.03551, 'accuracy': 0.37377, 'f1': 0.34895, 'auc': 0.70035}
test: {'epoch': 64, 'time_epoch': 0.03467, 'loss': 1.44935703, 'lr': 0, 'params': 131117, 'time_iter': 0.03467, 'accuracy': 0.35658, 'f1': 0.33682, 'auc': 0.69534}
> Epoch 64: took 0.2s (avg 0.1s) | Best so far: epoch 59	train_loss: 1.1108 train_accuracy: 0.5291	val_loss: 1.3994 val_accuracy: 0.3766	test_loss: 1.4191 test_accuracy: 0.3638
train: {'epoch': 65, 'time_epoch': 0.05751, 'eta': 8.23417, 'eta_hours': 0.00229, 'loss': 1.07043326, 'lr': 0.00040355, 'params': 131117, 'time_iter': 0.05751, 'accuracy': 0.56113, 'f1': 0.53717, 'auc': 0.84144}
train: {'epoch': 66, 'time_epoch': 0.059, 'eta': 8.16785, 'eta_hours': 0.00227, 'loss': 1.05257404, 'lr': 0.00040027, 'params': 131117, 'time_iter': 0.059, 'accuracy': 0.56935, 'f1': 0.54397, 'auc': 0.84833}
train: {'epoch': 67, 'time_epoch': 0.05851, 'eta': 8.1008, 'eta_hours': 0.00225, 'loss': 1.05871856, 'lr': 0.00039695, 'params': 131117, 'time_iter': 0.05851, 'accuracy': 0.55702, 'f1': 0.53138, 'auc': 0.84432}
train: {'epoch': 68, 'time_epoch': 0.05851, 'eta': 8.03399, 'eta_hours': 0.00223, 'loss': 1.04341447, 'lr': 0.00039358, 'params': 131117, 'time_iter': 0.05851, 'accuracy': 0.56661, 'f1': 0.53928, 'auc': 0.85047}
train: {'epoch': 69, 'time_epoch': 0.058, 'eta': 7.96648, 'eta_hours': 0.00221, 'loss': 1.03605258, 'lr': 0.00039018, 'params': 131117, 'time_iter': 0.058, 'accuracy': 0.57429, 'f1': 0.54897, 'auc': 0.85432}
val: {'epoch': 69, 'time_epoch': 0.03351, 'loss': 1.46198106, 'lr': 0, 'params': 131117, 'time_iter': 0.03351, 'accuracy': 0.36883, 'f1': 0.3444, 'auc': 0.69789}
test: {'epoch': 69, 'time_epoch': 0.034, 'loss': 1.48997605, 'lr': 0, 'params': 131117, 'time_iter': 0.034, 'accuracy': 0.35329, 'f1': 0.33577, 'auc': 0.69156}
> Epoch 69: took 0.1s (avg 0.1s) | Best so far: epoch 59	train_loss: 1.1108 train_accuracy: 0.5291	val_loss: 1.3994 val_accuracy: 0.3766	test_loss: 1.4191 test_accuracy: 0.3638
train: {'epoch': 70, 'time_epoch': 0.05851, 'eta': 7.90017, 'eta_hours': 0.00219, 'loss': 1.04129767, 'lr': 0.00038674, 'params': 131117, 'time_iter': 0.05851, 'accuracy': 0.56935, 'f1': 0.54779, 'auc': 0.84975}
train: {'epoch': 71, 'time_epoch': 0.0571, 'eta': 7.83156, 'eta_hours': 0.00218, 'loss': 1.02057517, 'lr': 0.00038326, 'params': 131117, 'time_iter': 0.0571, 'accuracy': 0.58333, 'f1': 0.56248, 'auc': 0.85727}
train: {'epoch': 72, 'time_epoch': 0.05609, 'eta': 7.76151, 'eta_hours': 0.00216, 'loss': 1.02447104, 'lr': 0.00037974, 'params': 131117, 'time_iter': 0.05609, 'accuracy': 0.57648, 'f1': 0.55275, 'auc': 0.85538}
train: {'epoch': 73, 'time_epoch': 0.0595, 'eta': 7.69766, 'eta_hours': 0.00214, 'loss': 1.01021326, 'lr': 0.00037619, 'params': 131117, 'time_iter': 0.0595, 'accuracy': 0.59101, 'f1': 0.5676, 'auc': 0.8595}
train: {'epoch': 74, 'time_epoch': 0.057, 'eta': 7.62974, 'eta_hours': 0.00212, 'loss': 1.01006675, 'lr': 0.00037261, 'params': 131117, 'time_iter': 0.057, 'accuracy': 0.58141, 'f1': 0.55931, 'auc': 0.86026}
val: {'epoch': 74, 'time_epoch': 0.0345, 'loss': 1.50746119, 'lr': 0, 'params': 131117, 'time_iter': 0.0345, 'accuracy': 0.37171, 'f1': 0.35048, 'auc': 0.69451}
test: {'epoch': 74, 'time_epoch': 0.034, 'loss': 1.53779173, 'lr': 0, 'params': 131117, 'time_iter': 0.034, 'accuracy': 0.35724, 'f1': 0.34029, 'auc': 0.68729}
> Epoch 74: took 0.1s (avg 0.1s) | Best so far: epoch 59	train_loss: 1.1108 train_accuracy: 0.5291	val_loss: 1.3994 val_accuracy: 0.3766	test_loss: 1.4191 test_accuracy: 0.3638
train: {'epoch': 75, 'time_epoch': 0.05701, 'eta': 7.56214, 'eta_hours': 0.0021, 'loss': 1.00034201, 'lr': 0.00036899, 'params': 131117, 'time_iter': 0.05701, 'accuracy': 0.58854, 'f1': 0.56718, 'auc': 0.8623}
train: {'epoch': 76, 'time_epoch': 0.057, 'eta': 7.49479, 'eta_hours': 0.00208, 'loss': 0.99233371, 'lr': 0.00036534, 'params': 131117, 'time_iter': 0.057, 'accuracy': 0.58443, 'f1': 0.5612, 'auc': 0.86429}
train: {'epoch': 77, 'time_epoch': 0.05751, 'eta': 7.4285, 'eta_hours': 0.00206, 'loss': 0.98132467, 'lr': 0.00036165, 'params': 131117, 'time_iter': 0.05751, 'accuracy': 0.59622, 'f1': 0.57533, 'auc': 0.86832}
train: {'epoch': 78, 'time_epoch': 0.05851, 'eta': 7.36396, 'eta_hours': 0.00205, 'loss': 0.97292095, 'lr': 0.00035794, 'params': 131117, 'time_iter': 0.05851, 'accuracy': 0.60197, 'f1': 0.5806, 'auc': 0.87052}
train: {'epoch': 79, 'time_epoch': 0.057, 'eta': 7.29731, 'eta_hours': 0.00203, 'loss': 0.97742391, 'lr': 0.0003542, 'params': 131117, 'time_iter': 0.057, 'accuracy': 0.59841, 'f1': 0.57402, 'auc': 0.8692}
val: {'epoch': 79, 'time_epoch': 0.03351, 'loss': 1.55602992, 'lr': 0, 'params': 131117, 'time_iter': 0.03351, 'accuracy': 0.3713, 'f1': 0.3501, 'auc': 0.69137}
test: {'epoch': 79, 'time_epoch': 0.033, 'loss': 1.59020174, 'lr': 0, 'params': 131117, 'time_iter': 0.033, 'accuracy': 0.34934, 'f1': 0.33361, 'auc': 0.68308}
> Epoch 79: took 0.1s (avg 0.1s) | Best so far: epoch 59	train_loss: 1.1108 train_accuracy: 0.5291	val_loss: 1.3994 val_accuracy: 0.3766	test_loss: 1.4191 test_accuracy: 0.3638
train: {'epoch': 80, 'time_epoch': 0.0565, 'eta': 7.23017, 'eta_hours': 0.00201, 'loss': 0.96313983, 'lr': 0.00035042, 'params': 131117, 'time_iter': 0.0565, 'accuracy': 0.60636, 'f1': 0.5829, 'auc': 0.87296}
train: {'epoch': 81, 'time_epoch': 0.05775, 'eta': 7.16509, 'eta_hours': 0.00199, 'loss': 0.95638883, 'lr': 0.00034662, 'params': 131117, 'time_iter': 0.05775, 'accuracy': 0.60471, 'f1': 0.58128, 'auc': 0.87517}
train: {'epoch': 82, 'time_epoch': 0.0565, 'eta': 7.09843, 'eta_hours': 0.00197, 'loss': 0.9590103, 'lr': 0.0003428, 'params': 131117, 'time_iter': 0.0565, 'accuracy': 0.60088, 'f1': 0.57579, 'auc': 0.87279}
train: {'epoch': 83, 'time_epoch': 0.058, 'eta': 7.03408, 'eta_hours': 0.00195, 'loss': 0.94838136, 'lr': 0.00033895, 'params': 131117, 'time_iter': 0.058, 'accuracy': 0.61047, 'f1': 0.58936, 'auc': 0.87661}
train: {'epoch': 84, 'time_epoch': 0.057, 'eta': 6.96851, 'eta_hours': 0.00194, 'loss': 0.94363683, 'lr': 0.00033507, 'params': 131117, 'time_iter': 0.057, 'accuracy': 0.61897, 'f1': 0.59801, 'auc': 0.87735}
val: {'epoch': 84, 'time_epoch': 0.0345, 'loss': 1.60777497, 'lr': 0, 'params': 131117, 'time_iter': 0.0345, 'accuracy': 0.36719, 'f1': 0.35068, 'auc': 0.6885}
test: {'epoch': 84, 'time_epoch': 0.034, 'loss': 1.64428151, 'lr': 0, 'params': 131117, 'time_iter': 0.034, 'accuracy': 0.34408, 'f1': 0.33015, 'auc': 0.6795}
> Epoch 84: took 0.1s (avg 0.1s) | Best so far: epoch 59	train_loss: 1.1108 train_accuracy: 0.5291	val_loss: 1.3994 val_accuracy: 0.3766	test_loss: 1.4191 test_accuracy: 0.3638
train: {'epoch': 85, 'time_epoch': 0.05851, 'eta': 6.90516, 'eta_hours': 0.00192, 'loss': 0.9306674, 'lr': 0.00033117, 'params': 131117, 'time_iter': 0.05851, 'accuracy': 0.62116, 'f1': 0.6011, 'auc': 0.88205}
train: {'epoch': 86, 'time_epoch': 0.05751, 'eta': 6.84061, 'eta_hours': 0.0019, 'loss': 0.92767793, 'lr': 0.00032725, 'params': 131117, 'time_iter': 0.05751, 'accuracy': 0.61732, 'f1': 0.59595, 'auc': 0.88258}
train: {'epoch': 87, 'time_epoch': 0.05891, 'eta': 6.77801, 'eta_hours': 0.00188, 'loss': 0.92322648, 'lr': 0.00032331, 'params': 131117, 'time_iter': 0.05891, 'accuracy': 0.62171, 'f1': 0.60106, 'auc': 0.88377}
train: {'epoch': 88, 'time_epoch': 0.058, 'eta': 6.71435, 'eta_hours': 0.00187, 'loss': 0.91323739, 'lr': 0.00031935, 'params': 131117, 'time_iter': 0.058, 'accuracy': 0.62884, 'f1': 0.60772, 'auc': 0.88596}
train: {'epoch': 89, 'time_epoch': 0.058, 'eta': 6.65082, 'eta_hours': 0.00185, 'loss': 0.91318631, 'lr': 0.00031537, 'params': 131117, 'time_iter': 0.058, 'accuracy': 0.62473, 'f1': 0.60451, 'auc': 0.88587}
val: {'epoch': 89, 'time_epoch': 0.03351, 'loss': 1.66563356, 'lr': 0, 'params': 131117, 'time_iter': 0.03351, 'accuracy': 0.36308, 'f1': 0.34559, 'auc': 0.68586}
test: {'epoch': 89, 'time_epoch': 0.034, 'loss': 1.7022928, 'lr': 0, 'params': 131117, 'time_iter': 0.034, 'accuracy': 0.3375, 'f1': 0.32428, 'auc': 0.67661}
> Epoch 89: took 0.1s (avg 0.1s) | Best so far: epoch 59	train_loss: 1.1108 train_accuracy: 0.5291	val_loss: 1.3994 val_accuracy: 0.3766	test_loss: 1.4191 test_accuracy: 0.3638
train: {'epoch': 90, 'time_epoch': 0.05851, 'eta': 6.58801, 'eta_hours': 0.00183, 'loss': 0.90210414, 'lr': 0.00031137, 'params': 131117, 'time_iter': 0.05851, 'accuracy': 0.63377, 'f1': 0.61357, 'auc': 0.88797}
train: {'epoch': 91, 'time_epoch': 0.058, 'eta': 6.52471, 'eta_hours': 0.00181, 'loss': 0.89769042, 'lr': 0.00030736, 'params': 131117, 'time_iter': 0.058, 'accuracy': 0.62555, 'f1': 0.60351, 'auc': 0.88923}
train: {'epoch': 92, 'time_epoch': 0.05651, 'eta': 6.4598, 'eta_hours': 0.00179, 'loss': 0.89881736, 'lr': 0.00030332, 'params': 131117, 'time_iter': 0.05651, 'accuracy': 0.63185, 'f1': 0.61216, 'auc': 0.8888}
train: {'epoch': 93, 'time_epoch': 0.058, 'eta': 6.39676, 'eta_hours': 0.00178, 'loss': 0.89069366, 'lr': 0.00029928, 'params': 131117, 'time_iter': 0.058, 'accuracy': 0.64008, 'f1': 0.61973, 'auc': 0.89175}
train: {'epoch': 94, 'time_epoch': 0.05651, 'eta': 6.33217, 'eta_hours': 0.00176, 'loss': 0.89083135, 'lr': 0.00029522, 'params': 131117, 'time_iter': 0.05651, 'accuracy': 0.64008, 'f1': 0.61886, 'auc': 0.89135}
val: {'epoch': 94, 'time_epoch': 0.034, 'loss': 1.72737741, 'lr': 0, 'params': 131117, 'time_iter': 0.034, 'accuracy': 0.3565, 'f1': 0.33993, 'auc': 0.68308}
test: {'epoch': 94, 'time_epoch': 0.033, 'loss': 1.76121151, 'lr': 0, 'params': 131117, 'time_iter': 0.033, 'accuracy': 0.33421, 'f1': 0.32044, 'auc': 0.6744}
> Epoch 94: took 0.1s (avg 0.1s) | Best so far: epoch 59	train_loss: 1.1108 train_accuracy: 0.5291	val_loss: 1.3994 val_accuracy: 0.3766	test_loss: 1.4191 test_accuracy: 0.3638
train: {'epoch': 95, 'time_epoch': 0.058, 'eta': 6.26937, 'eta_hours': 0.00174, 'loss': 0.88266271, 'lr': 0.00029115, 'params': 131117, 'time_iter': 0.058, 'accuracy': 0.64172, 'f1': 0.62063, 'auc': 0.89354}
train: {'epoch': 96, 'time_epoch': 0.057, 'eta': 6.20559, 'eta_hours': 0.00172, 'loss': 0.87141055, 'lr': 0.00028707, 'params': 131117, 'time_iter': 0.057, 'accuracy': 0.64254, 'f1': 0.62149, 'auc': 0.89587}
train: {'epoch': 97, 'time_epoch': 0.05551, 'eta': 6.14041, 'eta_hours': 0.00171, 'loss': 0.86266631, 'lr': 0.00028297, 'params': 131117, 'time_iter': 0.05551, 'accuracy': 0.65378, 'f1': 0.63162, 'auc': 0.89855}
train: {'epoch': 98, 'time_epoch': 0.058, 'eta': 6.07797, 'eta_hours': 0.00169, 'loss': 0.86021358, 'lr': 0.00027887, 'params': 131117, 'time_iter': 0.058, 'accuracy': 0.65461, 'f1': 0.63321, 'auc': 0.89926}
train: {'epoch': 99, 'time_epoch': 0.0565, 'eta': 6.01412, 'eta_hours': 0.00167, 'loss': 0.8609947, 'lr': 0.00027476, 'params': 131117, 'time_iter': 0.0565, 'accuracy': 0.65241, 'f1': 0.6331, 'auc': 0.89851}
val: {'epoch': 99, 'time_epoch': 0.034, 'loss': 1.78957832, 'lr': 0, 'params': 131117, 'time_iter': 0.034, 'accuracy': 0.35526, 'f1': 0.33871, 'auc': 0.67991}
test: {'epoch': 99, 'time_epoch': 0.03351, 'loss': 1.82033718, 'lr': 0, 'params': 131117, 'time_iter': 0.03351, 'accuracy': 0.33618, 'f1': 0.32542, 'auc': 0.67167}
> Epoch 99: took 0.1s (avg 0.1s) | Best so far: epoch 59	train_loss: 1.1108 train_accuracy: 0.5291	val_loss: 1.3994 val_accuracy: 0.3766	test_loss: 1.4191 test_accuracy: 0.3638
train: {'epoch': 100, 'time_epoch': 0.05668, 'eta': 5.95059, 'eta_hours': 0.00165, 'loss': 0.85005265, 'lr': 0.00027064, 'params': 131117, 'time_iter': 0.05668, 'accuracy': 0.64775, 'f1': 0.62553, 'auc': 0.90132}
train: {'epoch': 101, 'time_epoch': 0.05651, 'eta': 5.88702, 'eta_hours': 0.00164, 'loss': 0.83713865, 'lr': 0.00026652, 'params': 131117, 'time_iter': 0.05651, 'accuracy': 0.66118, 'f1': 0.64037, 'auc': 0.90496}
train: {'epoch': 102, 'time_epoch': 0.0555, 'eta': 5.82265, 'eta_hours': 0.00162, 'loss': 0.84148329, 'lr': 0.0002624, 'params': 131117, 'time_iter': 0.0555, 'accuracy': 0.65954, 'f1': 0.63759, 'auc': 0.90393}
train: {'epoch': 103, 'time_epoch': 0.057, 'eta': 5.75983, 'eta_hours': 0.0016, 'loss': 0.83849317, 'lr': 0.00025827, 'params': 131117, 'time_iter': 0.057, 'accuracy': 0.66009, 'f1': 0.63763, 'auc': 0.90381}
train: {'epoch': 104, 'time_epoch': 0.05551, 'eta': 5.69577, 'eta_hours': 0.00158, 'loss': 0.83774471, 'lr': 0.00025413, 'params': 131117, 'time_iter': 0.05551, 'accuracy': 0.66064, 'f1': 0.63909, 'auc': 0.90395}
val: {'epoch': 104, 'time_epoch': 0.033, 'loss': 1.85551226, 'lr': 0, 'params': 131117, 'time_iter': 0.033, 'accuracy': 0.35485, 'f1': 0.33864, 'auc': 0.67699}
test: {'epoch': 104, 'time_epoch': 0.03251, 'loss': 1.8846302, 'lr': 0, 'params': 131117, 'time_iter': 0.03251, 'accuracy': 0.33421, 'f1': 0.32484, 'auc': 0.66926}
> Epoch 104: took 0.1s (avg 0.1s) | Best so far: epoch 59	train_loss: 1.1108 train_accuracy: 0.5291	val_loss: 1.3994 val_accuracy: 0.3766	test_loss: 1.4191 test_accuracy: 0.3638
train: {'epoch': 105, 'time_epoch': 0.057, 'eta': 5.63319, 'eta_hours': 0.00156, 'loss': 0.82727522, 'lr': 0.00025, 'params': 131117, 'time_iter': 0.057, 'accuracy': 0.66968, 'f1': 0.64953, 'auc': 0.90673}
train: {'epoch': 106, 'time_epoch': 0.05751, 'eta': 5.57116, 'eta_hours': 0.00155, 'loss': 0.82689291, 'lr': 0.00024587, 'params': 131117, 'time_iter': 0.05751, 'accuracy': 0.66721, 'f1': 0.64473, 'auc': 0.90616}
train: {'epoch': 107, 'time_epoch': 0.05751, 'eta': 5.50922, 'eta_hours': 0.00153, 'loss': 0.81437719, 'lr': 0.00024173, 'params': 131117, 'time_iter': 0.05751, 'accuracy': 0.6727, 'f1': 0.65225, 'auc': 0.90825}
train: {'epoch': 108, 'time_epoch': 0.05793, 'eta': 5.4477, 'eta_hours': 0.00151, 'loss': 0.81684977, 'lr': 0.0002376, 'params': 131117, 'time_iter': 0.05793, 'accuracy': 0.67462, 'f1': 0.65316, 'auc': 0.90877}
train: {'epoch': 109, 'time_epoch': 0.05851, 'eta': 5.38673, 'eta_hours': 0.0015, 'loss': 0.81883508, 'lr': 0.00023348, 'params': 131117, 'time_iter': 0.05851, 'accuracy': 0.66941, 'f1': 0.64881, 'auc': 0.9077}
val: {'epoch': 109, 'time_epoch': 0.035, 'loss': 1.92909682, 'lr': 0, 'params': 131117, 'time_iter': 0.035, 'accuracy': 0.34622, 'f1': 0.33189, 'auc': 0.675}
test: {'epoch': 109, 'time_epoch': 0.03451, 'loss': 1.95397425, 'lr': 0, 'params': 131117, 'time_iter': 0.03451, 'accuracy': 0.33618, 'f1': 0.32708, 'auc': 0.66825}
> Epoch 109: took 0.1s (avg 0.1s) | Best so far: epoch 59	train_loss: 1.1108 train_accuracy: 0.5291	val_loss: 1.3994 val_accuracy: 0.3766	test_loss: 1.4191 test_accuracy: 0.3638
train: {'epoch': 110, 'time_epoch': 0.057, 'eta': 5.32458, 'eta_hours': 0.00148, 'loss': 0.80913395, 'lr': 0.00022936, 'params': 131117, 'time_iter': 0.057, 'accuracy': 0.67708, 'f1': 0.65656, 'auc': 0.90982}
train: {'epoch': 111, 'time_epoch': 0.05851, 'eta': 5.26372, 'eta_hours': 0.00146, 'loss': 0.8074885, 'lr': 0.00022524, 'params': 131117, 'time_iter': 0.05851, 'accuracy': 0.67599, 'f1': 0.65696, 'auc': 0.91115}
train: {'epoch': 112, 'time_epoch': 0.05951, 'eta': 5.20368, 'eta_hours': 0.00145, 'loss': 0.79813951, 'lr': 0.00022113, 'params': 131117, 'time_iter': 0.05951, 'accuracy': 0.67599, 'f1': 0.65373, 'auc': 0.91226}
train: {'epoch': 113, 'time_epoch': 0.05951, 'eta': 5.14363, 'eta_hours': 0.00143, 'loss': 0.79381448, 'lr': 0.00021703, 'params': 131117, 'time_iter': 0.05951, 'accuracy': 0.68339, 'f1': 0.66127, 'auc': 0.91333}
train: {'epoch': 114, 'time_epoch': 0.05952, 'eta': 5.08361, 'eta_hours': 0.00141, 'loss': 0.79168546, 'lr': 0.00021293, 'params': 131117, 'time_iter': 0.05952, 'accuracy': 0.68284, 'f1': 0.66098, 'auc': 0.9138}
val: {'epoch': 114, 'time_epoch': 0.038, 'loss': 1.99206185, 'lr': 0, 'params': 131117, 'time_iter': 0.038, 'accuracy': 0.34868, 'f1': 0.33359, 'auc': 0.67268}
test: {'epoch': 114, 'time_epoch': 0.03403, 'loss': 2.01523185, 'lr': 0, 'params': 131117, 'time_iter': 0.03403, 'accuracy': 0.33224, 'f1': 0.32189, 'auc': 0.66568}
> Epoch 114: took 0.2s (avg 0.1s) | Best so far: epoch 59	train_loss: 1.1108 train_accuracy: 0.5291	val_loss: 1.3994 val_accuracy: 0.3766	test_loss: 1.4191 test_accuracy: 0.3638
train: {'epoch': 115, 'time_epoch': 0.058, 'eta': 5.02249, 'eta_hours': 0.0014, 'loss': 0.79013991, 'lr': 0.00020885, 'params': 131117, 'time_iter': 0.058, 'accuracy': 0.69079, 'f1': 0.67069, 'auc': 0.91447}
train: {'epoch': 116, 'time_epoch': 0.05751, 'eta': 4.96108, 'eta_hours': 0.00138, 'loss': 0.79027975, 'lr': 0.00020478, 'params': 131117, 'time_iter': 0.05751, 'accuracy': 0.69408, 'f1': 0.673, 'auc': 0.9145}
train: {'epoch': 117, 'time_epoch': 0.0565, 'eta': 4.89904, 'eta_hours': 0.00136, 'loss': 0.77548492, 'lr': 0.00020072, 'params': 131117, 'time_iter': 0.0565, 'accuracy': 0.69271, 'f1': 0.66871, 'auc': 0.91768}
train: {'epoch': 118, 'time_epoch': 0.05869, 'eta': 4.83858, 'eta_hours': 0.00134, 'loss': 0.769584, 'lr': 0.00019668, 'params': 131117, 'time_iter': 0.05869, 'accuracy': 0.69435, 'f1': 0.67242, 'auc': 0.91939}
train: {'epoch': 119, 'time_epoch': 0.0575, 'eta': 4.77735, 'eta_hours': 0.00133, 'loss': 0.77225041, 'lr': 0.00019264, 'params': 131117, 'time_iter': 0.0575, 'accuracy': 0.68723, 'f1': 0.66437, 'auc': 0.91761}
val: {'epoch': 119, 'time_epoch': 0.035, 'loss': 2.05860591, 'lr': 0, 'params': 131117, 'time_iter': 0.035, 'accuracy': 0.34745, 'f1': 0.33326, 'auc': 0.67098}
test: {'epoch': 119, 'time_epoch': 0.0335, 'loss': 2.07576156, 'lr': 0, 'params': 131117, 'time_iter': 0.0335, 'accuracy': 0.33487, 'f1': 0.32387, 'auc': 0.66426}
> Epoch 119: took 0.1s (avg 0.1s) | Best so far: epoch 59	train_loss: 1.1108 train_accuracy: 0.5291	val_loss: 1.3994 val_accuracy: 0.3766	test_loss: 1.4191 test_accuracy: 0.3638
train: {'epoch': 120, 'time_epoch': 0.05951, 'eta': 4.7175, 'eta_hours': 0.00131, 'loss': 0.77252144, 'lr': 0.00018863, 'params': 131117, 'time_iter': 0.05951, 'accuracy': 0.6875, 'f1': 0.66544, 'auc': 0.91803}
train: {'epoch': 121, 'time_epoch': 0.0585, 'eta': 4.65701, 'eta_hours': 0.00129, 'loss': 0.77320325, 'lr': 0.00018463, 'params': 131117, 'time_iter': 0.0585, 'accuracy': 0.69518, 'f1': 0.67372, 'auc': 0.91801}
train: {'epoch': 122, 'time_epoch': 0.05651, 'eta': 4.5953, 'eta_hours': 0.00128, 'loss': 0.76124227, 'lr': 0.00018065, 'params': 131117, 'time_iter': 0.05651, 'accuracy': 0.70943, 'f1': 0.68872, 'auc': 0.92086}
train: {'epoch': 123, 'time_epoch': 0.05732, 'eta': 4.53418, 'eta_hours': 0.00126, 'loss': 0.76720411, 'lr': 0.00017669, 'params': 131117, 'time_iter': 0.05732, 'accuracy': 0.68723, 'f1': 0.66537, 'auc': 0.91874}
train: {'epoch': 124, 'time_epoch': 0.05851, 'eta': 4.47383, 'eta_hours': 0.00124, 'loss': 0.75914001, 'lr': 0.00017275, 'params': 131117, 'time_iter': 0.05851, 'accuracy': 0.69435, 'f1': 0.67331, 'auc': 0.92086}
val: {'epoch': 124, 'time_epoch': 0.033, 'loss': 2.1337781, 'lr': 0, 'params': 131117, 'time_iter': 0.033, 'accuracy': 0.34539, 'f1': 0.32947, 'auc': 0.67059}
test: {'epoch': 124, 'time_epoch': 0.0335, 'loss': 2.1531105, 'lr': 0, 'params': 131117, 'time_iter': 0.0335, 'accuracy': 0.32895, 'f1': 0.31712, 'auc': 0.66284}
> Epoch 124: took 0.1s (avg 0.1s) | Best so far: epoch 59	train_loss: 1.1108 train_accuracy: 0.5291	val_loss: 1.3994 val_accuracy: 0.3766	test_loss: 1.4191 test_accuracy: 0.3638
train: {'epoch': 125, 'time_epoch': 0.058, 'eta': 4.41321, 'eta_hours': 0.00123, 'loss': 0.75922245, 'lr': 0.00016883, 'params': 131117, 'time_iter': 0.058, 'accuracy': 0.68969, 'f1': 0.66541, 'auc': 0.9206}
train: {'epoch': 126, 'time_epoch': 0.05651, 'eta': 4.35177, 'eta_hours': 0.00121, 'loss': 0.7513535, 'lr': 0.00016493, 'params': 131117, 'time_iter': 0.05651, 'accuracy': 0.70395, 'f1': 0.68195, 'auc': 0.9215}
train: {'epoch': 127, 'time_epoch': 0.05651, 'eta': 4.29041, 'eta_hours': 0.00119, 'loss': 0.75043398, 'lr': 0.00016105, 'params': 131117, 'time_iter': 0.05651, 'accuracy': 0.70395, 'f1': 0.68405, 'auc': 0.92296}
train: {'epoch': 128, 'time_epoch': 0.059, 'eta': 4.23049, 'eta_hours': 0.00118, 'loss': 0.7522648, 'lr': 0.0001572, 'params': 131117, 'time_iter': 0.059, 'accuracy': 0.70121, 'f1': 0.67981, 'auc': 0.9231}
train: {'epoch': 129, 'time_epoch': 0.05751, 'eta': 4.16979, 'eta_hours': 0.00116, 'loss': 0.76238722, 'lr': 0.00015338, 'params': 131117, 'time_iter': 0.05751, 'accuracy': 0.6938, 'f1': 0.67423, 'auc': 0.92135}
val: {'epoch': 129, 'time_epoch': 0.034, 'loss': 2.14105773, 'lr': 0, 'params': 131117, 'time_iter': 0.034, 'accuracy': 0.34334, 'f1': 0.33123, 'auc': 0.6671}
test: {'epoch': 129, 'time_epoch': 0.03351, 'loss': 2.15449762, 'lr': 0, 'params': 131117, 'time_iter': 0.03351, 'accuracy': 0.32566, 'f1': 0.31604, 'auc': 0.66058}
> Epoch 129: took 0.1s (avg 0.1s) | Best so far: epoch 59	train_loss: 1.1108 train_accuracy: 0.5291	val_loss: 1.3994 val_accuracy: 0.3766	test_loss: 1.4191 test_accuracy: 0.3638
train: {'epoch': 130, 'time_epoch': 0.0565, 'eta': 4.10861, 'eta_hours': 0.00114, 'loss': 0.75142962, 'lr': 0.00014958, 'params': 131117, 'time_iter': 0.0565, 'accuracy': 0.69518, 'f1': 0.67266, 'auc': 0.92194}
train: {'epoch': 131, 'time_epoch': 0.05651, 'eta': 4.0475, 'eta_hours': 0.00112, 'loss': 0.74991286, 'lr': 0.0001458, 'params': 131117, 'time_iter': 0.05651, 'accuracy': 0.69792, 'f1': 0.67521, 'auc': 0.92223}
train: {'epoch': 132, 'time_epoch': 0.05551, 'eta': 3.98596, 'eta_hours': 0.00111, 'loss': 0.74049944, 'lr': 0.00014206, 'params': 131117, 'time_iter': 0.05551, 'accuracy': 0.70888, 'f1': 0.68425, 'auc': 0.92454}
train: {'epoch': 133, 'time_epoch': 0.058, 'eta': 3.92573, 'eta_hours': 0.00109, 'loss': 0.73529267, 'lr': 0.00013835, 'params': 131117, 'time_iter': 0.058, 'accuracy': 0.71354, 'f1': 0.69119, 'auc': 0.92559}
train: {'epoch': 134, 'time_epoch': 0.05651, 'eta': 3.86482, 'eta_hours': 0.00107, 'loss': 0.73583215, 'lr': 0.00013466, 'params': 131117, 'time_iter': 0.05651, 'accuracy': 0.7097, 'f1': 0.6877, 'auc': 0.9254}
val: {'epoch': 134, 'time_epoch': 0.035, 'loss': 2.19834137, 'lr': 0, 'params': 131117, 'time_iter': 0.035, 'accuracy': 0.34334, 'f1': 0.32902, 'auc': 0.66761}
test: {'epoch': 134, 'time_epoch': 0.03351, 'loss': 2.21805429, 'lr': 0, 'params': 131117, 'time_iter': 0.03351, 'accuracy': 0.32039, 'f1': 0.30985, 'auc': 0.6593}
> Epoch 134: took 0.1s (avg 0.1s) | Best so far: epoch 59	train_loss: 1.1108 train_accuracy: 0.5291	val_loss: 1.3994 val_accuracy: 0.3766	test_loss: 1.4191 test_accuracy: 0.3638
train: {'epoch': 135, 'time_epoch': 0.058, 'eta': 3.80468, 'eta_hours': 0.00106, 'loss': 0.73300171, 'lr': 0.00013101, 'params': 131117, 'time_iter': 0.058, 'accuracy': 0.71299, 'f1': 0.69282, 'auc': 0.92653}
train: {'epoch': 136, 'time_epoch': 0.05751, 'eta': 3.74433, 'eta_hours': 0.00104, 'loss': 0.73839939, 'lr': 0.00012739, 'params': 131117, 'time_iter': 0.05751, 'accuracy': 0.71436, 'f1': 0.69448, 'auc': 0.92542}
train: {'epoch': 137, 'time_epoch': 0.056, 'eta': 3.68336, 'eta_hours': 0.00102, 'loss': 0.74181825, 'lr': 0.00012381, 'params': 131117, 'time_iter': 0.056, 'accuracy': 0.70888, 'f1': 0.68694, 'auc': 0.9248}
train: {'epoch': 138, 'time_epoch': 0.0575, 'eta': 3.62311, 'eta_hours': 0.00101, 'loss': 0.72490984, 'lr': 0.00012026, 'params': 131117, 'time_iter': 0.0575, 'accuracy': 0.71628, 'f1': 0.69602, 'auc': 0.92846}
train: {'epoch': 139, 'time_epoch': 0.05651, 'eta': 3.56248, 'eta_hours': 0.00099, 'loss': 0.72633874, 'lr': 0.00011674, 'params': 131117, 'time_iter': 0.05651, 'accuracy': 0.71656, 'f1': 0.69467, 'auc': 0.9276}
val: {'epoch': 139, 'time_epoch': 0.034, 'loss': 2.23320436, 'lr': 0, 'params': 131117, 'time_iter': 0.034, 'accuracy': 0.34252, 'f1': 0.32796, 'auc': 0.66667}
test: {'epoch': 139, 'time_epoch': 0.0345, 'loss': 2.24543834, 'lr': 0, 'params': 131117, 'time_iter': 0.0345, 'accuracy': 0.325, 'f1': 0.31419, 'auc': 0.65886}
> Epoch 139: took 0.1s (avg 0.1s) | Best so far: epoch 59	train_loss: 1.1108 train_accuracy: 0.5291	val_loss: 1.3994 val_accuracy: 0.3766	test_loss: 1.4191 test_accuracy: 0.3638
train: {'epoch': 140, 'time_epoch': 0.058, 'eta': 3.50253, 'eta_hours': 0.00097, 'loss': 0.72608584, 'lr': 0.00011326, 'params': 131117, 'time_iter': 0.058, 'accuracy': 0.71902, 'f1': 0.69613, 'auc': 0.92723}
train: {'epoch': 141, 'time_epoch': 0.05651, 'eta': 3.442, 'eta_hours': 0.00096, 'loss': 0.71860331, 'lr': 0.00010982, 'params': 131117, 'time_iter': 0.05651, 'accuracy': 0.71573, 'f1': 0.69328, 'auc': 0.92898}
train: {'epoch': 142, 'time_epoch': 0.056, 'eta': 3.38132, 'eta_hours': 0.00094, 'loss': 0.72599816, 'lr': 0.00010642, 'params': 131117, 'time_iter': 0.056, 'accuracy': 0.7108, 'f1': 0.68864, 'auc': 0.92693}
train: {'epoch': 143, 'time_epoch': 0.0575, 'eta': 3.3213, 'eta_hours': 0.00092, 'loss': 0.71775103, 'lr': 0.00010305, 'params': 131117, 'time_iter': 0.0575, 'accuracy': 0.71053, 'f1': 0.68881, 'auc': 0.92858}
train: {'epoch': 144, 'time_epoch': 0.05651, 'eta': 3.26092, 'eta_hours': 0.00091, 'loss': 0.71917671, 'lr': 9.973e-05, 'params': 131117, 'time_iter': 0.05651, 'accuracy': 0.71628, 'f1': 0.693, 'auc': 0.92836}
val: {'epoch': 144, 'time_epoch': 0.034, 'loss': 2.27991414, 'lr': 0, 'params': 131117, 'time_iter': 0.034, 'accuracy': 0.34416, 'f1': 0.32979, 'auc': 0.66691}
test: {'epoch': 144, 'time_epoch': 0.0338, 'loss': 2.29408741, 'lr': 0, 'params': 131117, 'time_iter': 0.0338, 'accuracy': 0.32434, 'f1': 0.31524, 'auc': 0.65857}
> Epoch 144: took 0.1s (avg 0.1s) | Best so far: epoch 59	train_loss: 1.1108 train_accuracy: 0.5291	val_loss: 1.3994 val_accuracy: 0.3766	test_loss: 1.4191 test_accuracy: 0.3638
train: {'epoch': 145, 'time_epoch': 0.05851, 'eta': 3.20135, 'eta_hours': 0.00089, 'loss': 0.71020526, 'lr': 9.645e-05, 'params': 131117, 'time_iter': 0.05851, 'accuracy': 0.71957, 'f1': 0.69558, 'auc': 0.93024}
train: {'epoch': 146, 'time_epoch': 0.05751, 'eta': 3.14142, 'eta_hours': 0.00087, 'loss': 0.71525896, 'lr': 9.321e-05, 'params': 131117, 'time_iter': 0.05751, 'accuracy': 0.71985, 'f1': 0.69886, 'auc': 0.92977}
train: {'epoch': 147, 'time_epoch': 0.05651, 'eta': 3.08118, 'eta_hours': 0.00086, 'loss': 0.71403462, 'lr': 9.001e-05, 'params': 131117, 'time_iter': 0.05651, 'accuracy': 0.72259, 'f1': 0.70049, 'auc': 0.92975}
train: {'epoch': 148, 'time_epoch': 0.05651, 'eta': 3.02098, 'eta_hours': 0.00084, 'loss': 0.71001774, 'lr': 8.685e-05, 'params': 131117, 'time_iter': 0.05651, 'accuracy': 0.72588, 'f1': 0.70423, 'auc': 0.93038}
train: {'epoch': 149, 'time_epoch': 0.06551, 'eta': 2.96384, 'eta_hours': 0.00082, 'loss': 0.71121591, 'lr': 8.374e-05, 'params': 131117, 'time_iter': 0.06551, 'accuracy': 0.72396, 'f1': 0.70217, 'auc': 0.93029}
val: {'epoch': 149, 'time_epoch': 0.036, 'loss': 2.31206012, 'lr': 0, 'params': 131117, 'time_iter': 0.036, 'accuracy': 0.33882, 'f1': 0.32507, 'auc': 0.66637}
test: {'epoch': 149, 'time_epoch': 0.03451, 'loss': 2.3227694, 'lr': 0, 'params': 131117, 'time_iter': 0.03451, 'accuracy': 0.32039, 'f1': 0.31081, 'auc': 0.65817}
> Epoch 149: took 0.2s (avg 0.1s) | Best so far: epoch 59	train_loss: 1.1108 train_accuracy: 0.5291	val_loss: 1.3994 val_accuracy: 0.3766	test_loss: 1.4191 test_accuracy: 0.3638
train: {'epoch': 150, 'time_epoch': 0.05751, 'eta': 2.90399, 'eta_hours': 0.00081, 'loss': 0.70677894, 'lr': 8.068e-05, 'params': 131117, 'time_iter': 0.05751, 'accuracy': 0.72067, 'f1': 0.69895, 'auc': 0.93166}
train: {'epoch': 151, 'time_epoch': 0.05651, 'eta': 2.84385, 'eta_hours': 0.00079, 'loss': 0.7069695, 'lr': 7.766e-05, 'params': 131117, 'time_iter': 0.05651, 'accuracy': 0.72094, 'f1': 0.69901, 'auc': 0.93077}
train: {'epoch': 152, 'time_epoch': 0.05617, 'eta': 2.78366, 'eta_hours': 0.00077, 'loss': 0.70869339, 'lr': 7.469e-05, 'params': 131117, 'time_iter': 0.05617, 'accuracy': 0.72862, 'f1': 0.70793, 'auc': 0.93028}
train: {'epoch': 153, 'time_epoch': 0.057, 'eta': 2.72377, 'eta_hours': 0.00076, 'loss': 0.70549488, 'lr': 7.177e-05, 'params': 131117, 'time_iter': 0.057, 'accuracy': 0.72012, 'f1': 0.69907, 'auc': 0.93108}
train: {'epoch': 154, 'time_epoch': 0.05651, 'eta': 2.66377, 'eta_hours': 0.00074, 'loss': 0.70246202, 'lr': 6.889e-05, 'params': 131117, 'time_iter': 0.05651, 'accuracy': 0.72396, 'f1': 0.70157, 'auc': 0.9313}
val: {'epoch': 154, 'time_epoch': 0.034, 'loss': 2.34203529, 'lr': 0, 'params': 131117, 'time_iter': 0.034, 'accuracy': 0.34087, 'f1': 0.32738, 'auc': 0.66581}
test: {'epoch': 154, 'time_epoch': 0.0335, 'loss': 2.34945202, 'lr': 0, 'params': 131117, 'time_iter': 0.0335, 'accuracy': 0.32171, 'f1': 0.31146, 'auc': 0.65775}
> Epoch 154: took 0.1s (avg 0.1s) | Best so far: epoch 59	train_loss: 1.1108 train_accuracy: 0.5291	val_loss: 1.3994 val_accuracy: 0.3766	test_loss: 1.4191 test_accuracy: 0.3638
train: {'epoch': 155, 'time_epoch': 0.057, 'eta': 2.60396, 'eta_hours': 0.00072, 'loss': 0.71067071, 'lr': 6.607e-05, 'params': 131117, 'time_iter': 0.057, 'accuracy': 0.71957, 'f1': 0.6969, 'auc': 0.92946}
train: {'epoch': 156, 'time_epoch': 0.05651, 'eta': 2.54405, 'eta_hours': 0.00071, 'loss': 0.70361972, 'lr': 6.329e-05, 'params': 131117, 'time_iter': 0.05651, 'accuracy': 0.72725, 'f1': 0.7061, 'auc': 0.93101}
train: {'epoch': 157, 'time_epoch': 0.05651, 'eta': 2.48418, 'eta_hours': 0.00069, 'loss': 0.69500172, 'lr': 6.057e-05, 'params': 131117, 'time_iter': 0.05651, 'accuracy': 0.73465, 'f1': 0.71576, 'auc': 0.93353}
train: {'epoch': 158, 'time_epoch': 0.059, 'eta': 2.42499, 'eta_hours': 0.00067, 'loss': 0.6950385, 'lr': 5.79e-05, 'params': 131117, 'time_iter': 0.059, 'accuracy': 0.733, 'f1': 0.71189, 'auc': 0.93317}
train: {'epoch': 159, 'time_epoch': 0.05751, 'eta': 2.36543, 'eta_hours': 0.00066, 'loss': 0.69897866, 'lr': 5.528e-05, 'params': 131117, 'time_iter': 0.05751, 'accuracy': 0.72643, 'f1': 0.70618, 'auc': 0.93265}
val: {'epoch': 159, 'time_epoch': 0.034, 'loss': 2.37265706, 'lr': 0, 'params': 131117, 'time_iter': 0.034, 'accuracy': 0.34046, 'f1': 0.32618, 'auc': 0.66556}
test: {'epoch': 159, 'time_epoch': 0.03351, 'loss': 2.38045406, 'lr': 0, 'params': 131117, 'time_iter': 0.03351, 'accuracy': 0.32303, 'f1': 0.31328, 'auc': 0.65716}
> Epoch 159: took 0.1s (avg 0.1s) | Best so far: epoch 59	train_loss: 1.1108 train_accuracy: 0.5291	val_loss: 1.3994 val_accuracy: 0.3766	test_loss: 1.4191 test_accuracy: 0.3638
train: {'epoch': 160, 'time_epoch': 0.058, 'eta': 2.30602, 'eta_hours': 0.00064, 'loss': 0.70120913, 'lr': 5.271e-05, 'params': 131117, 'time_iter': 0.058, 'accuracy': 0.72341, 'f1': 0.70089, 'auc': 0.93174}
train: {'epoch': 161, 'time_epoch': 0.05814, 'eta': 2.24666, 'eta_hours': 0.00062, 'loss': 0.69659358, 'lr': 5.02e-05, 'params': 131117, 'time_iter': 0.05814, 'accuracy': 0.73383, 'f1': 0.71339, 'auc': 0.93301}
train: {'epoch': 162, 'time_epoch': 0.06051, 'eta': 2.18785, 'eta_hours': 0.00061, 'loss': 0.69903988, 'lr': 4.775e-05, 'params': 131117, 'time_iter': 0.06051, 'accuracy': 0.72944, 'f1': 0.70721, 'auc': 0.93265}
train: {'epoch': 163, 'time_epoch': 0.06, 'eta': 2.12891, 'eta_hours': 0.00059, 'loss': 0.6881547, 'lr': 4.534e-05, 'params': 131117, 'time_iter': 0.06, 'accuracy': 0.73465, 'f1': 0.71322, 'auc': 0.93491}
train: {'epoch': 164, 'time_epoch': 0.05951, 'eta': 2.06986, 'eta_hours': 0.00057, 'loss': 0.69377428, 'lr': 4.3e-05, 'params': 131117, 'time_iter': 0.05951, 'accuracy': 0.73492, 'f1': 0.71288, 'auc': 0.93332}
val: {'epoch': 164, 'time_epoch': 0.036, 'loss': 2.40982032, 'lr': 0, 'params': 131117, 'time_iter': 0.036, 'accuracy': 0.34169, 'f1': 0.32601, 'auc': 0.66549}
test: {'epoch': 164, 'time_epoch': 0.03551, 'loss': 2.41671324, 'lr': 0, 'params': 131117, 'time_iter': 0.03551, 'accuracy': 0.32368, 'f1': 0.31352, 'auc': 0.65675}
> Epoch 164: took 0.1s (avg 0.1s) | Best so far: epoch 59	train_loss: 1.1108 train_accuracy: 0.5291	val_loss: 1.3994 val_accuracy: 0.3766	test_loss: 1.4191 test_accuracy: 0.3638
train: {'epoch': 165, 'time_epoch': 0.06, 'eta': 2.0109, 'eta_hours': 0.00056, 'loss': 0.69786137, 'lr': 4.071e-05, 'params': 131117, 'time_iter': 0.06, 'accuracy': 0.73026, 'f1': 0.70781, 'auc': 0.93303}
train: {'epoch': 166, 'time_epoch': 0.0575, 'eta': 1.95143, 'eta_hours': 0.00054, 'loss': 0.69717616, 'lr': 3.848e-05, 'params': 131117, 'time_iter': 0.0575, 'accuracy': 0.72615, 'f1': 0.70468, 'auc': 0.93258}
train: {'epoch': 167, 'time_epoch': 0.0566, 'eta': 1.89181, 'eta_hours': 0.00053, 'loss': 0.68620253, 'lr': 3.63e-05, 'params': 131117, 'time_iter': 0.0566, 'accuracy': 0.72807, 'f1': 0.70453, 'auc': 0.93518}
train: {'epoch': 168, 'time_epoch': 0.058, 'eta': 1.83249, 'eta_hours': 0.00051, 'loss': 0.68762797, 'lr': 3.419e-05, 'params': 131117, 'time_iter': 0.058, 'accuracy': 0.73054, 'f1': 0.71045, 'auc': 0.93488}
train: {'epoch': 169, 'time_epoch': 0.05851, 'eta': 1.77327, 'eta_hours': 0.00049, 'loss': 0.69092113, 'lr': 3.213e-05, 'params': 131117, 'time_iter': 0.05851, 'accuracy': 0.72752, 'f1': 0.70678, 'auc': 0.93432}
val: {'epoch': 169, 'time_epoch': 0.034, 'loss': 2.40533066, 'lr': 0, 'params': 131117, 'time_iter': 0.034, 'accuracy': 0.34169, 'f1': 0.32832, 'auc': 0.66484}
test: {'epoch': 169, 'time_epoch': 0.03351, 'loss': 2.41084409, 'lr': 0, 'params': 131117, 'time_iter': 0.03351, 'accuracy': 0.32303, 'f1': 0.3139, 'auc': 0.65647}
> Epoch 169: took 0.1s (avg 0.1s) | Best so far: epoch 59	train_loss: 1.1108 train_accuracy: 0.5291	val_loss: 1.3994 val_accuracy: 0.3766	test_loss: 1.4191 test_accuracy: 0.3638
train: {'epoch': 170, 'time_epoch': 0.058, 'eta': 1.71397, 'eta_hours': 0.00048, 'loss': 0.68861204, 'lr': 3.013e-05, 'params': 131117, 'time_iter': 0.058, 'accuracy': 0.7278, 'f1': 0.7061, 'auc': 0.93452}
train: {'epoch': 171, 'time_epoch': 0.05801, 'eta': 1.65469, 'eta_hours': 0.00046, 'loss': 0.7018311, 'lr': 2.819e-05, 'params': 131117, 'time_iter': 0.05801, 'accuracy': 0.7193, 'f1': 0.69659, 'auc': 0.93144}
train: {'epoch': 172, 'time_epoch': 0.0575, 'eta': 1.59534, 'eta_hours': 0.00044, 'loss': 0.69510257, 'lr': 2.632e-05, 'params': 131117, 'time_iter': 0.0575, 'accuracy': 0.73136, 'f1': 0.70984, 'auc': 0.93282}
train: {'epoch': 173, 'time_epoch': 0.058, 'eta': 1.5361, 'eta_hours': 0.00043, 'loss': 0.69145453, 'lr': 2.45e-05, 'params': 131117, 'time_iter': 0.058, 'accuracy': 0.72725, 'f1': 0.70618, 'auc': 0.93385}
train: {'epoch': 174, 'time_epoch': 0.05695, 'eta': 1.47671, 'eta_hours': 0.00041, 'loss': 0.68925488, 'lr': 2.275e-05, 'params': 131117, 'time_iter': 0.05695, 'accuracy': 0.73246, 'f1': 0.71184, 'auc': 0.93357}
val: {'epoch': 174, 'time_epoch': 0.034, 'loss': 2.40690923, 'lr': 0, 'params': 131117, 'time_iter': 0.034, 'accuracy': 0.34087, 'f1': 0.32748, 'auc': 0.66441}
test: {'epoch': 174, 'time_epoch': 0.03351, 'loss': 2.41110992, 'lr': 0, 'params': 131117, 'time_iter': 0.03351, 'accuracy': 0.32368, 'f1': 0.31454, 'auc': 0.65618}
> Epoch 174: took 0.1s (avg 0.1s) | Best so far: epoch 59	train_loss: 1.1108 train_accuracy: 0.5291	val_loss: 1.3994 val_accuracy: 0.3766	test_loss: 1.4191 test_accuracy: 0.3638
train: {'epoch': 175, 'time_epoch': 0.057, 'eta': 1.41736, 'eta_hours': 0.00039, 'loss': 0.69566363, 'lr': 2.106e-05, 'params': 131117, 'time_iter': 0.057, 'accuracy': 0.72505, 'f1': 0.70403, 'auc': 0.93332}
train: {'epoch': 176, 'time_epoch': 0.05702, 'eta': 1.35804, 'eta_hours': 0.00038, 'loss': 0.69276595, 'lr': 1.943e-05, 'params': 131117, 'time_iter': 0.05702, 'accuracy': 0.73684, 'f1': 0.71786, 'auc': 0.93369}
train: {'epoch': 177, 'time_epoch': 0.05551, 'eta': 1.29856, 'eta_hours': 0.00036, 'loss': 0.69136333, 'lr': 1.786e-05, 'params': 131117, 'time_iter': 0.05551, 'accuracy': 0.73191, 'f1': 0.7107, 'auc': 0.93394}
train: {'epoch': 178, 'time_epoch': 0.057, 'eta': 1.23929, 'eta_hours': 0.00034, 'loss': 0.68475884, 'lr': 1.636e-05, 'params': 131117, 'time_iter': 0.057, 'accuracy': 0.73273, 'f1': 0.71135, 'auc': 0.935}
train: {'epoch': 179, 'time_epoch': 0.05651, 'eta': 1.18, 'eta_hours': 0.00033, 'loss': 0.69331414, 'lr': 1.492e-05, 'params': 131117, 'time_iter': 0.05651, 'accuracy': 0.72204, 'f1': 0.69896, 'auc': 0.93321}
val: {'epoch': 179, 'time_epoch': 0.033, 'loss': 2.41858029, 'lr': 0, 'params': 131117, 'time_iter': 0.033, 'accuracy': 0.34046, 'f1': 0.32601, 'auc': 0.66438}
test: {'epoch': 179, 'time_epoch': 0.03451, 'loss': 2.42252064, 'lr': 0, 'params': 131117, 'time_iter': 0.03451, 'accuracy': 0.32039, 'f1': 0.31132, 'auc': 0.65597}
> Epoch 179: took 0.1s (avg 0.1s) | Best so far: epoch 59	train_loss: 1.1108 train_accuracy: 0.5291	val_loss: 1.3994 val_accuracy: 0.3766	test_loss: 1.4191 test_accuracy: 0.3638
train: {'epoch': 180, 'time_epoch': 0.057, 'eta': 1.12079, 'eta_hours': 0.00031, 'loss': 0.68842769, 'lr': 1.355e-05, 'params': 131117, 'time_iter': 0.057, 'accuracy': 0.7278, 'f1': 0.70785, 'auc': 0.9346}
train: {'epoch': 181, 'time_epoch': 0.05651, 'eta': 1.06156, 'eta_hours': 0.00029, 'loss': 0.68845963, 'lr': 1.224e-05, 'params': 131117, 'time_iter': 0.05651, 'accuracy': 0.73438, 'f1': 0.7126, 'auc': 0.93478}
train: {'epoch': 182, 'time_epoch': 0.056, 'eta': 1.0023, 'eta_hours': 0.00028, 'loss': 0.69223237, 'lr': 1.099e-05, 'params': 131117, 'time_iter': 0.056, 'accuracy': 0.72368, 'f1': 0.70085, 'auc': 0.93445}
train: {'epoch': 183, 'time_epoch': 0.05751, 'eta': 0.94322, 'eta_hours': 0.00026, 'loss': 0.68463641, 'lr': 9.81e-06, 'params': 131117, 'time_iter': 0.05751, 'accuracy': 0.73876, 'f1': 0.71951, 'auc': 0.93585}
train: {'epoch': 184, 'time_epoch': 0.0575, 'eta': 0.88415, 'eta_hours': 0.00025, 'loss': 0.69473624, 'lr': 8.7e-06, 'params': 131117, 'time_iter': 0.0575, 'accuracy': 0.72423, 'f1': 0.70195, 'auc': 0.93308}
val: {'epoch': 184, 'time_epoch': 0.034, 'loss': 2.42977118, 'lr': 0, 'params': 131117, 'time_iter': 0.034, 'accuracy': 0.34046, 'f1': 0.32565, 'auc': 0.66448}
test: {'epoch': 184, 'time_epoch': 0.03501, 'loss': 2.43360448, 'lr': 0, 'params': 131117, 'time_iter': 0.03501, 'accuracy': 0.31974, 'f1': 0.31104, 'auc': 0.65598}
> Epoch 184: took 0.1s (avg 0.1s) | Best so far: epoch 59	train_loss: 1.1108 train_accuracy: 0.5291	val_loss: 1.3994 val_accuracy: 0.3766	test_loss: 1.4191 test_accuracy: 0.3638
train: {'epoch': 185, 'time_epoch': 0.058, 'eta': 0.82514, 'eta_hours': 0.00023, 'loss': 0.69173485, 'lr': 7.65e-06, 'params': 131117, 'time_iter': 0.058, 'accuracy': 0.72231, 'f1': 0.70193, 'auc': 0.93378}
train: {'epoch': 186, 'time_epoch': 0.05715, 'eta': 0.76607, 'eta_hours': 0.00021, 'loss': 0.68676442, 'lr': 6.67e-06, 'params': 131117, 'time_iter': 0.05715, 'accuracy': 0.733, 'f1': 0.71123, 'auc': 0.93453}
train: {'epoch': 187, 'time_epoch': 0.056, 'eta': 0.70696, 'eta_hours': 0.0002, 'loss': 0.68991792, 'lr': 5.75e-06, 'params': 131117, 'time_iter': 0.056, 'accuracy': 0.72834, 'f1': 0.70577, 'auc': 0.9338}
train: {'epoch': 188, 'time_epoch': 0.05751, 'eta': 0.64796, 'eta_hours': 0.00018, 'loss': 0.69503123, 'lr': 4.91e-06, 'params': 131117, 'time_iter': 0.05751, 'accuracy': 0.73602, 'f1': 0.71414, 'auc': 0.93327}
train: {'epoch': 189, 'time_epoch': 0.05801, 'eta': 0.58901, 'eta_hours': 0.00016, 'loss': 0.68981683, 'lr': 4.12e-06, 'params': 131117, 'time_iter': 0.05801, 'accuracy': 0.72533, 'f1': 0.70345, 'auc': 0.93383}
val: {'epoch': 189, 'time_epoch': 0.034, 'loss': 2.43412161, 'lr': 0, 'params': 131117, 'time_iter': 0.034, 'accuracy': 0.34169, 'f1': 0.32673, 'auc': 0.6645}
test: {'epoch': 189, 'time_epoch': 0.035, 'loss': 2.4379251, 'lr': 0, 'params': 131117, 'time_iter': 0.035, 'accuracy': 0.31974, 'f1': 0.31104, 'auc': 0.65594}
> Epoch 189: took 0.1s (avg 0.1s) | Best so far: epoch 59	train_loss: 1.1108 train_accuracy: 0.5291	val_loss: 1.3994 val_accuracy: 0.3766	test_loss: 1.4191 test_accuracy: 0.3638
train: {'epoch': 190, 'time_epoch': 0.05751, 'eta': 0.53004, 'eta_hours': 0.00015, 'loss': 0.69477135, 'lr': 3.41e-06, 'params': 131117, 'time_iter': 0.05751, 'accuracy': 0.73163, 'f1': 0.70831, 'auc': 0.93335}
train: {'epoch': 191, 'time_epoch': 0.05651, 'eta': 0.47105, 'eta_hours': 0.00013, 'loss': 0.68242115, 'lr': 2.76e-06, 'params': 131117, 'time_iter': 0.05651, 'accuracy': 0.73328, 'f1': 0.7123, 'auc': 0.93561}
train: {'epoch': 192, 'time_epoch': 0.0567, 'eta': 0.41209, 'eta_hours': 0.00011, 'loss': 0.68763208, 'lr': 2.18e-06, 'params': 131117, 'time_iter': 0.0567, 'accuracy': 0.73273, 'f1': 0.71245, 'auc': 0.93479}
train: {'epoch': 193, 'time_epoch': 0.05852, 'eta': 0.35321, 'eta_hours': 0.0001, 'loss': 0.68713546, 'lr': 1.67e-06, 'params': 131117, 'time_iter': 0.05852, 'accuracy': 0.73273, 'f1': 0.71119, 'auc': 0.93449}
train: {'epoch': 194, 'time_epoch': 0.05651, 'eta': 0.29428, 'eta_hours': 8e-05, 'loss': 0.68868399, 'lr': 1.23e-06, 'params': 131117, 'time_iter': 0.05651, 'accuracy': 0.7352, 'f1': 0.71438, 'auc': 0.93418}
val: {'epoch': 194, 'time_epoch': 0.034, 'loss': 2.43518829, 'lr': 0, 'params': 131117, 'time_iter': 0.034, 'accuracy': 0.34128, 'f1': 0.3263, 'auc': 0.66451}
test: {'epoch': 194, 'time_epoch': 0.033, 'loss': 2.43901253, 'lr': 0, 'params': 131117, 'time_iter': 0.033, 'accuracy': 0.31974, 'f1': 0.31104, 'auc': 0.65593}
> Epoch 194: took 0.1s (avg 0.1s) | Best so far: epoch 59	train_loss: 1.1108 train_accuracy: 0.5291	val_loss: 1.3994 val_accuracy: 0.3766	test_loss: 1.4191 test_accuracy: 0.3638
train: {'epoch': 195, 'time_epoch': 0.0585, 'eta': 0.23542, 'eta_hours': 7e-05, 'loss': 0.68156749, 'lr': 8.5e-07, 'params': 131117, 'time_iter': 0.0585, 'accuracy': 0.73629, 'f1': 0.7124, 'auc': 0.93544}
train: {'epoch': 196, 'time_epoch': 0.05751, 'eta': 0.17654, 'eta_hours': 5e-05, 'loss': 0.68946528, 'lr': 5.5e-07, 'params': 131117, 'time_iter': 0.05751, 'accuracy': 0.7267, 'f1': 0.70567, 'auc': 0.93426}
train: {'epoch': 197, 'time_epoch': 0.05784, 'eta': 0.11768, 'eta_hours': 3e-05, 'loss': 0.68514401, 'lr': 3.1e-07, 'params': 131117, 'time_iter': 0.05784, 'accuracy': 0.73163, 'f1': 0.7107, 'auc': 0.93468}
train: {'epoch': 198, 'time_epoch': 0.0575, 'eta': 0.05884, 'eta_hours': 2e-05, 'loss': 0.68983299, 'lr': 1.4e-07, 'params': 131117, 'time_iter': 0.0575, 'accuracy': 0.73629, 'f1': 0.71377, 'auc': 0.93399}
train: {'epoch': 199, 'time_epoch': 0.056, 'eta': 0.0, 'eta_hours': 0.0, 'loss': 0.68321657, 'lr': 3e-08, 'params': 131117, 'time_iter': 0.056, 'accuracy': 0.73492, 'f1': 0.71399, 'auc': 0.93578}
val: {'epoch': 199, 'time_epoch': 0.03451, 'loss': 2.43519378, 'lr': 0, 'params': 131117, 'time_iter': 0.03451, 'accuracy': 0.34087, 'f1': 0.32594, 'auc': 0.66451}
test: {'epoch': 199, 'time_epoch': 0.033, 'loss': 2.43899417, 'lr': 0, 'params': 131117, 'time_iter': 0.033, 'accuracy': 0.31974, 'f1': 0.31104, 'auc': 0.65594}
> Epoch 199: took 0.1s (avg 0.1s) | Best so far: epoch 59	train_loss: 1.1108 train_accuracy: 0.5291	val_loss: 1.3994 val_accuracy: 0.3766	test_loss: 1.4191 test_accuracy: 0.3638
Avg time per epoch: 0.08s
Total train loop time: 0.00h
Task done, results saved in results\actor-GPS\0
Results aggregated across runs saved in results\actor-GPS\agg
[*] All done: 2026-06-06 18:30:40.835529
