[*] Run ID 0: seed=0, split_index=0
    Starting now: 2026-06-06 18:41:01.455326
[*] Loaded dataset 'chameleon' from 'PyG-WikipediaNetwork':
  Data(x=[2277, 2325], edge_index=[2, 36101], y=[2277], train_mask=[2277, 10], val_mask=[2277, 10], test_mask=[2277, 10])
  undirected: False
  num graphs: 1
  avg num_nodes/graph: 2277
  num node features: 2325
  num edge features: 0
  num classes: 5
Precomputing Positional Encoding statistics: ['GraphormerBias'] for all graphs...
  ...estimated to be undirected: False
Done! Took 00:00:34.37
GraphGymModule(
  (model): GraphormerModel(
    (encoder): FeatureEncoder(
      (node_encoder): Concat2NodeEncoder(
        (encoder1): LinearNodeEncoder(
          (encoder): Linear(in_features=2325, out_features=64, bias=True)
        )
        (encoder2): GraphormerEncoder(
          (0): BiasEncoder(
            (spatial_encoder): Embedding(21, 4)
            (edge_dis_encoder): Embedding(320, 1)
            (edge_encoder): Embedding(0, 4)
          )
          (1): NodeEncoder(
            (in_degree_encoder): Embedding(729, 64)
            (out_degree_encoder): Embedding(89, 64)
            (input_dropout): Dropout(p=0.0, inplace=False)
          )
        )
      )
    )
    (layers): Sequential(
      (0): GraphormerLayer(
        (attention): MultiheadAttention(
          (out_proj): NonDynamicallyQuantizableLinear(in_features=64, out_features=64, bias=True)
        )
        (input_norm): LayerNorm((64,), eps=1e-05, elementwise_affine=True)
        (dropout): Dropout(p=0.2, inplace=False)
        (mlp): Sequential(
          (0): LayerNorm((64,), eps=1e-05, elementwise_affine=True)
          (1): Linear(in_features=64, out_features=64, bias=True)
          (2): GELU(approximate='none')
          (3): Dropout(p=0.2, inplace=False)
          (4): Linear(in_features=64, out_features=64, bias=True)
          (5): Dropout(p=0.2, inplace=False)
        )
      )
      (1): GraphormerLayer(
        (attention): MultiheadAttention(
          (out_proj): NonDynamicallyQuantizableLinear(in_features=64, out_features=64, bias=True)
        )
        (input_norm): LayerNorm((64,), eps=1e-05, elementwise_affine=True)
        (dropout): Dropout(p=0.2, inplace=False)
        (mlp): Sequential(
          (0): LayerNorm((64,), eps=1e-05, elementwise_affine=True)
          (1): Linear(in_features=64, out_features=64, bias=True)
          (2): GELU(approximate='none')
          (3): Dropout(p=0.2, inplace=False)
          (4): Linear(in_features=64, out_features=64, bias=True)
          (5): Dropout(p=0.2, inplace=False)
        )
      )
    )
    (post_mp): GNNNodeHead(
      (layer_post_mp): MLP(
        (model): Sequential(
          (0): Linear(
            (model): Linear(64, 5, bias=True)
          )
        )
      )
    )
  )
)
accelerator: cuda
benchmark: False
bn:
  eps: 1e-05
  mom: 0.1
cfg_dest: config.yaml
custom_metrics: []
dataset:
  cache_load: False
  cache_save: False
  dir: ./datasets
  edge_dim: 128
  edge_encoder: False
  edge_encoder_bn: False
  edge_encoder_name: DummyEdge
  edge_encoder_num_types: 0
  edge_message_ratio: 0.8
  edge_negative_sampling_ratio: 1.0
  edge_train_mode: all
  encoder: True
  encoder_bn: True
  encoder_dim: 128
  encoder_name: db
  format: PyG-WikipediaNetwork
  infer_link_label: None
  label_column: none
  label_table: none
  location: local
  name: chameleon
  node_encoder: True
  node_encoder_bn: False
  node_encoder_name: LinearNode+GraphormerBias
  node_encoder_num_types: 0
  remove_feature: False
  resample_disjoint: False
  resample_negative: False
  shuffle_split: True
  slic_compactness: 10
  split: [0.8, 0.1, 0.1]
  split_dir: ./splits
  split_index: 0
  split_mode: standard
  task: node
  task_type: classification
  to_undirected: False
  transductive: True
  transform: none
  tu_simple: True
devices: 1
example_arg: example
example_group:
  example_arg: example
gnn:
  act: gelu
  agg: mean
  att_final_linear: False
  att_final_linear_bn: False
  att_heads: 1
  batchnorm: True
  clear_feature: True
  dim_inner: 64
  dropout: 0.2
  head: node
  keep_edge: 0.5
  l2norm: True
  layer_type: generalconv
  layers_mp: 2
  layers_post_mp: 1
  layers_pre_mp: 0
  msg_direction: single
  normalize_adj: False
  residual: False
  self_msg: concat
  skip_every: 1
  stage_type: stack
gpu_mem: False
graphormer:
  attention_dropout: 0.0
  dropout: 0.2
  embed_dim: 64
  input_dropout: 0.0
  mlp_dropout: 0.2
  num_heads: 4
  num_layers: 2
  use_graph_token: False
gt:
  attn_dropout: 0.0
  batch_norm: True
  bigbird:
    add_cross_attention: False
    attention_type: block_sparse
    block_size: 3
    chunk_size_feed_forward: 0
    hidden_act: relu
    is_decoder: False
    layer_norm_eps: 1e-06
    max_position_embeddings: 128
    num_random_blocks: 3
    use_bias: False
  dim_hidden: 64
  dropout: 0.0
  full_graph: True
  gamma: 1e-05
  layer_norm: False
  layer_type: SANLayer
  layers: 3
  n_heads: 8
  pna_degrees: []
  residual: True
mem:
  inplace: False
metric_agg: argmax
metric_best: accuracy
model:
  edge_decoding: dot
  graph_pooling: add
  loss_fun: cross_entropy
  match_upper: True
  size_average: mean
  thresh: 0.5
  type: Graphormer
name_tag: 
num_threads: 6
num_workers: 0
optim:
  base_lr: 0.0005
  batch_accumulation: 1
  clip_grad_norm: True
  clip_grad_norm_value: 5.0
  lr_decay: 0.1
  max_epoch: 200
  min_lr: 0.0
  momentum: 0.9
  num_warmup_epochs: 10
  optimizer: adamW
  reduce_factor: 0.1
  schedule_patience: 10
  scheduler: cosine_with_warmup
  steps: [30, 60, 90]
  weight_decay: 1e-05
out_dir: results\wn-chameleon-Graphormer
posenc_ElstaticSE:
  dim_pe: 16
  enable: False
  kernel:
    times: []
    times_func: range(10)
  layers: 3
  model: none
  n_heads: 4
  pass_as_var: False
  post_layers: 0
  raw_norm_type: none
posenc_EquivStableLapPE:
  eigen:
    eigvec_norm: L2
    laplacian_norm: sym
    max_freqs: 10
  enable: False
  raw_norm_type: none
posenc_GraphormerBias:
  dim_pe: 0
  enable: True
  node_degrees_only: False
  num_in_degrees: 729
  num_out_degrees: 89
  num_spatial_types: 20
posenc_HKdiagSE:
  dim_pe: 16
  enable: False
  kernel:
    times: []
    times_func: 
  layers: 3
  model: none
  n_heads: 4
  pass_as_var: False
  post_layers: 0
  raw_norm_type: none
posenc_LapPE:
  dim_pe: 16
  eigen:
    eigvec_norm: L2
    laplacian_norm: sym
    max_freqs: 10
  enable: False
  layers: 3
  model: none
  n_heads: 4
  pass_as_var: False
  post_layers: 0
  raw_norm_type: none
posenc_RWSE:
  dim_pe: 16
  enable: False
  kernel:
    times: []
    times_func: 
  layers: 3
  model: none
  n_heads: 4
  pass_as_var: False
  post_layers: 0
  raw_norm_type: none
posenc_SignNet:
  dim_pe: 16
  eigen:
    eigvec_norm: L2
    laplacian_norm: sym
    max_freqs: 10
  enable: False
  layers: 3
  model: none
  n_heads: 4
  pass_as_var: False
  phi_hidden_dim: 64
  phi_out_dim: 4
  post_layers: 0
  raw_norm_type: none
pretrained:
  dir: 
  freeze_main: False
  reset_prediction_head: True
print: both
round: 5
run_dir: results\wn-chameleon-Graphormer\0
run_id: 0
run_multiple_splits: []
seed: 0
share:
  dim_in: 2325
  dim_out: 5
  num_splits: 3
tensorboard_agg: True
tensorboard_each_run: False
train:
  auto_resume: False
  batch_size: 16
  ckpt_best: False
  ckpt_clean: True
  ckpt_period: 100
  enable_ckpt: False
  epoch_resume: -1
  eval_period: 5
  iter_per_epoch: 32
  mode: custom
  neighbor_sizes: [20, 15, 10, 5]
  node_per_graph: 32
  radius: extend
  sample_node: False
  sampler: full_batch
  skip_train_eval: False
  walk_length: 4
val:
  node_per_graph: 32
  radius: extend
  sample_node: False
  sampler: full_batch
view_emb: False
wandb:
  entity: gtransformers
  name: 
  project: WN-chameleon
  use: False
Num parameters: 252377
Start from epoch 0
train: {'epoch': 0, 'time_epoch': 0.26952, 'eta': 53.63373, 'eta_hours': 0.0149, 'loss': 1.6766392, 'lr': 0.0, 'params': 252377, 'time_iter': 0.26952, 'accuracy': 0.17949, 'f1': 0.10956, 'auc': 0.49313}
...computing epoch stats took: 0.03s
val: {'epoch': 0, 'time_epoch': 0.033, 'loss': 1.67279935, 'lr': 0, 'params': 252377, 'time_iter': 0.033, 'accuracy': 0.15364, 'f1': 0.05327, 'auc': 0.55635}
...computing epoch stats took: 0.01s
test: {'epoch': 0, 'time_epoch': 0.031, 'loss': 1.64939415, 'lr': 0, 'params': 252377, 'time_iter': 0.031, 'accuracy': 0.19079, 'f1': 0.06409, 'auc': 0.51825}
...computing epoch stats took: 0.00s
> Epoch 0: took 0.4s (avg 0.4s) | Best so far: epoch 0	train_loss: 1.6766 train_accuracy: 0.1795	val_loss: 1.6728 val_accuracy: 0.1536	test_loss: 1.6494 test_accuracy: 0.1908
train: {'epoch': 1, 'time_epoch': 0.06051, 'eta': 32.67221, 'eta_hours': 0.00908, 'loss': 1.67321241, 'lr': 5e-05, 'params': 252377, 'time_iter': 0.06051, 'accuracy': 0.18681, 'f1': 0.1244, 'auc': 0.49852}
...computing epoch stats took: 0.00s
train: {'epoch': 2, 'time_epoch': 0.05951, 'eta': 25.57899, 'eta_hours': 0.00711, 'loss': 1.65720499, 'lr': 0.0001, 'params': 252377, 'time_iter': 0.05951, 'accuracy': 0.1859, 'f1': 0.13512, 'auc': 0.50598}
...computing epoch stats took: 0.00s
train: {'epoch': 3, 'time_epoch': 0.058, 'eta': 21.92876, 'eta_hours': 0.00609, 'loss': 1.6345042, 'lr': 0.00015, 'params': 252377, 'time_iter': 0.058, 'accuracy': 0.20055, 'f1': 0.17555, 'auc': 0.50827}
train: {'epoch': 4, 'time_epoch': 0.06051, 'eta': 19.81341, 'eta_hours': 0.0055, 'loss': 1.61220253, 'lr': 0.0002, 'params': 252377, 'time_iter': 0.06051, 'accuracy': 0.22344, 'f1': 0.214, 'auc': 0.52727}
val: {'epoch': 4, 'time_epoch': 0.03, 'loss': 1.58866656, 'lr': 0, 'params': 252377, 'time_iter': 0.03, 'accuracy': 0.28532, 'f1': 0.15794, 'auc': 0.60797}
test: {'epoch': 4, 'time_epoch': 0.03051, 'loss': 1.60662496, 'lr': 0, 'params': 252377, 'time_iter': 0.03051, 'accuracy': 0.23904, 'f1': 0.13026, 'auc': 0.5717}
> Epoch 4: took 0.1s (avg 0.1s) | Best so far: epoch 4	train_loss: 1.6122 train_accuracy: 0.2234	val_loss: 1.5887 val_accuracy: 0.2853	test_loss: 1.6066 test_accuracy: 0.2390
train: {'epoch': 5, 'time_epoch': 0.058, 'eta': 18.30178, 'eta_hours': 0.00508, 'loss': 1.61702979, 'lr': 0.00025, 'params': 252377, 'time_iter': 0.058, 'accuracy': 0.22619, 'f1': 0.18245, 'auc': 0.51971}
train: {'epoch': 6, 'time_epoch': 0.05751, 'eta': 17.19192, 'eta_hours': 0.00478, 'loss': 1.61035752, 'lr': 0.0003, 'params': 252377, 'time_iter': 0.05751, 'accuracy': 0.25549, 'f1': 0.17361, 'auc': 0.54392}
train: {'epoch': 7, 'time_epoch': 0.05851, 'eta': 16.36912, 'eta_hours': 0.00455, 'loss': 1.61671638, 'lr': 0.00035, 'params': 252377, 'time_iter': 0.05851, 'accuracy': 0.22802, 'f1': 0.15762, 'auc': 0.54975}
train: {'epoch': 8, 'time_epoch': 0.059, 'eta': 15.72665, 'eta_hours': 0.00437, 'loss': 1.61312342, 'lr': 0.0004, 'params': 252377, 'time_iter': 0.059, 'accuracy': 0.24817, 'f1': 0.17191, 'auc': 0.55761}
train: {'epoch': 9, 'time_epoch': 0.05751, 'eta': 15.17253, 'eta_hours': 0.00421, 'loss': 1.60306859, 'lr': 0.00045, 'params': 252377, 'time_iter': 0.05751, 'accuracy': 0.25275, 'f1': 0.18517, 'auc': 0.57093}
val: {'epoch': 9, 'time_epoch': 0.032, 'loss': 1.56421673, 'lr': 0, 'params': 252377, 'time_iter': 0.032, 'accuracy': 0.39643, 'f1': 0.2708, 'auc': 0.71974}
test: {'epoch': 9, 'time_epoch': 0.03051, 'loss': 1.59721029, 'lr': 0, 'params': 252377, 'time_iter': 0.03051, 'accuracy': 0.31579, 'f1': 0.22841, 'auc': 0.68428}
> Epoch 9: took 0.1s (avg 0.1s) | Best so far: epoch 9	train_loss: 1.6031 train_accuracy: 0.2527	val_loss: 1.5642 val_accuracy: 0.3964	test_loss: 1.5972 test_accuracy: 0.3158
train: {'epoch': 10, 'time_epoch': 0.057, 'eta': 14.69998, 'eta_hours': 0.00408, 'loss': 1.57870436, 'lr': 0.0005, 'params': 252377, 'time_iter': 0.057, 'accuracy': 0.28755, 'f1': 0.22442, 'auc': 0.60403}
train: {'epoch': 11, 'time_epoch': 0.05631, 'eta': 14.28593, 'eta_hours': 0.00397, 'loss': 1.56334603, 'lr': 0.00049997, 'params': 252377, 'time_iter': 0.05631, 'accuracy': 0.28755, 'f1': 0.23472, 'auc': 0.61504}
train: {'epoch': 12, 'time_epoch': 0.06051, 'eta': 13.98721, 'eta_hours': 0.00389, 'loss': 1.54145932, 'lr': 0.00049986, 'params': 252377, 'time_iter': 0.06051, 'accuracy': 0.34158, 'f1': 0.31964, 'auc': 0.65229}
train: {'epoch': 13, 'time_epoch': 0.06, 'eta': 13.71581, 'eta_hours': 0.00381, 'loss': 1.52339363, 'lr': 0.00049969, 'params': 252377, 'time_iter': 0.06, 'accuracy': 0.37454, 'f1': 0.36343, 'auc': 0.67797}
train: {'epoch': 14, 'time_epoch': 0.06051, 'eta': 13.47885, 'eta_hours': 0.00374, 'loss': 1.51166439, 'lr': 0.00049945, 'params': 252377, 'time_iter': 0.06051, 'accuracy': 0.35806, 'f1': 0.34906, 'auc': 0.69759}
val: {'epoch': 14, 'time_epoch': 0.03184, 'loss': 1.50888836, 'lr': 0, 'params': 252377, 'time_iter': 0.03184, 'accuracy': 0.32785, 'f1': 0.2567, 'auc': 0.76489}
test: {'epoch': 14, 'time_epoch': 0.03652, 'loss': 1.5099628, 'lr': 0, 'params': 252377, 'time_iter': 0.03652, 'accuracy': 0.35526, 'f1': 0.28356, 'auc': 0.74186}
> Epoch 14: took 0.1s (avg 0.1s) | Best so far: epoch 9	train_loss: 1.6031 train_accuracy: 0.2527	val_loss: 1.5642 val_accuracy: 0.3964	test_loss: 1.5972 test_accuracy: 0.3158
train: {'epoch': 15, 'time_epoch': 0.06701, 'eta': 13.33868, 'eta_hours': 0.00371, 'loss': 1.48519647, 'lr': 0.00049915, 'params': 252377, 'time_iter': 0.06701, 'accuracy': 0.40751, 'f1': 0.40267, 'auc': 0.73209}
train: {'epoch': 16, 'time_epoch': 0.06351, 'eta': 13.1695, 'eta_hours': 0.00366, 'loss': 1.45239878, 'lr': 0.00049877, 'params': 252377, 'time_iter': 0.06351, 'accuracy': 0.42125, 'f1': 0.42939, 'auc': 0.74941}
train: {'epoch': 17, 'time_epoch': 0.06452, 'eta': 13.02222, 'eta_hours': 0.00362, 'loss': 1.42328465, 'lr': 0.00049833, 'params': 252377, 'time_iter': 0.06452, 'accuracy': 0.45147, 'f1': 0.46295, 'auc': 0.76856}
train: {'epoch': 18, 'time_epoch': 0.065, 'eta': 12.88827, 'eta_hours': 0.00358, 'loss': 1.37385368, 'lr': 0.00049782, 'params': 252377, 'time_iter': 0.065, 'accuracy': 0.49542, 'f1': 0.5076, 'auc': 0.79459}
train: {'epoch': 19, 'time_epoch': 0.062, 'eta': 12.73421, 'eta_hours': 0.00354, 'loss': 1.32641697, 'lr': 0.00049724, 'params': 252377, 'time_iter': 0.062, 'accuracy': 0.53022, 'f1': 0.5364, 'auc': 0.81318}
val: {'epoch': 19, 'time_epoch': 0.03232, 'loss': 1.35544467, 'lr': 0, 'params': 252377, 'time_iter': 0.03232, 'accuracy': 0.46776, 'f1': 0.46676, 'auc': 0.7875}
test: {'epoch': 19, 'time_epoch': 0.032, 'loss': 1.37994397, 'lr': 0, 'params': 252377, 'time_iter': 0.032, 'accuracy': 0.47149, 'f1': 0.47586, 'auc': 0.76232}
> Epoch 19: took 0.1s (avg 0.1s) | Best so far: epoch 19	train_loss: 1.3264 train_accuracy: 0.5302	val_loss: 1.3554 val_accuracy: 0.4678	test_loss: 1.3799 test_accuracy: 0.4715
train: {'epoch': 20, 'time_epoch': 0.05851, 'eta': 12.55913, 'eta_hours': 0.00349, 'loss': 1.2771759, 'lr': 0.00049659, 'params': 252377, 'time_iter': 0.05851, 'accuracy': 0.55861, 'f1': 0.56343, 'auc': 0.82584}
train: {'epoch': 21, 'time_epoch': 0.05913, 'eta': 12.39973, 'eta_hours': 0.00344, 'loss': 1.22602355, 'lr': 0.00049588, 'params': 252377, 'time_iter': 0.05913, 'accuracy': 0.59982, 'f1': 0.59435, 'auc': 0.85022}
train: {'epoch': 22, 'time_epoch': 0.05851, 'eta': 12.24424, 'eta_hours': 0.0034, 'loss': 1.16398799, 'lr': 0.00049509, 'params': 252377, 'time_iter': 0.05851, 'accuracy': 0.61447, 'f1': 0.60724, 'auc': 0.86929}
train: {'epoch': 23, 'time_epoch': 0.059, 'eta': 12.10045, 'eta_hours': 0.00336, 'loss': 1.13053167, 'lr': 0.00049425, 'params': 252377, 'time_iter': 0.059, 'accuracy': 0.6044, 'f1': 0.59609, 'auc': 0.86765}
train: {'epoch': 24, 'time_epoch': 0.059, 'eta': 11.96343, 'eta_hours': 0.00332, 'loss': 1.08263481, 'lr': 0.00049333, 'params': 252377, 'time_iter': 0.059, 'accuracy': 0.62271, 'f1': 0.60664, 'auc': 0.88133}
val: {'epoch': 24, 'time_epoch': 0.03151, 'loss': 1.21633124, 'lr': 0, 'params': 252377, 'time_iter': 0.03151, 'accuracy': 0.49383, 'f1': 0.4763, 'auc': 0.81288}
test: {'epoch': 24, 'time_epoch': 0.03, 'loss': 1.24688935, 'lr': 0, 'params': 252377, 'time_iter': 0.03, 'accuracy': 0.48246, 'f1': 0.47147, 'auc': 0.79473}
> Epoch 24: took 0.1s (avg 0.1s) | Best so far: epoch 24	train_loss: 1.0826 train_accuracy: 0.6227	val_loss: 1.2163 val_accuracy: 0.4938	test_loss: 1.2469 test_accuracy: 0.4825
train: {'epoch': 25, 'time_epoch': 0.05851, 'eta': 11.8291, 'eta_hours': 0.00329, 'loss': 1.02532279, 'lr': 0.00049235, 'params': 252377, 'time_iter': 0.05851, 'accuracy': 0.6511, 'f1': 0.63258, 'auc': 0.89805}
train: {'epoch': 26, 'time_epoch': 0.05992, 'eta': 11.70947, 'eta_hours': 0.00325, 'loss': 0.97434688, 'lr': 0.0004913, 'params': 252377, 'time_iter': 0.05992, 'accuracy': 0.67216, 'f1': 0.65358, 'auc': 0.90601}
train: {'epoch': 27, 'time_epoch': 0.05951, 'eta': 11.59158, 'eta_hours': 0.00322, 'loss': 0.91317379, 'lr': 0.00049019, 'params': 252377, 'time_iter': 0.05951, 'accuracy': 0.69689, 'f1': 0.68229, 'auc': 0.9203}
train: {'epoch': 28, 'time_epoch': 0.058, 'eta': 11.46881, 'eta_hours': 0.00319, 'loss': 0.86615175, 'lr': 0.00048901, 'params': 252377, 'time_iter': 0.058, 'accuracy': 0.73718, 'f1': 0.72752, 'auc': 0.93101}
train: {'epoch': 29, 'time_epoch': 0.06112, 'eta': 11.36804, 'eta_hours': 0.00316, 'loss': 0.81037885, 'lr': 0.00048776, 'params': 252377, 'time_iter': 0.06112, 'accuracy': 0.74908, 'f1': 0.74235, 'auc': 0.93794}
val: {'epoch': 29, 'time_epoch': 0.03262, 'loss': 1.15532386, 'lr': 0, 'params': 252377, 'time_iter': 0.03262, 'accuracy': 0.54733, 'f1': 0.53314, 'auc': 0.82816}
test: {'epoch': 29, 'time_epoch': 0.03, 'loss': 1.21407926, 'lr': 0, 'params': 252377, 'time_iter': 0.03, 'accuracy': 0.53289, 'f1': 0.52453, 'auc': 0.80816}
> Epoch 29: took 0.1s (avg 0.1s) | Best so far: epoch 29	train_loss: 0.8104 train_accuracy: 0.7491	val_loss: 1.1553 val_accuracy: 0.5473	test_loss: 1.2141 test_accuracy: 0.5329
train: {'epoch': 30, 'time_epoch': 0.058, 'eta': 11.25282, 'eta_hours': 0.00313, 'loss': 0.74963361, 'lr': 0.00048645, 'params': 252377, 'time_iter': 0.058, 'accuracy': 0.79853, 'f1': 0.79559, 'auc': 0.94798}
train: {'epoch': 31, 'time_epoch': 0.057, 'eta': 11.13592, 'eta_hours': 0.00309, 'loss': 0.702205, 'lr': 0.00048508, 'params': 252377, 'time_iter': 0.057, 'accuracy': 0.79579, 'f1': 0.79232, 'auc': 0.95307}
train: {'epoch': 32, 'time_epoch': 0.05701, 'eta': 11.0227, 'eta_hours': 0.00306, 'loss': 0.64379549, 'lr': 0.00048364, 'params': 252377, 'time_iter': 0.05701, 'accuracy': 0.82509, 'f1': 0.82018, 'auc': 0.96238}
train: {'epoch': 33, 'time_epoch': 0.062, 'eta': 10.93716, 'eta_hours': 0.00304, 'loss': 0.59961343, 'lr': 0.00048214, 'params': 252377, 'time_iter': 0.062, 'accuracy': 0.84524, 'f1': 0.84228, 'auc': 0.96774}
train: {'epoch': 34, 'time_epoch': 0.05851, 'eta': 10.83649, 'eta_hours': 0.00301, 'loss': 0.55920082, 'lr': 0.00048057, 'params': 252377, 'time_iter': 0.05851, 'accuracy': 0.85897, 'f1': 0.85773, 'auc': 0.97142}
val: {'epoch': 34, 'time_epoch': 0.031, 'loss': 1.22555339, 'lr': 0, 'params': 252377, 'time_iter': 0.031, 'accuracy': 0.58711, 'f1': 0.57878, 'auc': 0.82429}
test: {'epoch': 34, 'time_epoch': 0.03051, 'loss': 1.31649101, 'lr': 0, 'params': 252377, 'time_iter': 0.03051, 'accuracy': 0.54605, 'f1': 0.54319, 'auc': 0.80534}
> Epoch 34: took 0.1s (avg 0.1s) | Best so far: epoch 34	train_loss: 0.5592 train_accuracy: 0.8590	val_loss: 1.2256 val_accuracy: 0.5871	test_loss: 1.3165 test_accuracy: 0.5461
train: {'epoch': 35, 'time_epoch': 0.05846, 'eta': 10.73796, 'eta_hours': 0.00298, 'loss': 0.51841915, 'lr': 0.00047894, 'params': 252377, 'time_iter': 0.05846, 'accuracy': 0.87454, 'f1': 0.87457, 'auc': 0.9755}
train: {'epoch': 36, 'time_epoch': 0.05851, 'eta': 10.64178, 'eta_hours': 0.00296, 'loss': 0.48399967, 'lr': 0.00047725, 'params': 252377, 'time_iter': 0.05851, 'accuracy': 0.88187, 'f1': 0.88169, 'auc': 0.97803}
train: {'epoch': 37, 'time_epoch': 0.0585, 'eta': 10.54757, 'eta_hours': 0.00293, 'loss': 0.44827473, 'lr': 0.0004755, 'params': 252377, 'time_iter': 0.0585, 'accuracy': 0.89286, 'f1': 0.89301, 'auc': 0.98059}
train: {'epoch': 38, 'time_epoch': 0.059, 'eta': 10.45724, 'eta_hours': 0.0029, 'loss': 0.39657316, 'lr': 0.00047368, 'params': 252377, 'time_iter': 0.059, 'accuracy': 0.92033, 'f1': 0.92053, 'auc': 0.98634}
train: {'epoch': 39, 'time_epoch': 0.05901, 'eta': 10.36854, 'eta_hours': 0.00288, 'loss': 0.36756328, 'lr': 0.00047181, 'params': 252377, 'time_iter': 0.05901, 'accuracy': 0.90934, 'f1': 0.90921, 'auc': 0.98704}
val: {'epoch': 39, 'time_epoch': 0.03372, 'loss': 1.37431192, 'lr': 0, 'params': 252377, 'time_iter': 0.03372, 'accuracy': 0.58025, 'f1': 0.56842, 'auc': 0.82085}
test: {'epoch': 39, 'time_epoch': 0.03151, 'loss': 1.48192644, 'lr': 0, 'params': 252377, 'time_iter': 0.03151, 'accuracy': 0.53509, 'f1': 0.53369, 'auc': 0.80356}
> Epoch 39: took 0.1s (avg 0.1s) | Best so far: epoch 34	train_loss: 0.5592 train_accuracy: 0.8590	val_loss: 1.2256 val_accuracy: 0.5871	test_loss: 1.3165 test_accuracy: 0.5461
train: {'epoch': 40, 'time_epoch': 0.061, 'eta': 10.28899, 'eta_hours': 0.00286, 'loss': 0.32668042, 'lr': 0.00046987, 'params': 252377, 'time_iter': 0.061, 'accuracy': 0.92125, 'f1': 0.92169, 'auc': 0.99024}
train: {'epoch': 41, 'time_epoch': 0.0575, 'eta': 10.19717, 'eta_hours': 0.00283, 'loss': 0.29082853, 'lr': 0.00046787, 'params': 252377, 'time_iter': 0.0575, 'accuracy': 0.93681, 'f1': 0.93757, 'auc': 0.99149}
train: {'epoch': 42, 'time_epoch': 0.05901, 'eta': 10.11245, 'eta_hours': 0.00281, 'loss': 0.25822011, 'lr': 0.00046581, 'params': 252377, 'time_iter': 0.05901, 'accuracy': 0.9478, 'f1': 0.94862, 'auc': 0.99281}
train: {'epoch': 43, 'time_epoch': 0.06, 'eta': 10.03241, 'eta_hours': 0.00279, 'loss': 0.23713385, 'lr': 0.0004637, 'params': 252377, 'time_iter': 0.06, 'accuracy': 0.94872, 'f1': 0.94972, 'auc': 0.99346}
train: {'epoch': 44, 'time_epoch': 0.05851, 'eta': 9.9481, 'eta_hours': 0.00276, 'loss': 0.21153425, 'lr': 0.00046152, 'params': 252377, 'time_iter': 0.05851, 'accuracy': 0.95513, 'f1': 0.95597, 'auc': 0.9943}
val: {'epoch': 44, 'time_epoch': 0.033, 'loss': 1.55201983, 'lr': 0, 'params': 252377, 'time_iter': 0.033, 'accuracy': 0.58299, 'f1': 0.57202, 'auc': 0.82308}
test: {'epoch': 44, 'time_epoch': 0.02951, 'loss': 1.68604612, 'lr': 0, 'params': 252377, 'time_iter': 0.02951, 'accuracy': 0.53728, 'f1': 0.53348, 'auc': 0.80456}
> Epoch 44: took 0.1s (avg 0.1s) | Best so far: epoch 34	train_loss: 0.5592 train_accuracy: 0.8590	val_loss: 1.2256 val_accuracy: 0.5871	test_loss: 1.3165 test_accuracy: 0.5461
train: {'epoch': 45, 'time_epoch': 0.056, 'eta': 9.85653, 'eta_hours': 0.00274, 'loss': 0.19062358, 'lr': 0.00045929, 'params': 252377, 'time_iter': 0.056, 'accuracy': 0.95147, 'f1': 0.95237, 'auc': 0.99566}
train: {'epoch': 46, 'time_epoch': 0.05851, 'eta': 9.77464, 'eta_hours': 0.00272, 'loss': 0.181573, 'lr': 0.000457, 'params': 252377, 'time_iter': 0.05851, 'accuracy': 0.95421, 'f1': 0.95517, 'auc': 0.99485}
train: {'epoch': 47, 'time_epoch': 0.06051, 'eta': 9.70005, 'eta_hours': 0.00269, 'loss': 0.16330217, 'lr': 0.00045466, 'params': 252377, 'time_iter': 0.06051, 'accuracy': 0.96245, 'f1': 0.9632, 'auc': 0.99578}
train: {'epoch': 48, 'time_epoch': 0.06, 'eta': 9.62447, 'eta_hours': 0.00267, 'loss': 0.14252873, 'lr': 0.00045225, 'params': 252377, 'time_iter': 0.06, 'accuracy': 0.96245, 'f1': 0.96328, 'auc': 0.99724}
train: {'epoch': 49, 'time_epoch': 0.05651, 'eta': 9.53904, 'eta_hours': 0.00265, 'loss': 0.13002999, 'lr': 0.0004498, 'params': 252377, 'time_iter': 0.05651, 'accuracy': 0.96978, 'f1': 0.97033, 'auc': 0.99694}
val: {'epoch': 49, 'time_epoch': 0.03039, 'loss': 1.77896082, 'lr': 0, 'params': 252377, 'time_iter': 0.03039, 'accuracy': 0.57888, 'f1': 0.56769, 'auc': 0.82095}
test: {'epoch': 49, 'time_epoch': 0.03151, 'loss': 1.92503262, 'lr': 0, 'params': 252377, 'time_iter': 0.03151, 'accuracy': 0.54167, 'f1': 0.53715, 'auc': 0.80358}
> Epoch 49: took 0.1s (avg 0.1s) | Best so far: epoch 34	train_loss: 0.5592 train_accuracy: 0.8590	val_loss: 1.2256 val_accuracy: 0.5871	test_loss: 1.3165 test_accuracy: 0.5461
train: {'epoch': 50, 'time_epoch': 0.057, 'eta': 9.45618, 'eta_hours': 0.00263, 'loss': 0.12559056, 'lr': 0.00044729, 'params': 252377, 'time_iter': 0.057, 'accuracy': 0.96886, 'f1': 0.96962, 'auc': 0.99708}
train: {'epoch': 51, 'time_epoch': 0.06051, 'eta': 9.3843, 'eta_hours': 0.00261, 'loss': 0.11288928, 'lr': 0.00044472, 'params': 252377, 'time_iter': 0.06051, 'accuracy': 0.97161, 'f1': 0.97236, 'auc': 0.99702}
train: {'epoch': 52, 'time_epoch': 0.05701, 'eta': 9.30315, 'eta_hours': 0.00258, 'loss': 0.10513499, 'lr': 0.0004421, 'params': 252377, 'time_iter': 0.05701, 'accuracy': 0.97527, 'f1': 0.97592, 'auc': 0.99756}
train: {'epoch': 53, 'time_epoch': 0.05673, 'eta': 9.22213, 'eta_hours': 0.00256, 'loss': 0.10446925, 'lr': 0.00043943, 'params': 252377, 'time_iter': 0.05673, 'accuracy': 0.97436, 'f1': 0.975, 'auc': 0.9971}
train: {'epoch': 54, 'time_epoch': 0.06051, 'eta': 9.15195, 'eta_hours': 0.00254, 'loss': 0.09503134, 'lr': 0.00043671, 'params': 252377, 'time_iter': 0.06051, 'accuracy': 0.97619, 'f1': 0.97677, 'auc': 0.99791}
val: {'epoch': 54, 'time_epoch': 0.031, 'loss': 2.02781415, 'lr': 0, 'params': 252377, 'time_iter': 0.031, 'accuracy': 0.5775, 'f1': 0.56898, 'auc': 0.81537}
test: {'epoch': 54, 'time_epoch': 0.02951, 'loss': 2.18067837, 'lr': 0, 'params': 252377, 'time_iter': 0.02951, 'accuracy': 0.53947, 'f1': 0.53432, 'auc': 0.79896}
> Epoch 54: took 0.1s (avg 0.1s) | Best so far: epoch 34	train_loss: 0.5592 train_accuracy: 0.8590	val_loss: 1.2256 val_accuracy: 0.5871	test_loss: 1.3165 test_accuracy: 0.5461
train: {'epoch': 55, 'time_epoch': 0.05907, 'eta': 9.07842, 'eta_hours': 0.00252, 'loss': 0.09139124, 'lr': 0.00043393, 'params': 252377, 'time_iter': 0.05907, 'accuracy': 0.97253, 'f1': 0.97314, 'auc': 0.99809}
train: {'epoch': 56, 'time_epoch': 0.05751, 'eta': 9.00149, 'eta_hours': 0.0025, 'loss': 0.08303075, 'lr': 0.00043111, 'params': 252377, 'time_iter': 0.05751, 'accuracy': 0.97527, 'f1': 0.97581, 'auc': 0.99847}
train: {'epoch': 57, 'time_epoch': 0.0585, 'eta': 8.92766, 'eta_hours': 0.00248, 'loss': 0.08192673, 'lr': 0.00042823, 'params': 252377, 'time_iter': 0.0585, 'accuracy': 0.97436, 'f1': 0.97489, 'auc': 0.99854}
train: {'epoch': 58, 'time_epoch': 0.059, 'eta': 8.85553, 'eta_hours': 0.00246, 'loss': 0.07744295, 'lr': 0.00042531, 'params': 252377, 'time_iter': 0.059, 'accuracy': 0.97344, 'f1': 0.97404, 'auc': 0.99834}
train: {'epoch': 59, 'time_epoch': 0.05651, 'eta': 8.77803, 'eta_hours': 0.00244, 'loss': 0.07348324, 'lr': 0.00042234, 'params': 252377, 'time_iter': 0.05651, 'accuracy': 0.97985, 'f1': 0.98024, 'auc': 0.99842}
val: {'epoch': 59, 'time_epoch': 0.032, 'loss': 2.19667029, 'lr': 0, 'params': 252377, 'time_iter': 0.032, 'accuracy': 0.58436, 'f1': 0.57631, 'auc': 0.81306}
test: {'epoch': 59, 'time_epoch': 0.03, 'loss': 2.38785911, 'lr': 0, 'params': 252377, 'time_iter': 0.03, 'accuracy': 0.52851, 'f1': 0.52355, 'auc': 0.79738}
> Epoch 59: took 0.1s (avg 0.1s) | Best so far: epoch 34	train_loss: 0.5592 train_accuracy: 0.8590	val_loss: 1.2256 val_accuracy: 0.5871	test_loss: 1.3165 test_accuracy: 0.5461
train: {'epoch': 60, 'time_epoch': 0.057, 'eta': 8.70234, 'eta_hours': 0.00242, 'loss': 0.06319872, 'lr': 0.00041932, 'params': 252377, 'time_iter': 0.057, 'accuracy': 0.97894, 'f1': 0.97939, 'auc': 0.99897}
train: {'epoch': 61, 'time_epoch': 0.05751, 'eta': 8.62838, 'eta_hours': 0.0024, 'loss': 0.06852132, 'lr': 0.00041626, 'params': 252377, 'time_iter': 0.05751, 'accuracy': 0.97894, 'f1': 0.97936, 'auc': 0.99867}
train: {'epoch': 62, 'time_epoch': 0.057, 'eta': 8.55385, 'eta_hours': 0.00238, 'loss': 0.07008311, 'lr': 0.00041315, 'params': 252377, 'time_iter': 0.057, 'accuracy': 0.97711, 'f1': 0.97753, 'auc': 0.99876}
train: {'epoch': 63, 'time_epoch': 0.05951, 'eta': 8.48518, 'eta_hours': 0.00236, 'loss': 0.05904313, 'lr': 0.00040999, 'params': 252377, 'time_iter': 0.05951, 'accuracy': 0.9826, 'f1': 0.98289, 'auc': 0.99899}
train: {'epoch': 64, 'time_epoch': 0.05751, 'eta': 8.41265, 'eta_hours': 0.00234, 'loss': 0.05615545, 'lr': 0.00040679, 'params': 252377, 'time_iter': 0.05751, 'accuracy': 0.98443, 'f1': 0.98461, 'auc': 0.99879}
val: {'epoch': 64, 'time_epoch': 0.032, 'loss': 2.33144855, 'lr': 0, 'params': 252377, 'time_iter': 0.032, 'accuracy': 0.57476, 'f1': 0.56594, 'auc': 0.81186}
test: {'epoch': 64, 'time_epoch': 0.03, 'loss': 2.54038811, 'lr': 0, 'params': 252377, 'time_iter': 0.03, 'accuracy': 0.52632, 'f1': 0.52041, 'auc': 0.79543}
> Epoch 64: took 0.1s (avg 0.1s) | Best so far: epoch 34	train_loss: 0.5592 train_accuracy: 0.8590	val_loss: 1.2256 val_accuracy: 0.5871	test_loss: 1.3165 test_accuracy: 0.5461
train: {'epoch': 65, 'time_epoch': 0.05751, 'eta': 8.34057, 'eta_hours': 0.00232, 'loss': 0.05750446, 'lr': 0.00040355, 'params': 252377, 'time_iter': 0.05751, 'accuracy': 0.98535, 'f1': 0.98564, 'auc': 0.99882}
train: {'epoch': 66, 'time_epoch': 0.05851, 'eta': 8.27091, 'eta_hours': 0.0023, 'loss': 0.05098317, 'lr': 0.00040027, 'params': 252377, 'time_iter': 0.05851, 'accuracy': 0.98352, 'f1': 0.98385, 'auc': 0.99939}
train: {'epoch': 67, 'time_epoch': 0.059, 'eta': 8.20254, 'eta_hours': 0.00228, 'loss': 0.05387382, 'lr': 0.00039695, 'params': 252377, 'time_iter': 0.059, 'accuracy': 0.98077, 'f1': 0.9811, 'auc': 0.99909}
train: {'epoch': 68, 'time_epoch': 0.06051, 'eta': 8.13729, 'eta_hours': 0.00226, 'loss': 0.05240206, 'lr': 0.00039358, 'params': 252377, 'time_iter': 0.06051, 'accuracy': 0.98443, 'f1': 0.98471, 'auc': 0.99926}
train: {'epoch': 69, 'time_epoch': 0.0575, 'eta': 8.06661, 'eta_hours': 0.00224, 'loss': 0.05384571, 'lr': 0.00039018, 'params': 252377, 'time_iter': 0.0575, 'accuracy': 0.97802, 'f1': 0.97833, 'auc': 0.99936}
val: {'epoch': 69, 'time_epoch': 0.03, 'loss': 2.43464899, 'lr': 0, 'params': 252377, 'time_iter': 0.03, 'accuracy': 0.57476, 'f1': 0.56836, 'auc': 0.81068}
test: {'epoch': 69, 'time_epoch': 0.032, 'loss': 2.66666055, 'lr': 0, 'params': 252377, 'time_iter': 0.032, 'accuracy': 0.51754, 'f1': 0.51324, 'auc': 0.79393}
> Epoch 69: took 0.1s (avg 0.1s) | Best so far: epoch 34	train_loss: 0.5592 train_accuracy: 0.8590	val_loss: 1.2256 val_accuracy: 0.5871	test_loss: 1.3165 test_accuracy: 0.5461
train: {'epoch': 70, 'time_epoch': 0.05651, 'eta': 7.99449, 'eta_hours': 0.00222, 'loss': 0.05162881, 'lr': 0.00038674, 'params': 252377, 'time_iter': 0.05651, 'accuracy': 0.97985, 'f1': 0.9802, 'auc': 0.99912}
train: {'epoch': 71, 'time_epoch': 0.05851, 'eta': 7.92635, 'eta_hours': 0.0022, 'loss': 0.05529682, 'lr': 0.00038326, 'params': 252377, 'time_iter': 0.05851, 'accuracy': 0.98168, 'f1': 0.98204, 'auc': 0.99918}
train: {'epoch': 72, 'time_epoch': 0.059, 'eta': 7.85933, 'eta_hours': 0.00218, 'loss': 0.04984393, 'lr': 0.00037974, 'params': 252377, 'time_iter': 0.059, 'accuracy': 0.98352, 'f1': 0.98384, 'auc': 0.99918}
train: {'epoch': 73, 'time_epoch': 0.05651, 'eta': 7.78829, 'eta_hours': 0.00216, 'loss': 0.04691057, 'lr': 0.00037619, 'params': 252377, 'time_iter': 0.05651, 'accuracy': 0.98443, 'f1': 0.98471, 'auc': 0.99922}
train: {'epoch': 74, 'time_epoch': 0.059, 'eta': 7.7218, 'eta_hours': 0.00214, 'loss': 0.04507192, 'lr': 0.00037261, 'params': 252377, 'time_iter': 0.059, 'accuracy': 0.98352, 'f1': 0.98382, 'auc': 0.99945}
val: {'epoch': 74, 'time_epoch': 0.03151, 'loss': 2.52315354, 'lr': 0, 'params': 252377, 'time_iter': 0.03151, 'accuracy': 0.5679, 'f1': 0.56064, 'auc': 0.81042}
test: {'epoch': 74, 'time_epoch': 0.029, 'loss': 2.77466536, 'lr': 0, 'params': 252377, 'time_iter': 0.029, 'accuracy': 0.52632, 'f1': 0.51987, 'auc': 0.7928}
> Epoch 74: took 0.1s (avg 0.1s) | Best so far: epoch 34	train_loss: 0.5592 train_accuracy: 0.8590	val_loss: 1.2256 val_accuracy: 0.5871	test_loss: 1.3165 test_accuracy: 0.5461
train: {'epoch': 75, 'time_epoch': 0.05851, 'eta': 7.65469, 'eta_hours': 0.00213, 'loss': 0.04621045, 'lr': 0.00036899, 'params': 252377, 'time_iter': 0.05851, 'accuracy': 0.98077, 'f1': 0.98107, 'auc': 0.99937}
train: {'epoch': 76, 'time_epoch': 0.058, 'eta': 7.587, 'eta_hours': 0.00211, 'loss': 0.04209202, 'lr': 0.00036534, 'params': 252377, 'time_iter': 0.058, 'accuracy': 0.98718, 'f1': 0.98743, 'auc': 0.9995}
train: {'epoch': 77, 'time_epoch': 0.05851, 'eta': 7.52034, 'eta_hours': 0.00209, 'loss': 0.04672619, 'lr': 0.00036165, 'params': 252377, 'time_iter': 0.05851, 'accuracy': 0.97985, 'f1': 0.9802, 'auc': 0.99935}
train: {'epoch': 78, 'time_epoch': 0.06051, 'eta': 7.45697, 'eta_hours': 0.00207, 'loss': 0.04203308, 'lr': 0.00035794, 'params': 252377, 'time_iter': 0.06051, 'accuracy': 0.9826, 'f1': 0.98296, 'auc': 0.99946}
train: {'epoch': 79, 'time_epoch': 0.058, 'eta': 7.3899, 'eta_hours': 0.00205, 'loss': 0.04334151, 'lr': 0.0003542, 'params': 252377, 'time_iter': 0.058, 'accuracy': 0.98535, 'f1': 0.98564, 'auc': 0.99926}
val: {'epoch': 79, 'time_epoch': 0.02951, 'loss': 2.6066761, 'lr': 0, 'params': 252377, 'time_iter': 0.02951, 'accuracy': 0.5775, 'f1': 0.56661, 'auc': 0.81045}
test: {'epoch': 79, 'time_epoch': 0.03, 'loss': 2.8652823, 'lr': 0, 'params': 252377, 'time_iter': 0.03, 'accuracy': 0.52412, 'f1': 0.51745, 'auc': 0.79309}
> Epoch 79: took 0.1s (avg 0.1s) | Best so far: epoch 34	train_loss: 0.5592 train_accuracy: 0.8590	val_loss: 1.2256 val_accuracy: 0.5871	test_loss: 1.3165 test_accuracy: 0.5461
train: {'epoch': 80, 'time_epoch': 0.05951, 'eta': 7.32526, 'eta_hours': 0.00203, 'loss': 0.04545507, 'lr': 0.00035042, 'params': 252377, 'time_iter': 0.05951, 'accuracy': 0.9826, 'f1': 0.98296, 'auc': 0.99932}
train: {'epoch': 81, 'time_epoch': 0.059, 'eta': 7.26003, 'eta_hours': 0.00202, 'loss': 0.04609058, 'lr': 0.00034662, 'params': 252377, 'time_iter': 0.059, 'accuracy': 0.9826, 'f1': 0.98298, 'auc': 0.99944}
train: {'epoch': 82, 'time_epoch': 0.05851, 'eta': 7.19425, 'eta_hours': 0.002, 'loss': 0.03775303, 'lr': 0.0003428, 'params': 252377, 'time_iter': 0.05851, 'accuracy': 0.98535, 'f1': 0.9856, 'auc': 0.99964}
train: {'epoch': 83, 'time_epoch': 0.05851, 'eta': 7.12865, 'eta_hours': 0.00198, 'loss': 0.0473844, 'lr': 0.00033895, 'params': 252377, 'time_iter': 0.05851, 'accuracy': 0.9826, 'f1': 0.98287, 'auc': 0.99945}
train: {'epoch': 84, 'time_epoch': 0.058, 'eta': 7.06252, 'eta_hours': 0.00196, 'loss': 0.04524544, 'lr': 0.00033507, 'params': 252377, 'time_iter': 0.058, 'accuracy': 0.98443, 'f1': 0.98464, 'auc': 0.99941}
val: {'epoch': 84, 'time_epoch': 0.03451, 'loss': 2.67351055, 'lr': 0, 'params': 252377, 'time_iter': 0.03451, 'accuracy': 0.58025, 'f1': 0.57067, 'auc': 0.80812}
test: {'epoch': 84, 'time_epoch': 0.032, 'loss': 2.91169977, 'lr': 0, 'params': 252377, 'time_iter': 0.032, 'accuracy': 0.52412, 'f1': 0.51929, 'auc': 0.79231}
> Epoch 84: took 0.1s (avg 0.1s) | Best so far: epoch 34	train_loss: 0.5592 train_accuracy: 0.8590	val_loss: 1.2256 val_accuracy: 0.5871	test_loss: 1.3165 test_accuracy: 0.5461
train: {'epoch': 85, 'time_epoch': 0.05751, 'eta': 6.99593, 'eta_hours': 0.00194, 'loss': 0.04452448, 'lr': 0.00033117, 'params': 252377, 'time_iter': 0.05751, 'accuracy': 0.98077, 'f1': 0.98106, 'auc': 0.99942}
train: {'epoch': 86, 'time_epoch': 0.059, 'eta': 6.93149, 'eta_hours': 0.00193, 'loss': 0.04178936, 'lr': 0.00032725, 'params': 252377, 'time_iter': 0.059, 'accuracy': 0.98443, 'f1': 0.9847, 'auc': 0.99958}
train: {'epoch': 87, 'time_epoch': 0.0592, 'eta': 6.86743, 'eta_hours': 0.00191, 'loss': 0.04588895, 'lr': 0.00032331, 'params': 252377, 'time_iter': 0.0592, 'accuracy': 0.97985, 'f1': 0.98021, 'auc': 0.99949}
train: {'epoch': 88, 'time_epoch': 0.0575, 'eta': 6.80136, 'eta_hours': 0.00189, 'loss': 0.04673426, 'lr': 0.00031935, 'params': 252377, 'time_iter': 0.0575, 'accuracy': 0.98352, 'f1': 0.98382, 'auc': 0.9995}
train: {'epoch': 89, 'time_epoch': 0.06, 'eta': 6.73853, 'eta_hours': 0.00187, 'loss': 0.03674032, 'lr': 0.00031537, 'params': 252377, 'time_iter': 0.06, 'accuracy': 0.9881, 'f1': 0.98833, 'auc': 0.99969}
val: {'epoch': 89, 'time_epoch': 0.03051, 'loss': 2.72354364, 'lr': 0, 'params': 252377, 'time_iter': 0.03051, 'accuracy': 0.57476, 'f1': 0.56337, 'auc': 0.80838}
test: {'epoch': 89, 'time_epoch': 0.03, 'loss': 2.95699668, 'lr': 0, 'params': 252377, 'time_iter': 0.03, 'accuracy': 0.51974, 'f1': 0.51276, 'auc': 0.79264}
> Epoch 89: took 0.1s (avg 0.1s) | Best so far: epoch 34	train_loss: 0.5592 train_accuracy: 0.8590	val_loss: 1.2256 val_accuracy: 0.5871	test_loss: 1.3165 test_accuracy: 0.5461
train: {'epoch': 90, 'time_epoch': 0.05701, 'eta': 6.67218, 'eta_hours': 0.00185, 'loss': 0.04477689, 'lr': 0.00031137, 'params': 252377, 'time_iter': 0.05701, 'accuracy': 0.9826, 'f1': 0.98291, 'auc': 0.99954}
train: {'epoch': 91, 'time_epoch': 0.06, 'eta': 6.60954, 'eta_hours': 0.00184, 'loss': 0.03702422, 'lr': 0.00030736, 'params': 252377, 'time_iter': 0.06, 'accuracy': 0.98443, 'f1': 0.98473, 'auc': 0.9997}
train: {'epoch': 92, 'time_epoch': 0.05751, 'eta': 6.54409, 'eta_hours': 0.00182, 'loss': 0.04084239, 'lr': 0.00030332, 'params': 252377, 'time_iter': 0.05751, 'accuracy': 0.9826, 'f1': 0.98289, 'auc': 0.99962}
train: {'epoch': 93, 'time_epoch': 0.059, 'eta': 6.4805, 'eta_hours': 0.0018, 'loss': 0.0379602, 'lr': 0.00029928, 'params': 252377, 'time_iter': 0.059, 'accuracy': 0.98535, 'f1': 0.98556, 'auc': 0.99966}
train: {'epoch': 94, 'time_epoch': 0.058, 'eta': 6.4159, 'eta_hours': 0.00178, 'loss': 0.03394648, 'lr': 0.00029522, 'params': 252377, 'time_iter': 0.058, 'accuracy': 0.98535, 'f1': 0.9856, 'auc': 0.99971}
val: {'epoch': 94, 'time_epoch': 0.03, 'loss': 2.74451303, 'lr': 0, 'params': 252377, 'time_iter': 0.03, 'accuracy': 0.57476, 'f1': 0.56367, 'auc': 0.80896}
test: {'epoch': 94, 'time_epoch': 0.03, 'loss': 2.98373127, 'lr': 0, 'params': 252377, 'time_iter': 0.03, 'accuracy': 0.51974, 'f1': 0.51332, 'auc': 0.79303}
> Epoch 94: took 0.1s (avg 0.1s) | Best so far: epoch 34	train_loss: 0.5592 train_accuracy: 0.8590	val_loss: 1.2256 val_accuracy: 0.5871	test_loss: 1.3165 test_accuracy: 0.5461
train: {'epoch': 95, 'time_epoch': 0.059, 'eta': 6.35252, 'eta_hours': 0.00176, 'loss': 0.0399629, 'lr': 0.00029115, 'params': 252377, 'time_iter': 0.059, 'accuracy': 0.98535, 'f1': 0.98561, 'auc': 0.99964}
train: {'epoch': 96, 'time_epoch': 0.059, 'eta': 6.28922, 'eta_hours': 0.00175, 'loss': 0.03511744, 'lr': 0.00028707, 'params': 252377, 'time_iter': 0.059, 'accuracy': 0.98443, 'f1': 0.98473, 'auc': 0.99973}
train: {'epoch': 97, 'time_epoch': 0.05851, 'eta': 6.2255, 'eta_hours': 0.00173, 'loss': 0.04272046, 'lr': 0.00028297, 'params': 252377, 'time_iter': 0.05851, 'accuracy': 0.98168, 'f1': 0.98205, 'auc': 0.99954}
train: {'epoch': 98, 'time_epoch': 0.058, 'eta': 6.16138, 'eta_hours': 0.00171, 'loss': 0.04056548, 'lr': 0.00027887, 'params': 252377, 'time_iter': 0.058, 'accuracy': 0.98718, 'f1': 0.98741, 'auc': 0.99961}
train: {'epoch': 99, 'time_epoch': 0.0585, 'eta': 6.09787, 'eta_hours': 0.00169, 'loss': 0.0342848, 'lr': 0.00027476, 'params': 252377, 'time_iter': 0.0585, 'accuracy': 0.98443, 'f1': 0.98469, 'auc': 0.99969}
val: {'epoch': 99, 'time_epoch': 0.032, 'loss': 2.76529908, 'lr': 0, 'params': 252377, 'time_iter': 0.032, 'accuracy': 0.57339, 'f1': 0.5627, 'auc': 0.80887}
test: {'epoch': 99, 'time_epoch': 0.02951, 'loss': 3.01380754, 'lr': 0, 'params': 252377, 'time_iter': 0.02951, 'accuracy': 0.52193, 'f1': 0.51536, 'auc': 0.79309}
> Epoch 99: took 0.1s (avg 0.1s) | Best so far: epoch 34	train_loss: 0.5592 train_accuracy: 0.8590	val_loss: 1.2256 val_accuracy: 0.5871	test_loss: 1.3165 test_accuracy: 0.5461
train: {'epoch': 100, 'time_epoch': 0.059, 'eta': 6.03495, 'eta_hours': 0.00168, 'loss': 0.03762318, 'lr': 0.00027064, 'params': 252377, 'time_iter': 0.059, 'accuracy': 0.98901, 'f1': 0.98921, 'auc': 0.99961}
train: {'epoch': 101, 'time_epoch': 0.05651, 'eta': 5.96972, 'eta_hours': 0.00166, 'loss': 0.03562669, 'lr': 0.00026652, 'params': 252377, 'time_iter': 0.05651, 'accuracy': 0.98626, 'f1': 0.98651, 'auc': 0.99966}
train: {'epoch': 102, 'time_epoch': 0.05951, 'eta': 5.90747, 'eta_hours': 0.00164, 'loss': 0.04554237, 'lr': 0.0002624, 'params': 252377, 'time_iter': 0.05951, 'accuracy': 0.97894, 'f1': 0.97933, 'auc': 0.99954}
train: {'epoch': 103, 'time_epoch': 0.06, 'eta': 5.84574, 'eta_hours': 0.00162, 'loss': 0.03344253, 'lr': 0.00025827, 'params': 252377, 'time_iter': 0.06, 'accuracy': 0.98626, 'f1': 0.98653, 'auc': 0.99972}
train: {'epoch': 104, 'time_epoch': 0.06451, 'eta': 5.78812, 'eta_hours': 0.00161, 'loss': 0.03912491, 'lr': 0.00025413, 'params': 252377, 'time_iter': 0.06451, 'accuracy': 0.9826, 'f1': 0.98289, 'auc': 0.99961}
val: {'epoch': 104, 'time_epoch': 0.03501, 'loss': 2.77743936, 'lr': 0, 'params': 252377, 'time_iter': 0.03501, 'accuracy': 0.57476, 'f1': 0.56478, 'auc': 0.80886}
test: {'epoch': 104, 'time_epoch': 0.03251, 'loss': 3.04117298, 'lr': 0, 'params': 252377, 'time_iter': 0.03251, 'accuracy': 0.51096, 'f1': 0.50526, 'auc': 0.79238}
> Epoch 104: took 0.1s (avg 0.1s) | Best so far: epoch 34	train_loss: 0.5592 train_accuracy: 0.8590	val_loss: 1.2256 val_accuracy: 0.5871	test_loss: 1.3165 test_accuracy: 0.5461
train: {'epoch': 105, 'time_epoch': 0.06172, 'eta': 5.7279, 'eta_hours': 0.00159, 'loss': 0.03820282, 'lr': 0.00025, 'params': 252377, 'time_iter': 0.06172, 'accuracy': 0.9826, 'f1': 0.98287, 'auc': 0.99967}
train: {'epoch': 106, 'time_epoch': 0.06, 'eta': 5.66615, 'eta_hours': 0.00157, 'loss': 0.03194352, 'lr': 0.00024587, 'params': 252377, 'time_iter': 0.06, 'accuracy': 0.98626, 'f1': 0.98651, 'auc': 0.99974}
train: {'epoch': 107, 'time_epoch': 0.06151, 'eta': 5.60573, 'eta_hours': 0.00156, 'loss': 0.04106784, 'lr': 0.00024173, 'params': 252377, 'time_iter': 0.06151, 'accuracy': 0.98168, 'f1': 0.982, 'auc': 0.99959}
train: {'epoch': 108, 'time_epoch': 0.061, 'eta': 5.54485, 'eta_hours': 0.00154, 'loss': 0.03376846, 'lr': 0.0002376, 'params': 252377, 'time_iter': 0.061, 'accuracy': 0.98077, 'f1': 0.9811, 'auc': 0.99971}
train: {'epoch': 109, 'time_epoch': 0.0575, 'eta': 5.48111, 'eta_hours': 0.00152, 'loss': 0.03066824, 'lr': 0.00023348, 'params': 252377, 'time_iter': 0.0575, 'accuracy': 0.98718, 'f1': 0.98738, 'auc': 0.99978}
val: {'epoch': 109, 'time_epoch': 0.031, 'loss': 2.80713582, 'lr': 0, 'params': 252377, 'time_iter': 0.031, 'accuracy': 0.57613, 'f1': 0.56511, 'auc': 0.80866}
test: {'epoch': 109, 'time_epoch': 0.031, 'loss': 3.06526446, 'lr': 0, 'params': 252377, 'time_iter': 0.031, 'accuracy': 0.51535, 'f1': 0.50927, 'auc': 0.79227}
> Epoch 109: took 0.1s (avg 0.1s) | Best so far: epoch 34	train_loss: 0.5592 train_accuracy: 0.8590	val_loss: 1.2256 val_accuracy: 0.5871	test_loss: 1.3165 test_accuracy: 0.5461
train: {'epoch': 110, 'time_epoch': 0.057, 'eta': 5.41708, 'eta_hours': 0.0015, 'loss': 0.03670143, 'lr': 0.00022936, 'params': 252377, 'time_iter': 0.057, 'accuracy': 0.98535, 'f1': 0.9856, 'auc': 0.99967}
train: {'epoch': 111, 'time_epoch': 0.06, 'eta': 5.35554, 'eta_hours': 0.00149, 'loss': 0.03330174, 'lr': 0.00022524, 'params': 252377, 'time_iter': 0.06, 'accuracy': 0.98718, 'f1': 0.98743, 'auc': 0.9997}
train: {'epoch': 112, 'time_epoch': 0.05751, 'eta': 5.2921, 'eta_hours': 0.00147, 'loss': 0.03659949, 'lr': 0.00022113, 'params': 252377, 'time_iter': 0.05751, 'accuracy': 0.98168, 'f1': 0.98201, 'auc': 0.99964}
train: {'epoch': 113, 'time_epoch': 0.058, 'eta': 5.22914, 'eta_hours': 0.00145, 'loss': 0.03346875, 'lr': 0.00021703, 'params': 252377, 'time_iter': 0.058, 'accuracy': 0.9826, 'f1': 0.98292, 'auc': 0.99972}
train: {'epoch': 114, 'time_epoch': 0.06051, 'eta': 5.16812, 'eta_hours': 0.00144, 'loss': 0.03490662, 'lr': 0.00021293, 'params': 252377, 'time_iter': 0.06051, 'accuracy': 0.98718, 'f1': 0.98741, 'auc': 0.99966}
val: {'epoch': 114, 'time_epoch': 0.03, 'loss': 2.83451223, 'lr': 0, 'params': 252377, 'time_iter': 0.03, 'accuracy': 0.5775, 'f1': 0.56617, 'auc': 0.80816}
test: {'epoch': 114, 'time_epoch': 0.03151, 'loss': 3.09310389, 'lr': 0, 'params': 252377, 'time_iter': 0.03151, 'accuracy': 0.52632, 'f1': 0.51857, 'auc': 0.7924}
> Epoch 114: took 0.1s (avg 0.1s) | Best so far: epoch 34	train_loss: 0.5592 train_accuracy: 0.8590	val_loss: 1.2256 val_accuracy: 0.5871	test_loss: 1.3165 test_accuracy: 0.5461
train: {'epoch': 115, 'time_epoch': 0.057, 'eta': 5.10456, 'eta_hours': 0.00142, 'loss': 0.03971861, 'lr': 0.00020885, 'params': 252377, 'time_iter': 0.057, 'accuracy': 0.9826, 'f1': 0.98296, 'auc': 0.99961}
train: {'epoch': 116, 'time_epoch': 0.05951, 'eta': 5.0429, 'eta_hours': 0.0014, 'loss': 0.03825817, 'lr': 0.00020478, 'params': 252377, 'time_iter': 0.05951, 'accuracy': 0.98443, 'f1': 0.98474, 'auc': 0.99967}
train: {'epoch': 117, 'time_epoch': 0.05822, 'eta': 4.98038, 'eta_hours': 0.00138, 'loss': 0.03379876, 'lr': 0.00020072, 'params': 252377, 'time_iter': 0.05822, 'accuracy': 0.98626, 'f1': 0.9865, 'auc': 0.99972}
train: {'epoch': 118, 'time_epoch': 0.057, 'eta': 4.9171, 'eta_hours': 0.00137, 'loss': 0.03274532, 'lr': 0.00019668, 'params': 252377, 'time_iter': 0.057, 'accuracy': 0.9881, 'f1': 0.9883, 'auc': 0.99972}
train: {'epoch': 119, 'time_epoch': 0.05952, 'eta': 4.8556, 'eta_hours': 0.00135, 'loss': 0.04281206, 'lr': 0.00019264, 'params': 252377, 'time_iter': 0.05952, 'accuracy': 0.98077, 'f1': 0.9811, 'auc': 0.99953}
val: {'epoch': 119, 'time_epoch': 0.03251, 'loss': 2.84997177, 'lr': 0, 'params': 252377, 'time_iter': 0.03251, 'accuracy': 0.57476, 'f1': 0.56374, 'auc': 0.80791}
test: {'epoch': 119, 'time_epoch': 0.03151, 'loss': 3.11724257, 'lr': 0, 'params': 252377, 'time_iter': 0.03151, 'accuracy': 0.51535, 'f1': 0.50881, 'auc': 0.79167}
> Epoch 119: took 0.1s (avg 0.1s) | Best so far: epoch 34	train_loss: 0.5592 train_accuracy: 0.8590	val_loss: 1.2256 val_accuracy: 0.5871	test_loss: 1.3165 test_accuracy: 0.5461
train: {'epoch': 120, 'time_epoch': 0.059, 'eta': 4.7938, 'eta_hours': 0.00133, 'loss': 0.03729433, 'lr': 0.00018863, 'params': 252377, 'time_iter': 0.059, 'accuracy': 0.98077, 'f1': 0.98109, 'auc': 0.99964}
train: {'epoch': 121, 'time_epoch': 0.05851, 'eta': 4.73173, 'eta_hours': 0.00131, 'loss': 0.03373596, 'lr': 0.00018463, 'params': 252377, 'time_iter': 0.05851, 'accuracy': 0.9881, 'f1': 0.98829, 'auc': 0.99968}
train: {'epoch': 122, 'time_epoch': 0.05951, 'eta': 4.67035, 'eta_hours': 0.0013, 'loss': 0.04240664, 'lr': 0.00018065, 'params': 252377, 'time_iter': 0.05951, 'accuracy': 0.97894, 'f1': 0.9793, 'auc': 0.99953}
train: {'epoch': 123, 'time_epoch': 0.05941, 'eta': 4.60893, 'eta_hours': 0.00128, 'loss': 0.03972798, 'lr': 0.00017669, 'params': 252377, 'time_iter': 0.05941, 'accuracy': 0.98626, 'f1': 0.98648, 'auc': 0.99964}
train: {'epoch': 124, 'time_epoch': 0.05751, 'eta': 4.5464, 'eta_hours': 0.00126, 'loss': 0.03062773, 'lr': 0.00017275, 'params': 252377, 'time_iter': 0.05751, 'accuracy': 0.9881, 'f1': 0.98831, 'auc': 0.99979}
val: {'epoch': 124, 'time_epoch': 0.031, 'loss': 2.86480761, 'lr': 0, 'params': 252377, 'time_iter': 0.031, 'accuracy': 0.5775, 'f1': 0.5664, 'auc': 0.80788}
test: {'epoch': 124, 'time_epoch': 0.03051, 'loss': 3.13255358, 'lr': 0, 'params': 252377, 'time_iter': 0.03051, 'accuracy': 0.51535, 'f1': 0.50881, 'auc': 0.79152}
> Epoch 124: took 0.1s (avg 0.1s) | Best so far: epoch 34	train_loss: 0.5592 train_accuracy: 0.8590	val_loss: 1.2256 val_accuracy: 0.5871	test_loss: 1.3165 test_accuracy: 0.5461
train: {'epoch': 125, 'time_epoch': 0.05835, 'eta': 4.48445, 'eta_hours': 0.00125, 'loss': 0.03548291, 'lr': 0.00016883, 'params': 252377, 'time_iter': 0.05835, 'accuracy': 0.98535, 'f1': 0.98558, 'auc': 0.99972}
train: {'epoch': 126, 'time_epoch': 0.06151, 'eta': 4.42437, 'eta_hours': 0.00123, 'loss': 0.0375177, 'lr': 0.00016493, 'params': 252377, 'time_iter': 0.06151, 'accuracy': 0.98535, 'f1': 0.98558, 'auc': 0.99961}
train: {'epoch': 127, 'time_epoch': 0.05751, 'eta': 4.36202, 'eta_hours': 0.00121, 'loss': 0.03351254, 'lr': 0.00016105, 'params': 252377, 'time_iter': 0.05751, 'accuracy': 0.98626, 'f1': 0.98651, 'auc': 0.99971}
train: {'epoch': 128, 'time_epoch': 0.058, 'eta': 4.30001, 'eta_hours': 0.00119, 'loss': 0.03447493, 'lr': 0.0001572, 'params': 252377, 'time_iter': 0.058, 'accuracy': 0.9826, 'f1': 0.98292, 'auc': 0.9997}
train: {'epoch': 129, 'time_epoch': 0.05951, 'eta': 4.23888, 'eta_hours': 0.00118, 'loss': 0.03384206, 'lr': 0.00015338, 'params': 252377, 'time_iter': 0.05951, 'accuracy': 0.98352, 'f1': 0.98382, 'auc': 0.99969}
val: {'epoch': 129, 'time_epoch': 0.031, 'loss': 2.88095641, 'lr': 0, 'params': 252377, 'time_iter': 0.031, 'accuracy': 0.57339, 'f1': 0.56208, 'auc': 0.8082}
test: {'epoch': 129, 'time_epoch': 0.02951, 'loss': 3.15006137, 'lr': 0, 'params': 252377, 'time_iter': 0.02951, 'accuracy': 0.52412, 'f1': 0.51619, 'auc': 0.79167}
> Epoch 129: took 0.1s (avg 0.1s) | Best so far: epoch 34	train_loss: 0.5592 train_accuracy: 0.8590	val_loss: 1.2256 val_accuracy: 0.5871	test_loss: 1.3165 test_accuracy: 0.5461
train: {'epoch': 130, 'time_epoch': 0.059, 'eta': 4.1775, 'eta_hours': 0.00116, 'loss': 0.03501248, 'lr': 0.00014958, 'params': 252377, 'time_iter': 0.059, 'accuracy': 0.98443, 'f1': 0.98475, 'auc': 0.99966}
train: {'epoch': 131, 'time_epoch': 0.05651, 'eta': 4.11488, 'eta_hours': 0.00114, 'loss': 0.03765345, 'lr': 0.0001458, 'params': 252377, 'time_iter': 0.05651, 'accuracy': 0.98352, 'f1': 0.98381, 'auc': 0.99965}
train: {'epoch': 132, 'time_epoch': 0.06051, 'eta': 4.05437, 'eta_hours': 0.00113, 'loss': 0.03641107, 'lr': 0.00014206, 'params': 252377, 'time_iter': 0.06051, 'accuracy': 0.98443, 'f1': 0.98472, 'auc': 0.99964}
train: {'epoch': 133, 'time_epoch': 0.058, 'eta': 3.99261, 'eta_hours': 0.00111, 'loss': 0.03372738, 'lr': 0.00013835, 'params': 252377, 'time_iter': 0.058, 'accuracy': 0.98443, 'f1': 0.98474, 'auc': 0.99971}
train: {'epoch': 134, 'time_epoch': 0.05751, 'eta': 3.93068, 'eta_hours': 0.00109, 'loss': 0.03242042, 'lr': 0.00013466, 'params': 252377, 'time_iter': 0.05751, 'accuracy': 0.98535, 'f1': 0.98558, 'auc': 0.99974}
val: {'epoch': 134, 'time_epoch': 0.033, 'loss': 2.8754189, 'lr': 0, 'params': 252377, 'time_iter': 0.033, 'accuracy': 0.5679, 'f1': 0.55707, 'auc': 0.8082}
test: {'epoch': 134, 'time_epoch': 0.03151, 'loss': 3.15563035, 'lr': 0, 'params': 252377, 'time_iter': 0.03151, 'accuracy': 0.51754, 'f1': 0.51092, 'auc': 0.79141}
> Epoch 134: took 0.1s (avg 0.1s) | Best so far: epoch 34	train_loss: 0.5592 train_accuracy: 0.8590	val_loss: 1.2256 val_accuracy: 0.5871	test_loss: 1.3165 test_accuracy: 0.5461
train: {'epoch': 135, 'time_epoch': 0.058, 'eta': 3.86905, 'eta_hours': 0.00107, 'loss': 0.03609778, 'lr': 0.00013101, 'params': 252377, 'time_iter': 0.058, 'accuracy': 0.98535, 'f1': 0.98558, 'auc': 0.99971}
train: {'epoch': 136, 'time_epoch': 0.05751, 'eta': 3.80724, 'eta_hours': 0.00106, 'loss': 0.03269726, 'lr': 0.00012739, 'params': 252377, 'time_iter': 0.05751, 'accuracy': 0.98718, 'f1': 0.9874, 'auc': 0.99975}
train: {'epoch': 137, 'time_epoch': 0.058, 'eta': 3.74571, 'eta_hours': 0.00104, 'loss': 0.03420739, 'lr': 0.00012381, 'params': 252377, 'time_iter': 0.058, 'accuracy': 0.98626, 'f1': 0.98649, 'auc': 0.99972}
train: {'epoch': 138, 'time_epoch': 0.06, 'eta': 3.68512, 'eta_hours': 0.00102, 'loss': 0.03424174, 'lr': 0.00012026, 'params': 252377, 'time_iter': 0.06, 'accuracy': 0.98901, 'f1': 0.98921, 'auc': 0.99972}
train: {'epoch': 139, 'time_epoch': 0.05951, 'eta': 3.62432, 'eta_hours': 0.00101, 'loss': 0.04089599, 'lr': 0.00011674, 'params': 252377, 'time_iter': 0.05951, 'accuracy': 0.9826, 'f1': 0.98292, 'auc': 0.99954}
val: {'epoch': 139, 'time_epoch': 0.03, 'loss': 2.88495684, 'lr': 0, 'params': 252377, 'time_iter': 0.03, 'accuracy': 0.56653, 'f1': 0.55567, 'auc': 0.80793}
test: {'epoch': 139, 'time_epoch': 0.03073, 'loss': 3.16626453, 'lr': 0, 'params': 252377, 'time_iter': 0.03073, 'accuracy': 0.52193, 'f1': 0.51547, 'auc': 0.79163}
> Epoch 139: took 0.1s (avg 0.1s) | Best so far: epoch 34	train_loss: 0.5592 train_accuracy: 0.8590	val_loss: 1.2256 val_accuracy: 0.5871	test_loss: 1.3165 test_accuracy: 0.5461
train: {'epoch': 140, 'time_epoch': 0.057, 'eta': 3.56249, 'eta_hours': 0.00099, 'loss': 0.03899589, 'lr': 0.00011326, 'params': 252377, 'time_iter': 0.057, 'accuracy': 0.9826, 'f1': 0.98291, 'auc': 0.9996}
train: {'epoch': 141, 'time_epoch': 0.06351, 'eta': 3.50338, 'eta_hours': 0.00097, 'loss': 0.03686509, 'lr': 0.00010982, 'params': 252377, 'time_iter': 0.06351, 'accuracy': 0.98443, 'f1': 0.98467, 'auc': 0.99964}
train: {'epoch': 142, 'time_epoch': 0.058, 'eta': 3.44202, 'eta_hours': 0.00096, 'loss': 0.03737025, 'lr': 0.00010642, 'params': 252377, 'time_iter': 0.058, 'accuracy': 0.98443, 'f1': 0.98472, 'auc': 0.99965}
train: {'epoch': 143, 'time_epoch': 0.06051, 'eta': 3.38168, 'eta_hours': 0.00094, 'loss': 0.03484997, 'lr': 0.00010305, 'params': 252377, 'time_iter': 0.06051, 'accuracy': 0.98626, 'f1': 0.98649, 'auc': 0.9997}
train: {'epoch': 144, 'time_epoch': 0.05951, 'eta': 3.32096, 'eta_hours': 0.00092, 'loss': 0.03566742, 'lr': 9.973e-05, 'params': 252377, 'time_iter': 0.05951, 'accuracy': 0.98718, 'f1': 0.98742, 'auc': 0.99968}
val: {'epoch': 144, 'time_epoch': 0.03, 'loss': 2.88746715, 'lr': 0, 'params': 252377, 'time_iter': 0.03, 'accuracy': 0.56379, 'f1': 0.55235, 'auc': 0.80854}
test: {'epoch': 144, 'time_epoch': 0.031, 'loss': 3.17456913, 'lr': 0, 'params': 252377, 'time_iter': 0.031, 'accuracy': 0.52412, 'f1': 0.51687, 'auc': 0.79188}
> Epoch 144: took 0.1s (avg 0.1s) | Best so far: epoch 34	train_loss: 0.5592 train_accuracy: 0.8590	val_loss: 1.2256 val_accuracy: 0.5871	test_loss: 1.3165 test_accuracy: 0.5461
train: {'epoch': 145, 'time_epoch': 0.058, 'eta': 3.2597, 'eta_hours': 0.00091, 'loss': 0.0316122, 'lr': 9.645e-05, 'params': 252377, 'time_iter': 0.058, 'accuracy': 0.98626, 'f1': 0.98653, 'auc': 0.99971}
train: {'epoch': 146, 'time_epoch': 0.05751, 'eta': 3.1983, 'eta_hours': 0.00089, 'loss': 0.02984886, 'lr': 9.321e-05, 'params': 252377, 'time_iter': 0.05751, 'accuracy': 0.98718, 'f1': 0.98742, 'auc': 0.99977}
train: {'epoch': 147, 'time_epoch': 0.059, 'eta': 3.13748, 'eta_hours': 0.00087, 'loss': 0.03142997, 'lr': 9.001e-05, 'params': 252377, 'time_iter': 0.059, 'accuracy': 0.98443, 'f1': 0.98477, 'auc': 0.99969}
train: {'epoch': 148, 'time_epoch': 0.05951, 'eta': 3.07686, 'eta_hours': 0.00085, 'loss': 0.03433909, 'lr': 8.685e-05, 'params': 252377, 'time_iter': 0.05951, 'accuracy': 0.98626, 'f1': 0.98654, 'auc': 0.99969}
train: {'epoch': 149, 'time_epoch': 0.05751, 'eta': 3.01559, 'eta_hours': 0.00084, 'loss': 0.03516108, 'lr': 8.374e-05, 'params': 252377, 'time_iter': 0.05751, 'accuracy': 0.98626, 'f1': 0.98652, 'auc': 0.99967}
val: {'epoch': 149, 'time_epoch': 0.031, 'loss': 2.88296366, 'lr': 0, 'params': 252377, 'time_iter': 0.031, 'accuracy': 0.56379, 'f1': 0.55208, 'auc': 0.80874}
test: {'epoch': 149, 'time_epoch': 0.031, 'loss': 3.17387915, 'lr': 0, 'params': 252377, 'time_iter': 0.031, 'accuracy': 0.52193, 'f1': 0.51492, 'auc': 0.79166}
> Epoch 149: took 0.1s (avg 0.1s) | Best so far: epoch 34	train_loss: 0.5592 train_accuracy: 0.8590	val_loss: 1.2256 val_accuracy: 0.5871	test_loss: 1.3165 test_accuracy: 0.5461
train: {'epoch': 150, 'time_epoch': 0.05751, 'eta': 2.95437, 'eta_hours': 0.00082, 'loss': 0.0359, 'lr': 8.068e-05, 'params': 252377, 'time_iter': 0.05751, 'accuracy': 0.98168, 'f1': 0.98203, 'auc': 0.99967}
train: {'epoch': 151, 'time_epoch': 0.05951, 'eta': 2.89383, 'eta_hours': 0.0008, 'loss': 0.03112428, 'lr': 7.766e-05, 'params': 252377, 'time_iter': 0.05951, 'accuracy': 0.98718, 'f1': 0.98741, 'auc': 0.99976}
train: {'epoch': 152, 'time_epoch': 0.06, 'eta': 2.83345, 'eta_hours': 0.00079, 'loss': 0.0353892, 'lr': 7.469e-05, 'params': 252377, 'time_iter': 0.06, 'accuracy': 0.98718, 'f1': 0.98745, 'auc': 0.99964}
train: {'epoch': 153, 'time_epoch': 0.05951, 'eta': 2.77293, 'eta_hours': 0.00077, 'loss': 0.03226725, 'lr': 7.177e-05, 'params': 252377, 'time_iter': 0.05951, 'accuracy': 0.98626, 'f1': 0.98652, 'auc': 0.99971}
train: {'epoch': 154, 'time_epoch': 0.05951, 'eta': 2.71243, 'eta_hours': 0.00075, 'loss': 0.03909926, 'lr': 6.889e-05, 'params': 252377, 'time_iter': 0.05951, 'accuracy': 0.98077, 'f1': 0.98112, 'auc': 0.99958}
val: {'epoch': 154, 'time_epoch': 0.031, 'loss': 2.8795743, 'lr': 0, 'params': 252377, 'time_iter': 0.031, 'accuracy': 0.56104, 'f1': 0.55044, 'auc': 0.80849}
test: {'epoch': 154, 'time_epoch': 0.03, 'loss': 3.17099237, 'lr': 0, 'params': 252377, 'time_iter': 0.03, 'accuracy': 0.52412, 'f1': 0.51855, 'auc': 0.79143}
> Epoch 154: took 0.1s (avg 0.1s) | Best so far: epoch 34	train_loss: 0.5592 train_accuracy: 0.8590	val_loss: 1.2256 val_accuracy: 0.5871	test_loss: 1.3165 test_accuracy: 0.5461
train: {'epoch': 155, 'time_epoch': 0.05851, 'eta': 2.65165, 'eta_hours': 0.00074, 'loss': 0.04114728, 'lr': 6.607e-05, 'params': 252377, 'time_iter': 0.05851, 'accuracy': 0.98077, 'f1': 0.98106, 'auc': 0.99957}
train: {'epoch': 156, 'time_epoch': 0.05851, 'eta': 2.5909, 'eta_hours': 0.00072, 'loss': 0.03668362, 'lr': 6.329e-05, 'params': 252377, 'time_iter': 0.05851, 'accuracy': 0.98535, 'f1': 0.98558, 'auc': 0.9997}
train: {'epoch': 157, 'time_epoch': 0.06073, 'eta': 2.53078, 'eta_hours': 0.0007, 'loss': 0.03481403, 'lr': 6.057e-05, 'params': 252377, 'time_iter': 0.06073, 'accuracy': 0.9826, 'f1': 0.98292, 'auc': 0.99968}
train: {'epoch': 158, 'time_epoch': 0.05951, 'eta': 2.47033, 'eta_hours': 0.00069, 'loss': 0.04403212, 'lr': 5.79e-05, 'params': 252377, 'time_iter': 0.05951, 'accuracy': 0.98077, 'f1': 0.98112, 'auc': 0.99954}
train: {'epoch': 159, 'time_epoch': 0.06051, 'eta': 2.41014, 'eta_hours': 0.00067, 'loss': 0.03233549, 'lr': 5.528e-05, 'params': 252377, 'time_iter': 0.06051, 'accuracy': 0.98993, 'f1': 0.99008, 'auc': 0.99975}
val: {'epoch': 159, 'time_epoch': 0.031, 'loss': 2.88124323, 'lr': 0, 'params': 252377, 'time_iter': 0.031, 'accuracy': 0.56241, 'f1': 0.55173, 'auc': 0.80876}
test: {'epoch': 159, 'time_epoch': 0.03, 'loss': 3.17658162, 'lr': 0, 'params': 252377, 'time_iter': 0.03, 'accuracy': 0.51974, 'f1': 0.51356, 'auc': 0.79134}
> Epoch 159: took 0.1s (avg 0.1s) | Best so far: epoch 34	train_loss: 0.5592 train_accuracy: 0.8590	val_loss: 1.2256 val_accuracy: 0.5871	test_loss: 1.3165 test_accuracy: 0.5461
train: {'epoch': 160, 'time_epoch': 0.0585, 'eta': 2.34946, 'eta_hours': 0.00065, 'loss': 0.03540203, 'lr': 5.271e-05, 'params': 252377, 'time_iter': 0.0585, 'accuracy': 0.98535, 'f1': 0.98558, 'auc': 0.99967}
train: {'epoch': 161, 'time_epoch': 0.05701, 'eta': 2.28846, 'eta_hours': 0.00064, 'loss': 0.03335629, 'lr': 5.02e-05, 'params': 252377, 'time_iter': 0.05701, 'accuracy': 0.98352, 'f1': 0.98381, 'auc': 0.99971}
train: {'epoch': 162, 'time_epoch': 0.059, 'eta': 2.22796, 'eta_hours': 0.00062, 'loss': 0.03634546, 'lr': 4.775e-05, 'params': 252377, 'time_iter': 0.059, 'accuracy': 0.98443, 'f1': 0.98472, 'auc': 0.99961}
train: {'epoch': 163, 'time_epoch': 0.05751, 'eta': 2.16715, 'eta_hours': 0.0006, 'loss': 0.03239533, 'lr': 4.534e-05, 'params': 252377, 'time_iter': 0.05751, 'accuracy': 0.98443, 'f1': 0.98472, 'auc': 0.9997}
train: {'epoch': 164, 'time_epoch': 0.05751, 'eta': 2.10638, 'eta_hours': 0.00059, 'loss': 0.0303396, 'lr': 4.3e-05, 'params': 252377, 'time_iter': 0.05751, 'accuracy': 0.98626, 'f1': 0.98653, 'auc': 0.9998}
val: {'epoch': 164, 'time_epoch': 0.032, 'loss': 2.88639593, 'lr': 0, 'params': 252377, 'time_iter': 0.032, 'accuracy': 0.56241, 'f1': 0.55103, 'auc': 0.80908}
test: {'epoch': 164, 'time_epoch': 0.031, 'loss': 3.18404269, 'lr': 0, 'params': 252377, 'time_iter': 0.031, 'accuracy': 0.51974, 'f1': 0.51223, 'auc': 0.79166}
> Epoch 164: took 0.1s (avg 0.1s) | Best so far: epoch 34	train_loss: 0.5592 train_accuracy: 0.8590	val_loss: 1.2256 val_accuracy: 0.5871	test_loss: 1.3165 test_accuracy: 0.5461
train: {'epoch': 165, 'time_epoch': 0.05651, 'eta': 2.04545, 'eta_hours': 0.00057, 'loss': 0.03380114, 'lr': 4.071e-05, 'params': 252377, 'time_iter': 0.05651, 'accuracy': 0.98626, 'f1': 0.98654, 'auc': 0.99967}
train: {'epoch': 166, 'time_epoch': 0.0605, 'eta': 1.98535, 'eta_hours': 0.00055, 'loss': 0.04033002, 'lr': 3.848e-05, 'params': 252377, 'time_iter': 0.0605, 'accuracy': 0.98168, 'f1': 0.98203, 'auc': 0.99956}
train: {'epoch': 167, 'time_epoch': 0.058, 'eta': 1.92478, 'eta_hours': 0.00053, 'loss': 0.03201708, 'lr': 3.63e-05, 'params': 252377, 'time_iter': 0.058, 'accuracy': 0.98626, 'f1': 0.98654, 'auc': 0.9997}
train: {'epoch': 168, 'time_epoch': 0.06018, 'eta': 1.86464, 'eta_hours': 0.00052, 'loss': 0.0332631, 'lr': 3.419e-05, 'params': 252377, 'time_iter': 0.06018, 'accuracy': 0.98718, 'f1': 0.98743, 'auc': 0.99969}
train: {'epoch': 169, 'time_epoch': 0.058, 'eta': 1.80411, 'eta_hours': 0.0005, 'loss': 0.03379008, 'lr': 3.213e-05, 'params': 252377, 'time_iter': 0.058, 'accuracy': 0.9826, 'f1': 0.98294, 'auc': 0.99968}
val: {'epoch': 169, 'time_epoch': 0.032, 'loss': 2.88812208, 'lr': 0, 'params': 252377, 'time_iter': 0.032, 'accuracy': 0.56241, 'f1': 0.55103, 'auc': 0.80878}
test: {'epoch': 169, 'time_epoch': 0.03, 'loss': 3.18468523, 'lr': 0, 'params': 252377, 'time_iter': 0.03, 'accuracy': 0.52412, 'f1': 0.51692, 'auc': 0.79168}
> Epoch 169: took 0.1s (avg 0.1s) | Best so far: epoch 34	train_loss: 0.5592 train_accuracy: 0.8590	val_loss: 1.2256 val_accuracy: 0.5871	test_loss: 1.3165 test_accuracy: 0.5461
train: {'epoch': 170, 'time_epoch': 0.06051, 'eta': 1.74403, 'eta_hours': 0.00048, 'loss': 0.03563071, 'lr': 3.013e-05, 'params': 252377, 'time_iter': 0.06051, 'accuracy': 0.98352, 'f1': 0.98381, 'auc': 0.99961}
train: {'epoch': 171, 'time_epoch': 0.058, 'eta': 1.68355, 'eta_hours': 0.00047, 'loss': 0.03084865, 'lr': 2.819e-05, 'params': 252377, 'time_iter': 0.058, 'accuracy': 0.98352, 'f1': 0.9838, 'auc': 0.99975}
train: {'epoch': 172, 'time_epoch': 0.058, 'eta': 1.62309, 'eta_hours': 0.00045, 'loss': 0.03026089, 'lr': 2.632e-05, 'params': 252377, 'time_iter': 0.058, 'accuracy': 0.98535, 'f1': 0.98561, 'auc': 0.99976}
train: {'epoch': 173, 'time_epoch': 0.05751, 'eta': 1.56258, 'eta_hours': 0.00043, 'loss': 0.03897036, 'lr': 2.45e-05, 'params': 252377, 'time_iter': 0.05751, 'accuracy': 0.97985, 'f1': 0.98021, 'auc': 0.99964}
train: {'epoch': 174, 'time_epoch': 0.06, 'eta': 1.50247, 'eta_hours': 0.00042, 'loss': 0.03566674, 'lr': 2.275e-05, 'params': 252377, 'time_iter': 0.06, 'accuracy': 0.98535, 'f1': 0.98558, 'auc': 0.99966}
val: {'epoch': 174, 'time_epoch': 0.03122, 'loss': 2.88939428, 'lr': 0, 'params': 252377, 'time_iter': 0.03122, 'accuracy': 0.56241, 'f1': 0.55112, 'auc': 0.80869}
test: {'epoch': 174, 'time_epoch': 0.03, 'loss': 3.18516278, 'lr': 0, 'params': 252377, 'time_iter': 0.03, 'accuracy': 0.52851, 'f1': 0.52194, 'auc': 0.79165}
> Epoch 174: took 0.1s (avg 0.1s) | Best so far: epoch 34	train_loss: 0.5592 train_accuracy: 0.8590	val_loss: 1.2256 val_accuracy: 0.5871	test_loss: 1.3165 test_accuracy: 0.5461
train: {'epoch': 175, 'time_epoch': 0.05651, 'eta': 1.44188, 'eta_hours': 0.0004, 'loss': 0.03215025, 'lr': 2.106e-05, 'params': 252377, 'time_iter': 0.05651, 'accuracy': 0.98168, 'f1': 0.98204, 'auc': 0.99974}
train: {'epoch': 176, 'time_epoch': 0.058, 'eta': 1.38153, 'eta_hours': 0.00038, 'loss': 0.03616868, 'lr': 1.943e-05, 'params': 252377, 'time_iter': 0.058, 'accuracy': 0.98352, 'f1': 0.98377, 'auc': 0.99961}
train: {'epoch': 177, 'time_epoch': 0.05902, 'eta': 1.32134, 'eta_hours': 0.00037, 'loss': 0.02813397, 'lr': 1.786e-05, 'params': 252377, 'time_iter': 0.05902, 'accuracy': 0.99084, 'f1': 0.99101, 'auc': 0.9998}
train: {'epoch': 178, 'time_epoch': 0.05851, 'eta': 1.26109, 'eta_hours': 0.00035, 'loss': 0.02707872, 'lr': 1.636e-05, 'params': 252377, 'time_iter': 0.05851, 'accuracy': 0.9881, 'f1': 0.98828, 'auc': 0.9998}
train: {'epoch': 179, 'time_epoch': 0.06076, 'eta': 1.20112, 'eta_hours': 0.00033, 'loss': 0.03798308, 'lr': 1.492e-05, 'params': 252377, 'time_iter': 0.06076, 'accuracy': 0.9826, 'f1': 0.98293, 'auc': 0.99966}
val: {'epoch': 179, 'time_epoch': 0.0335, 'loss': 2.8905077, 'lr': 0, 'params': 252377, 'time_iter': 0.0335, 'accuracy': 0.56241, 'f1': 0.55112, 'auc': 0.80885}
test: {'epoch': 179, 'time_epoch': 0.032, 'loss': 3.18812561, 'lr': 0, 'params': 252377, 'time_iter': 0.032, 'accuracy': 0.52193, 'f1': 0.51498, 'auc': 0.79157}
> Epoch 179: took 0.1s (avg 0.1s) | Best so far: epoch 34	train_loss: 0.5592 train_accuracy: 0.8590	val_loss: 1.2256 val_accuracy: 0.5871	test_loss: 1.3165 test_accuracy: 0.5461
train: {'epoch': 180, 'time_epoch': 0.06151, 'eta': 1.14122, 'eta_hours': 0.00032, 'loss': 0.03209515, 'lr': 1.355e-05, 'params': 252377, 'time_iter': 0.06151, 'accuracy': 0.9826, 'f1': 0.98294, 'auc': 0.99972}
train: {'epoch': 181, 'time_epoch': 0.058, 'eta': 1.08095, 'eta_hours': 0.0003, 'loss': 0.03352001, 'lr': 1.224e-05, 'params': 252377, 'time_iter': 0.058, 'accuracy': 0.98535, 'f1': 0.98561, 'auc': 0.99966}
train: {'epoch': 182, 'time_epoch': 0.05851, 'eta': 1.02075, 'eta_hours': 0.00028, 'loss': 0.03938522, 'lr': 1.099e-05, 'params': 252377, 'time_iter': 0.05851, 'accuracy': 0.98168, 'f1': 0.982, 'auc': 0.99963}
train: {'epoch': 183, 'time_epoch': 0.05901, 'eta': 0.96062, 'eta_hours': 0.00027, 'loss': 0.03238598, 'lr': 9.81e-06, 'params': 252377, 'time_iter': 0.05901, 'accuracy': 0.98718, 'f1': 0.98741, 'auc': 0.99972}
train: {'epoch': 184, 'time_epoch': 0.058, 'eta': 0.90041, 'eta_hours': 0.00025, 'loss': 0.03912908, 'lr': 8.7e-06, 'params': 252377, 'time_iter': 0.058, 'accuracy': 0.98077, 'f1': 0.98112, 'auc': 0.99964}
val: {'epoch': 184, 'time_epoch': 0.03051, 'loss': 2.89129686, 'lr': 0, 'params': 252377, 'time_iter': 0.03051, 'accuracy': 0.56241, 'f1': 0.55112, 'auc': 0.80895}
test: {'epoch': 184, 'time_epoch': 0.03, 'loss': 3.18983603, 'lr': 0, 'params': 252377, 'time_iter': 0.03, 'accuracy': 0.51974, 'f1': 0.51223, 'auc': 0.79154}
> Epoch 184: took 0.1s (avg 0.1s) | Best so far: epoch 34	train_loss: 0.5592 train_accuracy: 0.8590	val_loss: 1.2256 val_accuracy: 0.5871	test_loss: 1.3165 test_accuracy: 0.5461
train: {'epoch': 185, 'time_epoch': 0.05751, 'eta': 0.8402, 'eta_hours': 0.00023, 'loss': 0.03145538, 'lr': 7.65e-06, 'params': 252377, 'time_iter': 0.05751, 'accuracy': 0.98718, 'f1': 0.98743, 'auc': 0.99972}
train: {'epoch': 186, 'time_epoch': 0.058, 'eta': 0.78004, 'eta_hours': 0.00022, 'loss': 0.03301515, 'lr': 6.67e-06, 'params': 252377, 'time_iter': 0.058, 'accuracy': 0.9826, 'f1': 0.98292, 'auc': 0.9997}
train: {'epoch': 187, 'time_epoch': 0.05951, 'eta': 0.72001, 'eta_hours': 0.0002, 'loss': 0.03370064, 'lr': 5.75e-06, 'params': 252377, 'time_iter': 0.05951, 'accuracy': 0.98626, 'f1': 0.98652, 'auc': 0.9997}
train: {'epoch': 188, 'time_epoch': 0.05651, 'eta': 0.6598, 'eta_hours': 0.00018, 'loss': 0.03127606, 'lr': 4.91e-06, 'params': 252377, 'time_iter': 0.05651, 'accuracy': 0.98993, 'f1': 0.99012, 'auc': 0.99973}
train: {'epoch': 189, 'time_epoch': 0.06, 'eta': 0.59982, 'eta_hours': 0.00017, 'loss': 0.03319703, 'lr': 4.12e-06, 'params': 252377, 'time_iter': 0.06, 'accuracy': 0.98718, 'f1': 0.98742, 'auc': 0.9997}
val: {'epoch': 189, 'time_epoch': 0.03051, 'loss': 2.89121032, 'lr': 0, 'params': 252377, 'time_iter': 0.03051, 'accuracy': 0.56241, 'f1': 0.55112, 'auc': 0.809}
test: {'epoch': 189, 'time_epoch': 0.03, 'loss': 3.19041848, 'lr': 0, 'params': 252377, 'time_iter': 0.03, 'accuracy': 0.51974, 'f1': 0.51223, 'auc': 0.79156}
> Epoch 189: took 0.1s (avg 0.1s) | Best so far: epoch 34	train_loss: 0.5592 train_accuracy: 0.8590	val_loss: 1.2256 val_accuracy: 0.5871	test_loss: 1.3165 test_accuracy: 0.5461
train: {'epoch': 190, 'time_epoch': 0.05651, 'eta': 0.53968, 'eta_hours': 0.00015, 'loss': 0.03773639, 'lr': 3.41e-06, 'params': 252377, 'time_iter': 0.05651, 'accuracy': 0.98352, 'f1': 0.98378, 'auc': 0.99963}
train: {'epoch': 191, 'time_epoch': 0.059, 'eta': 0.47967, 'eta_hours': 0.00013, 'loss': 0.03275345, 'lr': 2.76e-06, 'params': 252377, 'time_iter': 0.059, 'accuracy': 0.98626, 'f1': 0.98648, 'auc': 0.99972}
train: {'epoch': 192, 'time_epoch': 0.06451, 'eta': 0.41988, 'eta_hours': 0.00012, 'loss': 0.03183066, 'lr': 2.18e-06, 'params': 252377, 'time_iter': 0.06451, 'accuracy': 0.98443, 'f1': 0.98472, 'auc': 0.99977}
train: {'epoch': 193, 'time_epoch': 0.06351, 'eta': 0.36, 'eta_hours': 0.0001, 'loss': 0.03389053, 'lr': 1.67e-06, 'params': 252377, 'time_iter': 0.06351, 'accuracy': 0.98718, 'f1': 0.98739, 'auc': 0.99971}
train: {'epoch': 194, 'time_epoch': 0.06, 'eta': 0.3, 'eta_hours': 8e-05, 'loss': 0.03290516, 'lr': 1.23e-06, 'params': 252377, 'time_iter': 0.06, 'accuracy': 0.98718, 'f1': 0.9874, 'auc': 0.99968}
val: {'epoch': 194, 'time_epoch': 0.03379, 'loss': 2.89108539, 'lr': 0, 'params': 252377, 'time_iter': 0.03379, 'accuracy': 0.56241, 'f1': 0.55112, 'auc': 0.80902}
test: {'epoch': 194, 'time_epoch': 0.031, 'loss': 3.19062352, 'lr': 0, 'params': 252377, 'time_iter': 0.031, 'accuracy': 0.51974, 'f1': 0.51226, 'auc': 0.79156}
> Epoch 194: took 0.1s (avg 0.1s) | Best so far: epoch 34	train_loss: 0.5592 train_accuracy: 0.8590	val_loss: 1.2256 val_accuracy: 0.5871	test_loss: 1.3165 test_accuracy: 0.5461
train: {'epoch': 195, 'time_epoch': 0.05651, 'eta': 0.23993, 'eta_hours': 7e-05, 'loss': 0.02921416, 'lr': 8.5e-07, 'params': 252377, 'time_iter': 0.05651, 'accuracy': 0.9881, 'f1': 0.98833, 'auc': 0.99979}
train: {'epoch': 196, 'time_epoch': 0.059, 'eta': 0.17993, 'eta_hours': 5e-05, 'loss': 0.03409913, 'lr': 5.5e-07, 'params': 252377, 'time_iter': 0.059, 'accuracy': 0.98443, 'f1': 0.98471, 'auc': 0.99967}
train: {'epoch': 197, 'time_epoch': 0.05674, 'eta': 0.11992, 'eta_hours': 3e-05, 'loss': 0.03480932, 'lr': 3.1e-07, 'params': 252377, 'time_iter': 0.05674, 'accuracy': 0.98718, 'f1': 0.98745, 'auc': 0.99967}
train: {'epoch': 198, 'time_epoch': 0.0585, 'eta': 0.05995, 'eta_hours': 2e-05, 'loss': 0.03262219, 'lr': 1.4e-07, 'params': 252377, 'time_iter': 0.0585, 'accuracy': 0.98535, 'f1': 0.98558, 'auc': 0.99973}
train: {'epoch': 199, 'time_epoch': 0.06, 'eta': 0.0, 'eta_hours': 0.0, 'loss': 0.03449426, 'lr': 3e-08, 'params': 252377, 'time_iter': 0.06, 'accuracy': 0.98718, 'f1': 0.9874, 'auc': 0.99966}
val: {'epoch': 199, 'time_epoch': 0.03051, 'loss': 2.89102554, 'lr': 0, 'params': 252377, 'time_iter': 0.03051, 'accuracy': 0.56241, 'f1': 0.55112, 'auc': 0.80902}
test: {'epoch': 199, 'time_epoch': 0.031, 'loss': 3.19065499, 'lr': 0, 'params': 252377, 'time_iter': 0.031, 'accuracy': 0.51974, 'f1': 0.51226, 'auc': 0.79154}
> Epoch 199: took 0.1s (avg 0.1s) | Best so far: epoch 34	train_loss: 0.5592 train_accuracy: 0.8590	val_loss: 1.2256 val_accuracy: 0.5871	test_loss: 1.3165 test_accuracy: 0.5461
Avg time per epoch: 0.08s
Total train loop time: 0.00h
Task done, results saved in results\wn-chameleon-Graphormer\0
Results aggregated across runs saved in results\wn-chameleon-Graphormer\agg
[*] All done: 2026-06-06 18:41:52.432565
