[*] Run ID 0: seed=0, split_index=0
    Starting now: 2026-06-06 18:42:18.101984
[*] Loaded dataset 'squirrel' from 'PyG-WikipediaNetwork':
  Data(x=[5201, 2089], edge_index=[2, 217073], y=[5201], train_mask=[5201, 10], val_mask=[5201, 10], test_mask=[5201, 10])
  undirected: False
  num graphs: 1
  avg num_nodes/graph: 5201
  num node features: 2089
  num edge features: 0
  num classes: 5
Precomputing Positional Encoding statistics: ['GraphormerBias'] for all graphs...
  ...estimated to be undirected: False
Done! Took 00:03:07.60
GraphGymModule(
  (model): GraphormerModel(
    (encoder): FeatureEncoder(
      (node_encoder): Concat2NodeEncoder(
        (encoder1): LinearNodeEncoder(
          (encoder): Linear(in_features=2089, out_features=64, bias=True)
        )
        (encoder2): GraphormerEncoder(
          (0): BiasEncoder(
            (spatial_encoder): Embedding(21, 4)
            (edge_dis_encoder): Embedding(320, 1)
            (edge_encoder): Embedding(0, 4)
          )
          (1): NodeEncoder(
            (in_degree_encoder): Embedding(1885, 64)
            (out_degree_encoder): Embedding(265, 64)
            (input_dropout): Dropout(p=0.0, inplace=False)
          )
        )
      )
    )
    (layers): Sequential(
      (0): GraphormerLayer(
        (attention): MultiheadAttention(
          (out_proj): NonDynamicallyQuantizableLinear(in_features=64, out_features=64, bias=True)
        )
        (input_norm): LayerNorm((64,), eps=1e-05, elementwise_affine=True)
        (dropout): Dropout(p=0.2, inplace=False)
        (mlp): Sequential(
          (0): LayerNorm((64,), eps=1e-05, elementwise_affine=True)
          (1): Linear(in_features=64, out_features=64, bias=True)
          (2): GELU(approximate='none')
          (3): Dropout(p=0.2, inplace=False)
          (4): Linear(in_features=64, out_features=64, bias=True)
          (5): Dropout(p=0.2, inplace=False)
        )
      )
      (1): GraphormerLayer(
        (attention): MultiheadAttention(
          (out_proj): NonDynamicallyQuantizableLinear(in_features=64, out_features=64, bias=True)
        )
        (input_norm): LayerNorm((64,), eps=1e-05, elementwise_affine=True)
        (dropout): Dropout(p=0.2, inplace=False)
        (mlp): Sequential(
          (0): LayerNorm((64,), eps=1e-05, elementwise_affine=True)
          (1): Linear(in_features=64, out_features=64, bias=True)
          (2): GELU(approximate='none')
          (3): Dropout(p=0.2, inplace=False)
          (4): Linear(in_features=64, out_features=64, bias=True)
          (5): Dropout(p=0.2, inplace=False)
        )
      )
    )
    (post_mp): GNNNodeHead(
      (layer_post_mp): MLP(
        (model): Sequential(
          (0): Linear(
            (model): Linear(64, 5, bias=True)
          )
        )
      )
    )
  )
)
accelerator: cuda
benchmark: False
bn:
  eps: 1e-05
  mom: 0.1
cfg_dest: config.yaml
custom_metrics: []
dataset:
  cache_load: False
  cache_save: False
  dir: ./datasets
  edge_dim: 128
  edge_encoder: False
  edge_encoder_bn: False
  edge_encoder_name: DummyEdge
  edge_encoder_num_types: 0
  edge_message_ratio: 0.8
  edge_negative_sampling_ratio: 1.0
  edge_train_mode: all
  encoder: True
  encoder_bn: True
  encoder_dim: 128
  encoder_name: db
  format: PyG-WikipediaNetwork
  infer_link_label: None
  label_column: none
  label_table: none
  location: local
  name: squirrel
  node_encoder: True
  node_encoder_bn: False
  node_encoder_name: LinearNode+GraphormerBias
  node_encoder_num_types: 0
  remove_feature: False
  resample_disjoint: False
  resample_negative: False
  shuffle_split: True
  slic_compactness: 10
  split: [0.8, 0.1, 0.1]
  split_dir: ./splits
  split_index: 0
  split_mode: standard
  task: node
  task_type: classification
  to_undirected: False
  transductive: True
  transform: none
  tu_simple: True
devices: 1
example_arg: example
example_group:
  example_arg: example
gnn:
  act: gelu
  agg: mean
  att_final_linear: False
  att_final_linear_bn: False
  att_heads: 1
  batchnorm: True
  clear_feature: True
  dim_inner: 64
  dropout: 0.2
  head: node
  keep_edge: 0.5
  l2norm: True
  layer_type: generalconv
  layers_mp: 2
  layers_post_mp: 1
  layers_pre_mp: 0
  msg_direction: single
  normalize_adj: False
  residual: False
  self_msg: concat
  skip_every: 1
  stage_type: stack
gpu_mem: False
graphormer:
  attention_dropout: 0.0
  dropout: 0.2
  embed_dim: 64
  input_dropout: 0.0
  mlp_dropout: 0.2
  num_heads: 4
  num_layers: 2
  use_graph_token: False
gt:
  attn_dropout: 0.0
  batch_norm: True
  bigbird:
    add_cross_attention: False
    attention_type: block_sparse
    block_size: 3
    chunk_size_feed_forward: 0
    hidden_act: relu
    is_decoder: False
    layer_norm_eps: 1e-06
    max_position_embeddings: 128
    num_random_blocks: 3
    use_bias: False
  dim_hidden: 64
  dropout: 0.0
  full_graph: True
  gamma: 1e-05
  layer_norm: False
  layer_type: SANLayer
  layers: 3
  n_heads: 8
  pna_degrees: []
  residual: True
mem:
  inplace: False
metric_agg: argmax
metric_best: accuracy
model:
  edge_decoding: dot
  graph_pooling: add
  loss_fun: cross_entropy
  match_upper: True
  size_average: mean
  thresh: 0.5
  type: Graphormer
name_tag: 
num_threads: 6
num_workers: 0
optim:
  base_lr: 0.0005
  batch_accumulation: 1
  clip_grad_norm: True
  clip_grad_norm_value: 5.0
  lr_decay: 0.1
  max_epoch: 200
  min_lr: 0.0
  momentum: 0.9
  num_warmup_epochs: 10
  optimizer: adamW
  reduce_factor: 0.1
  schedule_patience: 10
  scheduler: cosine_with_warmup
  steps: [30, 60, 90]
  weight_decay: 1e-05
out_dir: results\wn-squirrel-Graphormer
posenc_ElstaticSE:
  dim_pe: 16
  enable: False
  kernel:
    times: []
    times_func: range(10)
  layers: 3
  model: none
  n_heads: 4
  pass_as_var: False
  post_layers: 0
  raw_norm_type: none
posenc_EquivStableLapPE:
  eigen:
    eigvec_norm: L2
    laplacian_norm: sym
    max_freqs: 10
  enable: False
  raw_norm_type: none
posenc_GraphormerBias:
  dim_pe: 0
  enable: True
  node_degrees_only: False
  num_in_degrees: 1885
  num_out_degrees: 265
  num_spatial_types: 20
posenc_HKdiagSE:
  dim_pe: 16
  enable: False
  kernel:
    times: []
    times_func: 
  layers: 3
  model: none
  n_heads: 4
  pass_as_var: False
  post_layers: 0
  raw_norm_type: none
posenc_LapPE:
  dim_pe: 16
  eigen:
    eigvec_norm: L2
    laplacian_norm: sym
    max_freqs: 10
  enable: False
  layers: 3
  model: none
  n_heads: 4
  pass_as_var: False
  post_layers: 0
  raw_norm_type: none
posenc_RWSE:
  dim_pe: 16
  enable: False
  kernel:
    times: []
    times_func: 
  layers: 3
  model: none
  n_heads: 4
  pass_as_var: False
  post_layers: 0
  raw_norm_type: none
posenc_SignNet:
  dim_pe: 16
  eigen:
    eigvec_norm: L2
    laplacian_norm: sym
    max_freqs: 10
  enable: False
  layers: 3
  model: none
  n_heads: 4
  pass_as_var: False
  phi_hidden_dim: 64
  phi_out_dim: 4
  post_layers: 0
  raw_norm_type: none
pretrained:
  dir: 
  freeze_main: False
  reset_prediction_head: True
print: both
round: 5
run_dir: results\wn-squirrel-Graphormer\0
run_id: 0
run_multiple_splits: []
seed: 0
share:
  dim_in: 2089
  dim_out: 5
  num_splits: 3
tensorboard_agg: True
tensorboard_each_run: False
train:
  auto_resume: False
  batch_size: 16
  ckpt_best: False
  ckpt_clean: True
  ckpt_period: 100
  enable_ckpt: False
  epoch_resume: -1
  eval_period: 5
  iter_per_epoch: 32
  mode: custom
  neighbor_sizes: [20, 15, 10, 5]
  node_per_graph: 32
  radius: extend
  sample_node: False
  sampler: full_batch
  skip_train_eval: False
  walk_length: 4
val:
  node_per_graph: 32
  radius: extend
  sample_node: False
  sampler: full_batch
view_emb: False
wandb:
  entity: gtransformers
  name: 
  project: WN-squirrel
  use: False
Num parameters: 322521
Start from epoch 0
train: {'epoch': 0, 'time_epoch': 0.62855, 'eta': 125.08189, 'eta_hours': 0.03474, 'loss': 1.63615417, 'lr': 0.0, 'params': 322521, 'time_iter': 0.62855, 'accuracy': 0.21514, 'f1': 0.18226, 'auc': 0.51371}
...computing epoch stats took: 0.04s
val: {'epoch': 0, 'time_epoch': 0.15302, 'loss': 1.62325466, 'lr': 0, 'params': 322521, 'time_iter': 0.15302, 'accuracy': 0.20132, 'f1': 0.1538, 'auc': 0.5332}
...computing epoch stats took: 0.01s
test: {'epoch': 0, 'time_epoch': 0.15293, 'loss': 1.62544894, 'lr': 0, 'params': 322521, 'time_iter': 0.15293, 'accuracy': 0.18444, 'f1': 0.13869, 'auc': 0.51476}
...computing epoch stats took: 0.01s
> Epoch 0: took 1.0s (avg 1.0s) | Best so far: epoch 0	train_loss: 1.6362 train_accuracy: 0.2151	val_loss: 1.6233 val_accuracy: 0.2013	test_loss: 1.6254 test_accuracy: 0.1844
train: {'epoch': 1, 'time_epoch': 0.29203, 'eta': 91.13786, 'eta_hours': 0.02532, 'loss': 1.64432526, 'lr': 5e-05, 'params': 322521, 'time_iter': 0.29203, 'accuracy': 0.19111, 'f1': 0.15693, 'auc': 0.49576}
...computing epoch stats took: 0.01s
train: {'epoch': 2, 'time_epoch': 0.29652, 'eta': 79.92289, 'eta_hours': 0.0222, 'loss': 1.63296425, 'lr': 0.0001, 'params': 322521, 'time_iter': 0.29652, 'accuracy': 0.18189, 'f1': 0.15467, 'auc': 0.50369}
...computing epoch stats took: 0.01s
train: {'epoch': 3, 'time_epoch': 0.29544, 'eta': 74.11442, 'eta_hours': 0.02059, 'loss': 1.62648273, 'lr': 0.00015, 'params': 322521, 'time_iter': 0.29544, 'accuracy': 0.21034, 'f1': 0.18775, 'auc': 0.50796}
train: {'epoch': 4, 'time_epoch': 0.29603, 'eta': 70.53411, 'eta_hours': 0.01959, 'loss': 1.6173929, 'lr': 0.0002, 'params': 322521, 'time_iter': 0.29603, 'accuracy': 0.21755, 'f1': 0.20221, 'auc': 0.519}
val: {'epoch': 4, 'time_epoch': 0.15168, 'loss': 1.61991227, 'lr': 0, 'params': 322521, 'time_iter': 0.15168, 'accuracy': 0.19591, 'f1': 0.06763, 'auc': 0.56902}
test: {'epoch': 4, 'time_epoch': 0.15171, 'loss': 1.62247646, 'lr': 0, 'params': 322521, 'time_iter': 0.15171, 'accuracy': 0.19116, 'f1': 0.0643, 'auc': 0.55903}
> Epoch 4: took 0.6s (avg 0.5s) | Best so far: epoch 0	train_loss: 1.6362 train_accuracy: 0.2151	val_loss: 1.6233 val_accuracy: 0.2013	test_loss: 1.6254 test_accuracy: 0.1844
train: {'epoch': 5, 'time_epoch': 0.29603, 'eta': 68.04866, 'eta_hours': 0.0189, 'loss': 1.61468732, 'lr': 0.00025, 'params': 322521, 'time_iter': 0.29603, 'accuracy': 0.23077, 'f1': 0.18835, 'auc': 0.5384}
train: {'epoch': 6, 'time_epoch': 0.28652, 'eta': 65.92656, 'eta_hours': 0.01831, 'loss': 1.61993325, 'lr': 0.0003, 'params': 322521, 'time_iter': 0.28652, 'accuracy': 0.22196, 'f1': 0.17651, 'auc': 0.53228}
train: {'epoch': 7, 'time_epoch': 0.29061, 'eta': 64.36156, 'eta_hours': 0.01788, 'loss': 1.60541737, 'lr': 0.00035, 'params': 322521, 'time_iter': 0.29061, 'accuracy': 0.24038, 'f1': 0.21448, 'auc': 0.56034}
train: {'epoch': 8, 'time_epoch': 0.2882, 'eta': 63.02856, 'eta_hours': 0.01751, 'loss': 1.59404612, 'lr': 0.0004, 'params': 322521, 'time_iter': 0.2882, 'accuracy': 0.26002, 'f1': 0.23705, 'auc': 0.57385}
train: {'epoch': 9, 'time_epoch': 0.28652, 'eta': 61.87264, 'eta_hours': 0.01719, 'loss': 1.58567381, 'lr': 0.00045, 'params': 322521, 'time_iter': 0.28652, 'accuracy': 0.26122, 'f1': 0.23489, 'auc': 0.58579}
val: {'epoch': 9, 'time_epoch': 0.14501, 'loss': 1.59083915, 'lr': 0, 'params': 322521, 'time_iter': 0.14501, 'accuracy': 0.24099, 'f1': 0.18268, 'auc': 0.64797}
test: {'epoch': 9, 'time_epoch': 0.14651, 'loss': 1.5870744, 'lr': 0, 'params': 322521, 'time_iter': 0.14651, 'accuracy': 0.26513, 'f1': 0.20179, 'auc': 0.65048}
> Epoch 9: took 0.6s (avg 0.4s) | Best so far: epoch 9	train_loss: 1.5857 train_accuracy: 0.2612	val_loss: 1.5908 val_accuracy: 0.2410	test_loss: 1.5871 test_accuracy: 0.2651
train: {'epoch': 10, 'time_epoch': 0.28802, 'eta': 60.90047, 'eta_hours': 0.01692, 'loss': 1.58219397, 'lr': 0.0005, 'params': 322521, 'time_iter': 0.28802, 'accuracy': 0.25441, 'f1': 0.22628, 'auc': 0.59819}
train: {'epoch': 11, 'time_epoch': 0.28728, 'eta': 60.03083, 'eta_hours': 0.01668, 'loss': 1.56802201, 'lr': 0.00049997, 'params': 322521, 'time_iter': 0.28728, 'accuracy': 0.27003, 'f1': 0.24027, 'auc': 0.62043}
train: {'epoch': 12, 'time_epoch': 0.28802, 'eta': 59.26143, 'eta_hours': 0.01646, 'loss': 1.55717707, 'lr': 0.00049986, 'params': 322521, 'time_iter': 0.28802, 'accuracy': 0.29688, 'f1': 0.27369, 'auc': 0.631}
train: {'epoch': 13, 'time_epoch': 0.28803, 'eta': 58.56087, 'eta_hours': 0.01627, 'loss': 1.53809059, 'lr': 0.00049969, 'params': 322521, 'time_iter': 0.28803, 'accuracy': 0.32412, 'f1': 0.31782, 'auc': 0.6543}
train: {'epoch': 14, 'time_epoch': 0.28652, 'eta': 57.89671, 'eta_hours': 0.01608, 'loss': 1.52504647, 'lr': 0.00049945, 'params': 322521, 'time_iter': 0.28652, 'accuracy': 0.34295, 'f1': 0.34293, 'auc': 0.66967}
val: {'epoch': 14, 'time_epoch': 0.14433, 'loss': 1.53196716, 'lr': 0, 'params': 322521, 'time_iter': 0.14433, 'accuracy': 0.34856, 'f1': 0.26753, 'auc': 0.68641}
test: {'epoch': 14, 'time_epoch': 0.14451, 'loss': 1.52999532, 'lr': 0, 'params': 322521, 'time_iter': 0.14451, 'accuracy': 0.34486, 'f1': 0.26462, 'auc': 0.68721}
> Epoch 14: took 0.6s (avg 0.4s) | Best so far: epoch 14	train_loss: 1.5250 train_accuracy: 0.3429	val_loss: 1.5320 val_accuracy: 0.3486	test_loss: 1.5300 test_accuracy: 0.3449
train: {'epoch': 15, 'time_epoch': 0.28903, 'eta': 57.30864, 'eta_hours': 0.01592, 'loss': 1.51255357, 'lr': 0.00049915, 'params': 322521, 'time_iter': 0.28903, 'accuracy': 0.34014, 'f1': 0.33362, 'auc': 0.68559}
train: {'epoch': 16, 'time_epoch': 0.28797, 'eta': 56.74428, 'eta_hours': 0.01576, 'loss': 1.48804247, 'lr': 0.00049877, 'params': 322521, 'time_iter': 0.28797, 'accuracy': 0.35296, 'f1': 0.34162, 'auc': 0.70767}
train: {'epoch': 17, 'time_epoch': 0.28752, 'eta': 56.20612, 'eta_hours': 0.01561, 'loss': 1.46049988, 'lr': 0.00049833, 'params': 322521, 'time_iter': 0.28752, 'accuracy': 0.39503, 'f1': 0.38895, 'auc': 0.73171}
train: {'epoch': 18, 'time_epoch': 0.28752, 'eta': 55.69437, 'eta_hours': 0.01547, 'loss': 1.43163991, 'lr': 0.00049782, 'params': 322521, 'time_iter': 0.28752, 'accuracy': 0.39944, 'f1': 0.3925, 'auc': 0.74531}
train: {'epoch': 19, 'time_epoch': 0.28852, 'eta': 55.21403, 'eta_hours': 0.01534, 'loss': 1.40082574, 'lr': 0.00049724, 'params': 322521, 'time_iter': 0.28852, 'accuracy': 0.40585, 'f1': 0.396, 'auc': 0.76201}
val: {'epoch': 19, 'time_epoch': 0.15452, 'loss': 1.44793868, 'lr': 0, 'params': 322521, 'time_iter': 0.15452, 'accuracy': 0.33594, 'f1': 0.28156, 'auc': 0.70254}
test: {'epoch': 19, 'time_epoch': 0.14628, 'loss': 1.44195318, 'lr': 0, 'params': 322521, 'time_iter': 0.14628, 'accuracy': 0.31508, 'f1': 0.26117, 'auc': 0.70351}
> Epoch 19: took 0.6s (avg 0.4s) | Best so far: epoch 14	train_loss: 1.5250 train_accuracy: 0.3429	val_loss: 1.5320 val_accuracy: 0.3486	test_loss: 1.5300 test_accuracy: 0.3449
train: {'epoch': 20, 'time_epoch': 0.29002, 'eta': 54.76475, 'eta_hours': 0.01521, 'loss': 1.36867046, 'lr': 0.00049659, 'params': 322521, 'time_iter': 0.29002, 'accuracy': 0.43189, 'f1': 0.41923, 'auc': 0.77541}
train: {'epoch': 21, 'time_epoch': 0.28881, 'eta': 54.3201, 'eta_hours': 0.01509, 'loss': 1.3402344, 'lr': 0.00049588, 'params': 322521, 'time_iter': 0.28881, 'accuracy': 0.45753, 'f1': 0.44296, 'auc': 0.78523}
train: {'epoch': 22, 'time_epoch': 0.29052, 'eta': 53.90219, 'eta_hours': 0.01497, 'loss': 1.31040978, 'lr': 0.00049509, 'params': 322521, 'time_iter': 0.29052, 'accuracy': 0.46675, 'f1': 0.45772, 'auc': 0.79135}
train: {'epoch': 23, 'time_epoch': 0.28752, 'eta': 53.4729, 'eta_hours': 0.01485, 'loss': 1.27831399, 'lr': 0.00049425, 'params': 322521, 'time_iter': 0.28752, 'accuracy': 0.46955, 'f1': 0.45976, 'auc': 0.80043}
train: {'epoch': 24, 'time_epoch': 0.28805, 'eta': 53.05867, 'eta_hours': 0.01474, 'loss': 1.24524152, 'lr': 0.00049333, 'params': 322521, 'time_iter': 0.28805, 'accuracy': 0.49359, 'f1': 0.48595, 'auc': 0.81148}
val: {'epoch': 24, 'time_epoch': 0.14402, 'loss': 1.41795242, 'lr': 0, 'params': 322521, 'time_iter': 0.14402, 'accuracy': 0.38702, 'f1': 0.36351, 'auc': 0.71495}
test: {'epoch': 24, 'time_epoch': 0.14571, 'loss': 1.40006864, 'lr': 0, 'params': 322521, 'time_iter': 0.14571, 'accuracy': 0.38136, 'f1': 0.35673, 'auc': 0.71968}
> Epoch 24: took 0.6s (avg 0.4s) | Best so far: epoch 24	train_loss: 1.2452 train_accuracy: 0.4936	val_loss: 1.4180 val_accuracy: 0.3870	test_loss: 1.4001 test_accuracy: 0.3814
train: {'epoch': 25, 'time_epoch': 0.28803, 'eta': 52.65403, 'eta_hours': 0.01463, 'loss': 1.20944822, 'lr': 0.00049235, 'params': 322521, 'time_iter': 0.28803, 'accuracy': 0.51603, 'f1': 0.50739, 'auc': 0.8228}
train: {'epoch': 26, 'time_epoch': 0.28652, 'eta': 52.24834, 'eta_hours': 0.01451, 'loss': 1.17327249, 'lr': 0.0004913, 'params': 322521, 'time_iter': 0.28652, 'accuracy': 0.52684, 'f1': 0.51861, 'auc': 0.83427}
train: {'epoch': 27, 'time_epoch': 0.28822, 'eta': 51.86163, 'eta_hours': 0.01441, 'loss': 1.13482845, 'lr': 0.00049019, 'params': 322521, 'time_iter': 0.28822, 'accuracy': 0.54167, 'f1': 0.53523, 'auc': 0.84694}
train: {'epoch': 28, 'time_epoch': 0.28752, 'eta': 51.47754, 'eta_hours': 0.0143, 'loss': 1.09390855, 'lr': 0.00048901, 'params': 322521, 'time_iter': 0.28752, 'accuracy': 0.5601, 'f1': 0.5535, 'auc': 0.85979}
train: {'epoch': 29, 'time_epoch': 0.28795, 'eta': 51.10235, 'eta_hours': 0.0142, 'loss': 1.0591526, 'lr': 0.00048776, 'params': 322521, 'time_iter': 0.28795, 'accuracy': 0.58694, 'f1': 0.57939, 'auc': 0.86811}
val: {'epoch': 29, 'time_epoch': 0.14901, 'loss': 1.46565425, 'lr': 0, 'params': 322521, 'time_iter': 0.14901, 'accuracy': 0.42067, 'f1': 0.39605, 'auc': 0.72548}
test: {'epoch': 29, 'time_epoch': 0.14552, 'loss': 1.43014312, 'lr': 0, 'params': 322521, 'time_iter': 0.14552, 'accuracy': 0.40154, 'f1': 0.38074, 'auc': 0.7315}
> Epoch 29: took 0.6s (avg 0.4s) | Best so far: epoch 29	train_loss: 1.0592 train_accuracy: 0.5869	val_loss: 1.4657 val_accuracy: 0.4207	test_loss: 1.4301 test_accuracy: 0.4015
train: {'epoch': 30, 'time_epoch': 0.29142, 'eta': 50.7517, 'eta_hours': 0.0141, 'loss': 1.024701, 'lr': 0.00048645, 'params': 322521, 'time_iter': 0.29142, 'accuracy': 0.59295, 'f1': 0.58763, 'auc': 0.87582}
train: {'epoch': 31, 'time_epoch': 0.29703, 'eta': 50.43421, 'eta_hours': 0.01401, 'loss': 0.98254824, 'lr': 0.00048508, 'params': 322521, 'time_iter': 0.29703, 'accuracy': 0.60857, 'f1': 0.60337, 'auc': 0.88696}
train: {'epoch': 32, 'time_epoch': 0.29092, 'eta': 50.08703, 'eta_hours': 0.01391, 'loss': 0.94664669, 'lr': 0.00048364, 'params': 322521, 'time_iter': 0.29092, 'accuracy': 0.63381, 'f1': 0.631, 'auc': 0.89589}
train: {'epoch': 33, 'time_epoch': 0.28899, 'eta': 49.73375, 'eta_hours': 0.01381, 'loss': 0.90112901, 'lr': 0.00048214, 'params': 322521, 'time_iter': 0.28899, 'accuracy': 0.67027, 'f1': 0.66816, 'auc': 0.90951}
train: {'epoch': 34, 'time_epoch': 0.28802, 'eta': 49.37954, 'eta_hours': 0.01372, 'loss': 0.86977094, 'lr': 0.00048057, 'params': 322521, 'time_iter': 0.28802, 'accuracy': 0.67348, 'f1': 0.67184, 'auc': 0.9126}
val: {'epoch': 34, 'time_epoch': 0.14601, 'loss': 1.60713053, 'lr': 0, 'params': 322521, 'time_iter': 0.14601, 'accuracy': 0.41526, 'f1': 0.40639, 'auc': 0.71994}
test: {'epoch': 34, 'time_epoch': 0.14451, 'loss': 1.54293168, 'lr': 0, 'params': 322521, 'time_iter': 0.14451, 'accuracy': 0.41402, 'f1': 0.40747, 'auc': 0.73132}
> Epoch 34: took 0.6s (avg 0.4s) | Best so far: epoch 29	train_loss: 1.0592 train_accuracy: 0.5869	val_loss: 1.4657 val_accuracy: 0.4207	test_loss: 1.4301 test_accuracy: 0.4015
train: {'epoch': 35, 'time_epoch': 0.288, 'eta': 49.02894, 'eta_hours': 0.01362, 'loss': 0.82308108, 'lr': 0.00047894, 'params': 322521, 'time_iter': 0.288, 'accuracy': 0.70553, 'f1': 0.70325, 'auc': 0.92298}
train: {'epoch': 36, 'time_epoch': 0.28853, 'eta': 48.68404, 'eta_hours': 0.01352, 'loss': 0.78531569, 'lr': 0.00047725, 'params': 322521, 'time_iter': 0.28853, 'accuracy': 0.71514, 'f1': 0.71187, 'auc': 0.93018}
train: {'epoch': 37, 'time_epoch': 0.2887, 'eta': 48.34285, 'eta_hours': 0.01343, 'loss': 0.74297357, 'lr': 0.0004755, 'params': 322521, 'time_iter': 0.2887, 'accuracy': 0.73277, 'f1': 0.73064, 'auc': 0.9365}
train: {'epoch': 38, 'time_epoch': 0.28718, 'eta': 47.99806, 'eta_hours': 0.01333, 'loss': 0.71235359, 'lr': 0.00047368, 'params': 322521, 'time_iter': 0.28718, 'accuracy': 0.75441, 'f1': 0.75339, 'auc': 0.93942}
train: {'epoch': 39, 'time_epoch': 0.2877, 'eta': 47.65825, 'eta_hours': 0.01324, 'loss': 0.67190021, 'lr': 0.00047181, 'params': 322521, 'time_iter': 0.2877, 'accuracy': 0.76202, 'f1': 0.76023, 'auc': 0.94531}
val: {'epoch': 39, 'time_epoch': 0.1453, 'loss': 1.86791539, 'lr': 0, 'params': 322521, 'time_iter': 0.1453, 'accuracy': 0.42308, 'f1': 0.41955, 'auc': 0.71459}
test: {'epoch': 39, 'time_epoch': 0.14651, 'loss': 1.76539397, 'lr': 0, 'params': 322521, 'time_iter': 0.14651, 'accuracy': 0.41306, 'f1': 0.41055, 'auc': 0.73233}
> Epoch 39: took 0.6s (avg 0.4s) | Best so far: epoch 39	train_loss: 0.6719 train_accuracy: 0.7620	val_loss: 1.8679 val_accuracy: 0.4231	test_loss: 1.7654 test_accuracy: 0.4131
train: {'epoch': 40, 'time_epoch': 0.28813, 'eta': 47.32263, 'eta_hours': 0.01315, 'loss': 0.63476336, 'lr': 0.00046987, 'params': 322521, 'time_iter': 0.28813, 'accuracy': 0.77604, 'f1': 0.77477, 'auc': 0.94967}
train: {'epoch': 41, 'time_epoch': 0.2888, 'eta': 46.99179, 'eta_hours': 0.01305, 'loss': 0.60203749, 'lr': 0.00046787, 'params': 322521, 'time_iter': 0.2888, 'accuracy': 0.79167, 'f1': 0.7909, 'auc': 0.95388}
train: {'epoch': 42, 'time_epoch': 0.28803, 'eta': 46.66011, 'eta_hours': 0.01296, 'loss': 0.56283939, 'lr': 0.00046581, 'params': 322521, 'time_iter': 0.28803, 'accuracy': 0.8097, 'f1': 0.80821, 'auc': 0.96075}
train: {'epoch': 43, 'time_epoch': 0.28587, 'eta': 46.32275, 'eta_hours': 0.01287, 'loss': 0.53357697, 'lr': 0.0004637, 'params': 322521, 'time_iter': 0.28587, 'accuracy': 0.81931, 'f1': 0.81784, 'auc': 0.96246}
train: {'epoch': 44, 'time_epoch': 0.28826, 'eta': 45.99591, 'eta_hours': 0.01278, 'loss': 0.50999349, 'lr': 0.00046152, 'params': 322521, 'time_iter': 0.28826, 'accuracy': 0.83093, 'f1': 0.8297, 'auc': 0.96425}
val: {'epoch': 44, 'time_epoch': 0.14451, 'loss': 2.15869761, 'lr': 0, 'params': 322521, 'time_iter': 0.14451, 'accuracy': 0.41707, 'f1': 0.41338, 'auc': 0.71077}
test: {'epoch': 44, 'time_epoch': 0.14502, 'loss': 2.03986907, 'lr': 0, 'params': 322521, 'time_iter': 0.14502, 'accuracy': 0.42075, 'f1': 0.41632, 'auc': 0.72958}
> Epoch 44: took 0.6s (avg 0.4s) | Best so far: epoch 39	train_loss: 0.6719 train_accuracy: 0.7620	val_loss: 1.8679 val_accuracy: 0.4231	test_loss: 1.7654 test_accuracy: 0.4131
train: {'epoch': 45, 'time_epoch': 0.28852, 'eta': 45.67163, 'eta_hours': 0.01269, 'loss': 0.47710878, 'lr': 0.00045929, 'params': 322521, 'time_iter': 0.28852, 'accuracy': 0.84335, 'f1': 0.84256, 'auc': 0.96835}
train: {'epoch': 46, 'time_epoch': 0.2867, 'eta': 45.34292, 'eta_hours': 0.0126, 'loss': 0.45026129, 'lr': 0.000457, 'params': 322521, 'time_iter': 0.2867, 'accuracy': 0.85216, 'f1': 0.85143, 'auc': 0.97099}
train: {'epoch': 47, 'time_epoch': 0.28952, 'eta': 45.02491, 'eta_hours': 0.01251, 'loss': 0.41606238, 'lr': 0.00045466, 'params': 322521, 'time_iter': 0.28952, 'accuracy': 0.86498, 'f1': 0.86409, 'auc': 0.97402}
train: {'epoch': 48, 'time_epoch': 0.28903, 'eta': 44.70653, 'eta_hours': 0.01242, 'loss': 0.39853474, 'lr': 0.00045225, 'params': 322521, 'time_iter': 0.28903, 'accuracy': 0.86779, 'f1': 0.86642, 'auc': 0.97479}
train: {'epoch': 49, 'time_epoch': 0.28652, 'eta': 44.38181, 'eta_hours': 0.01233, 'loss': 0.3725341, 'lr': 0.0004498, 'params': 322521, 'time_iter': 0.28652, 'accuracy': 0.88582, 'f1': 0.88515, 'auc': 0.97783}
val: {'epoch': 49, 'time_epoch': 0.14451, 'loss': 2.43229508, 'lr': 0, 'params': 322521, 'time_iter': 0.14451, 'accuracy': 0.41466, 'f1': 0.4095, 'auc': 0.70897}
test: {'epoch': 49, 'time_epoch': 0.14602, 'loss': 2.30856133, 'lr': 0, 'params': 322521, 'time_iter': 0.14602, 'accuracy': 0.43132, 'f1': 0.42594, 'auc': 0.72679}
> Epoch 49: took 0.6s (avg 0.4s) | Best so far: epoch 39	train_loss: 0.6719 train_accuracy: 0.7620	val_loss: 1.8679 val_accuracy: 0.4231	test_loss: 1.7654 test_accuracy: 0.4131
train: {'epoch': 50, 'time_epoch': 0.29445, 'eta': 44.08176, 'eta_hours': 0.01224, 'loss': 0.35169181, 'lr': 0.00044729, 'params': 322521, 'time_iter': 0.29445, 'accuracy': 0.88822, 'f1': 0.88742, 'auc': 0.97867}
train: {'epoch': 51, 'time_epoch': 0.28902, 'eta': 43.76648, 'eta_hours': 0.01216, 'loss': 0.33638677, 'lr': 0.00044472, 'params': 322521, 'time_iter': 0.28902, 'accuracy': 0.89423, 'f1': 0.89332, 'auc': 0.9801}
train: {'epoch': 52, 'time_epoch': 0.28701, 'eta': 43.44662, 'eta_hours': 0.01207, 'loss': 0.3189778, 'lr': 0.0004421, 'params': 322521, 'time_iter': 0.28701, 'accuracy': 0.89543, 'f1': 0.89429, 'auc': 0.98122}
train: {'epoch': 53, 'time_epoch': 0.28802, 'eta': 43.13068, 'eta_hours': 0.01198, 'loss': 0.29448476, 'lr': 0.00043943, 'params': 322521, 'time_iter': 0.28802, 'accuracy': 0.91186, 'f1': 0.91104, 'auc': 0.98356}
train: {'epoch': 54, 'time_epoch': 0.28852, 'eta': 42.81709, 'eta_hours': 0.01189, 'loss': 0.28267112, 'lr': 0.00043671, 'params': 322521, 'time_iter': 0.28852, 'accuracy': 0.91787, 'f1': 0.91722, 'auc': 0.98421}
val: {'epoch': 54, 'time_epoch': 0.14472, 'loss': 2.714926, 'lr': 0, 'params': 322521, 'time_iter': 0.14472, 'accuracy': 0.41707, 'f1': 0.41393, 'auc': 0.70774}
test: {'epoch': 54, 'time_epoch': 0.14402, 'loss': 2.55564618, 'lr': 0, 'params': 322521, 'time_iter': 0.14402, 'accuracy': 0.43036, 'f1': 0.42714, 'auc': 0.72555}
> Epoch 54: took 0.6s (avg 0.4s) | Best so far: epoch 39	train_loss: 0.6719 train_accuracy: 0.7620	val_loss: 1.8679 val_accuracy: 0.4231	test_loss: 1.7654 test_accuracy: 0.4131
train: {'epoch': 55, 'time_epoch': 0.28793, 'eta': 42.50287, 'eta_hours': 0.01181, 'loss': 0.25832167, 'lr': 0.00043393, 'params': 322521, 'time_iter': 0.28793, 'accuracy': 0.92388, 'f1': 0.92328, 'auc': 0.987}
train: {'epoch': 56, 'time_epoch': 0.28903, 'eta': 42.19233, 'eta_hours': 0.01172, 'loss': 0.24992993, 'lr': 0.00043111, 'params': 322521, 'time_iter': 0.28903, 'accuracy': 0.92588, 'f1': 0.92513, 'auc': 0.98703}
train: {'epoch': 57, 'time_epoch': 0.28741, 'eta': 41.87858, 'eta_hours': 0.01163, 'loss': 0.23825482, 'lr': 0.00042823, 'params': 322521, 'time_iter': 0.28741, 'accuracy': 0.92949, 'f1': 0.92866, 'auc': 0.98814}
train: {'epoch': 58, 'time_epoch': 0.2902, 'eta': 41.57237, 'eta_hours': 0.01155, 'loss': 0.22022448, 'lr': 0.00042531, 'params': 322521, 'time_iter': 0.2902, 'accuracy': 0.9375, 'f1': 0.93696, 'auc': 0.98966}
train: {'epoch': 59, 'time_epoch': 0.29003, 'eta': 41.26631, 'eta_hours': 0.01146, 'loss': 0.21095574, 'lr': 0.00042234, 'params': 322521, 'time_iter': 0.29003, 'accuracy': 0.9395, 'f1': 0.93876, 'auc': 0.99007}
val: {'epoch': 59, 'time_epoch': 0.14502, 'loss': 2.98995352, 'lr': 0, 'params': 322521, 'time_iter': 0.14502, 'accuracy': 0.40805, 'f1': 0.40605, 'auc': 0.70299}
test: {'epoch': 59, 'time_epoch': 0.14451, 'loss': 2.79915309, 'lr': 0, 'params': 322521, 'time_iter': 0.14451, 'accuracy': 0.42939, 'f1': 0.42773, 'auc': 0.72014}
> Epoch 59: took 0.6s (avg 0.4s) | Best so far: epoch 39	train_loss: 0.6719 train_accuracy: 0.7620	val_loss: 1.8679 val_accuracy: 0.4231	test_loss: 1.7654 test_accuracy: 0.4131
train: {'epoch': 60, 'time_epoch': 0.28853, 'eta': 40.95734, 'eta_hours': 0.01138, 'loss': 0.20038091, 'lr': 0.00041932, 'params': 322521, 'time_iter': 0.28853, 'accuracy': 0.94832, 'f1': 0.94778, 'auc': 0.99046}
train: {'epoch': 61, 'time_epoch': 0.28852, 'eta': 40.64903, 'eta_hours': 0.01129, 'loss': 0.19057539, 'lr': 0.00041626, 'params': 322521, 'time_iter': 0.28852, 'accuracy': 0.94551, 'f1': 0.94497, 'auc': 0.99118}
train: {'epoch': 62, 'time_epoch': 0.28821, 'eta': 40.34067, 'eta_hours': 0.01121, 'loss': 0.1818257, 'lr': 0.00041315, 'params': 322521, 'time_iter': 0.28821, 'accuracy': 0.95032, 'f1': 0.9499, 'auc': 0.99186}
train: {'epoch': 63, 'time_epoch': 0.28803, 'eta': 40.03255, 'eta_hours': 0.01112, 'loss': 0.16803358, 'lr': 0.00040999, 'params': 322521, 'time_iter': 0.28803, 'accuracy': 0.95353, 'f1': 0.95314, 'auc': 0.99293}
train: {'epoch': 64, 'time_epoch': 0.28852, 'eta': 39.72607, 'eta_hours': 0.01104, 'loss': 0.16624577, 'lr': 0.00040679, 'params': 322521, 'time_iter': 0.28852, 'accuracy': 0.95913, 'f1': 0.95873, 'auc': 0.99287}
val: {'epoch': 64, 'time_epoch': 0.14551, 'loss': 3.24746943, 'lr': 0, 'params': 322521, 'time_iter': 0.14551, 'accuracy': 0.40685, 'f1': 0.40462, 'auc': 0.6995}
test: {'epoch': 64, 'time_epoch': 0.14543, 'loss': 3.04311371, 'lr': 0, 'params': 322521, 'time_iter': 0.14543, 'accuracy': 0.42939, 'f1': 0.42887, 'auc': 0.71544}
> Epoch 64: took 0.6s (avg 0.4s) | Best so far: epoch 39	train_loss: 0.6719 train_accuracy: 0.7620	val_loss: 1.8679 val_accuracy: 0.4231	test_loss: 1.7654 test_accuracy: 0.4131
train: {'epoch': 65, 'time_epoch': 0.2897, 'eta': 39.42253, 'eta_hours': 0.01095, 'loss': 0.15251456, 'lr': 0.00040355, 'params': 322521, 'time_iter': 0.2897, 'accuracy': 0.95753, 'f1': 0.95707, 'auc': 0.99406}
train: {'epoch': 66, 'time_epoch': 0.29103, 'eta': 39.12204, 'eta_hours': 0.01087, 'loss': 0.13814583, 'lr': 0.00040027, 'params': 322521, 'time_iter': 0.29103, 'accuracy': 0.96835, 'f1': 0.96809, 'auc': 0.9948}
train: {'epoch': 67, 'time_epoch': 0.28852, 'eta': 38.81696, 'eta_hours': 0.01078, 'loss': 0.13329268, 'lr': 0.00039695, 'params': 322521, 'time_iter': 0.28852, 'accuracy': 0.96434, 'f1': 0.96401, 'auc': 0.99498}
train: {'epoch': 68, 'time_epoch': 0.28753, 'eta': 38.51048, 'eta_hours': 0.0107, 'loss': 0.11982712, 'lr': 0.00039358, 'params': 322521, 'time_iter': 0.28753, 'accuracy': 0.97035, 'f1': 0.97007, 'auc': 0.99601}
train: {'epoch': 69, 'time_epoch': 0.28652, 'eta': 38.20266, 'eta_hours': 0.01061, 'loss': 0.11424152, 'lr': 0.00039018, 'params': 322521, 'time_iter': 0.28652, 'accuracy': 0.97316, 'f1': 0.97287, 'auc': 0.99581}
val: {'epoch': 69, 'time_epoch': 0.14351, 'loss': 3.4939847, 'lr': 0, 'params': 322521, 'time_iter': 0.14351, 'accuracy': 0.40925, 'f1': 0.40538, 'auc': 0.69783}
test: {'epoch': 69, 'time_epoch': 0.14781, 'loss': 3.26589799, 'lr': 0, 'params': 322521, 'time_iter': 0.14781, 'accuracy': 0.42939, 'f1': 0.42691, 'auc': 0.7135}
> Epoch 69: took 0.6s (avg 0.4s) | Best so far: epoch 39	train_loss: 0.6719 train_accuracy: 0.7620	val_loss: 1.8679 val_accuracy: 0.4231	test_loss: 1.7654 test_accuracy: 0.4131
train: {'epoch': 70, 'time_epoch': 0.29203, 'eta': 37.90545, 'eta_hours': 0.01053, 'loss': 0.10485714, 'lr': 0.00038674, 'params': 322521, 'time_iter': 0.29203, 'accuracy': 0.97516, 'f1': 0.97491, 'auc': 0.99653}
train: {'epoch': 71, 'time_epoch': 0.28748, 'eta': 37.6003, 'eta_hours': 0.01044, 'loss': 0.09834508, 'lr': 0.00038326, 'params': 322521, 'time_iter': 0.28748, 'accuracy': 0.97796, 'f1': 0.97773, 'auc': 0.99658}
train: {'epoch': 72, 'time_epoch': 0.28952, 'eta': 37.29919, 'eta_hours': 0.01036, 'loss': 0.09765861, 'lr': 0.00037974, 'params': 322521, 'time_iter': 0.28952, 'accuracy': 0.97837, 'f1': 0.97811, 'auc': 0.99668}
train: {'epoch': 73, 'time_epoch': 0.28999, 'eta': 36.99918, 'eta_hours': 0.01028, 'loss': 0.0880943, 'lr': 0.00037619, 'params': 322521, 'time_iter': 0.28999, 'accuracy': 0.97837, 'f1': 0.97811, 'auc': 0.9972}
train: {'epoch': 74, 'time_epoch': 0.28802, 'eta': 36.69617, 'eta_hours': 0.01019, 'loss': 0.08324124, 'lr': 0.00037261, 'params': 322521, 'time_iter': 0.28802, 'accuracy': 0.97917, 'f1': 0.97891, 'auc': 0.99744}
val: {'epoch': 74, 'time_epoch': 0.14501, 'loss': 3.7187233, 'lr': 0, 'params': 322521, 'time_iter': 0.14501, 'accuracy': 0.40565, 'f1': 0.40217, 'auc': 0.69646}
test: {'epoch': 74, 'time_epoch': 0.14451, 'loss': 3.46983147, 'lr': 0, 'params': 322521, 'time_iter': 0.14451, 'accuracy': 0.41787, 'f1': 0.41569, 'auc': 0.71158}
> Epoch 74: took 0.6s (avg 0.4s) | Best so far: epoch 39	train_loss: 0.6719 train_accuracy: 0.7620	val_loss: 1.8679 val_accuracy: 0.4231	test_loss: 1.7654 test_accuracy: 0.4131
train: {'epoch': 75, 'time_epoch': 0.28852, 'eta': 36.39435, 'eta_hours': 0.01011, 'loss': 0.08420329, 'lr': 0.00036899, 'params': 322521, 'time_iter': 0.28852, 'accuracy': 0.98077, 'f1': 0.98058, 'auc': 0.99753}
train: {'epoch': 76, 'time_epoch': 0.28852, 'eta': 36.09289, 'eta_hours': 0.01003, 'loss': 0.07645512, 'lr': 0.00036534, 'params': 322521, 'time_iter': 0.28852, 'accuracy': 0.98397, 'f1': 0.98384, 'auc': 0.998}
train: {'epoch': 77, 'time_epoch': 0.28821, 'eta': 35.79128, 'eta_hours': 0.00994, 'loss': 0.0723602, 'lr': 0.00036165, 'params': 322521, 'time_iter': 0.28821, 'accuracy': 0.98438, 'f1': 0.98421, 'auc': 0.99802}
train: {'epoch': 78, 'time_epoch': 0.28703, 'eta': 35.48819, 'eta_hours': 0.00986, 'loss': 0.07020574, 'lr': 0.00035794, 'params': 322521, 'time_iter': 0.28703, 'accuracy': 0.98317, 'f1': 0.983, 'auc': 0.99787}
train: {'epoch': 79, 'time_epoch': 0.29095, 'eta': 35.19139, 'eta_hours': 0.00978, 'loss': 0.06551764, 'lr': 0.0003542, 'params': 322521, 'time_iter': 0.29095, 'accuracy': 0.98638, 'f1': 0.98622, 'auc': 0.998}
val: {'epoch': 79, 'time_epoch': 0.14552, 'loss': 3.92609501, 'lr': 0, 'params': 322521, 'time_iter': 0.14552, 'accuracy': 0.39844, 'f1': 0.39558, 'auc': 0.69532}
test: {'epoch': 79, 'time_epoch': 0.14551, 'loss': 3.66496205, 'lr': 0, 'params': 322521, 'time_iter': 0.14551, 'accuracy': 0.41018, 'f1': 0.40843, 'auc': 0.71093}
> Epoch 79: took 0.6s (avg 0.4s) | Best so far: epoch 39	train_loss: 0.6719 train_accuracy: 0.7620	val_loss: 1.8679 val_accuracy: 0.4231	test_loss: 1.7654 test_accuracy: 0.4131
train: {'epoch': 80, 'time_epoch': 0.28933, 'eta': 34.89236, 'eta_hours': 0.00969, 'loss': 0.05882112, 'lr': 0.00035042, 'params': 322521, 'time_iter': 0.28933, 'accuracy': 0.98838, 'f1': 0.98827, 'auc': 0.99828}
train: {'epoch': 81, 'time_epoch': 0.28679, 'eta': 34.58989, 'eta_hours': 0.00961, 'loss': 0.05863013, 'lr': 0.00034662, 'params': 322521, 'time_iter': 0.28679, 'accuracy': 0.98598, 'f1': 0.98583, 'auc': 0.99841}
train: {'epoch': 82, 'time_epoch': 0.28803, 'eta': 34.28956, 'eta_hours': 0.00952, 'loss': 0.05238733, 'lr': 0.0003428, 'params': 322521, 'time_iter': 0.28803, 'accuracy': 0.98958, 'f1': 0.98949, 'auc': 0.99868}
train: {'epoch': 83, 'time_epoch': 0.28753, 'eta': 33.98883, 'eta_hours': 0.00944, 'loss': 0.05098373, 'lr': 0.00033895, 'params': 322521, 'time_iter': 0.28753, 'accuracy': 0.98958, 'f1': 0.98948, 'auc': 0.99894}
train: {'epoch': 84, 'time_epoch': 0.28752, 'eta': 33.6884, 'eta_hours': 0.00936, 'loss': 0.04868506, 'lr': 0.00033507, 'params': 322521, 'time_iter': 0.28752, 'accuracy': 0.99119, 'f1': 0.99111, 'auc': 0.99883}
val: {'epoch': 84, 'time_epoch': 0.14851, 'loss': 4.08233261, 'lr': 0, 'params': 322521, 'time_iter': 0.14851, 'accuracy': 0.40084, 'f1': 0.39756, 'auc': 0.69374}
test: {'epoch': 84, 'time_epoch': 0.14877, 'loss': 3.83302975, 'lr': 0, 'params': 322521, 'time_iter': 0.14877, 'accuracy': 0.40826, 'f1': 0.40479, 'auc': 0.70876}
> Epoch 84: took 0.6s (avg 0.4s) | Best so far: epoch 39	train_loss: 0.6719 train_accuracy: 0.7620	val_loss: 1.8679 val_accuracy: 0.4231	test_loss: 1.7654 test_accuracy: 0.4131
train: {'epoch': 85, 'time_epoch': 0.29152, 'eta': 33.39357, 'eta_hours': 0.00928, 'loss': 0.04733559, 'lr': 0.00033117, 'params': 322521, 'time_iter': 0.29152, 'accuracy': 0.99159, 'f1': 0.99152, 'auc': 0.99885}
train: {'epoch': 86, 'time_epoch': 0.29103, 'eta': 33.09819, 'eta_hours': 0.00919, 'loss': 0.04324235, 'lr': 0.00032725, 'params': 322521, 'time_iter': 0.29103, 'accuracy': 0.99199, 'f1': 0.99192, 'auc': 0.99886}
train: {'epoch': 87, 'time_epoch': 0.28872, 'eta': 32.79996, 'eta_hours': 0.00911, 'loss': 0.04222968, 'lr': 0.00032331, 'params': 322521, 'time_iter': 0.28872, 'accuracy': 0.99239, 'f1': 0.99232, 'auc': 0.99888}
train: {'epoch': 88, 'time_epoch': 0.28952, 'eta': 32.50295, 'eta_hours': 0.00903, 'loss': 0.0385047, 'lr': 0.00031935, 'params': 322521, 'time_iter': 0.28952, 'accuracy': 0.99199, 'f1': 0.99194, 'auc': 0.99928}
train: {'epoch': 89, 'time_epoch': 0.28952, 'eta': 32.20609, 'eta_hours': 0.00895, 'loss': 0.03746817, 'lr': 0.00031537, 'params': 322521, 'time_iter': 0.28952, 'accuracy': 0.99159, 'f1': 0.99153, 'auc': 0.99933}
val: {'epoch': 89, 'time_epoch': 0.14551, 'loss': 4.22298527, 'lr': 0, 'params': 322521, 'time_iter': 0.14551, 'accuracy': 0.39844, 'f1': 0.39535, 'auc': 0.69171}
test: {'epoch': 89, 'time_epoch': 0.15502, 'loss': 3.97263694, 'lr': 0, 'params': 322521, 'time_iter': 0.15502, 'accuracy': 0.4073, 'f1': 0.40425, 'auc': 0.70739}
> Epoch 89: took 0.6s (avg 0.4s) | Best so far: epoch 39	train_loss: 0.6719 train_accuracy: 0.7620	val_loss: 1.8679 val_accuracy: 0.4231	test_loss: 1.7654 test_accuracy: 0.4131
train: {'epoch': 90, 'time_epoch': 0.29652, 'eta': 31.91779, 'eta_hours': 0.00887, 'loss': 0.03731951, 'lr': 0.00031137, 'params': 322521, 'time_iter': 0.29652, 'accuracy': 0.99399, 'f1': 0.99397, 'auc': 0.99927}
train: {'epoch': 91, 'time_epoch': 0.28852, 'eta': 31.61992, 'eta_hours': 0.00878, 'loss': 0.03916442, 'lr': 0.00030736, 'params': 322521, 'time_iter': 0.28852, 'accuracy': 0.99159, 'f1': 0.99152, 'auc': 0.99896}
train: {'epoch': 92, 'time_epoch': 0.28854, 'eta': 31.32227, 'eta_hours': 0.0087, 'loss': 0.03409174, 'lr': 0.00030332, 'params': 322521, 'time_iter': 0.28854, 'accuracy': 0.99279, 'f1': 0.99273, 'auc': 0.99937}
train: {'epoch': 93, 'time_epoch': 0.28852, 'eta': 31.02479, 'eta_hours': 0.00862, 'loss': 0.0313745, 'lr': 0.00029928, 'params': 322521, 'time_iter': 0.28852, 'accuracy': 0.99519, 'f1': 0.99516, 'auc': 0.99924}
train: {'epoch': 94, 'time_epoch': 0.28952, 'eta': 30.7286, 'eta_hours': 0.00854, 'loss': 0.03244417, 'lr': 0.00029522, 'params': 322521, 'time_iter': 0.28952, 'accuracy': 0.99359, 'f1': 0.99353, 'auc': 0.99909}
val: {'epoch': 94, 'time_epoch': 0.14551, 'loss': 4.35610342, 'lr': 0, 'params': 322521, 'time_iter': 0.14551, 'accuracy': 0.40204, 'f1': 0.39876, 'auc': 0.6905}
test: {'epoch': 94, 'time_epoch': 0.14402, 'loss': 4.10146761, 'lr': 0, 'params': 322521, 'time_iter': 0.14402, 'accuracy': 0.4025, 'f1': 0.39914, 'auc': 0.70664}
> Epoch 94: took 0.6s (avg 0.4s) | Best so far: epoch 39	train_loss: 0.6719 train_accuracy: 0.7620	val_loss: 1.8679 val_accuracy: 0.4231	test_loss: 1.7654 test_accuracy: 0.4131
train: {'epoch': 95, 'time_epoch': 0.28902, 'eta': 30.43201, 'eta_hours': 0.00845, 'loss': 0.02855378, 'lr': 0.00029115, 'params': 322521, 'time_iter': 0.28902, 'accuracy': 0.99519, 'f1': 0.99515, 'auc': 0.99947}
train: {'epoch': 96, 'time_epoch': 0.2887, 'eta': 30.13524, 'eta_hours': 0.00837, 'loss': 0.02961097, 'lr': 0.00028707, 'params': 322521, 'time_iter': 0.2887, 'accuracy': 0.99399, 'f1': 0.99397, 'auc': 0.99921}
train: {'epoch': 97, 'time_epoch': 0.28902, 'eta': 29.83896, 'eta_hours': 0.00829, 'loss': 0.02739073, 'lr': 0.00028297, 'params': 322521, 'time_iter': 0.28902, 'accuracy': 0.99479, 'f1': 0.99475, 'auc': 0.99943}
train: {'epoch': 98, 'time_epoch': 0.28752, 'eta': 29.5413, 'eta_hours': 0.00821, 'loss': 0.02538257, 'lr': 0.00027887, 'params': 322521, 'time_iter': 0.28752, 'accuracy': 0.99519, 'f1': 0.99514, 'auc': 0.99957}
train: {'epoch': 99, 'time_epoch': 0.28829, 'eta': 29.24461, 'eta_hours': 0.00812, 'loss': 0.02567143, 'lr': 0.00027476, 'params': 322521, 'time_iter': 0.28829, 'accuracy': 0.99519, 'f1': 0.99515, 'auc': 0.99953}
val: {'epoch': 99, 'time_epoch': 0.14602, 'loss': 4.45514441, 'lr': 0, 'params': 322521, 'time_iter': 0.14602, 'accuracy': 0.39904, 'f1': 0.39599, 'auc': 0.6892}
test: {'epoch': 99, 'time_epoch': 0.14402, 'loss': 4.19424725, 'lr': 0, 'params': 322521, 'time_iter': 0.14402, 'accuracy': 0.40538, 'f1': 0.4024, 'auc': 0.70639}
> Epoch 99: took 0.6s (avg 0.4s) | Best so far: epoch 39	train_loss: 0.6719 train_accuracy: 0.7620	val_loss: 1.8679 val_accuracy: 0.4231	test_loss: 1.7654 test_accuracy: 0.4131
train: {'epoch': 100, 'time_epoch': 0.28821, 'eta': 28.94801, 'eta_hours': 0.00804, 'loss': 0.02461497, 'lr': 0.00027064, 'params': 322521, 'time_iter': 0.28821, 'accuracy': 0.99519, 'f1': 0.99515, 'auc': 0.99946}
train: {'epoch': 101, 'time_epoch': 0.28803, 'eta': 28.65141, 'eta_hours': 0.00796, 'loss': 0.02342904, 'lr': 0.00026652, 'params': 322521, 'time_iter': 0.28803, 'accuracy': 0.99519, 'f1': 0.99516, 'auc': 0.9997}
train: {'epoch': 102, 'time_epoch': 0.28753, 'eta': 28.35449, 'eta_hours': 0.00788, 'loss': 0.02603056, 'lr': 0.0002624, 'params': 322521, 'time_iter': 0.28753, 'accuracy': 0.99439, 'f1': 0.99436, 'auc': 0.99974}
train: {'epoch': 103, 'time_epoch': 0.28914, 'eta': 28.05925, 'eta_hours': 0.00779, 'loss': 0.0251929, 'lr': 0.00025827, 'params': 322521, 'time_iter': 0.28914, 'accuracy': 0.99479, 'f1': 0.99474, 'auc': 0.9996}
train: {'epoch': 104, 'time_epoch': 0.28803, 'eta': 27.76311, 'eta_hours': 0.00771, 'loss': 0.02035918, 'lr': 0.00025413, 'params': 322521, 'time_iter': 0.28803, 'accuracy': 0.9972, 'f1': 0.99718, 'auc': 0.99972}
val: {'epoch': 104, 'time_epoch': 0.14627, 'loss': 4.58546114, 'lr': 0, 'params': 322521, 'time_iter': 0.14627, 'accuracy': 0.39543, 'f1': 0.39379, 'auc': 0.68775}
test: {'epoch': 104, 'time_epoch': 0.14602, 'loss': 4.31150723, 'lr': 0, 'params': 322521, 'time_iter': 0.14602, 'accuracy': 0.40058, 'f1': 0.39877, 'auc': 0.70577}
> Epoch 104: took 0.6s (avg 0.4s) | Best so far: epoch 39	train_loss: 0.6719 train_accuracy: 0.7620	val_loss: 1.8679 val_accuracy: 0.4231	test_loss: 1.7654 test_accuracy: 0.4131
train: {'epoch': 105, 'time_epoch': 0.28752, 'eta': 27.46668, 'eta_hours': 0.00763, 'loss': 0.01971848, 'lr': 0.00025, 'params': 322521, 'time_iter': 0.28752, 'accuracy': 0.99639, 'f1': 0.99637, 'auc': 0.99986}
train: {'epoch': 106, 'time_epoch': 0.28853, 'eta': 27.17129, 'eta_hours': 0.00755, 'loss': 0.02095463, 'lr': 0.00024587, 'params': 322521, 'time_iter': 0.28853, 'accuracy': 0.9972, 'f1': 0.99718, 'auc': 0.99953}
train: {'epoch': 107, 'time_epoch': 0.28724, 'eta': 26.87493, 'eta_hours': 0.00747, 'loss': 0.02120063, 'lr': 0.00024173, 'params': 322521, 'time_iter': 0.28724, 'accuracy': 0.99519, 'f1': 0.99516, 'auc': 0.99984}
train: {'epoch': 108, 'time_epoch': 0.28699, 'eta': 26.57853, 'eta_hours': 0.00738, 'loss': 0.01893095, 'lr': 0.0002376, 'params': 322521, 'time_iter': 0.28699, 'accuracy': 0.99639, 'f1': 0.99637, 'auc': 0.99964}
train: {'epoch': 109, 'time_epoch': 0.28903, 'eta': 26.28397, 'eta_hours': 0.0073, 'loss': 0.01888264, 'lr': 0.00023348, 'params': 322521, 'time_iter': 0.28903, 'accuracy': 0.99679, 'f1': 0.99678, 'auc': 0.99969}
val: {'epoch': 109, 'time_epoch': 0.15514, 'loss': 4.6781435, 'lr': 0, 'params': 322521, 'time_iter': 0.15514, 'accuracy': 0.39363, 'f1': 0.39158, 'auc': 0.68747}
test: {'epoch': 109, 'time_epoch': 0.14902, 'loss': 4.39744091, 'lr': 0, 'params': 322521, 'time_iter': 0.14902, 'accuracy': 0.4025, 'f1': 0.40022, 'auc': 0.70592}
> Epoch 109: took 0.6s (avg 0.4s) | Best so far: epoch 39	train_loss: 0.6719 train_accuracy: 0.7620	val_loss: 1.8679 val_accuracy: 0.4231	test_loss: 1.7654 test_accuracy: 0.4131
train: {'epoch': 110, 'time_epoch': 0.29003, 'eta': 25.99031, 'eta_hours': 0.00722, 'loss': 0.01949746, 'lr': 0.00022936, 'params': 322521, 'time_iter': 0.29003, 'accuracy': 0.99679, 'f1': 0.99678, 'auc': 0.99963}
train: {'epoch': 111, 'time_epoch': 0.28752, 'eta': 25.69474, 'eta_hours': 0.00714, 'loss': 0.01821555, 'lr': 0.00022524, 'params': 322521, 'time_iter': 0.28752, 'accuracy': 0.9976, 'f1': 0.99759, 'auc': 0.99971}
train: {'epoch': 112, 'time_epoch': 0.28831, 'eta': 25.39993, 'eta_hours': 0.00706, 'loss': 0.0176876, 'lr': 0.00022113, 'params': 322521, 'time_iter': 0.28831, 'accuracy': 0.9972, 'f1': 0.99719, 'auc': 0.99978}
train: {'epoch': 113, 'time_epoch': 0.28778, 'eta': 25.10482, 'eta_hours': 0.00697, 'loss': 0.0173444, 'lr': 0.00021703, 'params': 322521, 'time_iter': 0.28778, 'accuracy': 0.99679, 'f1': 0.99678, 'auc': 0.99983}
train: {'epoch': 114, 'time_epoch': 0.28803, 'eta': 24.81003, 'eta_hours': 0.00689, 'loss': 0.01641728, 'lr': 0.00021293, 'params': 322521, 'time_iter': 0.28803, 'accuracy': 0.9976, 'f1': 0.99759, 'auc': 0.99981}
val: {'epoch': 114, 'time_epoch': 0.14851, 'loss': 4.73975277, 'lr': 0, 'params': 322521, 'time_iter': 0.14851, 'accuracy': 0.39183, 'f1': 0.38918, 'auc': 0.68736}
test: {'epoch': 114, 'time_epoch': 0.14659, 'loss': 4.45795059, 'lr': 0, 'params': 322521, 'time_iter': 0.14659, 'accuracy': 0.40346, 'f1': 0.40115, 'auc': 0.70595}
> Epoch 114: took 0.6s (avg 0.4s) | Best so far: epoch 39	train_loss: 0.6719 train_accuracy: 0.7620	val_loss: 1.8679 val_accuracy: 0.4231	test_loss: 1.7654 test_accuracy: 0.4131
train: {'epoch': 115, 'time_epoch': 0.28853, 'eta': 24.51572, 'eta_hours': 0.00681, 'loss': 0.01541275, 'lr': 0.00020885, 'params': 322521, 'time_iter': 0.28853, 'accuracy': 0.9976, 'f1': 0.99759, 'auc': 0.99992}
train: {'epoch': 116, 'time_epoch': 0.28852, 'eta': 24.2215, 'eta_hours': 0.00673, 'loss': 0.01645677, 'lr': 0.00020478, 'params': 322521, 'time_iter': 0.28852, 'accuracy': 0.9972, 'f1': 0.99718, 'auc': 0.99982}
train: {'epoch': 117, 'time_epoch': 0.28852, 'eta': 23.92738, 'eta_hours': 0.00665, 'loss': 0.01484849, 'lr': 0.00020072, 'params': 322521, 'time_iter': 0.28852, 'accuracy': 0.9976, 'f1': 0.99759, 'auc': 0.99989}
train: {'epoch': 118, 'time_epoch': 0.28902, 'eta': 23.63369, 'eta_hours': 0.00656, 'loss': 0.01384992, 'lr': 0.00019668, 'params': 322521, 'time_iter': 0.28902, 'accuracy': 0.998, 'f1': 0.99799, 'auc': 0.99992}
train: {'epoch': 119, 'time_epoch': 0.28916, 'eta': 23.34017, 'eta_hours': 0.00648, 'loss': 0.01379487, 'lr': 0.00019264, 'params': 322521, 'time_iter': 0.28916, 'accuracy': 0.9972, 'f1': 0.99719, 'auc': 0.99994}
val: {'epoch': 119, 'time_epoch': 0.14471, 'loss': 4.80246544, 'lr': 0, 'params': 322521, 'time_iter': 0.14471, 'accuracy': 0.39183, 'f1': 0.38899, 'auc': 0.6868}
test: {'epoch': 119, 'time_epoch': 0.14451, 'loss': 4.52461767, 'lr': 0, 'params': 322521, 'time_iter': 0.14451, 'accuracy': 0.40442, 'f1': 0.40188, 'auc': 0.70539}
> Epoch 119: took 0.6s (avg 0.4s) | Best so far: epoch 39	train_loss: 0.6719 train_accuracy: 0.7620	val_loss: 1.8679 val_accuracy: 0.4231	test_loss: 1.7654 test_accuracy: 0.4131
train: {'epoch': 120, 'time_epoch': 0.28803, 'eta': 23.04599, 'eta_hours': 0.0064, 'loss': 0.01498428, 'lr': 0.00018863, 'params': 322521, 'time_iter': 0.28803, 'accuracy': 0.9972, 'f1': 0.99719, 'auc': 0.99983}
train: {'epoch': 121, 'time_epoch': 0.28852, 'eta': 22.75222, 'eta_hours': 0.00632, 'loss': 0.0137697, 'lr': 0.00018463, 'params': 322521, 'time_iter': 0.28852, 'accuracy': 0.99679, 'f1': 0.99678, 'auc': 0.99995}
train: {'epoch': 122, 'time_epoch': 0.2883, 'eta': 22.4584, 'eta_hours': 0.00624, 'loss': 0.01388125, 'lr': 0.00018065, 'params': 322521, 'time_iter': 0.2883, 'accuracy': 0.9972, 'f1': 0.99719, 'auc': 0.99994}
train: {'epoch': 123, 'time_epoch': 0.28749, 'eta': 22.16418, 'eta_hours': 0.00616, 'loss': 0.01456385, 'lr': 0.00017669, 'params': 322521, 'time_iter': 0.28749, 'accuracy': 0.9976, 'f1': 0.9976, 'auc': 0.9999}
train: {'epoch': 124, 'time_epoch': 0.28853, 'eta': 21.87068, 'eta_hours': 0.00608, 'loss': 0.01393193, 'lr': 0.00017275, 'params': 322521, 'time_iter': 0.28853, 'accuracy': 0.9976, 'f1': 0.99759, 'auc': 0.99996}
val: {'epoch': 124, 'time_epoch': 0.14602, 'loss': 4.86343145, 'lr': 0, 'params': 322521, 'time_iter': 0.14602, 'accuracy': 0.39303, 'f1': 0.38997, 'auc': 0.68608}
test: {'epoch': 124, 'time_epoch': 0.14451, 'loss': 4.59260798, 'lr': 0, 'params': 322521, 'time_iter': 0.14451, 'accuracy': 0.4025, 'f1': 0.40011, 'auc': 0.70422}
> Epoch 124: took 0.6s (avg 0.4s) | Best so far: epoch 39	train_loss: 0.6719 train_accuracy: 0.7620	val_loss: 1.8679 val_accuracy: 0.4231	test_loss: 1.7654 test_accuracy: 0.4131
train: {'epoch': 125, 'time_epoch': 0.28853, 'eta': 21.57726, 'eta_hours': 0.00599, 'loss': 0.01226803, 'lr': 0.00016883, 'params': 322521, 'time_iter': 0.28853, 'accuracy': 0.9976, 'f1': 0.99759, 'auc': 0.99996}
train: {'epoch': 126, 'time_epoch': 0.28916, 'eta': 21.28429, 'eta_hours': 0.00591, 'loss': 0.01316336, 'lr': 0.00016493, 'params': 322521, 'time_iter': 0.28916, 'accuracy': 0.9972, 'f1': 0.99719, 'auc': 0.99995}
train: {'epoch': 127, 'time_epoch': 0.28982, 'eta': 20.99174, 'eta_hours': 0.00583, 'loss': 0.01301982, 'lr': 0.00016105, 'params': 322521, 'time_iter': 0.28982, 'accuracy': 0.9976, 'f1': 0.9976, 'auc': 0.99996}
train: {'epoch': 128, 'time_epoch': 0.28803, 'eta': 20.69825, 'eta_hours': 0.00575, 'loss': 0.0123496, 'lr': 0.0001572, 'params': 322521, 'time_iter': 0.28803, 'accuracy': 0.9984, 'f1': 0.99841, 'auc': 0.99996}
train: {'epoch': 129, 'time_epoch': 0.28835, 'eta': 20.40501, 'eta_hours': 0.00567, 'loss': 0.0116587, 'lr': 0.00015338, 'params': 322521, 'time_iter': 0.28835, 'accuracy': 0.9976, 'f1': 0.9976, 'auc': 0.99997}
val: {'epoch': 129, 'time_epoch': 0.15051, 'loss': 4.91734648, 'lr': 0, 'params': 322521, 'time_iter': 0.15051, 'accuracy': 0.39062, 'f1': 0.38768, 'auc': 0.68524}
test: {'epoch': 129, 'time_epoch': 0.14989, 'loss': 4.64802742, 'lr': 0, 'params': 322521, 'time_iter': 0.14989, 'accuracy': 0.39769, 'f1': 0.39503, 'auc': 0.70325}
> Epoch 129: took 0.6s (avg 0.4s) | Best so far: epoch 39	train_loss: 0.6719 train_accuracy: 0.7620	val_loss: 1.8679 val_accuracy: 0.4231	test_loss: 1.7654 test_accuracy: 0.4131
train: {'epoch': 130, 'time_epoch': 0.29252, 'eta': 20.11405, 'eta_hours': 0.00559, 'loss': 0.01434087, 'lr': 0.00014958, 'params': 322521, 'time_iter': 0.29252, 'accuracy': 0.99639, 'f1': 0.99638, 'auc': 0.99994}
train: {'epoch': 131, 'time_epoch': 0.28779, 'eta': 19.82063, 'eta_hours': 0.00551, 'loss': 0.01175935, 'lr': 0.0001458, 'params': 322521, 'time_iter': 0.28779, 'accuracy': 0.9984, 'f1': 0.99841, 'auc': 0.99993}
train: {'epoch': 132, 'time_epoch': 0.28803, 'eta': 19.52741, 'eta_hours': 0.00542, 'loss': 0.01129419, 'lr': 0.00014206, 'params': 322521, 'time_iter': 0.28803, 'accuracy': 0.998, 'f1': 0.998, 'auc': 0.99996}
train: {'epoch': 133, 'time_epoch': 0.28746, 'eta': 19.23399, 'eta_hours': 0.00534, 'loss': 0.01320385, 'lr': 0.00013835, 'params': 322521, 'time_iter': 0.28746, 'accuracy': 0.9984, 'f1': 0.9984, 'auc': 0.99991}
train: {'epoch': 134, 'time_epoch': 0.28903, 'eta': 18.94141, 'eta_hours': 0.00526, 'loss': 0.01116492, 'lr': 0.00013466, 'params': 322521, 'time_iter': 0.28903, 'accuracy': 0.998, 'f1': 0.998, 'auc': 0.99994}
val: {'epoch': 134, 'time_epoch': 0.14451, 'loss': 4.95289135, 'lr': 0, 'params': 322521, 'time_iter': 0.14451, 'accuracy': 0.38942, 'f1': 0.38687, 'auc': 0.68466}
test: {'epoch': 134, 'time_epoch': 0.14476, 'loss': 4.68747759, 'lr': 0, 'params': 322521, 'time_iter': 0.14476, 'accuracy': 0.40058, 'f1': 0.39787, 'auc': 0.70196}
> Epoch 134: took 0.6s (avg 0.4s) | Best so far: epoch 39	train_loss: 0.6719 train_accuracy: 0.7620	val_loss: 1.8679 val_accuracy: 0.4231	test_loss: 1.7654 test_accuracy: 0.4131
train: {'epoch': 135, 'time_epoch': 0.28803, 'eta': 18.64841, 'eta_hours': 0.00518, 'loss': 0.01246827, 'lr': 0.00013101, 'params': 322521, 'time_iter': 0.28803, 'accuracy': 0.9976, 'f1': 0.9976, 'auc': 0.99991}
train: {'epoch': 136, 'time_epoch': 0.28853, 'eta': 18.35572, 'eta_hours': 0.0051, 'loss': 0.01122222, 'lr': 0.00012739, 'params': 322521, 'time_iter': 0.28853, 'accuracy': 0.998, 'f1': 0.998, 'auc': 0.99992}
train: {'epoch': 137, 'time_epoch': 0.28752, 'eta': 18.06263, 'eta_hours': 0.00502, 'loss': 0.01108094, 'lr': 0.00012381, 'params': 322521, 'time_iter': 0.28752, 'accuracy': 0.9976, 'f1': 0.99759, 'auc': 0.99992}
train: {'epoch': 138, 'time_epoch': 0.29152, 'eta': 17.77138, 'eta_hours': 0.00494, 'loss': 0.01096475, 'lr': 0.00012026, 'params': 322521, 'time_iter': 0.29152, 'accuracy': 0.998, 'f1': 0.99799, 'auc': 0.9999}
train: {'epoch': 139, 'time_epoch': 0.28671, 'eta': 17.47807, 'eta_hours': 0.00486, 'loss': 0.01199621, 'lr': 0.00011674, 'params': 322521, 'time_iter': 0.28671, 'accuracy': 0.998, 'f1': 0.99801, 'auc': 0.99992}
val: {'epoch': 139, 'time_epoch': 0.14552, 'loss': 4.97580957, 'lr': 0, 'params': 322521, 'time_iter': 0.14552, 'accuracy': 0.39062, 'f1': 0.38791, 'auc': 0.68443}
test: {'epoch': 139, 'time_epoch': 0.14651, 'loss': 4.71456909, 'lr': 0, 'params': 322521, 'time_iter': 0.14651, 'accuracy': 0.39769, 'f1': 0.39496, 'auc': 0.70137}
> Epoch 139: took 0.6s (avg 0.4s) | Best so far: epoch 39	train_loss: 0.6719 train_accuracy: 0.7620	val_loss: 1.8679 val_accuracy: 0.4231	test_loss: 1.7654 test_accuracy: 0.4131
train: {'epoch': 140, 'time_epoch': 0.28802, 'eta': 17.18539, 'eta_hours': 0.00477, 'loss': 0.01128385, 'lr': 0.00011326, 'params': 322521, 'time_iter': 0.28802, 'accuracy': 0.9984, 'f1': 0.9984, 'auc': 0.9999}
train: {'epoch': 141, 'time_epoch': 0.28826, 'eta': 16.89288, 'eta_hours': 0.00469, 'loss': 0.0089663, 'lr': 0.00010982, 'params': 322521, 'time_iter': 0.28826, 'accuracy': 0.9988, 'f1': 0.9988, 'auc': 0.99994}
train: {'epoch': 142, 'time_epoch': 0.28902, 'eta': 16.60073, 'eta_hours': 0.00461, 'loss': 0.00993662, 'lr': 0.00010642, 'params': 322521, 'time_iter': 0.28902, 'accuracy': 0.9972, 'f1': 0.99719, 'auc': 0.99997}
train: {'epoch': 143, 'time_epoch': 0.28902, 'eta': 16.30863, 'eta_hours': 0.00453, 'loss': 0.01169367, 'lr': 0.00010305, 'params': 322521, 'time_iter': 0.28902, 'accuracy': 0.998, 'f1': 0.99798, 'auc': 0.99988}
train: {'epoch': 144, 'time_epoch': 0.28852, 'eta': 16.01638, 'eta_hours': 0.00445, 'loss': 0.01060985, 'lr': 9.973e-05, 'params': 322521, 'time_iter': 0.28852, 'accuracy': 0.998, 'f1': 0.998, 'auc': 0.99998}
val: {'epoch': 144, 'time_epoch': 0.14502, 'loss': 4.99997759, 'lr': 0, 'params': 322521, 'time_iter': 0.14502, 'accuracy': 0.39002, 'f1': 0.38704, 'auc': 0.68413}
test: {'epoch': 144, 'time_epoch': 0.14551, 'loss': 4.74216461, 'lr': 0, 'params': 322521, 'time_iter': 0.14551, 'accuracy': 0.39673, 'f1': 0.39383, 'auc': 0.70088}
> Epoch 144: took 0.6s (avg 0.4s) | Best so far: epoch 39	train_loss: 0.6719 train_accuracy: 0.7620	val_loss: 1.8679 val_accuracy: 0.4231	test_loss: 1.7654 test_accuracy: 0.4131
train: {'epoch': 145, 'time_epoch': 0.29053, 'eta': 15.72492, 'eta_hours': 0.00437, 'loss': 0.01069918, 'lr': 9.645e-05, 'params': 322521, 'time_iter': 0.29053, 'accuracy': 0.9976, 'f1': 0.9976, 'auc': 0.99998}
train: {'epoch': 146, 'time_epoch': 0.2882, 'eta': 15.43264, 'eta_hours': 0.00429, 'loss': 0.01003296, 'lr': 9.321e-05, 'params': 322521, 'time_iter': 0.2882, 'accuracy': 0.9988, 'f1': 0.9988, 'auc': 0.99987}
train: {'epoch': 147, 'time_epoch': 0.28869, 'eta': 15.14058, 'eta_hours': 0.00421, 'loss': 0.0103736, 'lr': 9.001e-05, 'params': 322521, 'time_iter': 0.28869, 'accuracy': 0.9988, 'f1': 0.99881, 'auc': 0.99992}
train: {'epoch': 148, 'time_epoch': 0.28703, 'eta': 14.848, 'eta_hours': 0.00412, 'loss': 0.00901317, 'lr': 8.685e-05, 'params': 322521, 'time_iter': 0.28703, 'accuracy': 0.9984, 'f1': 0.9984, 'auc': 0.99998}
train: {'epoch': 149, 'time_epoch': 0.29455, 'eta': 14.558, 'eta_hours': 0.00404, 'loss': 0.01065368, 'lr': 8.374e-05, 'params': 322521, 'time_iter': 0.29455, 'accuracy': 0.9976, 'f1': 0.99759, 'auc': 0.9999}
val: {'epoch': 149, 'time_epoch': 0.14702, 'loss': 5.02490473, 'lr': 0, 'params': 322521, 'time_iter': 0.14702, 'accuracy': 0.39062, 'f1': 0.38771, 'auc': 0.68381}
test: {'epoch': 149, 'time_epoch': 0.14602, 'loss': 4.76892948, 'lr': 0, 'params': 322521, 'time_iter': 0.14602, 'accuracy': 0.39769, 'f1': 0.39488, 'auc': 0.70068}
> Epoch 149: took 0.6s (avg 0.4s) | Best so far: epoch 39	train_loss: 0.6719 train_accuracy: 0.7620	val_loss: 1.8679 val_accuracy: 0.4231	test_loss: 1.7654 test_accuracy: 0.4131
train: {'epoch': 150, 'time_epoch': 0.28825, 'eta': 14.2659, 'eta_hours': 0.00396, 'loss': 0.01002908, 'lr': 8.068e-05, 'params': 322521, 'time_iter': 0.28825, 'accuracy': 0.998, 'f1': 0.99799, 'auc': 0.9999}
train: {'epoch': 151, 'time_epoch': 0.28968, 'eta': 13.97429, 'eta_hours': 0.00388, 'loss': 0.00982258, 'lr': 7.766e-05, 'params': 322521, 'time_iter': 0.28968, 'accuracy': 0.998, 'f1': 0.99799, 'auc': 0.99997}
train: {'epoch': 152, 'time_epoch': 0.29238, 'eta': 13.68355, 'eta_hours': 0.0038, 'loss': 0.01008097, 'lr': 7.469e-05, 'params': 322521, 'time_iter': 0.29238, 'accuracy': 0.9984, 'f1': 0.9984, 'auc': 0.99996}
train: {'epoch': 153, 'time_epoch': 0.29074, 'eta': 13.39229, 'eta_hours': 0.00372, 'loss': 0.00919182, 'lr': 7.177e-05, 'params': 322521, 'time_iter': 0.29074, 'accuracy': 0.9988, 'f1': 0.9988, 'auc': 0.99998}
train: {'epoch': 154, 'time_epoch': 0.2887, 'eta': 13.10044, 'eta_hours': 0.00364, 'loss': 0.00994232, 'lr': 6.889e-05, 'params': 322521, 'time_iter': 0.2887, 'accuracy': 0.998, 'f1': 0.99798, 'auc': 0.99997}
val: {'epoch': 154, 'time_epoch': 0.14602, 'loss': 5.04368496, 'lr': 0, 'params': 322521, 'time_iter': 0.14602, 'accuracy': 0.38702, 'f1': 0.38432, 'auc': 0.68358}
test: {'epoch': 154, 'time_epoch': 0.14701, 'loss': 4.7889452, 'lr': 0, 'params': 322521, 'time_iter': 0.14701, 'accuracy': 0.39866, 'f1': 0.39652, 'auc': 0.70071}
> Epoch 154: took 0.6s (avg 0.4s) | Best so far: epoch 39	train_loss: 0.6719 train_accuracy: 0.7620	val_loss: 1.8679 val_accuracy: 0.4231	test_loss: 1.7654 test_accuracy: 0.4131
train: {'epoch': 155, 'time_epoch': 0.28896, 'eta': 12.80871, 'eta_hours': 0.00356, 'loss': 0.00745149, 'lr': 6.607e-05, 'params': 322521, 'time_iter': 0.28896, 'accuracy': 0.9988, 'f1': 0.9988, 'auc': 0.99999}
train: {'epoch': 156, 'time_epoch': 0.29003, 'eta': 12.51731, 'eta_hours': 0.00348, 'loss': 0.01018653, 'lr': 6.329e-05, 'params': 322521, 'time_iter': 0.29003, 'accuracy': 0.9988, 'f1': 0.9988, 'auc': 0.99993}
train: {'epoch': 157, 'time_epoch': 0.28852, 'eta': 12.22552, 'eta_hours': 0.0034, 'loss': 0.00811119, 'lr': 6.057e-05, 'params': 322521, 'time_iter': 0.28852, 'accuracy': 0.9988, 'f1': 0.9988, 'auc': 0.99998}
train: {'epoch': 158, 'time_epoch': 0.29021, 'eta': 11.93422, 'eta_hours': 0.00332, 'loss': 0.00892447, 'lr': 5.79e-05, 'params': 322521, 'time_iter': 0.29021, 'accuracy': 0.9988, 'f1': 0.9988, 'auc': 0.99996}
train: {'epoch': 159, 'time_epoch': 0.28703, 'eta': 11.64213, 'eta_hours': 0.00323, 'loss': 0.0089819, 'lr': 5.528e-05, 'params': 322521, 'time_iter': 0.28703, 'accuracy': 0.9984, 'f1': 0.9984, 'auc': 0.99998}
val: {'epoch': 159, 'time_epoch': 0.14551, 'loss': 5.05670738, 'lr': 0, 'params': 322521, 'time_iter': 0.14551, 'accuracy': 0.38942, 'f1': 0.3867, 'auc': 0.68347}
test: {'epoch': 159, 'time_epoch': 0.14658, 'loss': 4.80122519, 'lr': 0, 'params': 322521, 'time_iter': 0.14658, 'accuracy': 0.39962, 'f1': 0.39747, 'auc': 0.70085}
> Epoch 159: took 0.6s (avg 0.4s) | Best so far: epoch 39	train_loss: 0.6719 train_accuracy: 0.7620	val_loss: 1.8679 val_accuracy: 0.4231	test_loss: 1.7654 test_accuracy: 0.4131
train: {'epoch': 160, 'time_epoch': 0.28803, 'eta': 11.35034, 'eta_hours': 0.00315, 'loss': 0.00950786, 'lr': 5.271e-05, 'params': 322521, 'time_iter': 0.28803, 'accuracy': 0.9988, 'f1': 0.9988, 'auc': 0.99989}
train: {'epoch': 161, 'time_epoch': 0.29023, 'eta': 11.05912, 'eta_hours': 0.00307, 'loss': 0.00949531, 'lr': 5.02e-05, 'params': 322521, 'time_iter': 0.29023, 'accuracy': 0.998, 'f1': 0.99799, 'auc': 0.99996}
train: {'epoch': 162, 'time_epoch': 0.28702, 'eta': 10.76718, 'eta_hours': 0.00299, 'loss': 0.00965797, 'lr': 4.775e-05, 'params': 322521, 'time_iter': 0.28702, 'accuracy': 0.9976, 'f1': 0.99758, 'auc': 0.99996}
train: {'epoch': 163, 'time_epoch': 0.28784, 'eta': 10.47548, 'eta_hours': 0.00291, 'loss': 0.00807777, 'lr': 4.534e-05, 'params': 322521, 'time_iter': 0.28784, 'accuracy': 0.9988, 'f1': 0.9988, 'auc': 0.99999}
train: {'epoch': 164, 'time_epoch': 0.28802, 'eta': 10.18386, 'eta_hours': 0.00283, 'loss': 0.01001913, 'lr': 4.3e-05, 'params': 322521, 'time_iter': 0.28802, 'accuracy': 0.9976, 'f1': 0.99759, 'auc': 0.99995}
val: {'epoch': 164, 'time_epoch': 0.14501, 'loss': 5.06418562, 'lr': 0, 'params': 322521, 'time_iter': 0.14501, 'accuracy': 0.38942, 'f1': 0.38648, 'auc': 0.68349}
test: {'epoch': 164, 'time_epoch': 0.14606, 'loss': 4.80950499, 'lr': 0, 'params': 322521, 'time_iter': 0.14606, 'accuracy': 0.39962, 'f1': 0.39704, 'auc': 0.70084}
> Epoch 164: took 0.6s (avg 0.4s) | Best so far: epoch 39	train_loss: 0.6719 train_accuracy: 0.7620	val_loss: 1.8679 val_accuracy: 0.4231	test_loss: 1.7654 test_accuracy: 0.4131
train: {'epoch': 165, 'time_epoch': 0.29003, 'eta': 9.8927, 'eta_hours': 0.00275, 'loss': 0.00854341, 'lr': 4.071e-05, 'params': 322521, 'time_iter': 0.29003, 'accuracy': 0.9984, 'f1': 0.99839, 'auc': 0.99999}
train: {'epoch': 166, 'time_epoch': 0.28803, 'eta': 9.60116, 'eta_hours': 0.00267, 'loss': 0.00848132, 'lr': 3.848e-05, 'params': 322521, 'time_iter': 0.28803, 'accuracy': 0.9988, 'f1': 0.9988, 'auc': 0.99997}
train: {'epoch': 167, 'time_epoch': 0.28852, 'eta': 9.30975, 'eta_hours': 0.00259, 'loss': 0.00996335, 'lr': 3.63e-05, 'params': 322521, 'time_iter': 0.28852, 'accuracy': 0.9976, 'f1': 0.99758, 'auc': 0.99997}
train: {'epoch': 168, 'time_epoch': 0.28991, 'eta': 9.01864, 'eta_hours': 0.00251, 'loss': 0.00818032, 'lr': 3.419e-05, 'params': 322521, 'time_iter': 0.28991, 'accuracy': 0.9988, 'f1': 0.9988, 'auc': 0.99998}
train: {'epoch': 169, 'time_epoch': 0.28953, 'eta': 8.72747, 'eta_hours': 0.00242, 'loss': 0.00892308, 'lr': 3.213e-05, 'params': 322521, 'time_iter': 0.28953, 'accuracy': 0.998, 'f1': 0.99799, 'auc': 0.99998}
val: {'epoch': 169, 'time_epoch': 0.14402, 'loss': 5.06967974, 'lr': 0, 'params': 322521, 'time_iter': 0.14402, 'accuracy': 0.39062, 'f1': 0.38748, 'auc': 0.68349}
test: {'epoch': 169, 'time_epoch': 0.14551, 'loss': 4.81629801, 'lr': 0, 'params': 322521, 'time_iter': 0.14551, 'accuracy': 0.39962, 'f1': 0.39692, 'auc': 0.7009}
> Epoch 169: took 0.6s (avg 0.4s) | Best so far: epoch 39	train_loss: 0.6719 train_accuracy: 0.7620	val_loss: 1.8679 val_accuracy: 0.4231	test_loss: 1.7654 test_accuracy: 0.4131
train: {'epoch': 170, 'time_epoch': 0.28903, 'eta': 8.43623, 'eta_hours': 0.00234, 'loss': 0.01113102, 'lr': 3.013e-05, 'params': 322521, 'time_iter': 0.28903, 'accuracy': 0.9976, 'f1': 0.99758, 'auc': 0.99995}
train: {'epoch': 171, 'time_epoch': 0.29114, 'eta': 8.14536, 'eta_hours': 0.00226, 'loss': 0.00955968, 'lr': 2.819e-05, 'params': 322521, 'time_iter': 0.29114, 'accuracy': 0.9984, 'f1': 0.99839, 'auc': 0.99995}
train: {'epoch': 172, 'time_epoch': 0.28795, 'eta': 7.854, 'eta_hours': 0.00218, 'loss': 0.00933554, 'lr': 2.632e-05, 'params': 322521, 'time_iter': 0.28795, 'accuracy': 0.998, 'f1': 0.99799, 'auc': 0.99998}
train: {'epoch': 173, 'time_epoch': 0.29075, 'eta': 7.56309, 'eta_hours': 0.0021, 'loss': 0.00929178, 'lr': 2.45e-05, 'params': 322521, 'time_iter': 0.29075, 'accuracy': 0.9984, 'f1': 0.9984, 'auc': 0.99997}
train: {'epoch': 174, 'time_epoch': 0.28902, 'eta': 7.27193, 'eta_hours': 0.00202, 'loss': 0.00791856, 'lr': 2.275e-05, 'params': 322521, 'time_iter': 0.28902, 'accuracy': 0.9992, 'f1': 0.99921, 'auc': 0.99997}
val: {'epoch': 174, 'time_epoch': 0.14651, 'loss': 5.07288027, 'lr': 0, 'params': 322521, 'time_iter': 0.14651, 'accuracy': 0.39123, 'f1': 0.38811, 'auc': 0.68352}
test: {'epoch': 174, 'time_epoch': 0.14451, 'loss': 4.82044172, 'lr': 0, 'params': 322521, 'time_iter': 0.14451, 'accuracy': 0.39962, 'f1': 0.39692, 'auc': 0.70086}
> Epoch 174: took 0.6s (avg 0.4s) | Best so far: epoch 39	train_loss: 0.6719 train_accuracy: 0.7620	val_loss: 1.8679 val_accuracy: 0.4231	test_loss: 1.7654 test_accuracy: 0.4131
train: {'epoch': 175, 'time_epoch': 0.28918, 'eta': 6.98083, 'eta_hours': 0.00194, 'loss': 0.00933844, 'lr': 2.106e-05, 'params': 322521, 'time_iter': 0.28918, 'accuracy': 0.9984, 'f1': 0.99839, 'auc': 0.99986}
train: {'epoch': 176, 'time_epoch': 0.29152, 'eta': 6.69004, 'eta_hours': 0.00186, 'loss': 0.01060203, 'lr': 1.943e-05, 'params': 322521, 'time_iter': 0.29152, 'accuracy': 0.9984, 'f1': 0.9984, 'auc': 0.99995}
train: {'epoch': 177, 'time_epoch': 0.28722, 'eta': 6.39872, 'eta_hours': 0.00178, 'loss': 0.00884931, 'lr': 1.786e-05, 'params': 322521, 'time_iter': 0.28722, 'accuracy': 0.9988, 'f1': 0.99881, 'auc': 0.99997}
train: {'epoch': 178, 'time_epoch': 0.28904, 'eta': 6.10766, 'eta_hours': 0.0017, 'loss': 0.01025048, 'lr': 1.636e-05, 'params': 322521, 'time_iter': 0.28904, 'accuracy': 0.9984, 'f1': 0.99839, 'auc': 0.99985}
train: {'epoch': 179, 'time_epoch': 0.29029, 'eta': 5.81675, 'eta_hours': 0.00162, 'loss': 0.00800844, 'lr': 1.492e-05, 'params': 322521, 'time_iter': 0.29029, 'accuracy': 0.9984, 'f1': 0.9984, 'auc': 1.0}
val: {'epoch': 179, 'time_epoch': 0.1451, 'loss': 5.07474995, 'lr': 0, 'params': 322521, 'time_iter': 0.1451, 'accuracy': 0.39062, 'f1': 0.38756, 'auc': 0.68355}
test: {'epoch': 179, 'time_epoch': 0.14402, 'loss': 4.82277298, 'lr': 0, 'params': 322521, 'time_iter': 0.14402, 'accuracy': 0.40058, 'f1': 0.39775, 'auc': 0.70089}
> Epoch 179: took 0.6s (avg 0.4s) | Best so far: epoch 39	train_loss: 0.6719 train_accuracy: 0.7620	val_loss: 1.8679 val_accuracy: 0.4231	test_loss: 1.7654 test_accuracy: 0.4131
train: {'epoch': 180, 'time_epoch': 0.28988, 'eta': 5.52582, 'eta_hours': 0.00153, 'loss': 0.00793454, 'lr': 1.355e-05, 'params': 322521, 'time_iter': 0.28988, 'accuracy': 0.9984, 'f1': 0.99839, 'auc': 0.99995}
train: {'epoch': 181, 'time_epoch': 0.29003, 'eta': 5.2349, 'eta_hours': 0.00145, 'loss': 0.00863726, 'lr': 1.224e-05, 'params': 322521, 'time_iter': 0.29003, 'accuracy': 0.9984, 'f1': 0.99839, 'auc': 0.99998}
train: {'epoch': 182, 'time_epoch': 0.28919, 'eta': 4.94392, 'eta_hours': 0.00137, 'loss': 0.00745128, 'lr': 1.099e-05, 'params': 322521, 'time_iter': 0.28919, 'accuracy': 0.9988, 'f1': 0.9988, 'auc': 0.99999}
train: {'epoch': 183, 'time_epoch': 0.28802, 'eta': 4.65286, 'eta_hours': 0.00129, 'loss': 0.00841217, 'lr': 9.81e-06, 'params': 322521, 'time_iter': 0.28802, 'accuracy': 0.9984, 'f1': 0.99839, 'auc': 0.99997}
train: {'epoch': 184, 'time_epoch': 0.28781, 'eta': 4.36182, 'eta_hours': 0.00121, 'loss': 0.00804043, 'lr': 8.7e-06, 'params': 322521, 'time_iter': 0.28781, 'accuracy': 0.9988, 'f1': 0.9988, 'auc': 0.99998}
val: {'epoch': 184, 'time_epoch': 0.14401, 'loss': 5.07626534, 'lr': 0, 'params': 322521, 'time_iter': 0.14401, 'accuracy': 0.39002, 'f1': 0.38691, 'auc': 0.68358}
test: {'epoch': 184, 'time_epoch': 0.14432, 'loss': 4.82442188, 'lr': 0, 'params': 322521, 'time_iter': 0.14432, 'accuracy': 0.40058, 'f1': 0.39769, 'auc': 0.70089}
> Epoch 184: took 0.6s (avg 0.4s) | Best so far: epoch 39	train_loss: 0.6719 train_accuracy: 0.7620	val_loss: 1.8679 val_accuracy: 0.4231	test_loss: 1.7654 test_accuracy: 0.4131
train: {'epoch': 185, 'time_epoch': 0.28903, 'eta': 4.0709, 'eta_hours': 0.00113, 'loss': 0.00913705, 'lr': 7.65e-06, 'params': 322521, 'time_iter': 0.28903, 'accuracy': 0.998, 'f1': 0.998, 'auc': 0.99997}
train: {'epoch': 186, 'time_epoch': 0.28853, 'eta': 3.77996, 'eta_hours': 0.00105, 'loss': 0.00896469, 'lr': 6.67e-06, 'params': 322521, 'time_iter': 0.28853, 'accuracy': 0.998, 'f1': 0.998, 'auc': 0.99991}
train: {'epoch': 187, 'time_epoch': 0.28752, 'eta': 3.48899, 'eta_hours': 0.00097, 'loss': 0.00934647, 'lr': 5.75e-06, 'params': 322521, 'time_iter': 0.28752, 'accuracy': 0.9988, 'f1': 0.9988, 'auc': 0.99997}
train: {'epoch': 188, 'time_epoch': 0.28952, 'eta': 3.19817, 'eta_hours': 0.00089, 'loss': 0.00802339, 'lr': 4.91e-06, 'params': 322521, 'time_iter': 0.28952, 'accuracy': 0.9988, 'f1': 0.9988, 'auc': 0.99998}
train: {'epoch': 189, 'time_epoch': 0.29637, 'eta': 2.90772, 'eta_hours': 0.00081, 'loss': 0.0089247, 'lr': 4.12e-06, 'params': 322521, 'time_iter': 0.29637, 'accuracy': 0.9984, 'f1': 0.99839, 'auc': 0.99997}
val: {'epoch': 189, 'time_epoch': 0.14502, 'loss': 5.07708979, 'lr': 0, 'params': 322521, 'time_iter': 0.14502, 'accuracy': 0.39002, 'f1': 0.38691, 'auc': 0.68358}
test: {'epoch': 189, 'time_epoch': 0.14651, 'loss': 4.82534838, 'lr': 0, 'params': 322521, 'time_iter': 0.14651, 'accuracy': 0.40058, 'f1': 0.39769, 'auc': 0.70088}
> Epoch 189: took 0.6s (avg 0.4s) | Best so far: epoch 39	train_loss: 0.6719 train_accuracy: 0.7620	val_loss: 1.8679 val_accuracy: 0.4231	test_loss: 1.7654 test_accuracy: 0.4131
train: {'epoch': 190, 'time_epoch': 0.28852, 'eta': 2.61684, 'eta_hours': 0.00073, 'loss': 0.0092346, 'lr': 3.41e-06, 'params': 322521, 'time_iter': 0.28852, 'accuracy': 0.998, 'f1': 0.998, 'auc': 0.99997}
train: {'epoch': 191, 'time_epoch': 0.28952, 'eta': 2.32603, 'eta_hours': 0.00065, 'loss': 0.00917814, 'lr': 2.76e-06, 'params': 322521, 'time_iter': 0.28952, 'accuracy': 0.9984, 'f1': 0.99839, 'auc': 0.99997}
train: {'epoch': 192, 'time_epoch': 0.28852, 'eta': 2.0352, 'eta_hours': 0.00057, 'loss': 0.00905956, 'lr': 2.18e-06, 'params': 322521, 'time_iter': 0.28852, 'accuracy': 0.9984, 'f1': 0.99839, 'auc': 0.99994}
train: {'epoch': 193, 'time_epoch': 0.28953, 'eta': 1.74442, 'eta_hours': 0.00048, 'loss': 0.00848108, 'lr': 1.67e-06, 'params': 322521, 'time_iter': 0.28953, 'accuracy': 0.9984, 'f1': 0.99841, 'auc': 0.99999}
train: {'epoch': 194, 'time_epoch': 0.28852, 'eta': 1.45362, 'eta_hours': 0.0004, 'loss': 0.00935369, 'lr': 1.23e-06, 'params': 322521, 'time_iter': 0.28852, 'accuracy': 0.998, 'f1': 0.99799, 'auc': 0.99997}
val: {'epoch': 194, 'time_epoch': 0.14701, 'loss': 5.07760572, 'lr': 0, 'params': 322521, 'time_iter': 0.14701, 'accuracy': 0.39002, 'f1': 0.38691, 'auc': 0.68358}
test: {'epoch': 194, 'time_epoch': 0.14418, 'loss': 4.82588243, 'lr': 0, 'params': 322521, 'time_iter': 0.14418, 'accuracy': 0.40058, 'f1': 0.39769, 'auc': 0.70088}
> Epoch 194: took 0.6s (avg 0.4s) | Best so far: epoch 39	train_loss: 0.6719 train_accuracy: 0.7620	val_loss: 1.8679 val_accuracy: 0.4231	test_loss: 1.7654 test_accuracy: 0.4131
train: {'epoch': 195, 'time_epoch': 0.28952, 'eta': 1.16287, 'eta_hours': 0.00032, 'loss': 0.00958246, 'lr': 8.5e-07, 'params': 322521, 'time_iter': 0.28952, 'accuracy': 0.998, 'f1': 0.998, 'auc': 0.99996}
train: {'epoch': 196, 'time_epoch': 0.28721, 'eta': 0.8721, 'eta_hours': 0.00024, 'loss': 0.00966401, 'lr': 5.5e-07, 'params': 322521, 'time_iter': 0.28721, 'accuracy': 0.9976, 'f1': 0.99759, 'auc': 0.99997}
train: {'epoch': 197, 'time_epoch': 0.28903, 'eta': 0.58138, 'eta_hours': 0.00016, 'loss': 0.01028971, 'lr': 3.1e-07, 'params': 322521, 'time_iter': 0.28903, 'accuracy': 0.99679, 'f1': 0.99677, 'auc': 0.99998}
train: {'epoch': 198, 'time_epoch': 0.28789, 'eta': 0.29068, 'eta_hours': 8e-05, 'loss': 0.00770766, 'lr': 1.4e-07, 'params': 322521, 'time_iter': 0.28789, 'accuracy': 0.9984, 'f1': 0.99839, 'auc': 0.99999}
train: {'epoch': 199, 'time_epoch': 0.28803, 'eta': 0.0, 'eta_hours': 0.0, 'loss': 0.01041797, 'lr': 3e-08, 'params': 322521, 'time_iter': 0.28803, 'accuracy': 0.9972, 'f1': 0.99718, 'auc': 0.99996}
val: {'epoch': 199, 'time_epoch': 0.1539, 'loss': 5.07766247, 'lr': 0, 'params': 322521, 'time_iter': 0.1539, 'accuracy': 0.39002, 'f1': 0.38691, 'auc': 0.68358}
test: {'epoch': 199, 'time_epoch': 0.15602, 'loss': 4.82602262, 'lr': 0, 'params': 322521, 'time_iter': 0.15602, 'accuracy': 0.40058, 'f1': 0.39769, 'auc': 0.70086}
> Epoch 199: took 0.6s (avg 0.4s) | Best so far: epoch 39	train_loss: 0.6719 train_accuracy: 0.7620	val_loss: 1.8679 val_accuracy: 0.4231	test_loss: 1.7654 test_accuracy: 0.4131
Avg time per epoch: 0.36s
Total train loop time: 0.02h
Task done, results saved in results\wn-squirrel-Graphormer\0
Results aggregated across runs saved in results\wn-squirrel-Graphormer\agg
[*] All done: 2026-06-06 18:46:38.063637
