[*] Run ID 0: seed=0, split_index=0
    Starting now: 2026-06-06 18:40:22.217163
[*] Loaded dataset 'texas' from 'PyG-WebKB':
  Data(x=[183, 1703], edge_index=[2, 325], y=[183], train_mask=[183, 10], val_mask=[183, 10], test_mask=[183, 10])
  undirected: False
  num graphs: 1
  avg num_nodes/graph: 183
  num node features: 1703
  num edge features: 0
  num classes: 5
Precomputing Positional Encoding statistics: ['GraphormerBias'] for all graphs...
  ...estimated to be undirected: False
Done! Took 00:00:00.18
GraphGymModule(
  (model): GraphormerModel(
    (encoder): FeatureEncoder(
      (node_encoder): Concat2NodeEncoder(
        (encoder1): LinearNodeEncoder(
          (encoder): Linear(in_features=1703, out_features=64, bias=True)
        )
        (encoder2): GraphormerEncoder(
          (0): BiasEncoder(
            (spatial_encoder): Embedding(21, 4)
            (edge_dis_encoder): Embedding(320, 1)
            (edge_encoder): Embedding(0, 4)
          )
          (1): NodeEncoder(
            (in_degree_encoder): Embedding(13, 64)
            (out_degree_encoder): Embedding(105, 64)
            (input_dropout): Dropout(p=0.0, inplace=False)
          )
        )
      )
    )
    (layers): Sequential(
      (0): GraphormerLayer(
        (attention): MultiheadAttention(
          (out_proj): NonDynamicallyQuantizableLinear(in_features=64, out_features=64, bias=True)
        )
        (input_norm): LayerNorm((64,), eps=1e-05, elementwise_affine=True)
        (dropout): Dropout(p=0.2, inplace=False)
        (mlp): Sequential(
          (0): LayerNorm((64,), eps=1e-05, elementwise_affine=True)
          (1): Linear(in_features=64, out_features=64, bias=True)
          (2): GELU(approximate='none')
          (3): Dropout(p=0.2, inplace=False)
          (4): Linear(in_features=64, out_features=64, bias=True)
          (5): Dropout(p=0.2, inplace=False)
        )
      )
      (1): GraphormerLayer(
        (attention): MultiheadAttention(
          (out_proj): NonDynamicallyQuantizableLinear(in_features=64, out_features=64, bias=True)
        )
        (input_norm): LayerNorm((64,), eps=1e-05, elementwise_affine=True)
        (dropout): Dropout(p=0.2, inplace=False)
        (mlp): Sequential(
          (0): LayerNorm((64,), eps=1e-05, elementwise_affine=True)
          (1): Linear(in_features=64, out_features=64, bias=True)
          (2): GELU(approximate='none')
          (3): Dropout(p=0.2, inplace=False)
          (4): Linear(in_features=64, out_features=64, bias=True)
          (5): Dropout(p=0.2, inplace=False)
        )
      )
    )
    (post_mp): GNNNodeHead(
      (layer_post_mp): MLP(
        (model): Sequential(
          (0): Linear(
            (model): Linear(64, 5, bias=True)
          )
        )
      )
    )
  )
)
accelerator: cuda
benchmark: False
bn:
  eps: 1e-05
  mom: 0.1
cfg_dest: config.yaml
custom_metrics: []
dataset:
  cache_load: False
  cache_save: False
  dir: ./datasets
  edge_dim: 128
  edge_encoder: False
  edge_encoder_bn: False
  edge_encoder_name: DummyEdge
  edge_encoder_num_types: 0
  edge_message_ratio: 0.8
  edge_negative_sampling_ratio: 1.0
  edge_train_mode: all
  encoder: True
  encoder_bn: True
  encoder_dim: 128
  encoder_name: db
  format: PyG-WebKB
  infer_link_label: None
  label_column: none
  label_table: none
  location: local
  name: texas
  node_encoder: True
  node_encoder_bn: False
  node_encoder_name: LinearNode+GraphormerBias
  node_encoder_num_types: 0
  remove_feature: False
  resample_disjoint: False
  resample_negative: False
  shuffle_split: True
  slic_compactness: 10
  split: [0.8, 0.1, 0.1]
  split_dir: ./splits
  split_index: 0
  split_mode: standard
  task: node
  task_type: classification
  to_undirected: False
  transductive: True
  transform: none
  tu_simple: True
devices: 1
example_arg: example
example_group:
  example_arg: example
gnn:
  act: gelu
  agg: mean
  att_final_linear: False
  att_final_linear_bn: False
  att_heads: 1
  batchnorm: True
  clear_feature: True
  dim_inner: 64
  dropout: 0.2
  head: node
  keep_edge: 0.5
  l2norm: True
  layer_type: generalconv
  layers_mp: 2
  layers_post_mp: 1
  layers_pre_mp: 0
  msg_direction: single
  normalize_adj: False
  residual: False
  self_msg: concat
  skip_every: 1
  stage_type: stack
gpu_mem: False
graphormer:
  attention_dropout: 0.0
  dropout: 0.2
  embed_dim: 64
  input_dropout: 0.0
  mlp_dropout: 0.2
  num_heads: 4
  num_layers: 2
  use_graph_token: False
gt:
  attn_dropout: 0.0
  batch_norm: True
  bigbird:
    add_cross_attention: False
    attention_type: block_sparse
    block_size: 3
    chunk_size_feed_forward: 0
    hidden_act: relu
    is_decoder: False
    layer_norm_eps: 1e-06
    max_position_embeddings: 128
    num_random_blocks: 3
    use_bias: False
  dim_hidden: 64
  dropout: 0.0
  full_graph: True
  gamma: 1e-05
  layer_norm: False
  layer_type: SANLayer
  layers: 3
  n_heads: 8
  pna_degrees: []
  residual: True
mem:
  inplace: False
metric_agg: argmax
metric_best: accuracy
model:
  edge_decoding: dot
  graph_pooling: add
  loss_fun: cross_entropy
  match_upper: True
  size_average: mean
  thresh: 0.5
  type: Graphormer
name_tag: 
num_threads: 6
num_workers: 0
optim:
  base_lr: 0.0005
  batch_accumulation: 1
  clip_grad_norm: True
  clip_grad_norm_value: 5.0
  lr_decay: 0.1
  max_epoch: 200
  min_lr: 0.0
  momentum: 0.9
  num_warmup_epochs: 10
  optimizer: adamW
  reduce_factor: 0.1
  schedule_patience: 10
  scheduler: cosine_with_warmup
  steps: [30, 60, 90]
  weight_decay: 1e-05
out_dir: results\webkb-tex-Graphormer
posenc_ElstaticSE:
  dim_pe: 16
  enable: False
  kernel:
    times: []
    times_func: range(10)
  layers: 3
  model: none
  n_heads: 4
  pass_as_var: False
  post_layers: 0
  raw_norm_type: none
posenc_EquivStableLapPE:
  eigen:
    eigvec_norm: L2
    laplacian_norm: sym
    max_freqs: 10
  enable: False
  raw_norm_type: none
posenc_GraphormerBias:
  dim_pe: 0
  enable: True
  node_degrees_only: False
  num_in_degrees: 13
  num_out_degrees: 105
  num_spatial_types: 20
posenc_HKdiagSE:
  dim_pe: 16
  enable: False
  kernel:
    times: []
    times_func: 
  layers: 3
  model: none
  n_heads: 4
  pass_as_var: False
  post_layers: 0
  raw_norm_type: none
posenc_LapPE:
  dim_pe: 16
  eigen:
    eigvec_norm: L2
    laplacian_norm: sym
    max_freqs: 10
  enable: False
  layers: 3
  model: none
  n_heads: 4
  pass_as_var: False
  post_layers: 0
  raw_norm_type: none
posenc_RWSE:
  dim_pe: 16
  enable: False
  kernel:
    times: []
    times_func: 
  layers: 3
  model: none
  n_heads: 4
  pass_as_var: False
  post_layers: 0
  raw_norm_type: none
posenc_SignNet:
  dim_pe: 16
  eigen:
    eigvec_norm: L2
    laplacian_norm: sym
    max_freqs: 10
  enable: False
  layers: 3
  model: none
  n_heads: 4
  pass_as_var: False
  phi_hidden_dim: 64
  phi_out_dim: 4
  post_layers: 0
  raw_norm_type: none
pretrained:
  dir: 
  freeze_main: False
  reset_prediction_head: True
print: both
round: 5
run_dir: results\webkb-tex-Graphormer\0
run_id: 0
run_multiple_splits: []
seed: 0
share:
  dim_in: 1703
  dim_out: 5
  num_splits: 3
tensorboard_agg: True
tensorboard_each_run: False
train:
  auto_resume: False
  batch_size: 16
  ckpt_best: False
  ckpt_clean: True
  ckpt_period: 100
  enable_ckpt: False
  epoch_resume: -1
  eval_period: 5
  iter_per_epoch: 32
  mode: custom
  neighbor_sizes: [20, 15, 10, 5]
  node_per_graph: 32
  radius: extend
  sample_node: False
  sampler: full_batch
  skip_train_eval: False
  walk_length: 4
val:
  node_per_graph: 32
  radius: extend
  sample_node: False
  sampler: full_batch
view_emb: False
wandb:
  entity: gtransformers
  name: 
  project: Texas
  use: False
Num parameters: 167769
Start from epoch 0
train: {'epoch': 0, 'time_epoch': 0.19501, 'eta': 38.80717, 'eta_hours': 0.01078, 'loss': 1.5361681, 'lr': 0.0, 'params': 167769, 'time_iter': 0.19501, 'accuracy': 0.3908, 'f1': 0.15409, 'auc': 0.40148}
...computing epoch stats took: 0.03s
val: {'epoch': 0, 'time_epoch': 0.005, 'loss': 1.50871623, 'lr': 0, 'params': 167769, 'time_iter': 0.005, 'accuracy': 0.52542, 'f1': 0.13778, 'auc': 0.57285}
...computing epoch stats took: 0.01s
test: {'epoch': 0, 'time_epoch': 0.004, 'loss': 1.4754777, 'lr': 0, 'params': 167769, 'time_iter': 0.004, 'accuracy': 0.64865, 'f1': 0.19672, 'auc': 0.31175}
...computing epoch stats took: 0.01s
> Epoch 0: took 0.3s (avg 0.3s) | Best so far: epoch 0	train_loss: 1.5362 train_accuracy: 0.3908	val_loss: 1.5087 val_accuracy: 0.5254	test_loss: 1.4755 test_accuracy: 0.6486
train: {'epoch': 1, 'time_epoch': 0.007, 'eta': 19.99908, 'eta_hours': 0.00556, 'loss': 1.55021489, 'lr': 5e-05, 'params': 167769, 'time_iter': 0.007, 'accuracy': 0.41379, 'f1': 0.15331, 'auc': 0.35257}
...computing epoch stats took: 0.01s
train: {'epoch': 2, 'time_epoch': 0.0105, 'eta': 13.95503, 'eta_hours': 0.00388, 'loss': 1.50172734, 'lr': 0.0001, 'params': 167769, 'time_iter': 0.0105, 'accuracy': 0.49425, 'f1': 0.17185, 'auc': 0.42078}
...computing epoch stats took: 0.00s
train: {'epoch': 3, 'time_epoch': 0.007, 'eta': 10.75616, 'eta_hours': 0.00299, 'loss': 1.42661095, 'lr': 0.00015, 'params': 167769, 'time_iter': 0.007, 'accuracy': 0.51724, 'f1': 0.17176, 'auc': 0.40715}
train: {'epoch': 4, 'time_epoch': 0.00651, 'eta': 8.81473, 'eta_hours': 0.00245, 'loss': 1.35554326, 'lr': 0.0002, 'params': 167769, 'time_iter': 0.00651, 'accuracy': 0.52874, 'f1': 0.17293, 'auc': 0.40287}
val: {'epoch': 4, 'time_epoch': 0.004, 'loss': 1.35141253, 'lr': 0, 'params': 167769, 'time_iter': 0.004, 'accuracy': 0.52542, 'f1': 0.13778, 'auc': 0.64092}
test: {'epoch': 4, 'time_epoch': 0.005, 'loss': 1.16167927, 'lr': 0, 'params': 167769, 'time_iter': 0.005, 'accuracy': 0.64865, 'f1': 0.19672, 'auc': 0.34501}
> Epoch 4: took 0.0s (avg 0.1s) | Best so far: epoch 0	train_loss: 1.5362 train_accuracy: 0.3908	val_loss: 1.5087 val_accuracy: 0.5254	test_loss: 1.4755 test_accuracy: 0.6486
train: {'epoch': 5, 'time_epoch': 0.007, 'eta': 7.53426, 'eta_hours': 0.00209, 'loss': 1.26818991, 'lr': 0.00025, 'params': 167769, 'time_iter': 0.007, 'accuracy': 0.52874, 'f1': 0.17293, 'auc': 0.4737}
train: {'epoch': 6, 'time_epoch': 0.008, 'eta': 6.64522, 'eta_hours': 0.00185, 'loss': 1.25118589, 'lr': 0.0003, 'params': 167769, 'time_iter': 0.008, 'accuracy': 0.52874, 'f1': 0.17293, 'auc': 0.47709}
train: {'epoch': 7, 'time_epoch': 0.007, 'eta': 5.95244, 'eta_hours': 0.00165, 'loss': 1.22807562, 'lr': 0.00035, 'params': 167769, 'time_iter': 0.007, 'accuracy': 0.52874, 'f1': 0.17293, 'auc': 0.50222}
train: {'epoch': 8, 'time_epoch': 0.007, 'eta': 5.41205, 'eta_hours': 0.0015, 'loss': 1.18625653, 'lr': 0.0004, 'params': 167769, 'time_iter': 0.007, 'accuracy': 0.52874, 'f1': 0.17293, 'auc': 0.52335}
train: {'epoch': 9, 'time_epoch': 0.008, 'eta': 4.99735, 'eta_hours': 0.00139, 'loss': 1.13626587, 'lr': 0.00045, 'params': 167769, 'time_iter': 0.008, 'accuracy': 0.54023, 'f1': 0.20758, 'auc': 0.55097}
val: {'epoch': 9, 'time_epoch': 0.004, 'loss': 1.28038943, 'lr': 0, 'params': 167769, 'time_iter': 0.004, 'accuracy': 0.52542, 'f1': 0.13778, 'auc': 0.79192}
test: {'epoch': 9, 'time_epoch': 0.004, 'loss': 1.08074045, 'lr': 0, 'params': 167769, 'time_iter': 0.004, 'accuracy': 0.64865, 'f1': 0.19672, 'auc': 0.55258}
> Epoch 9: took 0.0s (avg 0.0s) | Best so far: epoch 0	train_loss: 1.5362 train_accuracy: 0.3908	val_loss: 1.5087 val_accuracy: 0.5254	test_loss: 1.4755 test_accuracy: 0.6486
train: {'epoch': 10, 'time_epoch': 0.009, 'eta': 4.67378, 'eta_hours': 0.0013, 'loss': 1.09847558, 'lr': 0.0005, 'params': 167769, 'time_iter': 0.009, 'accuracy': 0.54023, 'f1': 0.22814, 'auc': 0.58234}
train: {'epoch': 11, 'time_epoch': 0.007, 'eta': 4.3713, 'eta_hours': 0.00121, 'loss': 1.12702525, 'lr': 0.00049997, 'params': 167769, 'time_iter': 0.007, 'accuracy': 0.56322, 'f1': 0.26323, 'auc': 0.5101}
train: {'epoch': 12, 'time_epoch': 0.007, 'eta': 4.1143, 'eta_hours': 0.00114, 'loss': 1.01860929, 'lr': 0.00049986, 'params': 167769, 'time_iter': 0.007, 'accuracy': 0.64368, 'f1': 0.41352, 'auc': 0.6389}
train: {'epoch': 13, 'time_epoch': 0.007, 'eta': 3.89299, 'eta_hours': 0.00108, 'loss': 1.0022645, 'lr': 0.00049969, 'params': 167769, 'time_iter': 0.007, 'accuracy': 0.58621, 'f1': 0.309, 'auc': 0.65918}
train: {'epoch': 14, 'time_epoch': 0.007, 'eta': 3.70028, 'eta_hours': 0.00103, 'loss': 0.96118253, 'lr': 0.00049945, 'params': 167769, 'time_iter': 0.007, 'accuracy': 0.63218, 'f1': 0.42593, 'auc': 0.67192}
val: {'epoch': 14, 'time_epoch': 0.004, 'loss': 1.17171264, 'lr': 0, 'params': 167769, 'time_iter': 0.004, 'accuracy': 0.55932, 'f1': 0.18797, 'auc': 0.84386}
test: {'epoch': 14, 'time_epoch': 0.004, 'loss': 1.0122689, 'lr': 0, 'params': 167769, 'time_iter': 0.004, 'accuracy': 0.67568, 'f1': 0.3, 'auc': 0.61228}
> Epoch 14: took 0.0s (avg 0.0s) | Best so far: epoch 14	train_loss: 0.9612 train_accuracy: 0.6322	val_loss: 1.1717 val_accuracy: 0.5593	test_loss: 1.0123 test_accuracy: 0.6757
train: {'epoch': 15, 'time_epoch': 0.008, 'eta': 3.54226, 'eta_hours': 0.00098, 'loss': 0.93149883, 'lr': 0.00049915, 'params': 167769, 'time_iter': 0.008, 'accuracy': 0.63218, 'f1': 0.39507, 'auc': 0.69414}
train: {'epoch': 16, 'time_epoch': 0.009, 'eta': 3.41265, 'eta_hours': 0.00095, 'loss': 0.88022274, 'lr': 0.00049877, 'params': 167769, 'time_iter': 0.009, 'accuracy': 0.63218, 'f1': 0.4004, 'auc': 0.72917}
train: {'epoch': 17, 'time_epoch': 0.007, 'eta': 3.27623, 'eta_hours': 0.00091, 'loss': 0.88418967, 'lr': 0.00049833, 'params': 167769, 'time_iter': 0.007, 'accuracy': 0.63218, 'f1': 0.39352, 'auc': 0.71738}
train: {'epoch': 18, 'time_epoch': 0.008, 'eta': 3.16296, 'eta_hours': 0.00088, 'loss': 0.81895506, 'lr': 0.00049782, 'params': 167769, 'time_iter': 0.008, 'accuracy': 0.65517, 'f1': 0.47323, 'auc': 0.74511}
train: {'epoch': 19, 'time_epoch': 0.007, 'eta': 3.05121, 'eta_hours': 0.00085, 'loss': 0.76117021, 'lr': 0.00049724, 'params': 167769, 'time_iter': 0.007, 'accuracy': 0.63218, 'f1': 0.44478, 'auc': 0.77167}
val: {'epoch': 19, 'time_epoch': 0.003, 'loss': 1.12468803, 'lr': 0, 'params': 167769, 'time_iter': 0.003, 'accuracy': 0.55932, 'f1': 0.18797, 'auc': 0.81212}
test: {'epoch': 19, 'time_epoch': 0.003, 'loss': 0.93004298, 'lr': 0, 'params': 167769, 'time_iter': 0.003, 'accuracy': 0.67568, 'f1': 0.3, 'auc': 0.63172}
> Epoch 19: took 0.0s (avg 0.0s) | Best so far: epoch 14	train_loss: 0.9612 train_accuracy: 0.6322	val_loss: 1.1717 val_accuracy: 0.5593	test_loss: 1.0123 test_accuracy: 0.6757
train: {'epoch': 20, 'time_epoch': 0.00951, 'eta': 2.97079, 'eta_hours': 0.00083, 'loss': 0.75061822, 'lr': 0.00049659, 'params': 167769, 'time_iter': 0.00951, 'accuracy': 0.70115, 'f1': 0.58784, 'auc': 0.77883}
train: {'epoch': 21, 'time_epoch': 0.007, 'eta': 2.87653, 'eta_hours': 0.0008, 'loss': 0.76090503, 'lr': 0.00049588, 'params': 167769, 'time_iter': 0.007, 'accuracy': 0.71264, 'f1': 0.60399, 'auc': 0.74095}
train: {'epoch': 22, 'time_epoch': 0.007, 'eta': 2.78988, 'eta_hours': 0.00077, 'loss': 0.69710833, 'lr': 0.00049509, 'params': 167769, 'time_iter': 0.007, 'accuracy': 0.8046, 'f1': 0.71273, 'auc': 0.75234}
train: {'epoch': 23, 'time_epoch': 0.007, 'eta': 2.70988, 'eta_hours': 0.00075, 'loss': 0.66962165, 'lr': 0.00049425, 'params': 167769, 'time_iter': 0.007, 'accuracy': 0.8046, 'f1': 0.71803, 'auc': 0.78542}
train: {'epoch': 24, 'time_epoch': 0.008, 'eta': 2.6427, 'eta_hours': 0.00073, 'loss': 0.61505663, 'lr': 0.00049333, 'params': 167769, 'time_iter': 0.008, 'accuracy': 0.86207, 'f1': 0.80865, 'auc': 0.78245}
val: {'epoch': 24, 'time_epoch': 0.004, 'loss': 1.02499187, 'lr': 0, 'params': 167769, 'time_iter': 0.004, 'accuracy': 0.66102, 'f1': 0.28004, 'auc': 0.80266}
test: {'epoch': 24, 'time_epoch': 0.004, 'loss': 0.89983398, 'lr': 0, 'params': 167769, 'time_iter': 0.004, 'accuracy': 0.7027, 'f1': 0.41964, 'auc': 0.6525}
> Epoch 24: took 0.0s (avg 0.0s) | Best so far: epoch 24	train_loss: 0.6151 train_accuracy: 0.8621	val_loss: 1.0250 val_accuracy: 0.6610	test_loss: 0.8998 test_accuracy: 0.7027
train: {'epoch': 25, 'time_epoch': 0.007, 'eta': 2.5734, 'eta_hours': 0.00071, 'loss': 0.56142431, 'lr': 0.00049235, 'params': 167769, 'time_iter': 0.007, 'accuracy': 0.89655, 'f1': 0.80554, 'auc': 0.79575}
train: {'epoch': 26, 'time_epoch': 0.007, 'eta': 2.50871, 'eta_hours': 0.0007, 'loss': 0.53025526, 'lr': 0.0004913, 'params': 167769, 'time_iter': 0.007, 'accuracy': 0.88506, 'f1': 0.7932, 'auc': 0.79528}
train: {'epoch': 27, 'time_epoch': 0.007, 'eta': 2.44813, 'eta_hours': 0.00068, 'loss': 0.51045841, 'lr': 0.00049019, 'params': 167769, 'time_iter': 0.007, 'accuracy': 0.87356, 'f1': 0.79029, 'auc': 0.7898}
train: {'epoch': 28, 'time_epoch': 0.007, 'eta': 2.39124, 'eta_hours': 0.00066, 'loss': 0.46388337, 'lr': 0.00048901, 'params': 167769, 'time_iter': 0.007, 'accuracy': 0.89655, 'f1': 0.84201, 'auc': 0.7939}
train: {'epoch': 29, 'time_epoch': 0.007, 'eta': 2.33768, 'eta_hours': 0.00065, 'loss': 0.41941273, 'lr': 0.00048776, 'params': 167769, 'time_iter': 0.007, 'accuracy': 0.90805, 'f1': 0.85222, 'auc': 0.79424}
val: {'epoch': 29, 'time_epoch': 0.003, 'loss': 0.81234175, 'lr': 0, 'params': 167769, 'time_iter': 0.003, 'accuracy': 0.71186, 'f1': 0.31706, 'auc': 0.80373}
test: {'epoch': 29, 'time_epoch': 0.006, 'loss': 0.78746265, 'lr': 0, 'params': 167769, 'time_iter': 0.006, 'accuracy': 0.72973, 'f1': 0.45909, 'auc': 0.67097}
> Epoch 29: took 0.0s (avg 0.0s) | Best so far: epoch 29	train_loss: 0.4194 train_accuracy: 0.9081	val_loss: 0.8123 val_accuracy: 0.7119	test_loss: 0.7875 test_accuracy: 0.7297
train: {'epoch': 30, 'time_epoch': 0.009, 'eta': 2.29802, 'eta_hours': 0.00064, 'loss': 0.38173804, 'lr': 0.00048645, 'params': 167769, 'time_iter': 0.009, 'accuracy': 0.91954, 'f1': 0.86205, 'auc': 0.79716}
train: {'epoch': 31, 'time_epoch': 0.007, 'eta': 2.24979, 'eta_hours': 0.00062, 'loss': 0.34125775, 'lr': 0.00048508, 'params': 167769, 'time_iter': 0.007, 'accuracy': 0.93103, 'f1': 0.89004, 'auc': 0.79894}
train: {'epoch': 32, 'time_epoch': 0.007, 'eta': 2.20405, 'eta_hours': 0.00061, 'loss': 0.30249324, 'lr': 0.00048364, 'params': 167769, 'time_iter': 0.007, 'accuracy': 0.94253, 'f1': 0.89607, 'auc': 0.799}
train: {'epoch': 33, 'time_epoch': 0.0065, 'eta': 2.15817, 'eta_hours': 0.0006, 'loss': 0.26216927, 'lr': 0.00048214, 'params': 167769, 'time_iter': 0.0065, 'accuracy': 0.95402, 'f1': 0.89853, 'auc': 0.8}
train: {'epoch': 34, 'time_epoch': 0.007, 'eta': 2.11687, 'eta_hours': 0.00059, 'loss': 0.22608994, 'lr': 0.00048057, 'params': 167769, 'time_iter': 0.007, 'accuracy': 0.95402, 'f1': 0.89996, 'auc': 0.79955}
val: {'epoch': 34, 'time_epoch': 0.004, 'loss': 0.66981709, 'lr': 0, 'params': 167769, 'time_iter': 0.004, 'accuracy': 0.79661, 'f1': 0.48065, 'auc': 0.8183}
test: {'epoch': 34, 'time_epoch': 0.003, 'loss': 0.78029025, 'lr': 0, 'params': 167769, 'time_iter': 0.003, 'accuracy': 0.72973, 'f1': 0.50065, 'auc': 0.69134}
> Epoch 34: took 0.0s (avg 0.0s) | Best so far: epoch 34	train_loss: 0.2261 train_accuracy: 0.9540	val_loss: 0.6698 val_accuracy: 0.7966	test_loss: 0.7803 test_accuracy: 0.7297
train: {'epoch': 35, 'time_epoch': 0.007, 'eta': 2.07749, 'eta_hours': 0.00058, 'loss': 0.18928574, 'lr': 0.00047894, 'params': 167769, 'time_iter': 0.007, 'accuracy': 0.96552, 'f1': 0.90905, 'auc': 0.8}
train: {'epoch': 36, 'time_epoch': 0.00851, 'eta': 2.04648, 'eta_hours': 0.00057, 'loss': 0.17502078, 'lr': 0.00047725, 'params': 167769, 'time_iter': 0.00851, 'accuracy': 0.96552, 'f1': 0.90762, 'auc': 0.8}
train: {'epoch': 37, 'time_epoch': 0.008, 'eta': 2.01452, 'eta_hours': 0.00056, 'loss': 0.16313007, 'lr': 0.0004755, 'params': 167769, 'time_iter': 0.008, 'accuracy': 0.96552, 'f1': 0.90762, 'auc': 0.8}
train: {'epoch': 38, 'time_epoch': 0.007, 'eta': 1.97964, 'eta_hours': 0.00055, 'loss': 0.14249955, 'lr': 0.00047368, 'params': 167769, 'time_iter': 0.007, 'accuracy': 0.96552, 'f1': 0.90762, 'auc': 0.8}
train: {'epoch': 39, 'time_epoch': 0.007, 'eta': 1.94616, 'eta_hours': 0.00054, 'loss': 0.11598977, 'lr': 0.00047181, 'params': 167769, 'time_iter': 0.007, 'accuracy': 0.96552, 'f1': 0.90762, 'auc': 0.8}
val: {'epoch': 39, 'time_epoch': 0.006, 'loss': 0.63937074, 'lr': 0, 'params': 167769, 'time_iter': 0.006, 'accuracy': 0.76271, 'f1': 0.46013, 'auc': 0.81358}
test: {'epoch': 39, 'time_epoch': 0.004, 'loss': 0.80620551, 'lr': 0, 'params': 167769, 'time_iter': 0.004, 'accuracy': 0.75676, 'f1': 0.56723, 'auc': 0.69818}
> Epoch 39: took 0.0s (avg 0.0s) | Best so far: epoch 34	train_loss: 0.2261 train_accuracy: 0.9540	val_loss: 0.6698 val_accuracy: 0.7966	test_loss: 0.7803 test_accuracy: 0.7297
train: {'epoch': 40, 'time_epoch': 0.007, 'eta': 1.91397, 'eta_hours': 0.00053, 'loss': 0.09724763, 'lr': 0.00046987, 'params': 167769, 'time_iter': 0.007, 'accuracy': 0.98851, 'f1': 0.97215, 'auc': 0.8}
train: {'epoch': 41, 'time_epoch': 0.007, 'eta': 1.88298, 'eta_hours': 0.00052, 'loss': 0.08743774, 'lr': 0.00046787, 'params': 167769, 'time_iter': 0.007, 'accuracy': 0.98851, 'f1': 0.97215, 'auc': 0.8}
train: {'epoch': 42, 'time_epoch': 0.008, 'eta': 1.85676, 'eta_hours': 0.00052, 'loss': 0.0781134, 'lr': 0.00046581, 'params': 167769, 'time_iter': 0.008, 'accuracy': 0.98851, 'f1': 0.97215, 'auc': 0.8}
train: {'epoch': 43, 'time_epoch': 0.007, 'eta': 1.82782, 'eta_hours': 0.00051, 'loss': 0.06891453, 'lr': 0.0004637, 'params': 167769, 'time_iter': 0.007, 'accuracy': 0.98851, 'f1': 0.97215, 'auc': 0.8}
train: {'epoch': 44, 'time_epoch': 0.007, 'eta': 1.79986, 'eta_hours': 0.0005, 'loss': 0.05592884, 'lr': 0.00046152, 'params': 167769, 'time_iter': 0.007, 'accuracy': 1.0, 'f1': 1.0, 'auc': 0.8}
val: {'epoch': 44, 'time_epoch': 0.003, 'loss': 0.6555993, 'lr': 0, 'params': 167769, 'time_iter': 0.003, 'accuracy': 0.77966, 'f1': 0.52128, 'auc': 0.80202}
test: {'epoch': 44, 'time_epoch': 0.003, 'loss': 0.87563038, 'lr': 0, 'params': 167769, 'time_iter': 0.003, 'accuracy': 0.78378, 'f1': 0.6456, 'auc': 0.70742}
> Epoch 44: took 0.0s (avg 0.0s) | Best so far: epoch 34	train_loss: 0.2261 train_accuracy: 0.9540	val_loss: 0.6698 val_accuracy: 0.7966	test_loss: 0.7803 test_accuracy: 0.7297
train: {'epoch': 45, 'time_epoch': 0.008, 'eta': 1.77616, 'eta_hours': 0.00049, 'loss': 0.05070036, 'lr': 0.00045929, 'params': 167769, 'time_iter': 0.008, 'accuracy': 1.0, 'f1': 1.0, 'auc': 0.8}
train: {'epoch': 46, 'time_epoch': 0.007, 'eta': 1.74986, 'eta_hours': 0.00049, 'loss': 0.04727259, 'lr': 0.000457, 'params': 167769, 'time_iter': 0.007, 'accuracy': 1.0, 'f1': 1.0, 'auc': 0.8}
train: {'epoch': 47, 'time_epoch': 0.009, 'eta': 1.73071, 'eta_hours': 0.00048, 'loss': 0.03684214, 'lr': 0.00045466, 'params': 167769, 'time_iter': 0.009, 'accuracy': 1.0, 'f1': 1.0, 'auc': 0.8}
train: {'epoch': 48, 'time_epoch': 0.009, 'eta': 1.71197, 'eta_hours': 0.00048, 'loss': 0.03674979, 'lr': 0.00045225, 'params': 167769, 'time_iter': 0.009, 'accuracy': 1.0, 'f1': 1.0, 'auc': 0.8}
train: {'epoch': 49, 'time_epoch': 0.007, 'eta': 1.68762, 'eta_hours': 0.00047, 'loss': 0.03564155, 'lr': 0.0004498, 'params': 167769, 'time_iter': 0.007, 'accuracy': 1.0, 'f1': 1.0, 'auc': 0.8}
val: {'epoch': 49, 'time_epoch': 0.004, 'loss': 0.69171041, 'lr': 0, 'params': 167769, 'time_iter': 0.004, 'accuracy': 0.77966, 'f1': 0.52064, 'auc': 0.80252}
test: {'epoch': 49, 'time_epoch': 0.004, 'loss': 0.99143642, 'lr': 0, 'params': 167769, 'time_iter': 0.004, 'accuracy': 0.78378, 'f1': 0.65319, 'auc': 0.70673}
> Epoch 49: took 0.0s (avg 0.0s) | Best so far: epoch 34	train_loss: 0.2261 train_accuracy: 0.9540	val_loss: 0.6698 val_accuracy: 0.7966	test_loss: 0.7803 test_accuracy: 0.7297
train: {'epoch': 50, 'time_epoch': 0.007, 'eta': 1.66396, 'eta_hours': 0.00046, 'loss': 0.03058969, 'lr': 0.00044729, 'params': 167769, 'time_iter': 0.007, 'accuracy': 1.0, 'f1': 1.0, 'auc': 0.8}
train: {'epoch': 51, 'time_epoch': 0.0065, 'eta': 1.63951, 'eta_hours': 0.00046, 'loss': 0.02354194, 'lr': 0.00044472, 'params': 167769, 'time_iter': 0.0065, 'accuracy': 1.0, 'f1': 1.0, 'auc': 0.8}
train: {'epoch': 52, 'time_epoch': 0.007, 'eta': 1.61713, 'eta_hours': 0.00045, 'loss': 0.0210683, 'lr': 0.0004421, 'params': 167769, 'time_iter': 0.007, 'accuracy': 1.0, 'f1': 1.0, 'auc': 0.8}
train: {'epoch': 53, 'time_epoch': 0.007, 'eta': 1.59531, 'eta_hours': 0.00044, 'loss': 0.01716209, 'lr': 0.00043943, 'params': 167769, 'time_iter': 0.007, 'accuracy': 1.0, 'f1': 1.0, 'auc': 0.8}
train: {'epoch': 54, 'time_epoch': 0.007, 'eta': 1.57403, 'eta_hours': 0.00044, 'loss': 0.01892712, 'lr': 0.00043671, 'params': 167769, 'time_iter': 0.007, 'accuracy': 1.0, 'f1': 1.0, 'auc': 0.8}
val: {'epoch': 54, 'time_epoch': 0.004, 'loss': 0.72761011, 'lr': 0, 'params': 167769, 'time_iter': 0.004, 'accuracy': 0.77966, 'f1': 0.52694, 'auc': 0.80252}
test: {'epoch': 54, 'time_epoch': 0.005, 'loss': 1.09213912, 'lr': 0, 'params': 167769, 'time_iter': 0.005, 'accuracy': 0.78378, 'f1': 0.65319, 'auc': 0.71168}
> Epoch 54: took 0.0s (avg 0.0s) | Best so far: epoch 34	train_loss: 0.2261 train_accuracy: 0.9540	val_loss: 0.6698 val_accuracy: 0.7966	test_loss: 0.7803 test_accuracy: 0.7297
train: {'epoch': 55, 'time_epoch': 0.007, 'eta': 1.55326, 'eta_hours': 0.00043, 'loss': 0.0179669, 'lr': 0.00043393, 'params': 167769, 'time_iter': 0.007, 'accuracy': 1.0, 'f1': 1.0, 'auc': 0.8}
train: {'epoch': 56, 'time_epoch': 0.007, 'eta': 1.53297, 'eta_hours': 0.00043, 'loss': 0.01409922, 'lr': 0.00043111, 'params': 167769, 'time_iter': 0.007, 'accuracy': 1.0, 'f1': 1.0, 'auc': 0.8}
train: {'epoch': 57, 'time_epoch': 0.008, 'eta': 1.5156, 'eta_hours': 0.00042, 'loss': 0.01400704, 'lr': 0.00042823, 'params': 167769, 'time_iter': 0.008, 'accuracy': 1.0, 'f1': 1.0, 'auc': 0.8}
train: {'epoch': 58, 'time_epoch': 0.0065, 'eta': 1.49496, 'eta_hours': 0.00042, 'loss': 0.01225984, 'lr': 0.00042531, 'params': 167769, 'time_iter': 0.0065, 'accuracy': 1.0, 'f1': 1.0, 'auc': 0.8}
train: {'epoch': 59, 'time_epoch': 0.007, 'eta': 1.47595, 'eta_hours': 0.00041, 'loss': 0.00986674, 'lr': 0.00042234, 'params': 167769, 'time_iter': 0.007, 'accuracy': 1.0, 'f1': 1.0, 'auc': 0.8}
val: {'epoch': 59, 'time_epoch': 0.003, 'loss': 0.77437139, 'lr': 0, 'params': 167769, 'time_iter': 0.003, 'accuracy': 0.76271, 'f1': 0.49172, 'auc': 0.79981}
test: {'epoch': 59, 'time_epoch': 0.004, 'loss': 1.17736769, 'lr': 0, 'params': 167769, 'time_iter': 0.004, 'accuracy': 0.75676, 'f1': 0.54902, 'auc': 0.71358}
> Epoch 59: took 0.0s (avg 0.0s) | Best so far: epoch 34	train_loss: 0.2261 train_accuracy: 0.9540	val_loss: 0.6698 val_accuracy: 0.7966	test_loss: 0.7803 test_accuracy: 0.7297
train: {'epoch': 60, 'time_epoch': 0.007, 'eta': 1.45734, 'eta_hours': 0.0004, 'loss': 0.01132741, 'lr': 0.00041932, 'params': 167769, 'time_iter': 0.007, 'accuracy': 1.0, 'f1': 1.0, 'auc': 0.8}
train: {'epoch': 61, 'time_epoch': 0.007, 'eta': 1.4391, 'eta_hours': 0.0004, 'loss': 0.00838723, 'lr': 0.00041626, 'params': 167769, 'time_iter': 0.007, 'accuracy': 1.0, 'f1': 1.0, 'auc': 0.8}
train: {'epoch': 62, 'time_epoch': 0.007, 'eta': 1.42121, 'eta_hours': 0.00039, 'loss': 0.00882187, 'lr': 0.00041315, 'params': 167769, 'time_iter': 0.007, 'accuracy': 1.0, 'f1': 1.0, 'auc': 0.8}
train: {'epoch': 63, 'time_epoch': 0.008, 'eta': 1.4058, 'eta_hours': 0.00039, 'loss': 0.0092568, 'lr': 0.00040999, 'params': 167769, 'time_iter': 0.008, 'accuracy': 1.0, 'f1': 1.0, 'auc': 0.8}
train: {'epoch': 64, 'time_epoch': 0.007, 'eta': 1.38853, 'eta_hours': 0.00039, 'loss': 0.00679749, 'lr': 0.00040679, 'params': 167769, 'time_iter': 0.007, 'accuracy': 1.0, 'f1': 1.0, 'auc': 0.8}
val: {'epoch': 64, 'time_epoch': 0.003, 'loss': 0.81895214, 'lr': 0, 'params': 167769, 'time_iter': 0.003, 'accuracy': 0.76271, 'f1': 0.49172, 'auc': 0.79928}
test: {'epoch': 64, 'time_epoch': 0.003, 'loss': 1.24418747, 'lr': 0, 'params': 167769, 'time_iter': 0.003, 'accuracy': 0.75676, 'f1': 0.54902, 'auc': 0.71786}
> Epoch 64: took 0.0s (avg 0.0s) | Best so far: epoch 34	train_loss: 0.2261 train_accuracy: 0.9540	val_loss: 0.6698 val_accuracy: 0.7966	test_loss: 0.7803 test_accuracy: 0.7297
train: {'epoch': 65, 'time_epoch': 0.008, 'eta': 1.3736, 'eta_hours': 0.00038, 'loss': 0.00674733, 'lr': 0.00040355, 'params': 167769, 'time_iter': 0.008, 'accuracy': 1.0, 'f1': 1.0, 'auc': 0.8}
train: {'epoch': 66, 'time_epoch': 0.007, 'eta': 1.3569, 'eta_hours': 0.00038, 'loss': 0.00683631, 'lr': 0.00040027, 'params': 167769, 'time_iter': 0.007, 'accuracy': 1.0, 'f1': 1.0, 'auc': 0.8}
train: {'epoch': 67, 'time_epoch': 0.006, 'eta': 1.33854, 'eta_hours': 0.00037, 'loss': 0.00496442, 'lr': 0.00039695, 'params': 167769, 'time_iter': 0.006, 'accuracy': 1.0, 'f1': 1.0, 'auc': 0.8}
train: {'epoch': 68, 'time_epoch': 0.007, 'eta': 1.32244, 'eta_hours': 0.00037, 'loss': 0.00488664, 'lr': 0.00039358, 'params': 167769, 'time_iter': 0.007, 'accuracy': 1.0, 'f1': 1.0, 'auc': 0.8}
train: {'epoch': 69, 'time_epoch': 0.007, 'eta': 1.30659, 'eta_hours': 0.00036, 'loss': 0.00553306, 'lr': 0.00039018, 'params': 167769, 'time_iter': 0.007, 'accuracy': 1.0, 'f1': 1.0, 'auc': 0.8}
val: {'epoch': 69, 'time_epoch': 0.004, 'loss': 0.85548574, 'lr': 0, 'params': 167769, 'time_iter': 0.004, 'accuracy': 0.76271, 'f1': 0.49172, 'auc': 0.80112}
test: {'epoch': 69, 'time_epoch': 0.004, 'loss': 1.29349124, 'lr': 0, 'params': 167769, 'time_iter': 0.004, 'accuracy': 0.75676, 'f1': 0.54902, 'auc': 0.71786}
> Epoch 69: took 0.0s (avg 0.0s) | Best so far: epoch 34	train_loss: 0.2261 train_accuracy: 0.9540	val_loss: 0.6698 val_accuracy: 0.7966	test_loss: 0.7803 test_accuracy: 0.7297
train: {'epoch': 70, 'time_epoch': 0.00751, 'eta': 1.29192, 'eta_hours': 0.00036, 'loss': 0.0053705, 'lr': 0.00038674, 'params': 167769, 'time_iter': 0.00751, 'accuracy': 1.0, 'f1': 1.0, 'auc': 0.8}
train: {'epoch': 71, 'time_epoch': 0.007, 'eta': 1.27655, 'eta_hours': 0.00035, 'loss': 0.00533409, 'lr': 0.00038326, 'params': 167769, 'time_iter': 0.007, 'accuracy': 1.0, 'f1': 1.0, 'auc': 0.8}
train: {'epoch': 72, 'time_epoch': 0.007, 'eta': 1.2614, 'eta_hours': 0.00035, 'loss': 0.00396374, 'lr': 0.00037974, 'params': 167769, 'time_iter': 0.007, 'accuracy': 1.0, 'f1': 1.0, 'auc': 0.8}
train: {'epoch': 73, 'time_epoch': 0.007, 'eta': 1.24648, 'eta_hours': 0.00035, 'loss': 0.00394277, 'lr': 0.00037619, 'params': 167769, 'time_iter': 0.007, 'accuracy': 1.0, 'f1': 1.0, 'auc': 0.8}
train: {'epoch': 74, 'time_epoch': 0.007, 'eta': 1.23176, 'eta_hours': 0.00034, 'loss': 0.00391987, 'lr': 0.00037261, 'params': 167769, 'time_iter': 0.007, 'accuracy': 1.0, 'f1': 1.0, 'auc': 0.8}
val: {'epoch': 74, 'time_epoch': 0.004, 'loss': 0.88362622, 'lr': 0, 'params': 167769, 'time_iter': 0.004, 'accuracy': 0.76271, 'f1': 0.49172, 'auc': 0.80065}
test: {'epoch': 74, 'time_epoch': 0.004, 'loss': 1.32935619, 'lr': 0, 'params': 167769, 'time_iter': 0.004, 'accuracy': 0.75676, 'f1': 0.54902, 'auc': 0.71937}
> Epoch 74: took 0.0s (avg 0.0s) | Best so far: epoch 34	train_loss: 0.2261 train_accuracy: 0.9540	val_loss: 0.6698 val_accuracy: 0.7966	test_loss: 0.7803 test_accuracy: 0.7297
train: {'epoch': 75, 'time_epoch': 0.008, 'eta': 1.21889, 'eta_hours': 0.00034, 'loss': 0.00313268, 'lr': 0.00036899, 'params': 167769, 'time_iter': 0.008, 'accuracy': 1.0, 'f1': 1.0, 'auc': 0.8}
train: {'epoch': 76, 'time_epoch': 0.00751, 'eta': 1.20535, 'eta_hours': 0.00033, 'loss': 0.0037316, 'lr': 0.00036534, 'params': 167769, 'time_iter': 0.00751, 'accuracy': 1.0, 'f1': 1.0, 'auc': 0.8}
train: {'epoch': 77, 'time_epoch': 0.007, 'eta': 1.19117, 'eta_hours': 0.00033, 'loss': 0.0034851, 'lr': 0.00036165, 'params': 167769, 'time_iter': 0.007, 'accuracy': 1.0, 'f1': 1.0, 'auc': 0.8}
train: {'epoch': 78, 'time_epoch': 0.007, 'eta': 1.17717, 'eta_hours': 0.00033, 'loss': 0.00337967, 'lr': 0.00035794, 'params': 167769, 'time_iter': 0.007, 'accuracy': 1.0, 'f1': 1.0, 'auc': 0.8}
train: {'epoch': 79, 'time_epoch': 0.007, 'eta': 1.16335, 'eta_hours': 0.00032, 'loss': 0.00353623, 'lr': 0.0003542, 'params': 167769, 'time_iter': 0.007, 'accuracy': 1.0, 'f1': 1.0, 'auc': 0.8}
val: {'epoch': 79, 'time_epoch': 0.003, 'loss': 0.90493006, 'lr': 0, 'params': 167769, 'time_iter': 0.003, 'accuracy': 0.76271, 'f1': 0.49172, 'auc': 0.80065}
test: {'epoch': 79, 'time_epoch': 0.004, 'loss': 1.35571277, 'lr': 0, 'params': 167769, 'time_iter': 0.004, 'accuracy': 0.75676, 'f1': 0.54902, 'auc': 0.71937}
> Epoch 79: took 0.0s (avg 0.0s) | Best so far: epoch 34	train_loss: 0.2261 train_accuracy: 0.9540	val_loss: 0.6698 val_accuracy: 0.7966	test_loss: 0.7803 test_accuracy: 0.7297
train: {'epoch': 80, 'time_epoch': 0.01, 'eta': 1.1541, 'eta_hours': 0.00032, 'loss': 0.00342055, 'lr': 0.00035042, 'params': 167769, 'time_iter': 0.01, 'accuracy': 1.0, 'f1': 1.0, 'auc': 0.8}
train: {'epoch': 81, 'time_epoch': 0.007, 'eta': 1.14052, 'eta_hours': 0.00032, 'loss': 0.00272849, 'lr': 0.00034662, 'params': 167769, 'time_iter': 0.007, 'accuracy': 1.0, 'f1': 1.0, 'auc': 0.8}
train: {'epoch': 82, 'time_epoch': 0.007, 'eta': 1.1271, 'eta_hours': 0.00031, 'loss': 0.002729, 'lr': 0.0003428, 'params': 167769, 'time_iter': 0.007, 'accuracy': 1.0, 'f1': 1.0, 'auc': 0.8}
train: {'epoch': 83, 'time_epoch': 0.0075, 'eta': 1.11453, 'eta_hours': 0.00031, 'loss': 0.00305623, 'lr': 0.00033895, 'params': 167769, 'time_iter': 0.0075, 'accuracy': 1.0, 'f1': 1.0, 'auc': 0.8}
train: {'epoch': 84, 'time_epoch': 0.008, 'eta': 1.10274, 'eta_hours': 0.00031, 'loss': 0.00228931, 'lr': 0.00033507, 'params': 167769, 'time_iter': 0.008, 'accuracy': 1.0, 'f1': 1.0, 'auc': 0.8}
val: {'epoch': 84, 'time_epoch': 0.004, 'loss': 0.92190731, 'lr': 0, 'params': 167769, 'time_iter': 0.004, 'accuracy': 0.76271, 'f1': 0.49172, 'auc': 0.80033}
test: {'epoch': 84, 'time_epoch': 0.004, 'loss': 1.37567639, 'lr': 0, 'params': 167769, 'time_iter': 0.004, 'accuracy': 0.75676, 'f1': 0.54902, 'auc': 0.71937}
> Epoch 84: took 0.0s (avg 0.0s) | Best so far: epoch 34	train_loss: 0.2261 train_accuracy: 0.9540	val_loss: 0.6698 val_accuracy: 0.7966	test_loss: 0.7803 test_accuracy: 0.7297
train: {'epoch': 85, 'time_epoch': 0.006, 'eta': 1.0884, 'eta_hours': 0.0003, 'loss': 0.00240454, 'lr': 0.00033117, 'params': 167769, 'time_iter': 0.006, 'accuracy': 1.0, 'f1': 1.0, 'auc': 0.8}
train: {'epoch': 86, 'time_epoch': 0.008, 'eta': 1.07684, 'eta_hours': 0.0003, 'loss': 0.00314182, 'lr': 0.00032725, 'params': 167769, 'time_iter': 0.008, 'accuracy': 1.0, 'f1': 1.0, 'auc': 0.8}
train: {'epoch': 87, 'time_epoch': 0.007, 'eta': 1.06409, 'eta_hours': 0.0003, 'loss': 0.00248999, 'lr': 0.00032331, 'params': 167769, 'time_iter': 0.007, 'accuracy': 1.0, 'f1': 1.0, 'auc': 0.8}
train: {'epoch': 88, 'time_epoch': 0.007, 'eta': 1.05147, 'eta_hours': 0.00029, 'loss': 0.00217597, 'lr': 0.00031935, 'params': 167769, 'time_iter': 0.007, 'accuracy': 1.0, 'f1': 1.0, 'auc': 0.8}
train: {'epoch': 89, 'time_epoch': 0.0095, 'eta': 1.04204, 'eta_hours': 0.00029, 'loss': 0.0024844, 'lr': 0.00031537, 'params': 167769, 'time_iter': 0.0095, 'accuracy': 1.0, 'f1': 1.0, 'auc': 0.8}
val: {'epoch': 89, 'time_epoch': 0.004, 'loss': 0.93540782, 'lr': 0, 'params': 167769, 'time_iter': 0.004, 'accuracy': 0.76271, 'f1': 0.49172, 'auc': 0.80002}
test: {'epoch': 89, 'time_epoch': 0.003, 'loss': 1.39151418, 'lr': 0, 'params': 167769, 'time_iter': 0.003, 'accuracy': 0.75676, 'f1': 0.54902, 'auc': 0.71786}
> Epoch 89: took 0.0s (avg 0.0s) | Best so far: epoch 34	train_loss: 0.2261 train_accuracy: 0.9540	val_loss: 0.6698 val_accuracy: 0.7966	test_loss: 0.7803 test_accuracy: 0.7297
train: {'epoch': 90, 'time_epoch': 0.007, 'eta': 1.0296, 'eta_hours': 0.00029, 'loss': 0.00232246, 'lr': 0.00031137, 'params': 167769, 'time_iter': 0.007, 'accuracy': 1.0, 'f1': 1.0, 'auc': 0.8}
train: {'epoch': 91, 'time_epoch': 0.007, 'eta': 1.01728, 'eta_hours': 0.00028, 'loss': 0.00250003, 'lr': 0.00030736, 'params': 167769, 'time_iter': 0.007, 'accuracy': 1.0, 'f1': 1.0, 'auc': 0.8}
train: {'epoch': 92, 'time_epoch': 0.008, 'eta': 1.00623, 'eta_hours': 0.00028, 'loss': 0.00201862, 'lr': 0.00030332, 'params': 167769, 'time_iter': 0.008, 'accuracy': 1.0, 'f1': 1.0, 'auc': 0.8}
train: {'epoch': 93, 'time_epoch': 0.007, 'eta': 0.99412, 'eta_hours': 0.00028, 'loss': 0.00268659, 'lr': 0.00029928, 'params': 167769, 'time_iter': 0.007, 'accuracy': 1.0, 'f1': 1.0, 'auc': 0.8}
train: {'epoch': 94, 'time_epoch': 0.007, 'eta': 0.98211, 'eta_hours': 0.00027, 'loss': 0.00208284, 'lr': 0.00029522, 'params': 167769, 'time_iter': 0.007, 'accuracy': 1.0, 'f1': 1.0, 'auc': 0.8}
val: {'epoch': 94, 'time_epoch': 0.003, 'loss': 0.94692087, 'lr': 0, 'params': 167769, 'time_iter': 0.003, 'accuracy': 0.76271, 'f1': 0.49172, 'auc': 0.80057}
test: {'epoch': 94, 'time_epoch': 0.004, 'loss': 1.40490222, 'lr': 0, 'params': 167769, 'time_iter': 0.004, 'accuracy': 0.75676, 'f1': 0.54902, 'auc': 0.71786}
> Epoch 94: took 0.0s (avg 0.0s) | Best so far: epoch 34	train_loss: 0.2261 train_accuracy: 0.9540	val_loss: 0.6698 val_accuracy: 0.7966	test_loss: 0.7803 test_accuracy: 0.7297
train: {'epoch': 95, 'time_epoch': 0.008, 'eta': 0.97129, 'eta_hours': 0.00027, 'loss': 0.00202401, 'lr': 0.00029115, 'params': 167769, 'time_iter': 0.008, 'accuracy': 1.0, 'f1': 1.0, 'auc': 0.8}
train: {'epoch': 96, 'time_epoch': 0.007, 'eta': 0.95947, 'eta_hours': 0.00027, 'loss': 0.00247561, 'lr': 0.00028707, 'params': 167769, 'time_iter': 0.007, 'accuracy': 1.0, 'f1': 1.0, 'auc': 0.8}
train: {'epoch': 97, 'time_epoch': 0.007, 'eta': 0.94774, 'eta_hours': 0.00026, 'loss': 0.00220305, 'lr': 0.00028297, 'params': 167769, 'time_iter': 0.007, 'accuracy': 1.0, 'f1': 1.0, 'auc': 0.8}
train: {'epoch': 98, 'time_epoch': 0.007, 'eta': 0.93611, 'eta_hours': 0.00026, 'loss': 0.00212431, 'lr': 0.00027887, 'params': 167769, 'time_iter': 0.007, 'accuracy': 1.0, 'f1': 1.0, 'auc': 0.8}
train: {'epoch': 99, 'time_epoch': 0.006, 'eta': 0.92358, 'eta_hours': 0.00026, 'loss': 0.00178239, 'lr': 0.00027476, 'params': 167769, 'time_iter': 0.006, 'accuracy': 1.0, 'f1': 1.0, 'auc': 0.8}
val: {'epoch': 99, 'time_epoch': 0.004, 'loss': 0.95703828, 'lr': 0, 'params': 167769, 'time_iter': 0.004, 'accuracy': 0.76271, 'f1': 0.49172, 'auc': 0.80057}
test: {'epoch': 99, 'time_epoch': 0.004, 'loss': 1.41651797, 'lr': 0, 'params': 167769, 'time_iter': 0.004, 'accuracy': 0.75676, 'f1': 0.54902, 'auc': 0.72089}
> Epoch 99: took 0.0s (avg 0.0s) | Best so far: epoch 34	train_loss: 0.2261 train_accuracy: 0.9540	val_loss: 0.6698 val_accuracy: 0.7966	test_loss: 0.7803 test_accuracy: 0.7297
train: {'epoch': 100, 'time_epoch': 0.007, 'eta': 0.91215, 'eta_hours': 0.00025, 'loss': 0.00218908, 'lr': 0.00027064, 'params': 167769, 'time_iter': 0.007, 'accuracy': 1.0, 'f1': 1.0, 'auc': 0.8}
train: {'epoch': 101, 'time_epoch': 0.00801, 'eta': 0.90178, 'eta_hours': 0.00025, 'loss': 0.0020769, 'lr': 0.00026652, 'params': 167769, 'time_iter': 0.00801, 'accuracy': 1.0, 'f1': 1.0, 'auc': 0.8}
train: {'epoch': 102, 'time_epoch': 0.007, 'eta': 0.8905, 'eta_hours': 0.00025, 'loss': 0.00188057, 'lr': 0.0002624, 'params': 167769, 'time_iter': 0.007, 'accuracy': 1.0, 'f1': 1.0, 'auc': 0.8}
train: {'epoch': 103, 'time_epoch': 0.007, 'eta': 0.87931, 'eta_hours': 0.00024, 'loss': 0.00179552, 'lr': 0.00025827, 'params': 167769, 'time_iter': 0.007, 'accuracy': 1.0, 'f1': 1.0, 'auc': 0.8}
train: {'epoch': 104, 'time_epoch': 0.007, 'eta': 0.8682, 'eta_hours': 0.00024, 'loss': 0.00213896, 'lr': 0.00025413, 'params': 167769, 'time_iter': 0.007, 'accuracy': 1.0, 'f1': 1.0, 'auc': 0.8}
val: {'epoch': 104, 'time_epoch': 0.005, 'loss': 0.96602952, 'lr': 0, 'params': 167769, 'time_iter': 0.005, 'accuracy': 0.76271, 'f1': 0.49172, 'auc': 0.80112}
test: {'epoch': 104, 'time_epoch': 0.004, 'loss': 1.42650235, 'lr': 0, 'params': 167769, 'time_iter': 0.004, 'accuracy': 0.75676, 'f1': 0.54902, 'auc': 0.72089}
> Epoch 104: took 0.0s (avg 0.0s) | Best so far: epoch 34	train_loss: 0.2261 train_accuracy: 0.9540	val_loss: 0.6698 val_accuracy: 0.7966	test_loss: 0.7803 test_accuracy: 0.7297
train: {'epoch': 105, 'time_epoch': 0.007, 'eta': 0.85716, 'eta_hours': 0.00024, 'loss': 0.00163038, 'lr': 0.00025, 'params': 167769, 'time_iter': 0.007, 'accuracy': 1.0, 'f1': 1.0, 'auc': 0.8}
train: {'epoch': 106, 'time_epoch': 0.007, 'eta': 0.8462, 'eta_hours': 0.00024, 'loss': 0.00191825, 'lr': 0.00024587, 'params': 167769, 'time_iter': 0.007, 'accuracy': 1.0, 'f1': 1.0, 'auc': 0.8}
train: {'epoch': 107, 'time_epoch': 0.00701, 'eta': 0.83532, 'eta_hours': 0.00023, 'loss': 0.00195556, 'lr': 0.00024173, 'params': 167769, 'time_iter': 0.00701, 'accuracy': 1.0, 'f1': 1.0, 'auc': 0.8}
train: {'epoch': 108, 'time_epoch': 0.0065, 'eta': 0.82409, 'eta_hours': 0.00023, 'loss': 0.00190571, 'lr': 0.0002376, 'params': 167769, 'time_iter': 0.0065, 'accuracy': 1.0, 'f1': 1.0, 'auc': 0.8}
train: {'epoch': 109, 'time_epoch': 0.007, 'eta': 0.81335, 'eta_hours': 0.00023, 'loss': 0.00143873, 'lr': 0.00023348, 'params': 167769, 'time_iter': 0.007, 'accuracy': 1.0, 'f1': 1.0, 'auc': 0.8}
val: {'epoch': 109, 'time_epoch': 0.003, 'loss': 0.97418928, 'lr': 0, 'params': 167769, 'time_iter': 0.003, 'accuracy': 0.76271, 'f1': 0.49172, 'auc': 0.80082}
test: {'epoch': 109, 'time_epoch': 0.004, 'loss': 1.43526018, 'lr': 0, 'params': 167769, 'time_iter': 0.004, 'accuracy': 0.75676, 'f1': 0.54902, 'auc': 0.71937}
> Epoch 109: took 0.0s (avg 0.0s) | Best so far: epoch 34	train_loss: 0.2261 train_accuracy: 0.9540	val_loss: 0.6698 val_accuracy: 0.7966	test_loss: 0.7803 test_accuracy: 0.7297
train: {'epoch': 110, 'time_epoch': 0.007, 'eta': 0.80268, 'eta_hours': 0.00022, 'loss': 0.00182748, 'lr': 0.00022936, 'params': 167769, 'time_iter': 0.007, 'accuracy': 1.0, 'f1': 1.0, 'auc': 0.8}
train: {'epoch': 111, 'time_epoch': 0.006, 'eta': 0.79129, 'eta_hours': 0.00022, 'loss': 0.00203186, 'lr': 0.00022524, 'params': 167769, 'time_iter': 0.006, 'accuracy': 1.0, 'f1': 1.0, 'auc': 0.8}
train: {'epoch': 112, 'time_epoch': 0.007, 'eta': 0.78076, 'eta_hours': 0.00022, 'loss': 0.00183834, 'lr': 0.00022113, 'params': 167769, 'time_iter': 0.007, 'accuracy': 1.0, 'f1': 1.0, 'auc': 0.8}
train: {'epoch': 113, 'time_epoch': 0.009, 'eta': 0.77181, 'eta_hours': 0.00021, 'loss': 0.00189443, 'lr': 0.00021703, 'params': 167769, 'time_iter': 0.009, 'accuracy': 1.0, 'f1': 1.0, 'auc': 0.8}
train: {'epoch': 114, 'time_epoch': 0.006, 'eta': 0.76064, 'eta_hours': 0.00021, 'loss': 0.00181159, 'lr': 0.00021293, 'params': 167769, 'time_iter': 0.006, 'accuracy': 1.0, 'f1': 1.0, 'auc': 0.8}
val: {'epoch': 114, 'time_epoch': 0.003, 'loss': 0.98105925, 'lr': 0, 'params': 167769, 'time_iter': 0.003, 'accuracy': 0.76271, 'f1': 0.49172, 'auc': 0.80082}
test: {'epoch': 114, 'time_epoch': 0.004, 'loss': 1.4429661, 'lr': 0, 'params': 167769, 'time_iter': 0.004, 'accuracy': 0.75676, 'f1': 0.54902, 'auc': 0.71937}
> Epoch 114: took 0.0s (avg 0.0s) | Best so far: epoch 34	train_loss: 0.2261 train_accuracy: 0.9540	val_loss: 0.6698 val_accuracy: 0.7966	test_loss: 0.7803 test_accuracy: 0.7297
train: {'epoch': 115, 'time_epoch': 0.007, 'eta': 0.75028, 'eta_hours': 0.00021, 'loss': 0.00195265, 'lr': 0.00020885, 'params': 167769, 'time_iter': 0.007, 'accuracy': 1.0, 'f1': 1.0, 'auc': 0.8}
train: {'epoch': 116, 'time_epoch': 0.008, 'eta': 0.74068, 'eta_hours': 0.00021, 'loss': 0.00153691, 'lr': 0.00020478, 'params': 167769, 'time_iter': 0.008, 'accuracy': 1.0, 'f1': 1.0, 'auc': 0.8}
train: {'epoch': 117, 'time_epoch': 0.007, 'eta': 0.73042, 'eta_hours': 0.0002, 'loss': 0.00198009, 'lr': 0.00020072, 'params': 167769, 'time_iter': 0.007, 'accuracy': 1.0, 'f1': 1.0, 'auc': 0.8}
train: {'epoch': 118, 'time_epoch': 0.009, 'eta': 0.72158, 'eta_hours': 0.0002, 'loss': 0.00191375, 'lr': 0.00019668, 'params': 167769, 'time_iter': 0.009, 'accuracy': 1.0, 'f1': 1.0, 'auc': 0.8}
train: {'epoch': 119, 'time_epoch': 0.009, 'eta': 0.71273, 'eta_hours': 0.0002, 'loss': 0.00197352, 'lr': 0.00019264, 'params': 167769, 'time_iter': 0.009, 'accuracy': 1.0, 'f1': 1.0, 'auc': 0.8}
val: {'epoch': 119, 'time_epoch': 0.004, 'loss': 0.98699063, 'lr': 0, 'params': 167769, 'time_iter': 0.004, 'accuracy': 0.76271, 'f1': 0.49172, 'auc': 0.80137}
test: {'epoch': 119, 'time_epoch': 0.004, 'loss': 1.44974387, 'lr': 0, 'params': 167769, 'time_iter': 0.004, 'accuracy': 0.75676, 'f1': 0.54902, 'auc': 0.71937}
> Epoch 119: took 0.0s (avg 0.0s) | Best so far: epoch 34	train_loss: 0.2261 train_accuracy: 0.9540	val_loss: 0.6698 val_accuracy: 0.7966	test_loss: 0.7803 test_accuracy: 0.7297
train: {'epoch': 120, 'time_epoch': 0.007, 'eta': 0.70258, 'eta_hours': 0.0002, 'loss': 0.00172647, 'lr': 0.00018863, 'params': 167769, 'time_iter': 0.007, 'accuracy': 1.0, 'f1': 1.0, 'auc': 0.8}
train: {'epoch': 121, 'time_epoch': 0.006, 'eta': 0.69183, 'eta_hours': 0.00019, 'loss': 0.00186373, 'lr': 0.00018463, 'params': 167769, 'time_iter': 0.006, 'accuracy': 1.0, 'f1': 1.0, 'auc': 0.8}
train: {'epoch': 122, 'time_epoch': 0.007, 'eta': 0.68179, 'eta_hours': 0.00019, 'loss': 0.00146195, 'lr': 0.00018065, 'params': 167769, 'time_iter': 0.007, 'accuracy': 1.0, 'f1': 1.0, 'auc': 0.8}
train: {'epoch': 123, 'time_epoch': 0.007, 'eta': 0.6718, 'eta_hours': 0.00019, 'loss': 0.00165117, 'lr': 0.00017669, 'params': 167769, 'time_iter': 0.007, 'accuracy': 1.0, 'f1': 1.0, 'auc': 0.8}
train: {'epoch': 124, 'time_epoch': 0.007, 'eta': 0.66186, 'eta_hours': 0.00018, 'loss': 0.00174046, 'lr': 0.00017275, 'params': 167769, 'time_iter': 0.007, 'accuracy': 1.0, 'f1': 1.0, 'auc': 0.8}
val: {'epoch': 124, 'time_epoch': 0.005, 'loss': 0.99214864, 'lr': 0, 'params': 167769, 'time_iter': 0.005, 'accuracy': 0.76271, 'f1': 0.49172, 'auc': 0.80137}
test: {'epoch': 124, 'time_epoch': 0.004, 'loss': 1.45556724, 'lr': 0, 'params': 167769, 'time_iter': 0.004, 'accuracy': 0.75676, 'f1': 0.54902, 'auc': 0.7224}
> Epoch 124: took 0.0s (avg 0.0s) | Best so far: epoch 34	train_loss: 0.2261 train_accuracy: 0.9540	val_loss: 0.6698 val_accuracy: 0.7966	test_loss: 0.7803 test_accuracy: 0.7297
train: {'epoch': 125, 'time_epoch': 0.008, 'eta': 0.65255, 'eta_hours': 0.00018, 'loss': 0.00200757, 'lr': 0.00016883, 'params': 167769, 'time_iter': 0.008, 'accuracy': 1.0, 'f1': 1.0, 'auc': 0.8}
train: {'epoch': 126, 'time_epoch': 0.00751, 'eta': 0.64298, 'eta_hours': 0.00018, 'loss': 0.00180842, 'lr': 0.00016493, 'params': 167769, 'time_iter': 0.00751, 'accuracy': 1.0, 'f1': 1.0, 'auc': 0.8}
train: {'epoch': 127, 'time_epoch': 0.007, 'eta': 0.63315, 'eta_hours': 0.00018, 'loss': 0.00143776, 'lr': 0.00016105, 'params': 167769, 'time_iter': 0.007, 'accuracy': 1.0, 'f1': 1.0, 'auc': 0.8}
train: {'epoch': 128, 'time_epoch': 0.007, 'eta': 0.62337, 'eta_hours': 0.00017, 'loss': 0.00166831, 'lr': 0.0001572, 'params': 167769, 'time_iter': 0.007, 'accuracy': 1.0, 'f1': 1.0, 'auc': 0.8}
train: {'epoch': 129, 'time_epoch': 0.007, 'eta': 0.61364, 'eta_hours': 0.00017, 'loss': 0.00179337, 'lr': 0.00015338, 'params': 167769, 'time_iter': 0.007, 'accuracy': 1.0, 'f1': 1.0, 'auc': 0.8}
val: {'epoch': 129, 'time_epoch': 0.005, 'loss': 0.99654776, 'lr': 0, 'params': 167769, 'time_iter': 0.005, 'accuracy': 0.76271, 'f1': 0.49172, 'auc': 0.80137}
test: {'epoch': 129, 'time_epoch': 0.004, 'loss': 1.46062183, 'lr': 0, 'params': 167769, 'time_iter': 0.004, 'accuracy': 0.75676, 'f1': 0.54902, 'auc': 0.7224}
> Epoch 129: took 0.0s (avg 0.0s) | Best so far: epoch 34	train_loss: 0.2261 train_accuracy: 0.9540	val_loss: 0.6698 val_accuracy: 0.7966	test_loss: 0.7803 test_accuracy: 0.7297
train: {'epoch': 130, 'time_epoch': 0.007, 'eta': 0.60394, 'eta_hours': 0.00017, 'loss': 0.00175362, 'lr': 0.00014958, 'params': 167769, 'time_iter': 0.007, 'accuracy': 1.0, 'f1': 1.0, 'auc': 0.8}
train: {'epoch': 131, 'time_epoch': 0.007, 'eta': 0.59428, 'eta_hours': 0.00017, 'loss': 0.00176326, 'lr': 0.0001458, 'params': 167769, 'time_iter': 0.007, 'accuracy': 1.0, 'f1': 1.0, 'auc': 0.8}
train: {'epoch': 132, 'time_epoch': 0.006, 'eta': 0.58416, 'eta_hours': 0.00016, 'loss': 0.00185058, 'lr': 0.00014206, 'params': 167769, 'time_iter': 0.006, 'accuracy': 1.0, 'f1': 1.0, 'auc': 0.8}
train: {'epoch': 133, 'time_epoch': 0.007, 'eta': 0.5746, 'eta_hours': 0.00016, 'loss': 0.00156308, 'lr': 0.00013835, 'params': 167769, 'time_iter': 0.007, 'accuracy': 1.0, 'f1': 1.0, 'auc': 0.8}
train: {'epoch': 134, 'time_epoch': 0.009, 'eta': 0.56603, 'eta_hours': 0.00016, 'loss': 0.00222432, 'lr': 0.00013466, 'params': 167769, 'time_iter': 0.009, 'accuracy': 1.0, 'f1': 1.0, 'auc': 0.8}
val: {'epoch': 134, 'time_epoch': 0.003, 'loss': 1.00023687, 'lr': 0, 'params': 167769, 'time_iter': 0.003, 'accuracy': 0.76271, 'f1': 0.49172, 'auc': 0.80137}
test: {'epoch': 134, 'time_epoch': 0.003, 'loss': 1.46500337, 'lr': 0, 'params': 167769, 'time_iter': 0.003, 'accuracy': 0.78378, 'f1': 0.65319, 'auc': 0.72176}
> Epoch 134: took 0.0s (avg 0.0s) | Best so far: epoch 34	train_loss: 0.2261 train_accuracy: 0.9540	val_loss: 0.6698 val_accuracy: 0.7966	test_loss: 0.7803 test_accuracy: 0.7297
train: {'epoch': 135, 'time_epoch': 0.007, 'eta': 0.55652, 'eta_hours': 0.00015, 'loss': 0.00152698, 'lr': 0.00013101, 'params': 167769, 'time_iter': 0.007, 'accuracy': 1.0, 'f1': 1.0, 'auc': 0.8}
train: {'epoch': 136, 'time_epoch': 0.008, 'eta': 0.5475, 'eta_hours': 0.00015, 'loss': 0.00156397, 'lr': 0.00012739, 'params': 167769, 'time_iter': 0.008, 'accuracy': 1.0, 'f1': 1.0, 'auc': 0.8}
train: {'epoch': 137, 'time_epoch': 0.008, 'eta': 0.5385, 'eta_hours': 0.00015, 'loss': 0.00129925, 'lr': 0.00012381, 'params': 167769, 'time_iter': 0.008, 'accuracy': 1.0, 'f1': 1.0, 'auc': 0.8}
train: {'epoch': 138, 'time_epoch': 0.007, 'eta': 0.52908, 'eta_hours': 0.00015, 'loss': 0.00147244, 'lr': 0.00012026, 'params': 167769, 'time_iter': 0.007, 'accuracy': 1.0, 'f1': 1.0, 'auc': 0.8}
train: {'epoch': 139, 'time_epoch': 0.0085, 'eta': 0.52033, 'eta_hours': 0.00014, 'loss': 0.00159606, 'lr': 0.00011674, 'params': 167769, 'time_iter': 0.0085, 'accuracy': 1.0, 'f1': 1.0, 'auc': 0.8}
val: {'epoch': 139, 'time_epoch': 0.004, 'loss': 1.00341392, 'lr': 0, 'params': 167769, 'time_iter': 0.004, 'accuracy': 0.76271, 'f1': 0.49172, 'auc': 0.80137}
test: {'epoch': 139, 'time_epoch': 0.004, 'loss': 1.46859729, 'lr': 0, 'params': 167769, 'time_iter': 0.004, 'accuracy': 0.78378, 'f1': 0.65319, 'auc': 0.72024}
> Epoch 139: took 0.0s (avg 0.0s) | Best so far: epoch 34	train_loss: 0.2261 train_accuracy: 0.9540	val_loss: 0.6698 val_accuracy: 0.7966	test_loss: 0.7803 test_accuracy: 0.7297
train: {'epoch': 140, 'time_epoch': 0.008, 'eta': 0.51138, 'eta_hours': 0.00014, 'loss': 0.00193763, 'lr': 0.00011326, 'params': 167769, 'time_iter': 0.008, 'accuracy': 1.0, 'f1': 1.0, 'auc': 0.8}
train: {'epoch': 141, 'time_epoch': 0.006, 'eta': 0.50162, 'eta_hours': 0.00014, 'loss': 0.00170285, 'lr': 0.00010982, 'params': 167769, 'time_iter': 0.006, 'accuracy': 1.0, 'f1': 1.0, 'auc': 0.8}
train: {'epoch': 142, 'time_epoch': 0.009, 'eta': 0.49311, 'eta_hours': 0.00014, 'loss': 0.0015663, 'lr': 0.00010642, 'params': 167769, 'time_iter': 0.009, 'accuracy': 1.0, 'f1': 1.0, 'auc': 0.8}
train: {'epoch': 143, 'time_epoch': 0.011, 'eta': 0.48538, 'eta_hours': 0.00013, 'loss': 0.00135933, 'lr': 0.00010305, 'params': 167769, 'time_iter': 0.011, 'accuracy': 1.0, 'f1': 1.0, 'auc': 0.8}
train: {'epoch': 144, 'time_epoch': 0.007, 'eta': 0.47608, 'eta_hours': 0.00013, 'loss': 0.00186729, 'lr': 9.973e-05, 'params': 167769, 'time_iter': 0.007, 'accuracy': 1.0, 'f1': 1.0, 'auc': 0.8}
val: {'epoch': 144, 'time_epoch': 0.003, 'loss': 1.00639296, 'lr': 0, 'params': 167769, 'time_iter': 0.003, 'accuracy': 0.76271, 'f1': 0.49172, 'auc': 0.8016}
test: {'epoch': 144, 'time_epoch': 0.004, 'loss': 1.47180367, 'lr': 0, 'params': 167769, 'time_iter': 0.004, 'accuracy': 0.78378, 'f1': 0.65319, 'auc': 0.72176}
> Epoch 144: took 0.0s (avg 0.0s) | Best so far: epoch 34	train_loss: 0.2261 train_accuracy: 0.9540	val_loss: 0.6698 val_accuracy: 0.7966	test_loss: 0.7803 test_accuracy: 0.7297
train: {'epoch': 145, 'time_epoch': 0.009, 'eta': 0.46755, 'eta_hours': 0.00013, 'loss': 0.00150004, 'lr': 9.645e-05, 'params': 167769, 'time_iter': 0.009, 'accuracy': 1.0, 'f1': 1.0, 'auc': 0.8}
train: {'epoch': 146, 'time_epoch': 0.007, 'eta': 0.45829, 'eta_hours': 0.00013, 'loss': 0.00141642, 'lr': 9.321e-05, 'params': 167769, 'time_iter': 0.007, 'accuracy': 1.0, 'f1': 1.0, 'auc': 0.8}
train: {'epoch': 147, 'time_epoch': 0.007, 'eta': 0.44907, 'eta_hours': 0.00012, 'loss': 0.00155275, 'lr': 9.001e-05, 'params': 167769, 'time_iter': 0.007, 'accuracy': 1.0, 'f1': 1.0, 'auc': 0.8}
train: {'epoch': 148, 'time_epoch': 0.009, 'eta': 0.44056, 'eta_hours': 0.00012, 'loss': 0.00136732, 'lr': 8.685e-05, 'params': 167769, 'time_iter': 0.009, 'accuracy': 1.0, 'f1': 1.0, 'auc': 0.8}
train: {'epoch': 149, 'time_epoch': 0.008, 'eta': 0.43171, 'eta_hours': 0.00012, 'loss': 0.00136083, 'lr': 8.374e-05, 'params': 167769, 'time_iter': 0.008, 'accuracy': 1.0, 'f1': 1.0, 'auc': 0.8}
val: {'epoch': 149, 'time_epoch': 0.005, 'loss': 1.00876033, 'lr': 0, 'params': 167769, 'time_iter': 0.005, 'accuracy': 0.76271, 'f1': 0.49172, 'auc': 0.8016}
test: {'epoch': 149, 'time_epoch': 0.004, 'loss': 1.47428858, 'lr': 0, 'params': 167769, 'time_iter': 0.004, 'accuracy': 0.78378, 'f1': 0.65319, 'auc': 0.72024}
> Epoch 149: took 0.0s (avg 0.0s) | Best so far: epoch 34	train_loss: 0.2261 train_accuracy: 0.9540	val_loss: 0.6698 val_accuracy: 0.7966	test_loss: 0.7803 test_accuracy: 0.7297
train: {'epoch': 150, 'time_epoch': 0.0065, 'eta': 0.42238, 'eta_hours': 0.00012, 'loss': 0.00148045, 'lr': 8.068e-05, 'params': 167769, 'time_iter': 0.0065, 'accuracy': 1.0, 'f1': 1.0, 'auc': 0.8}
train: {'epoch': 151, 'time_epoch': 0.007, 'eta': 0.41325, 'eta_hours': 0.00011, 'loss': 0.00130089, 'lr': 7.766e-05, 'params': 167769, 'time_iter': 0.007, 'accuracy': 1.0, 'f1': 1.0, 'auc': 0.8}
train: {'epoch': 152, 'time_epoch': 0.0069, 'eta': 0.40411, 'eta_hours': 0.00011, 'loss': 0.00174567, 'lr': 7.469e-05, 'params': 167769, 'time_iter': 0.0069, 'accuracy': 1.0, 'f1': 1.0, 'auc': 0.8}
train: {'epoch': 153, 'time_epoch': 0.007, 'eta': 0.39504, 'eta_hours': 0.00011, 'loss': 0.00142051, 'lr': 7.177e-05, 'params': 167769, 'time_iter': 0.007, 'accuracy': 1.0, 'f1': 1.0, 'auc': 0.8}
train: {'epoch': 154, 'time_epoch': 0.008, 'eta': 0.38628, 'eta_hours': 0.00011, 'loss': 0.00181778, 'lr': 6.889e-05, 'params': 167769, 'time_iter': 0.008, 'accuracy': 1.0, 'f1': 1.0, 'auc': 0.8}
val: {'epoch': 154, 'time_epoch': 0.004, 'loss': 1.01070607, 'lr': 0, 'params': 167769, 'time_iter': 0.004, 'accuracy': 0.76271, 'f1': 0.49172, 'auc': 0.8016}
test: {'epoch': 154, 'time_epoch': 0.004, 'loss': 1.47656608, 'lr': 0, 'params': 167769, 'time_iter': 0.004, 'accuracy': 0.78378, 'f1': 0.65319, 'auc': 0.72024}
> Epoch 154: took 0.0s (avg 0.0s) | Best so far: epoch 34	train_loss: 0.2261 train_accuracy: 0.9540	val_loss: 0.6698 val_accuracy: 0.7966	test_loss: 0.7803 test_accuracy: 0.7297
train: {'epoch': 155, 'time_epoch': 0.007, 'eta': 0.37725, 'eta_hours': 0.0001, 'loss': 0.00194495, 'lr': 6.607e-05, 'params': 167769, 'time_iter': 0.007, 'accuracy': 1.0, 'f1': 1.0, 'auc': 0.8}
train: {'epoch': 156, 'time_epoch': 0.007, 'eta': 0.36824, 'eta_hours': 0.0001, 'loss': 0.00125668, 'lr': 6.329e-05, 'params': 167769, 'time_iter': 0.007, 'accuracy': 1.0, 'f1': 1.0, 'auc': 0.8}
train: {'epoch': 157, 'time_epoch': 0.007, 'eta': 0.35926, 'eta_hours': 0.0001, 'loss': 0.0013764, 'lr': 6.057e-05, 'params': 167769, 'time_iter': 0.007, 'accuracy': 1.0, 'f1': 1.0, 'auc': 0.8}
train: {'epoch': 158, 'time_epoch': 0.01, 'eta': 0.35108, 'eta_hours': 0.0001, 'loss': 0.00156744, 'lr': 5.79e-05, 'params': 167769, 'time_iter': 0.01, 'accuracy': 1.0, 'f1': 1.0, 'auc': 0.8}
train: {'epoch': 159, 'time_epoch': 0.007, 'eta': 0.34213, 'eta_hours': 0.0001, 'loss': 0.00180799, 'lr': 5.528e-05, 'params': 167769, 'time_iter': 0.007, 'accuracy': 1.0, 'f1': 1.0, 'auc': 0.8}
val: {'epoch': 159, 'time_epoch': 0.003, 'loss': 1.01233196, 'lr': 0, 'params': 167769, 'time_iter': 0.003, 'accuracy': 0.76271, 'f1': 0.49172, 'auc': 0.8016}
test: {'epoch': 159, 'time_epoch': 0.004, 'loss': 1.47842193, 'lr': 0, 'params': 167769, 'time_iter': 0.004, 'accuracy': 0.78378, 'f1': 0.65319, 'auc': 0.72024}
> Epoch 159: took 0.0s (avg 0.0s) | Best so far: epoch 34	train_loss: 0.2261 train_accuracy: 0.9540	val_loss: 0.6698 val_accuracy: 0.7966	test_loss: 0.7803 test_accuracy: 0.7297
train: {'epoch': 160, 'time_epoch': 0.007, 'eta': 0.3332, 'eta_hours': 9e-05, 'loss': 0.00141143, 'lr': 5.271e-05, 'params': 167769, 'time_iter': 0.007, 'accuracy': 1.0, 'f1': 1.0, 'auc': 0.8}
train: {'epoch': 161, 'time_epoch': 0.007, 'eta': 0.32429, 'eta_hours': 9e-05, 'loss': 0.00126719, 'lr': 5.02e-05, 'params': 167769, 'time_iter': 0.007, 'accuracy': 1.0, 'f1': 1.0, 'auc': 0.8}
train: {'epoch': 162, 'time_epoch': 0.008, 'eta': 0.31564, 'eta_hours': 9e-05, 'loss': 0.00123146, 'lr': 4.775e-05, 'params': 167769, 'time_iter': 0.008, 'accuracy': 1.0, 'f1': 1.0, 'auc': 0.8}
train: {'epoch': 163, 'time_epoch': 0.008, 'eta': 0.30699, 'eta_hours': 9e-05, 'loss': 0.00145749, 'lr': 4.534e-05, 'params': 167769, 'time_iter': 0.008, 'accuracy': 1.0, 'f1': 1.0, 'auc': 0.8}
train: {'epoch': 164, 'time_epoch': 0.007, 'eta': 0.29814, 'eta_hours': 8e-05, 'loss': 0.00145162, 'lr': 4.3e-05, 'params': 167769, 'time_iter': 0.007, 'accuracy': 1.0, 'f1': 1.0, 'auc': 0.8}
val: {'epoch': 164, 'time_epoch': 0.004, 'loss': 1.01365268, 'lr': 0, 'params': 167769, 'time_iter': 0.004, 'accuracy': 0.76271, 'f1': 0.49172, 'auc': 0.8016}
test: {'epoch': 164, 'time_epoch': 0.004, 'loss': 1.4799161, 'lr': 0, 'params': 167769, 'time_iter': 0.004, 'accuracy': 0.78378, 'f1': 0.65319, 'auc': 0.72176}
> Epoch 164: took 0.0s (avg 0.0s) | Best so far: epoch 34	train_loss: 0.2261 train_accuracy: 0.9540	val_loss: 0.6698 val_accuracy: 0.7966	test_loss: 0.7803 test_accuracy: 0.7297
train: {'epoch': 165, 'time_epoch': 0.008, 'eta': 0.28952, 'eta_hours': 8e-05, 'loss': 0.00147924, 'lr': 4.071e-05, 'params': 167769, 'time_iter': 0.008, 'accuracy': 1.0, 'f1': 1.0, 'auc': 0.8}
train: {'epoch': 166, 'time_epoch': 0.007, 'eta': 0.2807, 'eta_hours': 8e-05, 'loss': 0.00158544, 'lr': 3.848e-05, 'params': 167769, 'time_iter': 0.007, 'accuracy': 1.0, 'f1': 1.0, 'auc': 0.8}
train: {'epoch': 167, 'time_epoch': 0.007, 'eta': 0.27191, 'eta_hours': 8e-05, 'loss': 0.00126747, 'lr': 3.63e-05, 'params': 167769, 'time_iter': 0.007, 'accuracy': 1.0, 'f1': 1.0, 'auc': 0.8}
train: {'epoch': 168, 'time_epoch': 0.007, 'eta': 0.26314, 'eta_hours': 7e-05, 'loss': 0.00186897, 'lr': 3.419e-05, 'params': 167769, 'time_iter': 0.007, 'accuracy': 1.0, 'f1': 1.0, 'auc': 0.8}
train: {'epoch': 169, 'time_epoch': 0.0065, 'eta': 0.2543, 'eta_hours': 7e-05, 'loss': 0.00112461, 'lr': 3.213e-05, 'params': 167769, 'time_iter': 0.0065, 'accuracy': 1.0, 'f1': 1.0, 'auc': 0.8}
val: {'epoch': 169, 'time_epoch': 0.004, 'loss': 1.0147661, 'lr': 0, 'params': 167769, 'time_iter': 0.004, 'accuracy': 0.76271, 'f1': 0.49172, 'auc': 0.8016}
test: {'epoch': 169, 'time_epoch': 0.004, 'loss': 1.48099589, 'lr': 0, 'params': 167769, 'time_iter': 0.004, 'accuracy': 0.78378, 'f1': 0.65319, 'auc': 0.72176}
> Epoch 169: took 0.0s (avg 0.0s) | Best so far: epoch 34	train_loss: 0.2261 train_accuracy: 0.9540	val_loss: 0.6698 val_accuracy: 0.7966	test_loss: 0.7803 test_accuracy: 0.7297
train: {'epoch': 170, 'time_epoch': 0.007, 'eta': 0.24557, 'eta_hours': 7e-05, 'loss': 0.00135946, 'lr': 3.013e-05, 'params': 167769, 'time_iter': 0.007, 'accuracy': 1.0, 'f1': 1.0, 'auc': 0.8}
train: {'epoch': 171, 'time_epoch': 0.008, 'eta': 0.23703, 'eta_hours': 7e-05, 'loss': 0.00111984, 'lr': 2.819e-05, 'params': 167769, 'time_iter': 0.008, 'accuracy': 1.0, 'f1': 1.0, 'auc': 0.8}
train: {'epoch': 172, 'time_epoch': 0.006, 'eta': 0.22818, 'eta_hours': 6e-05, 'loss': 0.00149853, 'lr': 2.632e-05, 'params': 167769, 'time_iter': 0.006, 'accuracy': 1.0, 'f1': 1.0, 'auc': 0.8}
train: {'epoch': 173, 'time_epoch': 0.007, 'eta': 0.21951, 'eta_hours': 6e-05, 'loss': 0.00132024, 'lr': 2.45e-05, 'params': 167769, 'time_iter': 0.007, 'accuracy': 1.0, 'f1': 1.0, 'auc': 0.8}
train: {'epoch': 174, 'time_epoch': 0.007, 'eta': 0.21086, 'eta_hours': 6e-05, 'loss': 0.00134509, 'lr': 2.275e-05, 'params': 167769, 'time_iter': 0.007, 'accuracy': 1.0, 'f1': 1.0, 'auc': 0.8}
val: {'epoch': 174, 'time_epoch': 0.003, 'loss': 1.01538968, 'lr': 0, 'params': 167769, 'time_iter': 0.003, 'accuracy': 0.76271, 'f1': 0.49172, 'auc': 0.8016}
test: {'epoch': 174, 'time_epoch': 0.004, 'loss': 1.4818362, 'lr': 0, 'params': 167769, 'time_iter': 0.004, 'accuracy': 0.78378, 'f1': 0.65319, 'auc': 0.72176}
> Epoch 174: took 0.0s (avg 0.0s) | Best so far: epoch 34	train_loss: 0.2261 train_accuracy: 0.9540	val_loss: 0.6698 val_accuracy: 0.7966	test_loss: 0.7803 test_accuracy: 0.7297
train: {'epoch': 175, 'time_epoch': 0.007, 'eta': 0.20223, 'eta_hours': 6e-05, 'loss': 0.00132994, 'lr': 2.106e-05, 'params': 167769, 'time_iter': 0.007, 'accuracy': 1.0, 'f1': 1.0, 'auc': 0.8}
train: {'epoch': 176, 'time_epoch': 0.008, 'eta': 0.19375, 'eta_hours': 5e-05, 'loss': 0.00120529, 'lr': 1.943e-05, 'params': 167769, 'time_iter': 0.008, 'accuracy': 1.0, 'f1': 1.0, 'auc': 0.8}
train: {'epoch': 177, 'time_epoch': 0.008, 'eta': 0.18527, 'eta_hours': 5e-05, 'loss': 0.00138543, 'lr': 1.786e-05, 'params': 167769, 'time_iter': 0.008, 'accuracy': 1.0, 'f1': 1.0, 'auc': 0.8}
train: {'epoch': 178, 'time_epoch': 0.007, 'eta': 0.17668, 'eta_hours': 5e-05, 'loss': 0.00139593, 'lr': 1.636e-05, 'params': 167769, 'time_iter': 0.007, 'accuracy': 1.0, 'f1': 1.0, 'auc': 0.8}
train: {'epoch': 179, 'time_epoch': 0.007, 'eta': 0.16811, 'eta_hours': 5e-05, 'loss': 0.00142392, 'lr': 1.492e-05, 'params': 167769, 'time_iter': 0.007, 'accuracy': 1.0, 'f1': 1.0, 'auc': 0.8}
val: {'epoch': 179, 'time_epoch': 0.005, 'loss': 1.01585305, 'lr': 0, 'params': 167769, 'time_iter': 0.005, 'accuracy': 0.76271, 'f1': 0.49172, 'auc': 0.80215}
test: {'epoch': 179, 'time_epoch': 0.004, 'loss': 1.48247945, 'lr': 0, 'params': 167769, 'time_iter': 0.004, 'accuracy': 0.78378, 'f1': 0.65319, 'auc': 0.72176}
> Epoch 179: took 0.0s (avg 0.0s) | Best so far: epoch 34	train_loss: 0.2261 train_accuracy: 0.9540	val_loss: 0.6698 val_accuracy: 0.7966	test_loss: 0.7803 test_accuracy: 0.7297
train: {'epoch': 180, 'time_epoch': 0.007, 'eta': 0.15956, 'eta_hours': 4e-05, 'loss': 0.00159992, 'lr': 1.355e-05, 'params': 167769, 'time_iter': 0.007, 'accuracy': 1.0, 'f1': 1.0, 'auc': 0.8}
train: {'epoch': 181, 'time_epoch': 0.0075, 'eta': 0.15107, 'eta_hours': 4e-05, 'loss': 0.00140971, 'lr': 1.224e-05, 'params': 167769, 'time_iter': 0.0075, 'accuracy': 1.0, 'f1': 1.0, 'auc': 0.8}
train: {'epoch': 182, 'time_epoch': 0.007, 'eta': 0.14255, 'eta_hours': 4e-05, 'loss': 0.00147519, 'lr': 1.099e-05, 'params': 167769, 'time_iter': 0.007, 'accuracy': 1.0, 'f1': 1.0, 'auc': 0.8}
train: {'epoch': 183, 'time_epoch': 0.007, 'eta': 0.13405, 'eta_hours': 4e-05, 'loss': 0.00145424, 'lr': 9.81e-06, 'params': 167769, 'time_iter': 0.007, 'accuracy': 1.0, 'f1': 1.0, 'auc': 0.8}
train: {'epoch': 184, 'time_epoch': 0.007, 'eta': 0.12556, 'eta_hours': 3e-05, 'loss': 0.00133922, 'lr': 8.7e-06, 'params': 167769, 'time_iter': 0.007, 'accuracy': 1.0, 'f1': 1.0, 'auc': 0.8}
val: {'epoch': 184, 'time_epoch': 0.004, 'loss': 1.01621389, 'lr': 0, 'params': 167769, 'time_iter': 0.004, 'accuracy': 0.76271, 'f1': 0.49172, 'auc': 0.80215}
test: {'epoch': 184, 'time_epoch': 0.003, 'loss': 1.48273027, 'lr': 0, 'params': 167769, 'time_iter': 0.003, 'accuracy': 0.78378, 'f1': 0.65319, 'auc': 0.72176}
> Epoch 184: took 0.0s (avg 0.0s) | Best so far: epoch 34	train_loss: 0.2261 train_accuracy: 0.9540	val_loss: 0.6698 val_accuracy: 0.7966	test_loss: 0.7803 test_accuracy: 0.7297
train: {'epoch': 185, 'time_epoch': 0.007, 'eta': 0.11708, 'eta_hours': 3e-05, 'loss': 0.00123469, 'lr': 7.65e-06, 'params': 167769, 'time_iter': 0.007, 'accuracy': 1.0, 'f1': 1.0, 'auc': 0.8}
train: {'epoch': 186, 'time_epoch': 0.007, 'eta': 0.10863, 'eta_hours': 3e-05, 'loss': 0.00131823, 'lr': 6.67e-06, 'params': 167769, 'time_iter': 0.007, 'accuracy': 1.0, 'f1': 1.0, 'auc': 0.8}
train: {'epoch': 187, 'time_epoch': 0.007, 'eta': 0.10018, 'eta_hours': 3e-05, 'loss': 0.00142514, 'lr': 5.75e-06, 'params': 167769, 'time_iter': 0.007, 'accuracy': 1.0, 'f1': 1.0, 'auc': 0.8}
train: {'epoch': 188, 'time_epoch': 0.0075, 'eta': 0.09179, 'eta_hours': 3e-05, 'loss': 0.0014356, 'lr': 4.91e-06, 'params': 167769, 'time_iter': 0.0075, 'accuracy': 1.0, 'f1': 1.0, 'auc': 0.8}
train: {'epoch': 189, 'time_epoch': 0.008, 'eta': 0.08342, 'eta_hours': 2e-05, 'loss': 0.00152642, 'lr': 4.12e-06, 'params': 167769, 'time_iter': 0.008, 'accuracy': 1.0, 'f1': 1.0, 'auc': 0.8}
val: {'epoch': 189, 'time_epoch': 0.004, 'loss': 1.01634872, 'lr': 0, 'params': 167769, 'time_iter': 0.004, 'accuracy': 0.76271, 'f1': 0.49172, 'auc': 0.80215}
test: {'epoch': 189, 'time_epoch': 0.004, 'loss': 1.48293877, 'lr': 0, 'params': 167769, 'time_iter': 0.004, 'accuracy': 0.78378, 'f1': 0.65319, 'auc': 0.72176}
> Epoch 189: took 0.0s (avg 0.0s) | Best so far: epoch 34	train_loss: 0.2261 train_accuracy: 0.9540	val_loss: 0.6698 val_accuracy: 0.7966	test_loss: 0.7803 test_accuracy: 0.7297
train: {'epoch': 190, 'time_epoch': 0.007, 'eta': 0.07502, 'eta_hours': 2e-05, 'loss': 0.00137587, 'lr': 3.41e-06, 'params': 167769, 'time_iter': 0.007, 'accuracy': 1.0, 'f1': 1.0, 'auc': 0.8}
train: {'epoch': 191, 'time_epoch': 0.008, 'eta': 0.06667, 'eta_hours': 2e-05, 'loss': 0.00157492, 'lr': 2.76e-06, 'params': 167769, 'time_iter': 0.008, 'accuracy': 1.0, 'f1': 1.0, 'auc': 0.8}
train: {'epoch': 192, 'time_epoch': 0.006, 'eta': 0.05825, 'eta_hours': 2e-05, 'loss': 0.00146595, 'lr': 2.18e-06, 'params': 167769, 'time_iter': 0.006, 'accuracy': 1.0, 'f1': 1.0, 'auc': 0.8}
train: {'epoch': 193, 'time_epoch': 0.007, 'eta': 0.04989, 'eta_hours': 1e-05, 'loss': 0.00114269, 'lr': 1.67e-06, 'params': 167769, 'time_iter': 0.007, 'accuracy': 1.0, 'f1': 1.0, 'auc': 0.8}
train: {'epoch': 194, 'time_epoch': 0.007, 'eta': 0.04154, 'eta_hours': 1e-05, 'loss': 0.00114857, 'lr': 1.23e-06, 'params': 167769, 'time_iter': 0.007, 'accuracy': 1.0, 'f1': 1.0, 'auc': 0.8}
val: {'epoch': 194, 'time_epoch': 0.004, 'loss': 1.01643622, 'lr': 0, 'params': 167769, 'time_iter': 0.004, 'accuracy': 0.76271, 'f1': 0.49172, 'auc': 0.80215}
test: {'epoch': 194, 'time_epoch': 0.003, 'loss': 1.48299146, 'lr': 0, 'params': 167769, 'time_iter': 0.003, 'accuracy': 0.78378, 'f1': 0.65319, 'auc': 0.72176}
> Epoch 194: took 0.0s (avg 0.0s) | Best so far: epoch 34	train_loss: 0.2261 train_accuracy: 0.9540	val_loss: 0.6698 val_accuracy: 0.7966	test_loss: 0.7803 test_accuracy: 0.7297
train: {'epoch': 195, 'time_epoch': 0.007, 'eta': 0.0332, 'eta_hours': 1e-05, 'loss': 0.00108638, 'lr': 8.5e-07, 'params': 167769, 'time_iter': 0.007, 'accuracy': 1.0, 'f1': 1.0, 'auc': 0.8}
train: {'epoch': 196, 'time_epoch': 0.007, 'eta': 0.02488, 'eta_hours': 1e-05, 'loss': 0.00120394, 'lr': 5.5e-07, 'params': 167769, 'time_iter': 0.007, 'accuracy': 1.0, 'f1': 1.0, 'auc': 0.8}
train: {'epoch': 197, 'time_epoch': 0.009, 'eta': 0.0166, 'eta_hours': 0.0, 'loss': 0.0012212, 'lr': 3.1e-07, 'params': 167769, 'time_iter': 0.009, 'accuracy': 1.0, 'f1': 1.0, 'auc': 0.8}
train: {'epoch': 198, 'time_epoch': 0.007, 'eta': 0.00829, 'eta_hours': 0.0, 'loss': 0.00135022, 'lr': 1.4e-07, 'params': 167769, 'time_iter': 0.007, 'accuracy': 1.0, 'f1': 1.0, 'auc': 0.8}
train: {'epoch': 199, 'time_epoch': 0.007, 'eta': 0.0, 'eta_hours': 0.0, 'loss': 0.0014031, 'lr': 3e-08, 'params': 167769, 'time_iter': 0.007, 'accuracy': 1.0, 'f1': 1.0, 'auc': 0.8}
val: {'epoch': 199, 'time_epoch': 0.003, 'loss': 1.01646483, 'lr': 0, 'params': 167769, 'time_iter': 0.003, 'accuracy': 0.76271, 'f1': 0.49172, 'auc': 0.80215}
test: {'epoch': 199, 'time_epoch': 0.004, 'loss': 1.48299551, 'lr': 0, 'params': 167769, 'time_iter': 0.004, 'accuracy': 0.78378, 'f1': 0.65319, 'auc': 0.72176}
> Epoch 199: took 0.0s (avg 0.0s) | Best so far: epoch 34	train_loss: 0.2261 train_accuracy: 0.9540	val_loss: 0.6698 val_accuracy: 0.7966	test_loss: 0.7803 test_accuracy: 0.7297
Avg time per epoch: 0.02s
Total train loop time: 0.00h
Task done, results saved in results\webkb-tex-Graphormer\0
Results aggregated across runs saved in results\webkb-tex-Graphormer\agg
[*] All done: 2026-06-06 18:40:26.307480
