[*] Run ID 0: seed=0, split_index=0
    Starting now: 2026-06-06 18:40:39.500757
[*] Loaded dataset 'wisconsin' from 'PyG-WebKB':
  Data(x=[251, 1703], edge_index=[2, 515], y=[251], train_mask=[251, 10], val_mask=[251, 10], test_mask=[251, 10])
  undirected: False
  num graphs: 1
  avg num_nodes/graph: 251
  num node features: 1703
  num edge features: 0
  num classes: 5
Precomputing Positional Encoding statistics: ['GraphormerBias'] for all graphs...
  ...estimated to be undirected: False
Done! Took 00:00:00.34
GraphGymModule(
  (model): GraphormerModel(
    (encoder): FeatureEncoder(
      (node_encoder): Concat2NodeEncoder(
        (encoder1): LinearNodeEncoder(
          (encoder): Linear(in_features=1703, out_features=64, bias=True)
        )
        (encoder2): GraphormerEncoder(
          (0): BiasEncoder(
            (spatial_encoder): Embedding(21, 4)
            (edge_dis_encoder): Embedding(320, 1)
            (edge_encoder): Embedding(0, 4)
          )
          (1): NodeEncoder(
            (in_degree_encoder): Embedding(12, 64)
            (out_degree_encoder): Embedding(123, 64)
            (input_dropout): Dropout(p=0.0, inplace=False)
          )
        )
      )
    )
    (layers): Sequential(
      (0): GraphormerLayer(
        (attention): MultiheadAttention(
          (out_proj): NonDynamicallyQuantizableLinear(in_features=64, out_features=64, bias=True)
        )
        (input_norm): LayerNorm((64,), eps=1e-05, elementwise_affine=True)
        (dropout): Dropout(p=0.2, inplace=False)
        (mlp): Sequential(
          (0): LayerNorm((64,), eps=1e-05, elementwise_affine=True)
          (1): Linear(in_features=64, out_features=64, bias=True)
          (2): GELU(approximate='none')
          (3): Dropout(p=0.2, inplace=False)
          (4): Linear(in_features=64, out_features=64, bias=True)
          (5): Dropout(p=0.2, inplace=False)
        )
      )
      (1): GraphormerLayer(
        (attention): MultiheadAttention(
          (out_proj): NonDynamicallyQuantizableLinear(in_features=64, out_features=64, bias=True)
        )
        (input_norm): LayerNorm((64,), eps=1e-05, elementwise_affine=True)
        (dropout): Dropout(p=0.2, inplace=False)
        (mlp): Sequential(
          (0): LayerNorm((64,), eps=1e-05, elementwise_affine=True)
          (1): Linear(in_features=64, out_features=64, bias=True)
          (2): GELU(approximate='none')
          (3): Dropout(p=0.2, inplace=False)
          (4): Linear(in_features=64, out_features=64, bias=True)
          (5): Dropout(p=0.2, inplace=False)
        )
      )
    )
    (post_mp): GNNNodeHead(
      (layer_post_mp): MLP(
        (model): Sequential(
          (0): Linear(
            (model): Linear(64, 5, bias=True)
          )
        )
      )
    )
  )
)
accelerator: cuda
benchmark: False
bn:
  eps: 1e-05
  mom: 0.1
cfg_dest: config.yaml
custom_metrics: []
dataset:
  cache_load: False
  cache_save: False
  dir: ./datasets
  edge_dim: 128
  edge_encoder: False
  edge_encoder_bn: False
  edge_encoder_name: DummyEdge
  edge_encoder_num_types: 0
  edge_message_ratio: 0.8
  edge_negative_sampling_ratio: 1.0
  edge_train_mode: all
  encoder: True
  encoder_bn: True
  encoder_dim: 128
  encoder_name: db
  format: PyG-WebKB
  infer_link_label: None
  label_column: none
  label_table: none
  location: local
  name: wisconsin
  node_encoder: True
  node_encoder_bn: False
  node_encoder_name: LinearNode+GraphormerBias
  node_encoder_num_types: 0
  remove_feature: False
  resample_disjoint: False
  resample_negative: False
  shuffle_split: True
  slic_compactness: 10
  split: [0.8, 0.1, 0.1]
  split_dir: ./splits
  split_index: 0
  split_mode: standard
  task: node
  task_type: classification
  to_undirected: False
  transductive: True
  transform: none
  tu_simple: True
devices: 1
example_arg: example
example_group:
  example_arg: example
gnn:
  act: gelu
  agg: mean
  att_final_linear: False
  att_final_linear_bn: False
  att_heads: 1
  batchnorm: True
  clear_feature: True
  dim_inner: 64
  dropout: 0.2
  head: node
  keep_edge: 0.5
  l2norm: True
  layer_type: generalconv
  layers_mp: 2
  layers_post_mp: 1
  layers_pre_mp: 0
  msg_direction: single
  normalize_adj: False
  residual: False
  self_msg: concat
  skip_every: 1
  stage_type: stack
gpu_mem: False
graphormer:
  attention_dropout: 0.0
  dropout: 0.2
  embed_dim: 64
  input_dropout: 0.0
  mlp_dropout: 0.2
  num_heads: 4
  num_layers: 2
  use_graph_token: False
gt:
  attn_dropout: 0.0
  batch_norm: True
  bigbird:
    add_cross_attention: False
    attention_type: block_sparse
    block_size: 3
    chunk_size_feed_forward: 0
    hidden_act: relu
    is_decoder: False
    layer_norm_eps: 1e-06
    max_position_embeddings: 128
    num_random_blocks: 3
    use_bias: False
  dim_hidden: 64
  dropout: 0.0
  full_graph: True
  gamma: 1e-05
  layer_norm: False
  layer_type: SANLayer
  layers: 3
  n_heads: 8
  pna_degrees: []
  residual: True
mem:
  inplace: False
metric_agg: argmax
metric_best: accuracy
model:
  edge_decoding: dot
  graph_pooling: add
  loss_fun: cross_entropy
  match_upper: True
  size_average: mean
  thresh: 0.5
  type: Graphormer
name_tag: 
num_threads: 6
num_workers: 0
optim:
  base_lr: 0.0005
  batch_accumulation: 1
  clip_grad_norm: True
  clip_grad_norm_value: 5.0
  lr_decay: 0.1
  max_epoch: 200
  min_lr: 0.0
  momentum: 0.9
  num_warmup_epochs: 10
  optimizer: adamW
  reduce_factor: 0.1
  schedule_patience: 10
  scheduler: cosine_with_warmup
  steps: [30, 60, 90]
  weight_decay: 1e-05
out_dir: results\webkb-wis-Graphormer
posenc_ElstaticSE:
  dim_pe: 16
  enable: False
  kernel:
    times: []
    times_func: range(10)
  layers: 3
  model: none
  n_heads: 4
  pass_as_var: False
  post_layers: 0
  raw_norm_type: none
posenc_EquivStableLapPE:
  eigen:
    eigvec_norm: L2
    laplacian_norm: sym
    max_freqs: 10
  enable: False
  raw_norm_type: none
posenc_GraphormerBias:
  dim_pe: 0
  enable: True
  node_degrees_only: False
  num_in_degrees: 12
  num_out_degrees: 123
  num_spatial_types: 20
posenc_HKdiagSE:
  dim_pe: 16
  enable: False
  kernel:
    times: []
    times_func: 
  layers: 3
  model: none
  n_heads: 4
  pass_as_var: False
  post_layers: 0
  raw_norm_type: none
posenc_LapPE:
  dim_pe: 16
  eigen:
    eigvec_norm: L2
    laplacian_norm: sym
    max_freqs: 10
  enable: False
  layers: 3
  model: none
  n_heads: 4
  pass_as_var: False
  post_layers: 0
  raw_norm_type: none
posenc_RWSE:
  dim_pe: 16
  enable: False
  kernel:
    times: []
    times_func: 
  layers: 3
  model: none
  n_heads: 4
  pass_as_var: False
  post_layers: 0
  raw_norm_type: none
posenc_SignNet:
  dim_pe: 16
  eigen:
    eigvec_norm: L2
    laplacian_norm: sym
    max_freqs: 10
  enable: False
  layers: 3
  model: none
  n_heads: 4
  pass_as_var: False
  phi_hidden_dim: 64
  phi_out_dim: 4
  post_layers: 0
  raw_norm_type: none
pretrained:
  dir: 
  freeze_main: False
  reset_prediction_head: True
print: both
round: 5
run_dir: results\webkb-wis-Graphormer\0
run_id: 0
run_multiple_splits: []
seed: 0
share:
  dim_in: 1703
  dim_out: 5
  num_splits: 3
tensorboard_agg: True
tensorboard_each_run: False
train:
  auto_resume: False
  batch_size: 16
  ckpt_best: False
  ckpt_clean: True
  ckpt_period: 100
  enable_ckpt: False
  epoch_resume: -1
  eval_period: 5
  iter_per_epoch: 32
  mode: custom
  neighbor_sizes: [20, 15, 10, 5]
  node_per_graph: 32
  radius: extend
  sample_node: False
  sampler: full_batch
  skip_train_eval: False
  walk_length: 4
val:
  node_per_graph: 32
  radius: extend
  sample_node: False
  sampler: full_batch
view_emb: False
wandb:
  entity: gtransformers
  name: 
  project: Wisconsin
  use: False
Num parameters: 168857
Start from epoch 0
train: {'epoch': 0, 'time_epoch': 0.19261, 'eta': 38.3284, 'eta_hours': 0.01065, 'loss': 1.58757937, 'lr': 0.0, 'params': 168857, 'time_iter': 0.19261, 'accuracy': 0.29167, 'f1': 0.16889, 'auc': 0.49075}
...computing epoch stats took: 0.03s
val: {'epoch': 0, 'time_epoch': 0.004, 'loss': 1.5685122, 'lr': 0, 'params': 168857, 'time_iter': 0.004, 'accuracy': 0.375, 'f1': 0.13985, 'auc': 0.41186}
...computing epoch stats took: 0.01s
test: {'epoch': 0, 'time_epoch': 0.003, 'loss': 1.55356836, 'lr': 0, 'params': 168857, 'time_iter': 0.003, 'accuracy': 0.47059, 'f1': 0.15752, 'auc': 0.50315}
...computing epoch stats took: 0.01s
> Epoch 0: took 0.2s (avg 0.2s) | Best so far: epoch 0	train_loss: 1.5876 train_accuracy: 0.2917	val_loss: 1.5685 val_accuracy: 0.3750	test_loss: 1.5536 test_accuracy: 0.4706
train: {'epoch': 1, 'time_epoch': 0.007, 'eta': 19.76094, 'eta_hours': 0.00549, 'loss': 1.58251154, 'lr': 5e-05, 'params': 168857, 'time_iter': 0.007, 'accuracy': 0.325, 'f1': 0.19584, 'auc': 0.43734}
...computing epoch stats took: 0.00s
train: {'epoch': 2, 'time_epoch': 0.007, 'eta': 13.56711, 'eta_hours': 0.00377, 'loss': 1.54622912, 'lr': 0.0001, 'params': 168857, 'time_iter': 0.007, 'accuracy': 0.34167, 'f1': 0.15289, 'auc': 0.44075}
...computing epoch stats took: 0.00s
train: {'epoch': 3, 'time_epoch': 0.009, 'eta': 10.56467, 'eta_hours': 0.00293, 'loss': 1.4984287, 'lr': 0.00015, 'params': 168857, 'time_iter': 0.009, 'accuracy': 0.39167, 'f1': 0.14319, 'auc': 0.48867}
train: {'epoch': 4, 'time_epoch': 0.009, 'eta': 8.75962, 'eta_hours': 0.00243, 'loss': 1.42758501, 'lr': 0.0002, 'params': 168857, 'time_iter': 0.009, 'accuracy': 0.40833, 'f1': 0.1651, 'auc': 0.56275}
val: {'epoch': 4, 'time_epoch': 0.005, 'loss': 1.34072924, 'lr': 0, 'params': 168857, 'time_iter': 0.005, 'accuracy': 0.5125, 'f1': 0.13554, 'auc': 0.49043}
test: {'epoch': 4, 'time_epoch': 0.004, 'loss': 1.30368447, 'lr': 0, 'params': 168857, 'time_iter': 0.004, 'accuracy': 0.52941, 'f1': 0.13846, 'auc': 0.56415}
> Epoch 4: took 0.0s (avg 0.1s) | Best so far: epoch 4	train_loss: 1.4276 train_accuracy: 0.4083	val_loss: 1.3407 val_accuracy: 0.5125	test_loss: 1.3037 test_accuracy: 0.5294
train: {'epoch': 5, 'time_epoch': 0.008, 'eta': 7.52092, 'eta_hours': 0.00209, 'loss': 1.37333488, 'lr': 0.00025, 'params': 168857, 'time_iter': 0.008, 'accuracy': 0.425, 'f1': 0.15081, 'auc': 0.57017}
train: {'epoch': 6, 'time_epoch': 0.011, 'eta': 6.71655, 'eta_hours': 0.00187, 'loss': 1.32819486, 'lr': 0.0003, 'params': 168857, 'time_iter': 0.011, 'accuracy': 0.44167, 'f1': 0.1668, 'auc': 0.57939}
train: {'epoch': 7, 'time_epoch': 0.007, 'eta': 6.01454, 'eta_hours': 0.00167, 'loss': 1.27350104, 'lr': 0.00035, 'params': 168857, 'time_iter': 0.007, 'accuracy': 0.49167, 'f1': 0.21042, 'auc': 0.67766}
train: {'epoch': 8, 'time_epoch': 0.007, 'eta': 5.46696, 'eta_hours': 0.00152, 'loss': 1.26959443, 'lr': 0.0004, 'params': 168857, 'time_iter': 0.007, 'accuracy': 0.51667, 'f1': 0.22625, 'auc': 0.64383}
train: {'epoch': 9, 'time_epoch': 0.008, 'eta': 5.0465, 'eta_hours': 0.0014, 'loss': 1.1995666, 'lr': 0.00045, 'params': 168857, 'time_iter': 0.008, 'accuracy': 0.525, 'f1': 0.23676, 'auc': 0.75626}
val: {'epoch': 9, 'time_epoch': 0.004, 'loss': 1.24078643, 'lr': 0, 'params': 168857, 'time_iter': 0.004, 'accuracy': 0.5875, 'f1': 0.23275, 'auc': 0.71885}
test: {'epoch': 9, 'time_epoch': 0.003, 'loss': 1.15703297, 'lr': 0, 'params': 168857, 'time_iter': 0.003, 'accuracy': 0.62745, 'f1': 0.26559, 'auc': 0.81473}
> Epoch 9: took 0.0s (avg 0.0s) | Best so far: epoch 9	train_loss: 1.1996 train_accuracy: 0.5250	val_loss: 1.2408 val_accuracy: 0.5875	test_loss: 1.1570 test_accuracy: 0.6274
train: {'epoch': 10, 'time_epoch': 0.007, 'eta': 4.68385, 'eta_hours': 0.0013, 'loss': 1.18689036, 'lr': 0.0005, 'params': 168857, 'time_iter': 0.007, 'accuracy': 0.58333, 'f1': 0.26409, 'auc': 0.74736}
train: {'epoch': 11, 'time_epoch': 0.007, 'eta': 4.38047, 'eta_hours': 0.00122, 'loss': 1.12361646, 'lr': 0.00049997, 'params': 168857, 'time_iter': 0.007, 'accuracy': 0.61667, 'f1': 0.33816, 'auc': 0.83638}
train: {'epoch': 12, 'time_epoch': 0.007, 'eta': 4.12276, 'eta_hours': 0.00115, 'loss': 1.07475722, 'lr': 0.00049986, 'params': 168857, 'time_iter': 0.007, 'accuracy': 0.69167, 'f1': 0.42359, 'auc': 0.82845}
train: {'epoch': 13, 'time_epoch': 0.0075, 'eta': 3.90747, 'eta_hours': 0.00109, 'loss': 1.03137672, 'lr': 0.00049969, 'params': 168857, 'time_iter': 0.0075, 'accuracy': 0.675, 'f1': 0.42828, 'auc': 0.86246}
train: {'epoch': 14, 'time_epoch': 0.007, 'eta': 3.7137, 'eta_hours': 0.00103, 'loss': 1.00686562, 'lr': 0.00049945, 'params': 168857, 'time_iter': 0.007, 'accuracy': 0.70833, 'f1': 0.45421, 'auc': 0.8997}
val: {'epoch': 14, 'time_epoch': 0.004, 'loss': 1.12072682, 'lr': 0, 'params': 168857, 'time_iter': 0.004, 'accuracy': 0.6375, 'f1': 0.33747, 'auc': 0.7738}
test: {'epoch': 14, 'time_epoch': 0.004, 'loss': 1.0244019, 'lr': 0, 'params': 168857, 'time_iter': 0.004, 'accuracy': 0.66667, 'f1': 0.32622, 'auc': 0.82272}
> Epoch 14: took 0.0s (avg 0.0s) | Best so far: epoch 14	train_loss: 1.0069 train_accuracy: 0.7083	val_loss: 1.1207 val_accuracy: 0.6375	test_loss: 1.0244 test_accuracy: 0.6667
train: {'epoch': 15, 'time_epoch': 0.009, 'eta': 3.56627, 'eta_hours': 0.00099, 'loss': 0.95099962, 'lr': 0.00049915, 'params': 168857, 'time_iter': 0.009, 'accuracy': 0.75, 'f1': 0.4799, 'auc': 0.88244}
train: {'epoch': 16, 'time_epoch': 0.008, 'eta': 3.42434, 'eta_hours': 0.00095, 'loss': 0.88792217, 'lr': 0.00049877, 'params': 168857, 'time_iter': 0.008, 'accuracy': 0.775, 'f1': 0.50136, 'auc': 0.92611}
train: {'epoch': 17, 'time_epoch': 0.007, 'eta': 3.28721, 'eta_hours': 0.00091, 'loss': 0.85105973, 'lr': 0.00049833, 'params': 168857, 'time_iter': 0.007, 'accuracy': 0.76667, 'f1': 0.5028, 'auc': 0.93152}
train: {'epoch': 18, 'time_epoch': 0.007, 'eta': 3.16378, 'eta_hours': 0.00088, 'loss': 0.81608361, 'lr': 0.00049782, 'params': 168857, 'time_iter': 0.007, 'accuracy': 0.775, 'f1': 0.5026, 'auc': 0.94378}
train: {'epoch': 19, 'time_epoch': 0.007, 'eta': 3.05202, 'eta_hours': 0.00085, 'loss': 0.75232685, 'lr': 0.00049724, 'params': 168857, 'time_iter': 0.007, 'accuracy': 0.79167, 'f1': 0.50973, 'auc': 0.93385}
val: {'epoch': 19, 'time_epoch': 0.0035, 'loss': 0.94864208, 'lr': 0, 'params': 168857, 'time_iter': 0.0035, 'accuracy': 0.725, 'f1': 0.42238, 'auc': 0.8258}
test: {'epoch': 19, 'time_epoch': 0.004, 'loss': 0.92488801, 'lr': 0, 'params': 168857, 'time_iter': 0.004, 'accuracy': 0.76471, 'f1': 0.43396, 'auc': 0.83617}
> Epoch 19: took 0.0s (avg 0.0s) | Best so far: epoch 19	train_loss: 0.7523 train_accuracy: 0.7917	val_loss: 0.9486 val_accuracy: 0.7250	test_loss: 0.9249 test_accuracy: 0.7647
train: {'epoch': 20, 'time_epoch': 0.00734, 'eta': 2.95314, 'eta_hours': 0.00082, 'loss': 0.71932787, 'lr': 0.00049659, 'params': 168857, 'time_iter': 0.00734, 'accuracy': 0.8, 'f1': 0.5191, 'auc': 0.95987}
train: {'epoch': 21, 'time_epoch': 0.007, 'eta': 2.85979, 'eta_hours': 0.00079, 'loss': 0.65754515, 'lr': 0.00049588, 'params': 168857, 'time_iter': 0.007, 'accuracy': 0.80833, 'f1': 0.52357, 'auc': 0.94935}
train: {'epoch': 22, 'time_epoch': 0.006, 'eta': 2.76626, 'eta_hours': 0.00077, 'loss': 0.59161311, 'lr': 0.00049509, 'params': 168857, 'time_iter': 0.006, 'accuracy': 0.84167, 'f1': 0.57547, 'auc': 0.97495}
train: {'epoch': 23, 'time_epoch': 0.007, 'eta': 2.68734, 'eta_hours': 0.00075, 'loss': 0.55278236, 'lr': 0.00049425, 'params': 168857, 'time_iter': 0.007, 'accuracy': 0.85, 'f1': 0.58377, 'auc': 0.95987}
train: {'epoch': 24, 'time_epoch': 0.008, 'eta': 2.6212, 'eta_hours': 0.00073, 'loss': 0.51431489, 'lr': 0.00049333, 'params': 168857, 'time_iter': 0.008, 'accuracy': 0.85833, 'f1': 0.63077, 'auc': 0.96345}
val: {'epoch': 24, 'time_epoch': 0.004, 'loss': 0.76420087, 'lr': 0, 'params': 168857, 'time_iter': 0.004, 'accuracy': 0.75, 'f1': 0.43931, 'auc': 0.84301}
test: {'epoch': 24, 'time_epoch': 0.004, 'loss': 0.83287293, 'lr': 0, 'params': 168857, 'time_iter': 0.004, 'accuracy': 0.7451, 'f1': 0.42079, 'auc': 0.84377}
> Epoch 24: took 0.0s (avg 0.0s) | Best so far: epoch 24	train_loss: 0.5143 train_accuracy: 0.8583	val_loss: 0.7642 val_accuracy: 0.7500	test_loss: 0.8329 test_accuracy: 0.7451
train: {'epoch': 25, 'time_epoch': 0.0065, 'eta': 2.54952, 'eta_hours': 0.00071, 'loss': 0.47096413, 'lr': 0.00049235, 'params': 168857, 'time_iter': 0.0065, 'accuracy': 0.88333, 'f1': 0.72599, 'auc': 0.97245}
train: {'epoch': 26, 'time_epoch': 0.007, 'eta': 2.48583, 'eta_hours': 0.00069, 'loss': 0.42206243, 'lr': 0.0004913, 'params': 168857, 'time_iter': 0.007, 'accuracy': 0.89167, 'f1': 0.751, 'auc': 0.96421}
train: {'epoch': 27, 'time_epoch': 0.007, 'eta': 2.4262, 'eta_hours': 0.00067, 'loss': 0.39005572, 'lr': 0.00049019, 'params': 168857, 'time_iter': 0.007, 'accuracy': 0.89167, 'f1': 0.73398, 'auc': 0.96384}
train: {'epoch': 28, 'time_epoch': 0.007, 'eta': 2.37018, 'eta_hours': 0.00066, 'loss': 0.34802663, 'lr': 0.00048901, 'params': 168857, 'time_iter': 0.007, 'accuracy': 0.925, 'f1': 0.84659, 'auc': 0.97382}
train: {'epoch': 29, 'time_epoch': 0.009, 'eta': 2.32878, 'eta_hours': 0.00065, 'loss': 0.33024299, 'lr': 0.00048776, 'params': 168857, 'time_iter': 0.009, 'accuracy': 0.925, 'f1': 0.84903, 'auc': 0.9721}
val: {'epoch': 29, 'time_epoch': 0.004, 'loss': 0.62731487, 'lr': 0, 'params': 168857, 'time_iter': 0.004, 'accuracy': 0.825, 'f1': 0.51825, 'auc': 0.86418}
test: {'epoch': 29, 'time_epoch': 0.004, 'loss': 0.8746593, 'lr': 0, 'params': 168857, 'time_iter': 0.004, 'accuracy': 0.7451, 'f1': 0.51013, 'auc': 0.82844}
> Epoch 29: took 0.0s (avg 0.0s) | Best so far: epoch 29	train_loss: 0.3302 train_accuracy: 0.9250	val_loss: 0.6273 val_accuracy: 0.8250	test_loss: 0.8747 test_accuracy: 0.7451
train: {'epoch': 30, 'time_epoch': 0.009, 'eta': 2.28947, 'eta_hours': 0.00064, 'loss': 0.30843595, 'lr': 0.00048645, 'params': 168857, 'time_iter': 0.009, 'accuracy': 0.94167, 'f1': 0.90499, 'auc': 0.95197}
train: {'epoch': 31, 'time_epoch': 0.007, 'eta': 2.24156, 'eta_hours': 0.00062, 'loss': 0.26806757, 'lr': 0.00048508, 'params': 168857, 'time_iter': 0.007, 'accuracy': 0.94167, 'f1': 0.89346, 'auc': 0.97221}
train: {'epoch': 32, 'time_epoch': 0.009, 'eta': 2.20624, 'eta_hours': 0.00061, 'loss': 0.2534911, 'lr': 0.00048364, 'params': 168857, 'time_iter': 0.009, 'accuracy': 0.95833, 'f1': 0.92427, 'auc': 0.97583}
train: {'epoch': 33, 'time_epoch': 0.008, 'eta': 2.16758, 'eta_hours': 0.0006, 'loss': 0.22964837, 'lr': 0.00048214, 'params': 168857, 'time_iter': 0.008, 'accuracy': 0.94167, 'f1': 0.86332, 'auc': 0.98566}
train: {'epoch': 34, 'time_epoch': 0.007, 'eta': 2.12597, 'eta_hours': 0.00059, 'loss': 0.21324618, 'lr': 0.00048057, 'params': 168857, 'time_iter': 0.007, 'accuracy': 0.95833, 'f1': 0.92427, 'auc': 0.98096}
val: {'epoch': 34, 'time_epoch': 0.003, 'loss': 0.57840365, 'lr': 0, 'params': 168857, 'time_iter': 0.003, 'accuracy': 0.825, 'f1': 0.51786, 'auc': 0.88264}
test: {'epoch': 34, 'time_epoch': 0.004, 'loss': 0.9751364, 'lr': 0, 'params': 168857, 'time_iter': 0.004, 'accuracy': 0.7451, 'f1': 0.49323, 'auc': 0.8416}
> Epoch 34: took 0.0s (avg 0.0s) | Best so far: epoch 29	train_loss: 0.3302 train_accuracy: 0.9250	val_loss: 0.6273 val_accuracy: 0.8250	test_loss: 0.8747 test_accuracy: 0.7451
train: {'epoch': 35, 'time_epoch': 0.008, 'eta': 2.09083, 'eta_hours': 0.00058, 'loss': 0.19924067, 'lr': 0.00047894, 'params': 168857, 'time_iter': 0.008, 'accuracy': 0.96667, 'f1': 0.93768, 'auc': 0.9768}
train: {'epoch': 36, 'time_epoch': 0.007, 'eta': 2.05275, 'eta_hours': 0.00057, 'loss': 0.18540224, 'lr': 0.00047725, 'params': 168857, 'time_iter': 0.007, 'accuracy': 0.96667, 'f1': 0.93768, 'auc': 0.98428}
train: {'epoch': 37, 'time_epoch': 0.007, 'eta': 2.01633, 'eta_hours': 0.00056, 'loss': 0.16392758, 'lr': 0.0004755, 'params': 168857, 'time_iter': 0.007, 'accuracy': 0.975, 'f1': 0.95002, 'auc': 0.97342}
train: {'epoch': 38, 'time_epoch': 0.0065, 'eta': 1.97935, 'eta_hours': 0.00055, 'loss': 0.16342105, 'lr': 0.00047368, 'params': 168857, 'time_iter': 0.0065, 'accuracy': 0.96667, 'f1': 0.93097, 'auc': 0.96195}
train: {'epoch': 39, 'time_epoch': 0.007, 'eta': 1.94588, 'eta_hours': 0.00054, 'loss': 0.14552721, 'lr': 0.00047181, 'params': 168857, 'time_iter': 0.007, 'accuracy': 0.98333, 'f1': 0.95798, 'auc': 0.99254}
val: {'epoch': 39, 'time_epoch': 0.004, 'loss': 0.63925481, 'lr': 0, 'params': 168857, 'time_iter': 0.004, 'accuracy': 0.775, 'f1': 0.48187, 'auc': 0.89102}
test: {'epoch': 39, 'time_epoch': 0.004, 'loss': 1.19157112, 'lr': 0, 'params': 168857, 'time_iter': 0.004, 'accuracy': 0.7451, 'f1': 0.52095, 'auc': 0.85861}
> Epoch 39: took 0.0s (avg 0.0s) | Best so far: epoch 29	train_loss: 0.3302 train_accuracy: 0.9250	val_loss: 0.6273 val_accuracy: 0.8250	test_loss: 0.8747 test_accuracy: 0.7451
train: {'epoch': 40, 'time_epoch': 0.007, 'eta': 1.9137, 'eta_hours': 0.00053, 'loss': 0.13684985, 'lr': 0.00046987, 'params': 168857, 'time_iter': 0.007, 'accuracy': 0.98333, 'f1': 0.95798, 'auc': 0.96809}
train: {'epoch': 41, 'time_epoch': 0.00777, 'eta': 1.8856, 'eta_hours': 0.00052, 'loss': 0.12031519, 'lr': 0.00046787, 'params': 168857, 'time_iter': 0.00777, 'accuracy': 0.98333, 'f1': 0.95798, 'auc': 0.98765}
train: {'epoch': 42, 'time_epoch': 0.008, 'eta': 1.8593, 'eta_hours': 0.00052, 'loss': 0.11787507, 'lr': 0.00046581, 'params': 168857, 'time_iter': 0.008, 'accuracy': 0.99167, 'f1': 0.96945, 'auc': 0.99015}
train: {'epoch': 43, 'time_epoch': 0.007, 'eta': 1.83029, 'eta_hours': 0.00051, 'loss': 0.10648994, 'lr': 0.0004637, 'params': 168857, 'time_iter': 0.007, 'accuracy': 0.99167, 'f1': 0.96945, 'auc': 0.99104}
train: {'epoch': 44, 'time_epoch': 0.007, 'eta': 1.80226, 'eta_hours': 0.0005, 'loss': 0.09785244, 'lr': 0.00046152, 'params': 168857, 'time_iter': 0.007, 'accuracy': 0.99167, 'f1': 0.96945, 'auc': 0.99115}
val: {'epoch': 44, 'time_epoch': 0.005, 'loss': 0.66985369, 'lr': 0, 'params': 168857, 'time_iter': 0.005, 'accuracy': 0.7625, 'f1': 0.48009, 'auc': 0.9165}
test: {'epoch': 44, 'time_epoch': 0.004, 'loss': 1.27011812, 'lr': 0, 'params': 168857, 'time_iter': 0.004, 'accuracy': 0.70588, 'f1': 0.47143, 'auc': 0.8782}
> Epoch 44: took 0.0s (avg 0.0s) | Best so far: epoch 29	train_loss: 0.3302 train_accuracy: 0.9250	val_loss: 0.6273 val_accuracy: 0.8250	test_loss: 0.8747 test_accuracy: 0.7451
train: {'epoch': 45, 'time_epoch': 0.006, 'eta': 1.7718, 'eta_hours': 0.00049, 'loss': 0.10598395, 'lr': 0.00045929, 'params': 168857, 'time_iter': 0.006, 'accuracy': 0.99167, 'f1': 0.96945, 'auc': 0.97679}
train: {'epoch': 46, 'time_epoch': 0.008, 'eta': 1.74888, 'eta_hours': 0.00049, 'loss': 0.08510228, 'lr': 0.000457, 'params': 168857, 'time_iter': 0.008, 'accuracy': 0.99167, 'f1': 0.96945, 'auc': 0.98813}
train: {'epoch': 47, 'time_epoch': 0.007, 'eta': 1.72342, 'eta_hours': 0.00048, 'loss': 0.07450943, 'lr': 0.00045466, 'params': 168857, 'time_iter': 0.007, 'accuracy': 0.99167, 'f1': 0.96945, 'auc': 0.9952}
train: {'epoch': 48, 'time_epoch': 0.008, 'eta': 1.70179, 'eta_hours': 0.00047, 'loss': 0.08323447, 'lr': 0.00045225, 'params': 168857, 'time_iter': 0.008, 'accuracy': 0.99167, 'f1': 0.96945, 'auc': 0.99262}
train: {'epoch': 49, 'time_epoch': 0.007, 'eta': 1.67772, 'eta_hours': 0.00047, 'loss': 0.07232776, 'lr': 0.0004498, 'params': 168857, 'time_iter': 0.007, 'accuracy': 0.99167, 'f1': 0.96945, 'auc': 0.99477}
val: {'epoch': 49, 'time_epoch': 0.004, 'loss': 0.67623687, 'lr': 0, 'params': 168857, 'time_iter': 0.004, 'accuracy': 0.775, 'f1': 0.53384, 'auc': 0.92336}
test: {'epoch': 49, 'time_epoch': 0.004, 'loss': 1.30054832, 'lr': 0, 'params': 168857, 'time_iter': 0.004, 'accuracy': 0.72549, 'f1': 0.48852, 'auc': 0.89247}
> Epoch 49: took 0.0s (avg 0.0s) | Best so far: epoch 29	train_loss: 0.3302 train_accuracy: 0.9250	val_loss: 0.6273 val_accuracy: 0.8250	test_loss: 0.8747 test_accuracy: 0.7451
train: {'epoch': 50, 'time_epoch': 0.0085, 'eta': 1.65869, 'eta_hours': 0.00046, 'loss': 0.06095356, 'lr': 0.00044729, 'params': 168857, 'time_iter': 0.0085, 'accuracy': 0.99167, 'f1': 0.96945, 'auc': 0.99655}
train: {'epoch': 51, 'time_epoch': 0.007, 'eta': 1.6358, 'eta_hours': 0.00045, 'loss': 0.05142956, 'lr': 0.00044472, 'params': 168857, 'time_iter': 0.007, 'accuracy': 0.99167, 'f1': 0.96945, 'auc': 0.99914}
train: {'epoch': 52, 'time_epoch': 0.007, 'eta': 1.61351, 'eta_hours': 0.00045, 'loss': 0.05086831, 'lr': 0.0004421, 'params': 168857, 'time_iter': 0.007, 'accuracy': 0.99167, 'f1': 0.96945, 'auc': 0.99957}
train: {'epoch': 53, 'time_epoch': 0.007, 'eta': 1.59178, 'eta_hours': 0.00044, 'loss': 0.04982925, 'lr': 0.00043943, 'params': 168857, 'time_iter': 0.007, 'accuracy': 0.99167, 'f1': 0.96273, 'auc': 0.99957}
train: {'epoch': 54, 'time_epoch': 0.01, 'eta': 1.5785, 'eta_hours': 0.00044, 'loss': 0.03995775, 'lr': 0.00043671, 'params': 168857, 'time_iter': 0.01, 'accuracy': 0.99167, 'f1': 0.96273, 'auc': 1.0}
val: {'epoch': 54, 'time_epoch': 0.003, 'loss': 0.80085105, 'lr': 0, 'params': 168857, 'time_iter': 0.003, 'accuracy': 0.7625, 'f1': 0.51244, 'auc': 0.93382}
test: {'epoch': 54, 'time_epoch': 0.004, 'loss': 1.51376593, 'lr': 0, 'params': 168857, 'time_iter': 0.004, 'accuracy': 0.70588, 'f1': 0.48405, 'auc': 0.88983}
> Epoch 54: took 0.0s (avg 0.0s) | Best so far: epoch 29	train_loss: 0.3302 train_accuracy: 0.9250	val_loss: 0.6273 val_accuracy: 0.8250	test_loss: 0.8747 test_accuracy: 0.7451
train: {'epoch': 55, 'time_epoch': 0.007, 'eta': 1.55762, 'eta_hours': 0.00043, 'loss': 0.04260038, 'lr': 0.00043393, 'params': 168857, 'time_iter': 0.007, 'accuracy': 0.99167, 'f1': 0.96273, 'auc': 1.0}
train: {'epoch': 56, 'time_epoch': 0.0085, 'eta': 1.541, 'eta_hours': 0.00043, 'loss': 0.03620712, 'lr': 0.00043111, 'params': 168857, 'time_iter': 0.0085, 'accuracy': 0.99167, 'f1': 0.96273, 'auc': 1.0}
train: {'epoch': 57, 'time_epoch': 0.007, 'eta': 1.52097, 'eta_hours': 0.00042, 'loss': 0.04215848, 'lr': 0.00042823, 'params': 168857, 'time_iter': 0.007, 'accuracy': 0.99167, 'f1': 0.96273, 'auc': 0.99957}
train: {'epoch': 58, 'time_epoch': 0.007, 'eta': 1.50139, 'eta_hours': 0.00042, 'loss': 0.03985199, 'lr': 0.00042531, 'params': 168857, 'time_iter': 0.007, 'accuracy': 0.99167, 'f1': 0.96273, 'auc': 0.9994}
train: {'epoch': 59, 'time_epoch': 0.008, 'eta': 1.48456, 'eta_hours': 0.00041, 'loss': 0.03203523, 'lr': 0.00042234, 'params': 168857, 'time_iter': 0.008, 'accuracy': 0.99167, 'f1': 0.96273, 'auc': 1.0}
val: {'epoch': 59, 'time_epoch': 0.004, 'loss': 0.81970692, 'lr': 0, 'params': 168857, 'time_iter': 0.004, 'accuracy': 0.75, 'f1': 0.47409, 'auc': 0.94005}
test: {'epoch': 59, 'time_epoch': 0.004, 'loss': 1.52936101, 'lr': 0, 'params': 168857, 'time_iter': 0.004, 'accuracy': 0.70588, 'f1': 0.50194, 'auc': 0.89711}
> Epoch 59: took 0.0s (avg 0.0s) | Best so far: epoch 29	train_loss: 0.3302 train_accuracy: 0.9250	val_loss: 0.6273 val_accuracy: 0.8250	test_loss: 0.8747 test_accuracy: 0.7451
train: {'epoch': 60, 'time_epoch': 0.008, 'eta': 1.46803, 'eta_hours': 0.00041, 'loss': 0.02722399, 'lr': 0.00041932, 'params': 168857, 'time_iter': 0.008, 'accuracy': 0.99167, 'f1': 0.96273, 'auc': 1.0}
train: {'epoch': 61, 'time_epoch': 0.007, 'eta': 1.44954, 'eta_hours': 0.0004, 'loss': 0.02929471, 'lr': 0.00041626, 'params': 168857, 'time_iter': 0.007, 'accuracy': 0.99167, 'f1': 0.96273, 'auc': 1.0}
train: {'epoch': 62, 'time_epoch': 0.007, 'eta': 1.43141, 'eta_hours': 0.0004, 'loss': 0.02755387, 'lr': 0.00041315, 'params': 168857, 'time_iter': 0.007, 'accuracy': 0.99167, 'f1': 0.96273, 'auc': 1.0}
train: {'epoch': 63, 'time_epoch': 0.0075, 'eta': 1.41471, 'eta_hours': 0.00039, 'loss': 0.02267219, 'lr': 0.00040999, 'params': 168857, 'time_iter': 0.0075, 'accuracy': 0.99167, 'f1': 0.96273, 'auc': 1.0}
train: {'epoch': 64, 'time_epoch': 0.007, 'eta': 1.39724, 'eta_hours': 0.00039, 'loss': 0.02403571, 'lr': 0.00040679, 'params': 168857, 'time_iter': 0.007, 'accuracy': 0.99167, 'f1': 0.96273, 'auc': 1.0}
val: {'epoch': 64, 'time_epoch': 0.004, 'loss': 0.7949174, 'lr': 0, 'params': 168857, 'time_iter': 0.004, 'accuracy': 0.7625, 'f1': 0.47483, 'auc': 0.93877}
test: {'epoch': 64, 'time_epoch': 0.006, 'loss': 1.48170304, 'lr': 0, 'params': 168857, 'time_iter': 0.006, 'accuracy': 0.72549, 'f1': 0.51331, 'auc': 0.89191}
> Epoch 64: took 0.0s (avg 0.0s) | Best so far: epoch 29	train_loss: 0.3302 train_accuracy: 0.9250	val_loss: 0.6273 val_accuracy: 0.8250	test_loss: 0.8747 test_accuracy: 0.7451
train: {'epoch': 65, 'time_epoch': 0.007, 'eta': 1.38009, 'eta_hours': 0.00038, 'loss': 0.02056152, 'lr': 0.00040355, 'params': 168857, 'time_iter': 0.007, 'accuracy': 0.99167, 'f1': 0.96273, 'auc': 1.0}
train: {'epoch': 66, 'time_epoch': 0.007, 'eta': 1.36324, 'eta_hours': 0.00038, 'loss': 0.01961374, 'lr': 0.00040027, 'params': 168857, 'time_iter': 0.007, 'accuracy': 1.0, 'f1': 1.0, 'auc': 1.0}
train: {'epoch': 67, 'time_epoch': 0.007, 'eta': 1.34668, 'eta_hours': 0.00037, 'loss': 0.02094363, 'lr': 0.00039695, 'params': 168857, 'time_iter': 0.007, 'accuracy': 1.0, 'f1': 1.0, 'auc': 1.0}
train: {'epoch': 68, 'time_epoch': 0.008, 'eta': 1.33229, 'eta_hours': 0.00037, 'loss': 0.01853735, 'lr': 0.00039358, 'params': 168857, 'time_iter': 0.008, 'accuracy': 1.0, 'f1': 1.0, 'auc': 1.0}
train: {'epoch': 69, 'time_epoch': 0.007, 'eta': 1.31624, 'eta_hours': 0.00037, 'loss': 0.01468815, 'lr': 0.00039018, 'params': 168857, 'time_iter': 0.007, 'accuracy': 1.0, 'f1': 1.0, 'auc': 1.0}
val: {'epoch': 69, 'time_epoch': 0.004, 'loss': 0.76149809, 'lr': 0, 'params': 168857, 'time_iter': 0.004, 'accuracy': 0.775, 'f1': 0.48461, 'auc': 0.93318}
test: {'epoch': 69, 'time_epoch': 0.004, 'loss': 1.43847883, 'lr': 0, 'params': 168857, 'time_iter': 0.004, 'accuracy': 0.76471, 'f1': 0.54595, 'auc': 0.8976}
> Epoch 69: took 0.0s (avg 0.0s) | Best so far: epoch 29	train_loss: 0.3302 train_accuracy: 0.9250	val_loss: 0.6273 val_accuracy: 0.8250	test_loss: 0.8747 test_accuracy: 0.7451
train: {'epoch': 70, 'time_epoch': 0.007, 'eta': 1.30044, 'eta_hours': 0.00036, 'loss': 0.01627199, 'lr': 0.00038674, 'params': 168857, 'time_iter': 0.007, 'accuracy': 1.0, 'f1': 1.0, 'auc': 1.0}
train: {'epoch': 71, 'time_epoch': 0.009, 'eta': 1.28844, 'eta_hours': 0.00036, 'loss': 0.01589324, 'lr': 0.00038326, 'params': 168857, 'time_iter': 0.009, 'accuracy': 1.0, 'f1': 1.0, 'auc': 1.0}
train: {'epoch': 72, 'time_epoch': 0.007, 'eta': 1.27304, 'eta_hours': 0.00035, 'loss': 0.01454142, 'lr': 0.00037974, 'params': 168857, 'time_iter': 0.007, 'accuracy': 1.0, 'f1': 1.0, 'auc': 1.0}
train: {'epoch': 73, 'time_epoch': 0.007, 'eta': 1.25786, 'eta_hours': 0.00035, 'loss': 0.01174658, 'lr': 0.00037619, 'params': 168857, 'time_iter': 0.007, 'accuracy': 1.0, 'f1': 1.0, 'auc': 1.0}
train: {'epoch': 74, 'time_epoch': 0.007, 'eta': 1.24291, 'eta_hours': 0.00035, 'loss': 0.01434209, 'lr': 0.00037261, 'params': 168857, 'time_iter': 0.007, 'accuracy': 1.0, 'f1': 1.0, 'auc': 1.0}
val: {'epoch': 74, 'time_epoch': 0.004, 'loss': 0.68813211, 'lr': 0, 'params': 168857, 'time_iter': 0.004, 'accuracy': 0.8125, 'f1': 0.53324, 'auc': 0.93278}
test: {'epoch': 74, 'time_epoch': 0.003, 'loss': 1.36904442, 'lr': 0, 'params': 168857, 'time_iter': 0.003, 'accuracy': 0.78431, 'f1': 0.75137, 'auc': 0.90084}
> Epoch 74: took 0.0s (avg 0.0s) | Best so far: epoch 29	train_loss: 0.3302 train_accuracy: 0.9250	val_loss: 0.6273 val_accuracy: 0.8250	test_loss: 0.8747 test_accuracy: 0.7451
train: {'epoch': 75, 'time_epoch': 0.0095, 'eta': 1.23225, 'eta_hours': 0.00034, 'loss': 0.0123984, 'lr': 0.00036899, 'params': 168857, 'time_iter': 0.0095, 'accuracy': 1.0, 'f1': 1.0, 'auc': 1.0}
train: {'epoch': 76, 'time_epoch': 0.007, 'eta': 1.21762, 'eta_hours': 0.00034, 'loss': 0.01074147, 'lr': 0.00036534, 'params': 168857, 'time_iter': 0.007, 'accuracy': 1.0, 'f1': 1.0, 'auc': 1.0}
train: {'epoch': 77, 'time_epoch': 0.007, 'eta': 1.20319, 'eta_hours': 0.00033, 'loss': 0.00996299, 'lr': 0.00036165, 'params': 168857, 'time_iter': 0.007, 'accuracy': 1.0, 'f1': 1.0, 'auc': 1.0}
train: {'epoch': 78, 'time_epoch': 0.008, 'eta': 1.19047, 'eta_hours': 0.00033, 'loss': 0.01208388, 'lr': 0.00035794, 'params': 168857, 'time_iter': 0.008, 'accuracy': 1.0, 'f1': 1.0, 'auc': 1.0}
train: {'epoch': 79, 'time_epoch': 0.008, 'eta': 1.17788, 'eta_hours': 0.00033, 'loss': 0.00922254, 'lr': 0.0003542, 'params': 168857, 'time_iter': 0.008, 'accuracy': 1.0, 'f1': 1.0, 'auc': 1.0}
val: {'epoch': 79, 'time_epoch': 0.004, 'loss': 0.66425204, 'lr': 0, 'params': 168857, 'time_iter': 0.004, 'accuracy': 0.8125, 'f1': 0.53324, 'auc': 0.93791}
test: {'epoch': 79, 'time_epoch': 0.004, 'loss': 1.37131989, 'lr': 0, 'params': 168857, 'time_iter': 0.004, 'accuracy': 0.78431, 'f1': 0.75137, 'auc': 0.90177}
> Epoch 79: took 0.0s (avg 0.0s) | Best so far: epoch 29	train_loss: 0.3302 train_accuracy: 0.9250	val_loss: 0.6273 val_accuracy: 0.8250	test_loss: 0.8747 test_accuracy: 0.7451
train: {'epoch': 80, 'time_epoch': 0.007, 'eta': 1.16393, 'eta_hours': 0.00032, 'loss': 0.01135908, 'lr': 0.00035042, 'params': 168857, 'time_iter': 0.007, 'accuracy': 1.0, 'f1': 1.0, 'auc': 1.0}
train: {'epoch': 81, 'time_epoch': 0.0085, 'eta': 1.15231, 'eta_hours': 0.00032, 'loss': 0.00866184, 'lr': 0.00034662, 'params': 168857, 'time_iter': 0.0085, 'accuracy': 1.0, 'f1': 1.0, 'auc': 1.0}
train: {'epoch': 82, 'time_epoch': 0.007, 'eta': 1.13865, 'eta_hours': 0.00032, 'loss': 0.00855547, 'lr': 0.0003428, 'params': 168857, 'time_iter': 0.007, 'accuracy': 1.0, 'f1': 1.0, 'auc': 1.0}
train: {'epoch': 83, 'time_epoch': 0.008, 'eta': 1.12652, 'eta_hours': 0.00031, 'loss': 0.0067867, 'lr': 0.00033895, 'params': 168857, 'time_iter': 0.008, 'accuracy': 1.0, 'f1': 1.0, 'auc': 1.0}
train: {'epoch': 84, 'time_epoch': 0.008, 'eta': 1.1145, 'eta_hours': 0.00031, 'loss': 0.0093674, 'lr': 0.00033507, 'params': 168857, 'time_iter': 0.008, 'accuracy': 1.0, 'f1': 1.0, 'auc': 1.0}
val: {'epoch': 84, 'time_epoch': 0.004, 'loss': 0.67478406, 'lr': 0, 'params': 168857, 'time_iter': 0.004, 'accuracy': 0.8125, 'f1': 0.53234, 'auc': 0.93728}
test: {'epoch': 84, 'time_epoch': 0.004, 'loss': 1.40714371, 'lr': 0, 'params': 168857, 'time_iter': 0.004, 'accuracy': 0.78431, 'f1': 0.75137, 'auc': 0.90208}
> Epoch 84: took 0.0s (avg 0.0s) | Best so far: epoch 29	train_loss: 0.3302 train_accuracy: 0.9250	val_loss: 0.6273 val_accuracy: 0.8250	test_loss: 0.8747 test_accuracy: 0.7451
train: {'epoch': 85, 'time_epoch': 0.011, 'eta': 1.10654, 'eta_hours': 0.00031, 'loss': 0.00648496, 'lr': 0.00033117, 'params': 168857, 'time_iter': 0.011, 'accuracy': 1.0, 'f1': 1.0, 'auc': 1.0}
train: {'epoch': 86, 'time_epoch': 0.009, 'eta': 1.09592, 'eta_hours': 0.0003, 'loss': 0.00658275, 'lr': 0.00032725, 'params': 168857, 'time_iter': 0.009, 'accuracy': 1.0, 'f1': 1.0, 'auc': 1.0}
train: {'epoch': 87, 'time_epoch': 0.008, 'eta': 1.08406, 'eta_hours': 0.0003, 'loss': 0.00611827, 'lr': 0.00032331, 'params': 168857, 'time_iter': 0.008, 'accuracy': 1.0, 'f1': 1.0, 'auc': 1.0}
train: {'epoch': 88, 'time_epoch': 0.007, 'eta': 1.07104, 'eta_hours': 0.0003, 'loss': 0.00648194, 'lr': 0.00031935, 'params': 168857, 'time_iter': 0.007, 'accuracy': 1.0, 'f1': 1.0, 'auc': 1.0}
train: {'epoch': 89, 'time_epoch': 0.008, 'eta': 1.05937, 'eta_hours': 0.00029, 'loss': 0.00637525, 'lr': 0.00031537, 'params': 168857, 'time_iter': 0.008, 'accuracy': 1.0, 'f1': 1.0, 'auc': 1.0}
val: {'epoch': 89, 'time_epoch': 0.004, 'loss': 0.69032049, 'lr': 0, 'params': 168857, 'time_iter': 0.004, 'accuracy': 0.825, 'f1': 0.55155, 'auc': 0.93719}
test: {'epoch': 89, 'time_epoch': 0.003, 'loss': 1.43593287, 'lr': 0, 'params': 168857, 'time_iter': 0.003, 'accuracy': 0.78431, 'f1': 0.75137, 'auc': 0.89983}
> Epoch 89: took 0.0s (avg 0.0s) | Best so far: epoch 29	train_loss: 0.3302 train_accuracy: 0.9250	val_loss: 0.6273 val_accuracy: 0.8250	test_loss: 0.8747 test_accuracy: 0.7451
train: {'epoch': 90, 'time_epoch': 0.007, 'eta': 1.04659, 'eta_hours': 0.00029, 'loss': 0.00623898, 'lr': 0.00031137, 'params': 168857, 'time_iter': 0.007, 'accuracy': 1.0, 'f1': 1.0, 'auc': 1.0}
train: {'epoch': 91, 'time_epoch': 0.007, 'eta': 1.03394, 'eta_hours': 0.00029, 'loss': 0.00542224, 'lr': 0.00030736, 'params': 168857, 'time_iter': 0.007, 'accuracy': 1.0, 'f1': 1.0, 'auc': 1.0}
train: {'epoch': 92, 'time_epoch': 0.01, 'eta': 1.02485, 'eta_hours': 0.00028, 'loss': 0.00632693, 'lr': 0.00030332, 'params': 168857, 'time_iter': 0.01, 'accuracy': 1.0, 'f1': 1.0, 'auc': 1.0}
train: {'epoch': 93, 'time_epoch': 0.007, 'eta': 1.01237, 'eta_hours': 0.00028, 'loss': 0.00577404, 'lr': 0.00029928, 'params': 168857, 'time_iter': 0.007, 'accuracy': 1.0, 'f1': 1.0, 'auc': 1.0}
train: {'epoch': 94, 'time_epoch': 0.0065, 'eta': 0.99945, 'eta_hours': 0.00028, 'loss': 0.00582166, 'lr': 0.00029522, 'params': 168857, 'time_iter': 0.0065, 'accuracy': 1.0, 'f1': 1.0, 'auc': 1.0}
val: {'epoch': 94, 'time_epoch': 0.005, 'loss': 0.69787276, 'lr': 0, 'params': 168857, 'time_iter': 0.005, 'accuracy': 0.8125, 'f1': 0.54897, 'auc': 0.93984}
test: {'epoch': 94, 'time_epoch': 0.004, 'loss': 1.45031929, 'lr': 0, 'params': 168857, 'time_iter': 0.004, 'accuracy': 0.78431, 'f1': 0.75137, 'auc': 0.89983}
> Epoch 94: took 0.0s (avg 0.0s) | Best so far: epoch 29	train_loss: 0.3302 train_accuracy: 0.9250	val_loss: 0.6273 val_accuracy: 0.8250	test_loss: 0.8747 test_accuracy: 0.7451
train: {'epoch': 95, 'time_epoch': 0.009, 'eta': 0.98937, 'eta_hours': 0.00027, 'loss': 0.00604031, 'lr': 0.00029115, 'params': 168857, 'time_iter': 0.009, 'accuracy': 1.0, 'f1': 1.0, 'auc': 1.0}
train: {'epoch': 96, 'time_epoch': 0.007, 'eta': 0.97719, 'eta_hours': 0.00027, 'loss': 0.00490735, 'lr': 0.00028707, 'params': 168857, 'time_iter': 0.007, 'accuracy': 1.0, 'f1': 1.0, 'auc': 1.0}
train: {'epoch': 97, 'time_epoch': 0.009, 'eta': 0.9672, 'eta_hours': 0.00027, 'loss': 0.00508581, 'lr': 0.00028297, 'params': 168857, 'time_iter': 0.009, 'accuracy': 1.0, 'f1': 1.0, 'auc': 1.0}
train: {'epoch': 98, 'time_epoch': 0.007, 'eta': 0.95518, 'eta_hours': 0.00027, 'loss': 0.00520921, 'lr': 0.00027887, 'params': 168857, 'time_iter': 0.007, 'accuracy': 1.0, 'f1': 1.0, 'auc': 1.0}
train: {'epoch': 99, 'time_epoch': 0.008, 'eta': 0.94427, 'eta_hours': 0.00026, 'loss': 0.00416931, 'lr': 0.00027476, 'params': 168857, 'time_iter': 0.008, 'accuracy': 1.0, 'f1': 1.0, 'auc': 1.0}
val: {'epoch': 99, 'time_epoch': 0.004, 'loss': 0.69909203, 'lr': 0, 'params': 168857, 'time_iter': 0.004, 'accuracy': 0.825, 'f1': 0.55155, 'auc': 0.94009}
test: {'epoch': 99, 'time_epoch': 0.004, 'loss': 1.45107913, 'lr': 0, 'params': 168857, 'time_iter': 0.004, 'accuracy': 0.78431, 'f1': 0.75137, 'auc': 0.89925}
> Epoch 99: took 0.0s (avg 0.0s) | Best so far: epoch 29	train_loss: 0.3302 train_accuracy: 0.9250	val_loss: 0.6273 val_accuracy: 0.8250	test_loss: 0.8747 test_accuracy: 0.7451
train: {'epoch': 100, 'time_epoch': 0.01, 'eta': 0.93537, 'eta_hours': 0.00026, 'loss': 0.00463311, 'lr': 0.00027064, 'params': 168857, 'time_iter': 0.01, 'accuracy': 1.0, 'f1': 1.0, 'auc': 1.0}
train: {'epoch': 101, 'time_epoch': 0.007, 'eta': 0.92357, 'eta_hours': 0.00026, 'loss': 0.00490934, 'lr': 0.00026652, 'params': 168857, 'time_iter': 0.007, 'accuracy': 1.0, 'f1': 1.0, 'auc': 1.0}
train: {'epoch': 102, 'time_epoch': 0.007, 'eta': 0.91186, 'eta_hours': 0.00025, 'loss': 0.00384233, 'lr': 0.0002624, 'params': 168857, 'time_iter': 0.007, 'accuracy': 1.0, 'f1': 1.0, 'auc': 1.0}
train: {'epoch': 103, 'time_epoch': 0.007, 'eta': 0.90025, 'eta_hours': 0.00025, 'loss': 0.00460696, 'lr': 0.00025827, 'params': 168857, 'time_iter': 0.007, 'accuracy': 1.0, 'f1': 1.0, 'auc': 1.0}
train: {'epoch': 104, 'time_epoch': 0.007, 'eta': 0.88872, 'eta_hours': 0.00025, 'loss': 0.00507714, 'lr': 0.00025413, 'params': 168857, 'time_iter': 0.007, 'accuracy': 1.0, 'f1': 1.0, 'auc': 1.0}
val: {'epoch': 104, 'time_epoch': 0.003, 'loss': 0.69978577, 'lr': 0, 'params': 168857, 'time_iter': 0.003, 'accuracy': 0.825, 'f1': 0.55155, 'auc': 0.94062}
test: {'epoch': 104, 'time_epoch': 0.004, 'loss': 1.44754481, 'lr': 0, 'params': 168857, 'time_iter': 0.004, 'accuracy': 0.78431, 'f1': 0.75137, 'auc': 0.90002}
> Epoch 104: took 0.0s (avg 0.0s) | Best so far: epoch 29	train_loss: 0.3302 train_accuracy: 0.9250	val_loss: 0.6273 val_accuracy: 0.8250	test_loss: 0.8747 test_accuracy: 0.7451
train: {'epoch': 105, 'time_epoch': 0.007, 'eta': 0.87728, 'eta_hours': 0.00024, 'loss': 0.00379475, 'lr': 0.00025, 'params': 168857, 'time_iter': 0.007, 'accuracy': 1.0, 'f1': 1.0, 'auc': 1.0}
train: {'epoch': 106, 'time_epoch': 0.00715, 'eta': 0.86605, 'eta_hours': 0.00024, 'loss': 0.00399086, 'lr': 0.00024587, 'params': 168857, 'time_iter': 0.00715, 'accuracy': 1.0, 'f1': 1.0, 'auc': 1.0}
train: {'epoch': 107, 'time_epoch': 0.009, 'eta': 0.85647, 'eta_hours': 0.00024, 'loss': 0.00400995, 'lr': 0.00024173, 'params': 168857, 'time_iter': 0.009, 'accuracy': 1.0, 'f1': 1.0, 'auc': 1.0}
train: {'epoch': 108, 'time_epoch': 0.007, 'eta': 0.84523, 'eta_hours': 0.00023, 'loss': 0.00448134, 'lr': 0.0002376, 'params': 168857, 'time_iter': 0.007, 'accuracy': 1.0, 'f1': 1.0, 'auc': 1.0}
train: {'epoch': 109, 'time_epoch': 0.007, 'eta': 0.83407, 'eta_hours': 0.00023, 'loss': 0.00377439, 'lr': 0.00023348, 'params': 168857, 'time_iter': 0.007, 'accuracy': 1.0, 'f1': 1.0, 'auc': 1.0}
val: {'epoch': 109, 'time_epoch': 0.004, 'loss': 0.7062223, 'lr': 0, 'params': 168857, 'time_iter': 0.004, 'accuracy': 0.825, 'f1': 0.55155, 'auc': 0.93968}
test: {'epoch': 109, 'time_epoch': 0.004, 'loss': 1.45036626, 'lr': 0, 'params': 168857, 'time_iter': 0.004, 'accuracy': 0.78431, 'f1': 0.75137, 'auc': 0.8996}
> Epoch 109: took 0.0s (avg 0.0s) | Best so far: epoch 29	train_loss: 0.3302 train_accuracy: 0.9250	val_loss: 0.6273 val_accuracy: 0.8250	test_loss: 0.8747 test_accuracy: 0.7451
train: {'epoch': 110, 'time_epoch': 0.007, 'eta': 0.82299, 'eta_hours': 0.00023, 'loss': 0.00396648, 'lr': 0.00022936, 'params': 168857, 'time_iter': 0.007, 'accuracy': 1.0, 'f1': 1.0, 'auc': 1.0}
train: {'epoch': 111, 'time_epoch': 0.007, 'eta': 0.81197, 'eta_hours': 0.00023, 'loss': 0.00358731, 'lr': 0.00022524, 'params': 168857, 'time_iter': 0.007, 'accuracy': 1.0, 'f1': 1.0, 'auc': 1.0}
train: {'epoch': 112, 'time_epoch': 0.008, 'eta': 0.8018, 'eta_hours': 0.00022, 'loss': 0.00364369, 'lr': 0.00022113, 'params': 168857, 'time_iter': 0.008, 'accuracy': 1.0, 'f1': 1.0, 'auc': 1.0}
train: {'epoch': 113, 'time_epoch': 0.00751, 'eta': 0.7913, 'eta_hours': 0.00022, 'loss': 0.00417249, 'lr': 0.00021703, 'params': 168857, 'time_iter': 0.00751, 'accuracy': 1.0, 'f1': 1.0, 'auc': 1.0}
train: {'epoch': 114, 'time_epoch': 0.007, 'eta': 0.78047, 'eta_hours': 0.00022, 'loss': 0.00298419, 'lr': 0.00021293, 'params': 168857, 'time_iter': 0.007, 'accuracy': 1.0, 'f1': 1.0, 'auc': 1.0}
val: {'epoch': 114, 'time_epoch': 0.004, 'loss': 0.71365249, 'lr': 0, 'params': 168857, 'time_iter': 0.004, 'accuracy': 0.825, 'f1': 0.55155, 'auc': 0.93943}
test: {'epoch': 114, 'time_epoch': 0.004, 'loss': 1.45302522, 'lr': 0, 'params': 168857, 'time_iter': 0.004, 'accuracy': 0.78431, 'f1': 0.75137, 'auc': 0.90014}
> Epoch 114: took 0.0s (avg 0.0s) | Best so far: epoch 29	train_loss: 0.3302 train_accuracy: 0.9250	val_loss: 0.6273 val_accuracy: 0.8250	test_loss: 0.8747 test_accuracy: 0.7451
train: {'epoch': 115, 'time_epoch': 0.007, 'eta': 0.7697, 'eta_hours': 0.00021, 'loss': 0.00412237, 'lr': 0.00020885, 'params': 168857, 'time_iter': 0.007, 'accuracy': 1.0, 'f1': 1.0, 'auc': 1.0}
train: {'epoch': 116, 'time_epoch': 0.007, 'eta': 0.75901, 'eta_hours': 0.00021, 'loss': 0.00412679, 'lr': 0.00020478, 'params': 168857, 'time_iter': 0.007, 'accuracy': 1.0, 'f1': 1.0, 'auc': 1.0}
train: {'epoch': 117, 'time_epoch': 0.009, 'eta': 0.74976, 'eta_hours': 0.00021, 'loss': 0.00321683, 'lr': 0.00020072, 'params': 168857, 'time_iter': 0.009, 'accuracy': 1.0, 'f1': 1.0, 'auc': 1.0}
train: {'epoch': 118, 'time_epoch': 0.00801, 'eta': 0.73984, 'eta_hours': 0.00021, 'loss': 0.00303319, 'lr': 0.00019668, 'params': 168857, 'time_iter': 0.00801, 'accuracy': 1.0, 'f1': 1.0, 'auc': 1.0}
train: {'epoch': 119, 'time_epoch': 0.008, 'eta': 0.72995, 'eta_hours': 0.0002, 'loss': 0.00486873, 'lr': 0.00019264, 'params': 168857, 'time_iter': 0.008, 'accuracy': 1.0, 'f1': 1.0, 'auc': 1.0}
val: {'epoch': 119, 'time_epoch': 0.004, 'loss': 0.7189039, 'lr': 0, 'params': 168857, 'time_iter': 0.004, 'accuracy': 0.825, 'f1': 0.55155, 'auc': 0.94007}
test: {'epoch': 119, 'time_epoch': 0.003, 'loss': 1.45675957, 'lr': 0, 'params': 168857, 'time_iter': 0.003, 'accuracy': 0.78431, 'f1': 0.75137, 'auc': 0.89956}
> Epoch 119: took 0.0s (avg 0.0s) | Best so far: epoch 29	train_loss: 0.3302 train_accuracy: 0.9250	val_loss: 0.6273 val_accuracy: 0.8250	test_loss: 0.8747 test_accuracy: 0.7451
train: {'epoch': 120, 'time_epoch': 0.008, 'eta': 0.72009, 'eta_hours': 0.0002, 'loss': 0.00344755, 'lr': 0.00018863, 'params': 168857, 'time_iter': 0.008, 'accuracy': 1.0, 'f1': 1.0, 'auc': 1.0}
train: {'epoch': 121, 'time_epoch': 0.007, 'eta': 0.70963, 'eta_hours': 0.0002, 'loss': 0.00329891, 'lr': 0.00018463, 'params': 168857, 'time_iter': 0.007, 'accuracy': 1.0, 'f1': 1.0, 'auc': 1.0}
train: {'epoch': 122, 'time_epoch': 0.007, 'eta': 0.69922, 'eta_hours': 0.00019, 'loss': 0.00390689, 'lr': 0.00018065, 'params': 168857, 'time_iter': 0.007, 'accuracy': 1.0, 'f1': 1.0, 'auc': 1.0}
train: {'epoch': 123, 'time_epoch': 0.0075, 'eta': 0.68917, 'eta_hours': 0.00019, 'loss': 0.00378094, 'lr': 0.00017669, 'params': 168857, 'time_iter': 0.0075, 'accuracy': 1.0, 'f1': 1.0, 'auc': 1.0}
train: {'epoch': 124, 'time_epoch': 0.007, 'eta': 0.67886, 'eta_hours': 0.00019, 'loss': 0.00382646, 'lr': 0.00017275, 'params': 168857, 'time_iter': 0.007, 'accuracy': 1.0, 'f1': 1.0, 'auc': 1.0}
val: {'epoch': 124, 'time_epoch': 0.004, 'loss': 0.72361112, 'lr': 0, 'params': 168857, 'time_iter': 0.004, 'accuracy': 0.825, 'f1': 0.55155, 'auc': 0.94048}
test: {'epoch': 124, 'time_epoch': 0.004, 'loss': 1.46258783, 'lr': 0, 'params': 168857, 'time_iter': 0.004, 'accuracy': 0.78431, 'f1': 0.75137, 'auc': 0.89999}
> Epoch 124: took 0.0s (avg 0.0s) | Best so far: epoch 29	train_loss: 0.3302 train_accuracy: 0.9250	val_loss: 0.6273 val_accuracy: 0.8250	test_loss: 0.8747 test_accuracy: 0.7451
train: {'epoch': 125, 'time_epoch': 0.0075, 'eta': 0.6689, 'eta_hours': 0.00019, 'loss': 0.00264999, 'lr': 0.00016883, 'params': 168857, 'time_iter': 0.0075, 'accuracy': 1.0, 'f1': 1.0, 'auc': 1.0}
train: {'epoch': 126, 'time_epoch': 0.007, 'eta': 0.65869, 'eta_hours': 0.00018, 'loss': 0.00325397, 'lr': 0.00016493, 'params': 168857, 'time_iter': 0.007, 'accuracy': 1.0, 'f1': 1.0, 'auc': 1.0}
train: {'epoch': 127, 'time_epoch': 0.008, 'eta': 0.64909, 'eta_hours': 0.00018, 'loss': 0.00314041, 'lr': 0.00016105, 'params': 168857, 'time_iter': 0.008, 'accuracy': 1.0, 'f1': 1.0, 'auc': 1.0}
train: {'epoch': 128, 'time_epoch': 0.007, 'eta': 0.63897, 'eta_hours': 0.00018, 'loss': 0.00298529, 'lr': 0.0001572, 'params': 168857, 'time_iter': 0.007, 'accuracy': 1.0, 'f1': 1.0, 'auc': 1.0}
train: {'epoch': 129, 'time_epoch': 0.007, 'eta': 0.62889, 'eta_hours': 0.00017, 'loss': 0.00321407, 'lr': 0.00015338, 'params': 168857, 'time_iter': 0.007, 'accuracy': 1.0, 'f1': 1.0, 'auc': 1.0}
val: {'epoch': 129, 'time_epoch': 0.003, 'loss': 0.72664952, 'lr': 0, 'params': 168857, 'time_iter': 0.003, 'accuracy': 0.825, 'f1': 0.55155, 'auc': 0.93995}
test: {'epoch': 129, 'time_epoch': 0.004, 'loss': 1.46770239, 'lr': 0, 'params': 168857, 'time_iter': 0.004, 'accuracy': 0.78431, 'f1': 0.75137, 'auc': 0.89999}
> Epoch 129: took 0.0s (avg 0.0s) | Best so far: epoch 29	train_loss: 0.3302 train_accuracy: 0.9250	val_loss: 0.6273 val_accuracy: 0.8250	test_loss: 0.8747 test_accuracy: 0.7451
train: {'epoch': 130, 'time_epoch': 0.008, 'eta': 0.61939, 'eta_hours': 0.00017, 'loss': 0.0038157, 'lr': 0.00014958, 'params': 168857, 'time_iter': 0.008, 'accuracy': 1.0, 'f1': 1.0, 'auc': 1.0}
train: {'epoch': 131, 'time_epoch': 0.008, 'eta': 0.60991, 'eta_hours': 0.00017, 'loss': 0.00285334, 'lr': 0.0001458, 'params': 168857, 'time_iter': 0.008, 'accuracy': 1.0, 'f1': 1.0, 'auc': 1.0}
train: {'epoch': 132, 'time_epoch': 0.007, 'eta': 0.59995, 'eta_hours': 0.00017, 'loss': 0.00284747, 'lr': 0.00014206, 'params': 168857, 'time_iter': 0.007, 'accuracy': 1.0, 'f1': 1.0, 'auc': 1.0}
train: {'epoch': 133, 'time_epoch': 0.007, 'eta': 0.59003, 'eta_hours': 0.00016, 'loss': 0.00381448, 'lr': 0.00013835, 'params': 168857, 'time_iter': 0.007, 'accuracy': 1.0, 'f1': 1.0, 'auc': 1.0}
train: {'epoch': 134, 'time_epoch': 0.007, 'eta': 0.58016, 'eta_hours': 0.00016, 'loss': 0.00265564, 'lr': 0.00013466, 'params': 168857, 'time_iter': 0.007, 'accuracy': 1.0, 'f1': 1.0, 'auc': 1.0}
val: {'epoch': 134, 'time_epoch': 0.004, 'loss': 0.72984302, 'lr': 0, 'params': 168857, 'time_iter': 0.004, 'accuracy': 0.825, 'f1': 0.55155, 'auc': 0.93995}
test: {'epoch': 134, 'time_epoch': 0.004, 'loss': 1.4715836, 'lr': 0, 'params': 168857, 'time_iter': 0.004, 'accuracy': 0.78431, 'f1': 0.75137, 'auc': 0.89999}
> Epoch 134: took 0.0s (avg 0.0s) | Best so far: epoch 29	train_loss: 0.3302 train_accuracy: 0.9250	val_loss: 0.6273 val_accuracy: 0.8250	test_loss: 0.8747 test_accuracy: 0.7451
train: {'epoch': 135, 'time_epoch': 0.007, 'eta': 0.57033, 'eta_hours': 0.00016, 'loss': 0.00338404, 'lr': 0.00013101, 'params': 168857, 'time_iter': 0.007, 'accuracy': 1.0, 'f1': 1.0, 'auc': 1.0}
train: {'epoch': 136, 'time_epoch': 0.008, 'eta': 0.56099, 'eta_hours': 0.00016, 'loss': 0.00320542, 'lr': 0.00012739, 'params': 168857, 'time_iter': 0.008, 'accuracy': 1.0, 'f1': 1.0, 'auc': 1.0}
train: {'epoch': 137, 'time_epoch': 0.007, 'eta': 0.55123, 'eta_hours': 0.00015, 'loss': 0.00276539, 'lr': 0.00012381, 'params': 168857, 'time_iter': 0.007, 'accuracy': 1.0, 'f1': 1.0, 'auc': 1.0}
train: {'epoch': 138, 'time_epoch': 0.007, 'eta': 0.54151, 'eta_hours': 0.00015, 'loss': 0.00282041, 'lr': 0.00012026, 'params': 168857, 'time_iter': 0.007, 'accuracy': 1.0, 'f1': 1.0, 'auc': 1.0}
train: {'epoch': 139, 'time_epoch': 0.007, 'eta': 0.53183, 'eta_hours': 0.00015, 'loss': 0.00247111, 'lr': 0.00011674, 'params': 168857, 'time_iter': 0.007, 'accuracy': 1.0, 'f1': 1.0, 'auc': 1.0}
val: {'epoch': 139, 'time_epoch': 0.004, 'loss': 0.73317087, 'lr': 0, 'params': 168857, 'time_iter': 0.004, 'accuracy': 0.825, 'f1': 0.55155, 'auc': 0.94009}
test: {'epoch': 139, 'time_epoch': 0.004, 'loss': 1.47594571, 'lr': 0, 'params': 168857, 'time_iter': 0.004, 'accuracy': 0.78431, 'f1': 0.75137, 'auc': 0.89999}
> Epoch 139: took 0.0s (avg 0.0s) | Best so far: epoch 29	train_loss: 0.3302 train_accuracy: 0.9250	val_loss: 0.6273 val_accuracy: 0.8250	test_loss: 0.8747 test_accuracy: 0.7451
train: {'epoch': 140, 'time_epoch': 0.007, 'eta': 0.52219, 'eta_hours': 0.00015, 'loss': 0.00322031, 'lr': 0.00011326, 'params': 168857, 'time_iter': 0.007, 'accuracy': 1.0, 'f1': 1.0, 'auc': 1.0}
train: {'epoch': 141, 'time_epoch': 0.0065, 'eta': 0.51238, 'eta_hours': 0.00014, 'loss': 0.00319739, 'lr': 0.00010982, 'params': 168857, 'time_iter': 0.0065, 'accuracy': 1.0, 'f1': 1.0, 'auc': 1.0}
train: {'epoch': 142, 'time_epoch': 0.007, 'eta': 0.50282, 'eta_hours': 0.00014, 'loss': 0.002625, 'lr': 0.00010642, 'params': 168857, 'time_iter': 0.007, 'accuracy': 1.0, 'f1': 1.0, 'auc': 1.0}
train: {'epoch': 143, 'time_epoch': 0.007, 'eta': 0.49329, 'eta_hours': 0.00014, 'loss': 0.00305045, 'lr': 0.00010305, 'params': 168857, 'time_iter': 0.007, 'accuracy': 1.0, 'f1': 1.0, 'auc': 1.0}
train: {'epoch': 144, 'time_epoch': 0.007, 'eta': 0.48379, 'eta_hours': 0.00013, 'loss': 0.00279813, 'lr': 9.973e-05, 'params': 168857, 'time_iter': 0.007, 'accuracy': 1.0, 'f1': 1.0, 'auc': 1.0}
val: {'epoch': 144, 'time_epoch': 0.004, 'loss': 0.73614258, 'lr': 0, 'params': 168857, 'time_iter': 0.004, 'accuracy': 0.825, 'f1': 0.55155, 'auc': 0.94062}
test: {'epoch': 144, 'time_epoch': 0.0035, 'loss': 1.47867918, 'lr': 0, 'params': 168857, 'time_iter': 0.0035, 'accuracy': 0.78431, 'f1': 0.75137, 'auc': 0.89999}
> Epoch 144: took 0.0s (avg 0.0s) | Best so far: epoch 29	train_loss: 0.3302 train_accuracy: 0.9250	val_loss: 0.6273 val_accuracy: 0.8250	test_loss: 0.8747 test_accuracy: 0.7451
train: {'epoch': 145, 'time_epoch': 0.007, 'eta': 0.47433, 'eta_hours': 0.00013, 'loss': 0.00255385, 'lr': 9.645e-05, 'params': 168857, 'time_iter': 0.007, 'accuracy': 1.0, 'f1': 1.0, 'auc': 1.0}
train: {'epoch': 146, 'time_epoch': 0.007, 'eta': 0.4649, 'eta_hours': 0.00013, 'loss': 0.00279799, 'lr': 9.321e-05, 'params': 168857, 'time_iter': 0.007, 'accuracy': 1.0, 'f1': 1.0, 'auc': 1.0}
train: {'epoch': 147, 'time_epoch': 0.007, 'eta': 0.45551, 'eta_hours': 0.00013, 'loss': 0.00313405, 'lr': 9.001e-05, 'params': 168857, 'time_iter': 0.007, 'accuracy': 1.0, 'f1': 1.0, 'auc': 1.0}
train: {'epoch': 148, 'time_epoch': 0.007, 'eta': 0.44615, 'eta_hours': 0.00012, 'loss': 0.00259194, 'lr': 8.685e-05, 'params': 168857, 'time_iter': 0.007, 'accuracy': 1.0, 'f1': 1.0, 'auc': 1.0}
train: {'epoch': 149, 'time_epoch': 0.008, 'eta': 0.43715, 'eta_hours': 0.00012, 'loss': 0.00332967, 'lr': 8.374e-05, 'params': 168857, 'time_iter': 0.008, 'accuracy': 1.0, 'f1': 1.0, 'auc': 1.0}
val: {'epoch': 149, 'time_epoch': 0.004, 'loss': 0.73928893, 'lr': 0, 'params': 168857, 'time_iter': 0.004, 'accuracy': 0.825, 'f1': 0.55155, 'auc': 0.94116}
test: {'epoch': 149, 'time_epoch': 0.004, 'loss': 1.48103547, 'lr': 0, 'params': 168857, 'time_iter': 0.004, 'accuracy': 0.78431, 'f1': 0.75137, 'auc': 0.89956}
> Epoch 149: took 0.0s (avg 0.0s) | Best so far: epoch 29	train_loss: 0.3302 train_accuracy: 0.9250	val_loss: 0.6273 val_accuracy: 0.8250	test_loss: 0.8747 test_accuracy: 0.7451
train: {'epoch': 150, 'time_epoch': 0.008, 'eta': 0.42817, 'eta_hours': 0.00012, 'loss': 0.00283221, 'lr': 8.068e-05, 'params': 168857, 'time_iter': 0.008, 'accuracy': 1.0, 'f1': 1.0, 'auc': 1.0}
train: {'epoch': 151, 'time_epoch': 0.0075, 'eta': 0.41904, 'eta_hours': 0.00012, 'loss': 0.00300011, 'lr': 7.766e-05, 'params': 168857, 'time_iter': 0.0075, 'accuracy': 1.0, 'f1': 1.0, 'auc': 1.0}
train: {'epoch': 152, 'time_epoch': 0.007, 'eta': 0.40978, 'eta_hours': 0.00011, 'loss': 0.00269621, 'lr': 7.469e-05, 'params': 168857, 'time_iter': 0.007, 'accuracy': 1.0, 'f1': 1.0, 'auc': 1.0}
train: {'epoch': 153, 'time_epoch': 0.007, 'eta': 0.40054, 'eta_hours': 0.00011, 'loss': 0.00273072, 'lr': 7.177e-05, 'params': 168857, 'time_iter': 0.007, 'accuracy': 1.0, 'f1': 1.0, 'auc': 1.0}
train: {'epoch': 154, 'time_epoch': 0.007, 'eta': 0.39134, 'eta_hours': 0.00011, 'loss': 0.00254519, 'lr': 6.889e-05, 'params': 168857, 'time_iter': 0.007, 'accuracy': 1.0, 'f1': 1.0, 'auc': 1.0}
val: {'epoch': 154, 'time_epoch': 0.003, 'loss': 0.74181938, 'lr': 0, 'params': 168857, 'time_iter': 0.003, 'accuracy': 0.825, 'f1': 0.55155, 'auc': 0.94116}
test: {'epoch': 154, 'time_epoch': 0.004, 'loss': 1.48329496, 'lr': 0, 'params': 168857, 'time_iter': 0.004, 'accuracy': 0.78431, 'f1': 0.75137, 'auc': 0.89956}
> Epoch 154: took 0.0s (avg 0.0s) | Best so far: epoch 29	train_loss: 0.3302 train_accuracy: 0.9250	val_loss: 0.6273 val_accuracy: 0.8250	test_loss: 0.8747 test_accuracy: 0.7451
train: {'epoch': 155, 'time_epoch': 0.007, 'eta': 0.38217, 'eta_hours': 0.00011, 'loss': 0.00272665, 'lr': 6.607e-05, 'params': 168857, 'time_iter': 0.007, 'accuracy': 1.0, 'f1': 1.0, 'auc': 1.0}
train: {'epoch': 156, 'time_epoch': 0.007, 'eta': 0.37302, 'eta_hours': 0.0001, 'loss': 0.00225761, 'lr': 6.329e-05, 'params': 168857, 'time_iter': 0.007, 'accuracy': 1.0, 'f1': 1.0, 'auc': 1.0}
train: {'epoch': 157, 'time_epoch': 0.007, 'eta': 0.3639, 'eta_hours': 0.0001, 'loss': 0.00309555, 'lr': 6.057e-05, 'params': 168857, 'time_iter': 0.007, 'accuracy': 1.0, 'f1': 1.0, 'auc': 1.0}
train: {'epoch': 158, 'time_epoch': 0.00751, 'eta': 0.35494, 'eta_hours': 0.0001, 'loss': 0.00281515, 'lr': 5.79e-05, 'params': 168857, 'time_iter': 0.00751, 'accuracy': 1.0, 'f1': 1.0, 'auc': 1.0}
train: {'epoch': 159, 'time_epoch': 0.007, 'eta': 0.34587, 'eta_hours': 0.0001, 'loss': 0.00296017, 'lr': 5.528e-05, 'params': 168857, 'time_iter': 0.007, 'accuracy': 1.0, 'f1': 1.0, 'auc': 1.0}
val: {'epoch': 159, 'time_epoch': 0.004, 'loss': 0.74346101, 'lr': 0, 'params': 168857, 'time_iter': 0.004, 'accuracy': 0.825, 'f1': 0.55155, 'auc': 0.94116}
test: {'epoch': 159, 'time_epoch': 0.004, 'loss': 1.48443699, 'lr': 0, 'params': 168857, 'time_iter': 0.004, 'accuracy': 0.78431, 'f1': 0.75137, 'auc': 0.89956}
> Epoch 159: took 0.0s (avg 0.0s) | Best so far: epoch 29	train_loss: 0.3302 train_accuracy: 0.9250	val_loss: 0.6273 val_accuracy: 0.8250	test_loss: 0.8747 test_accuracy: 0.7451
train: {'epoch': 160, 'time_epoch': 0.009, 'eta': 0.3373, 'eta_hours': 9e-05, 'loss': 0.0022708, 'lr': 5.271e-05, 'params': 168857, 'time_iter': 0.009, 'accuracy': 1.0, 'f1': 1.0, 'auc': 1.0}
train: {'epoch': 161, 'time_epoch': 0.007, 'eta': 0.32827, 'eta_hours': 9e-05, 'loss': 0.00259263, 'lr': 5.02e-05, 'params': 168857, 'time_iter': 0.007, 'accuracy': 1.0, 'f1': 1.0, 'auc': 1.0}
train: {'epoch': 162, 'time_epoch': 0.007, 'eta': 0.31926, 'eta_hours': 9e-05, 'loss': 0.00287772, 'lr': 4.775e-05, 'params': 168857, 'time_iter': 0.007, 'accuracy': 1.0, 'f1': 1.0, 'auc': 1.0}
train: {'epoch': 163, 'time_epoch': 0.007, 'eta': 0.31027, 'eta_hours': 9e-05, 'loss': 0.00299857, 'lr': 4.534e-05, 'params': 168857, 'time_iter': 0.007, 'accuracy': 1.0, 'f1': 1.0, 'auc': 1.0}
train: {'epoch': 164, 'time_epoch': 0.007, 'eta': 0.30131, 'eta_hours': 8e-05, 'loss': 0.00323089, 'lr': 4.3e-05, 'params': 168857, 'time_iter': 0.007, 'accuracy': 1.0, 'f1': 1.0, 'auc': 1.0}
val: {'epoch': 164, 'time_epoch': 0.004, 'loss': 0.74478066, 'lr': 0, 'params': 168857, 'time_iter': 0.004, 'accuracy': 0.825, 'f1': 0.55155, 'auc': 0.94103}
test: {'epoch': 164, 'time_epoch': 0.004, 'loss': 1.48552215, 'lr': 0, 'params': 168857, 'time_iter': 0.004, 'accuracy': 0.78431, 'f1': 0.75137, 'auc': 0.89956}
> Epoch 164: took 0.0s (avg 0.0s) | Best so far: epoch 29	train_loss: 0.3302 train_accuracy: 0.9250	val_loss: 0.6273 val_accuracy: 0.8250	test_loss: 0.8747 test_accuracy: 0.7451
train: {'epoch': 165, 'time_epoch': 0.007, 'eta': 0.29237, 'eta_hours': 8e-05, 'loss': 0.00303616, 'lr': 4.071e-05, 'params': 168857, 'time_iter': 0.007, 'accuracy': 1.0, 'f1': 1.0, 'auc': 1.0}
train: {'epoch': 166, 'time_epoch': 0.007, 'eta': 0.28346, 'eta_hours': 8e-05, 'loss': 0.00267561, 'lr': 3.848e-05, 'params': 168857, 'time_iter': 0.007, 'accuracy': 1.0, 'f1': 1.0, 'auc': 1.0}
train: {'epoch': 167, 'time_epoch': 0.007, 'eta': 0.27456, 'eta_hours': 8e-05, 'loss': 0.00247326, 'lr': 3.63e-05, 'params': 168857, 'time_iter': 0.007, 'accuracy': 1.0, 'f1': 1.0, 'auc': 1.0}
train: {'epoch': 168, 'time_epoch': 0.009, 'eta': 0.26606, 'eta_hours': 7e-05, 'loss': 0.00236925, 'lr': 3.419e-05, 'params': 168857, 'time_iter': 0.009, 'accuracy': 1.0, 'f1': 1.0, 'auc': 1.0}
train: {'epoch': 169, 'time_epoch': 0.007, 'eta': 0.2572, 'eta_hours': 7e-05, 'loss': 0.00313393, 'lr': 3.213e-05, 'params': 168857, 'time_iter': 0.007, 'accuracy': 1.0, 'f1': 1.0, 'auc': 1.0}
val: {'epoch': 169, 'time_epoch': 0.004, 'loss': 0.74593323, 'lr': 0, 'params': 168857, 'time_iter': 0.004, 'accuracy': 0.825, 'f1': 0.55155, 'auc': 0.94103}
test: {'epoch': 169, 'time_epoch': 0.004, 'loss': 1.48670208, 'lr': 0, 'params': 168857, 'time_iter': 0.004, 'accuracy': 0.78431, 'f1': 0.75137, 'auc': 0.89956}
> Epoch 169: took 0.0s (avg 0.0s) | Best so far: epoch 29	train_loss: 0.3302 train_accuracy: 0.9250	val_loss: 0.6273 val_accuracy: 0.8250	test_loss: 0.8747 test_accuracy: 0.7451
train: {'epoch': 170, 'time_epoch': 0.0075, 'eta': 0.24845, 'eta_hours': 7e-05, 'loss': 0.00306383, 'lr': 3.013e-05, 'params': 168857, 'time_iter': 0.0075, 'accuracy': 1.0, 'f1': 1.0, 'auc': 1.0}
train: {'epoch': 171, 'time_epoch': 0.007, 'eta': 0.23962, 'eta_hours': 7e-05, 'loss': 0.00211093, 'lr': 2.819e-05, 'params': 168857, 'time_iter': 0.007, 'accuracy': 1.0, 'f1': 1.0, 'auc': 1.0}
train: {'epoch': 172, 'time_epoch': 0.007, 'eta': 0.23082, 'eta_hours': 6e-05, 'loss': 0.00198639, 'lr': 2.632e-05, 'params': 168857, 'time_iter': 0.007, 'accuracy': 1.0, 'f1': 1.0, 'auc': 1.0}
train: {'epoch': 173, 'time_epoch': 0.007, 'eta': 0.22204, 'eta_hours': 6e-05, 'loss': 0.00241356, 'lr': 2.45e-05, 'params': 168857, 'time_iter': 0.007, 'accuracy': 1.0, 'f1': 1.0, 'auc': 1.0}
train: {'epoch': 174, 'time_epoch': 0.007, 'eta': 0.21328, 'eta_hours': 6e-05, 'loss': 0.00351831, 'lr': 2.275e-05, 'params': 168857, 'time_iter': 0.007, 'accuracy': 1.0, 'f1': 1.0, 'auc': 1.0}
val: {'epoch': 174, 'time_epoch': 0.004, 'loss': 0.74698091, 'lr': 0, 'params': 168857, 'time_iter': 0.004, 'accuracy': 0.825, 'f1': 0.55155, 'auc': 0.94091}
test: {'epoch': 174, 'time_epoch': 0.004, 'loss': 1.48781061, 'lr': 0, 'params': 168857, 'time_iter': 0.004, 'accuracy': 0.78431, 'f1': 0.75137, 'auc': 0.89956}
> Epoch 174: took 0.0s (avg 0.0s) | Best so far: epoch 29	train_loss: 0.3302 train_accuracy: 0.9250	val_loss: 0.6273 val_accuracy: 0.8250	test_loss: 0.8747 test_accuracy: 0.7451
train: {'epoch': 175, 'time_epoch': 0.01, 'eta': 0.20495, 'eta_hours': 6e-05, 'loss': 0.0029037, 'lr': 2.106e-05, 'params': 168857, 'time_iter': 0.01, 'accuracy': 1.0, 'f1': 1.0, 'auc': 1.0}
train: {'epoch': 176, 'time_epoch': 0.0065, 'eta': 0.19615, 'eta_hours': 5e-05, 'loss': 0.00232211, 'lr': 1.943e-05, 'params': 168857, 'time_iter': 0.0065, 'accuracy': 1.0, 'f1': 1.0, 'auc': 1.0}
train: {'epoch': 177, 'time_epoch': 0.007, 'eta': 0.18743, 'eta_hours': 5e-05, 'loss': 0.00215494, 'lr': 1.786e-05, 'params': 168857, 'time_iter': 0.007, 'accuracy': 1.0, 'f1': 1.0, 'auc': 1.0}
train: {'epoch': 178, 'time_epoch': 0.007, 'eta': 0.17873, 'eta_hours': 5e-05, 'loss': 0.0028903, 'lr': 1.636e-05, 'params': 168857, 'time_iter': 0.007, 'accuracy': 1.0, 'f1': 1.0, 'auc': 1.0}
train: {'epoch': 179, 'time_epoch': 0.009, 'eta': 0.17028, 'eta_hours': 5e-05, 'loss': 0.00307271, 'lr': 1.492e-05, 'params': 168857, 'time_iter': 0.009, 'accuracy': 1.0, 'f1': 1.0, 'auc': 1.0}
val: {'epoch': 179, 'time_epoch': 0.004, 'loss': 0.74781889, 'lr': 0, 'params': 168857, 'time_iter': 0.004, 'accuracy': 0.825, 'f1': 0.55155, 'auc': 0.94091}
test: {'epoch': 179, 'time_epoch': 0.003, 'loss': 1.4884578, 'lr': 0, 'params': 168857, 'time_iter': 0.003, 'accuracy': 0.78431, 'f1': 0.75137, 'auc': 0.89956}
> Epoch 179: took 0.0s (avg 0.0s) | Best so far: epoch 29	train_loss: 0.3302 train_accuracy: 0.9250	val_loss: 0.6273 val_accuracy: 0.8250	test_loss: 0.8747 test_accuracy: 0.7451
train: {'epoch': 180, 'time_epoch': 0.008, 'eta': 0.16171, 'eta_hours': 4e-05, 'loss': 0.00298946, 'lr': 1.355e-05, 'params': 168857, 'time_iter': 0.008, 'accuracy': 1.0, 'f1': 1.0, 'auc': 1.0}
train: {'epoch': 181, 'time_epoch': 0.011, 'eta': 0.15344, 'eta_hours': 4e-05, 'loss': 0.00285117, 'lr': 1.224e-05, 'params': 168857, 'time_iter': 0.011, 'accuracy': 1.0, 'f1': 1.0, 'auc': 1.0}
train: {'epoch': 182, 'time_epoch': 0.00751, 'eta': 0.14482, 'eta_hours': 4e-05, 'loss': 0.00395671, 'lr': 1.099e-05, 'params': 168857, 'time_iter': 0.00751, 'accuracy': 1.0, 'f1': 1.0, 'auc': 1.0}
train: {'epoch': 183, 'time_epoch': 0.008, 'eta': 0.13626, 'eta_hours': 4e-05, 'loss': 0.00269891, 'lr': 9.81e-06, 'params': 168857, 'time_iter': 0.008, 'accuracy': 1.0, 'f1': 1.0, 'auc': 1.0}
train: {'epoch': 184, 'time_epoch': 0.008, 'eta': 0.1277, 'eta_hours': 4e-05, 'loss': 0.00286859, 'lr': 8.7e-06, 'params': 168857, 'time_iter': 0.008, 'accuracy': 1.0, 'f1': 1.0, 'auc': 1.0}
val: {'epoch': 184, 'time_epoch': 0.003, 'loss': 0.74810094, 'lr': 0, 'params': 168857, 'time_iter': 0.003, 'accuracy': 0.825, 'f1': 0.55155, 'auc': 0.94091}
test: {'epoch': 184, 'time_epoch': 0.004, 'loss': 1.48872197, 'lr': 0, 'params': 168857, 'time_iter': 0.004, 'accuracy': 0.78431, 'f1': 0.75137, 'auc': 0.89956}
> Epoch 184: took 0.0s (avg 0.0s) | Best so far: epoch 29	train_loss: 0.3302 train_accuracy: 0.9250	val_loss: 0.6273 val_accuracy: 0.8250	test_loss: 0.8747 test_accuracy: 0.7451
train: {'epoch': 185, 'time_epoch': 0.008, 'eta': 0.11915, 'eta_hours': 3e-05, 'loss': 0.00231389, 'lr': 7.65e-06, 'params': 168857, 'time_iter': 0.008, 'accuracy': 1.0, 'f1': 1.0, 'auc': 1.0}
train: {'epoch': 186, 'time_epoch': 0.009, 'eta': 0.11067, 'eta_hours': 3e-05, 'loss': 0.00300523, 'lr': 6.67e-06, 'params': 168857, 'time_iter': 0.009, 'accuracy': 1.0, 'f1': 1.0, 'auc': 1.0}
train: {'epoch': 187, 'time_epoch': 0.007, 'eta': 0.10206, 'eta_hours': 3e-05, 'loss': 0.00327014, 'lr': 5.75e-06, 'params': 168857, 'time_iter': 0.007, 'accuracy': 1.0, 'f1': 1.0, 'auc': 1.0}
train: {'epoch': 188, 'time_epoch': 0.0065, 'eta': 0.09344, 'eta_hours': 3e-05, 'loss': 0.00264215, 'lr': 4.91e-06, 'params': 168857, 'time_iter': 0.0065, 'accuracy': 1.0, 'f1': 1.0, 'auc': 1.0}
train: {'epoch': 189, 'time_epoch': 0.007, 'eta': 0.08487, 'eta_hours': 2e-05, 'loss': 0.00305992, 'lr': 4.12e-06, 'params': 168857, 'time_iter': 0.007, 'accuracy': 1.0, 'f1': 1.0, 'auc': 1.0}
val: {'epoch': 189, 'time_epoch': 0.006, 'loss': 0.74823081, 'lr': 0, 'params': 168857, 'time_iter': 0.006, 'accuracy': 0.825, 'f1': 0.55155, 'auc': 0.94091}
test: {'epoch': 189, 'time_epoch': 0.004, 'loss': 1.48884571, 'lr': 0, 'params': 168857, 'time_iter': 0.004, 'accuracy': 0.78431, 'f1': 0.75137, 'auc': 0.89956}
> Epoch 189: took 0.0s (avg 0.0s) | Best so far: epoch 29	train_loss: 0.3302 train_accuracy: 0.9250	val_loss: 0.6273 val_accuracy: 0.8250	test_loss: 0.8747 test_accuracy: 0.7451
train: {'epoch': 190, 'time_epoch': 0.006, 'eta': 0.07626, 'eta_hours': 2e-05, 'loss': 0.00238968, 'lr': 3.41e-06, 'params': 168857, 'time_iter': 0.006, 'accuracy': 1.0, 'f1': 1.0, 'auc': 1.0}
train: {'epoch': 191, 'time_epoch': 0.007, 'eta': 0.06773, 'eta_hours': 2e-05, 'loss': 0.00282923, 'lr': 2.76e-06, 'params': 168857, 'time_iter': 0.007, 'accuracy': 1.0, 'f1': 1.0, 'auc': 1.0}
train: {'epoch': 192, 'time_epoch': 0.008, 'eta': 0.05925, 'eta_hours': 2e-05, 'loss': 0.00199896, 'lr': 2.18e-06, 'params': 168857, 'time_iter': 0.008, 'accuracy': 1.0, 'f1': 1.0, 'auc': 1.0}
train: {'epoch': 193, 'time_epoch': 0.007, 'eta': 0.05074, 'eta_hours': 1e-05, 'loss': 0.00270955, 'lr': 1.67e-06, 'params': 168857, 'time_iter': 0.007, 'accuracy': 1.0, 'f1': 1.0, 'auc': 1.0}
train: {'epoch': 194, 'time_epoch': 0.007, 'eta': 0.04224, 'eta_hours': 1e-05, 'loss': 0.00316741, 'lr': 1.23e-06, 'params': 168857, 'time_iter': 0.007, 'accuracy': 1.0, 'f1': 1.0, 'auc': 1.0}
val: {'epoch': 194, 'time_epoch': 0.004, 'loss': 0.74828285, 'lr': 0, 'params': 168857, 'time_iter': 0.004, 'accuracy': 0.825, 'f1': 0.55155, 'auc': 0.94091}
test: {'epoch': 194, 'time_epoch': 0.003, 'loss': 1.4889046, 'lr': 0, 'params': 168857, 'time_iter': 0.003, 'accuracy': 0.78431, 'f1': 0.75137, 'auc': 0.89956}
> Epoch 194: took 0.0s (avg 0.0s) | Best so far: epoch 29	train_loss: 0.3302 train_accuracy: 0.9250	val_loss: 0.6273 val_accuracy: 0.8250	test_loss: 0.8747 test_accuracy: 0.7451
train: {'epoch': 195, 'time_epoch': 0.007, 'eta': 0.03377, 'eta_hours': 1e-05, 'loss': 0.00235541, 'lr': 8.5e-07, 'params': 168857, 'time_iter': 0.007, 'accuracy': 1.0, 'f1': 1.0, 'auc': 1.0}
train: {'epoch': 196, 'time_epoch': 0.006, 'eta': 0.02529, 'eta_hours': 1e-05, 'loss': 0.00219044, 'lr': 5.5e-07, 'params': 168857, 'time_iter': 0.006, 'accuracy': 1.0, 'f1': 1.0, 'auc': 1.0}
train: {'epoch': 197, 'time_epoch': 0.007, 'eta': 0.01684, 'eta_hours': 0.0, 'loss': 0.00242726, 'lr': 3.1e-07, 'params': 168857, 'time_iter': 0.007, 'accuracy': 1.0, 'f1': 1.0, 'auc': 1.0}
train: {'epoch': 198, 'time_epoch': 0.007, 'eta': 0.00841, 'eta_hours': 0.0, 'loss': 0.0025781, 'lr': 1.4e-07, 'params': 168857, 'time_iter': 0.007, 'accuracy': 1.0, 'f1': 1.0, 'auc': 1.0}
train: {'epoch': 199, 'time_epoch': 0.008, 'eta': 0.0, 'eta_hours': 0.0, 'loss': 0.00297987, 'lr': 3e-08, 'params': 168857, 'time_iter': 0.008, 'accuracy': 1.0, 'f1': 1.0, 'auc': 1.0}
val: {'epoch': 199, 'time_epoch': 0.003, 'loss': 0.74828523, 'lr': 0, 'params': 168857, 'time_iter': 0.003, 'accuracy': 0.825, 'f1': 0.55155, 'auc': 0.94091}
test: {'epoch': 199, 'time_epoch': 0.004, 'loss': 1.48890913, 'lr': 0, 'params': 168857, 'time_iter': 0.004, 'accuracy': 0.78431, 'f1': 0.75137, 'auc': 0.89956}
> Epoch 199: took 0.0s (avg 0.0s) | Best so far: epoch 29	train_loss: 0.3302 train_accuracy: 0.9250	val_loss: 0.6273 val_accuracy: 0.8250	test_loss: 0.8747 test_accuracy: 0.7451
Avg time per epoch: 0.02s
Total train loop time: 0.00h
Task done, results saved in results\webkb-wis-Graphormer\0
Results aggregated across runs saved in results\webkb-wis-Graphormer\agg
[*] All done: 2026-06-06 18:40:43.727353
