[*] Run ID 0: seed=0, split_index=0
    Starting now: 2026-06-06 18:41:56.205009
[*] Loaded dataset 'squirrel' from 'PyG-WikipediaNetwork':
  Data(x=[5201, 2089], edge_index=[2, 217073], y=[5201], train_mask=[5201, 10], val_mask=[5201, 10], test_mask=[5201, 10])
  undirected: False
  num graphs: 1
  avg num_nodes/graph: 5201
  num node features: 2089
  num edge features: 0
  num classes: 5
Precomputing Positional Encoding statistics: ['LapPE'] for all graphs...
  ...estimated to be undirected: False
Done! Took 00:00:03.08
GraphGymModule(
  (model): GPSModel(
    (encoder): FeatureEncoder(
      (node_encoder): LapPENodeEncoder(
        (linear_x): Linear(in_features=2089, out_features=60, bias=True)
        (linear_A): Linear(in_features=2, out_features=8, bias=True)
        (pe_encoder): Sequential(
          (0): ReLU()
          (1): Linear(in_features=8, out_features=4, bias=True)
          (2): ReLU()
        )
      )
    )
    (layers): Sequential(
      (0): GPSLayer(
        summary: dim_h=64, local_gnn_type=GCN, global_model_type=Transformer, heads=4
        (local_model): GCNConv(64, 64)
        (self_attn): MultiheadAttention(
          (out_proj): NonDynamicallyQuantizableLinear(in_features=64, out_features=64, bias=True)
        )
        (dropout_local): Dropout(p=0.2, inplace=False)
        (dropout_attn): Dropout(p=0.2, inplace=False)
        (ff_linear1): Linear(in_features=64, out_features=128, bias=True)
        (ff_linear2): Linear(in_features=128, out_features=64, bias=True)
        (act_fn_ff): GELU(approximate='none')
        (ff_dropout1): Dropout(p=0.2, inplace=False)
        (ff_dropout2): Dropout(p=0.2, inplace=False)
      )
      (1): GPSLayer(
        summary: dim_h=64, local_gnn_type=GCN, global_model_type=Transformer, heads=4
        (local_model): GCNConv(64, 64)
        (self_attn): MultiheadAttention(
          (out_proj): NonDynamicallyQuantizableLinear(in_features=64, out_features=64, bias=True)
        )
        (dropout_local): Dropout(p=0.2, inplace=False)
        (dropout_attn): Dropout(p=0.2, inplace=False)
        (ff_linear1): Linear(in_features=64, out_features=128, bias=True)
        (ff_linear2): Linear(in_features=128, out_features=64, bias=True)
        (act_fn_ff): GELU(approximate='none')
        (ff_dropout1): Dropout(p=0.2, inplace=False)
        (ff_dropout2): Dropout(p=0.2, inplace=False)
      )
    )
    (post_mp): GNNNodeHead(
      (layer_post_mp): MLP(
        (model): Sequential(
          (0): Linear(
            (model): Linear(64, 5, bias=True)
          )
        )
      )
    )
  )
)
accelerator: cuda
benchmark: False
bn:
  eps: 1e-05
  mom: 0.1
cfg_dest: config.yaml
custom_metrics: []
dataset:
  cache_load: False
  cache_save: False
  dir: ./datasets
  edge_dim: 128
  edge_encoder: False
  edge_encoder_bn: False
  edge_encoder_name: DummyEdge
  edge_encoder_num_types: 0
  edge_message_ratio: 0.8
  edge_negative_sampling_ratio: 1.0
  edge_train_mode: all
  encoder: True
  encoder_bn: True
  encoder_dim: 128
  encoder_name: db
  format: PyG-WikipediaNetwork
  infer_link_label: None
  label_column: none
  label_table: none
  location: local
  name: squirrel
  node_encoder: True
  node_encoder_bn: False
  node_encoder_name: LapPE
  node_encoder_num_types: 0
  remove_feature: False
  resample_disjoint: False
  resample_negative: False
  shuffle_split: True
  slic_compactness: 10
  split: [0.8, 0.1, 0.1]
  split_dir: ./splits
  split_index: 0
  split_mode: standard
  task: node
  task_type: classification
  to_undirected: False
  transductive: True
  transform: none
  tu_simple: True
devices: 1
example_arg: example
example_group:
  example_arg: example
gnn:
  act: gelu
  agg: mean
  att_final_linear: False
  att_final_linear_bn: False
  att_heads: 1
  batchnorm: True
  clear_feature: True
  dim_inner: 64
  dropout: 0.2
  head: node
  keep_edge: 0.5
  l2norm: True
  layer_type: generalconv
  layers_mp: 2
  layers_post_mp: 1
  layers_pre_mp: 0
  msg_direction: single
  normalize_adj: False
  residual: False
  self_msg: concat
  skip_every: 1
  stage_type: stack
gpu_mem: False
graphormer:
  attention_dropout: 0.0
  dropout: 0.0
  embed_dim: 80
  input_dropout: 0.0
  mlp_dropout: 0.0
  num_heads: 4
  num_layers: 6
  use_graph_token: False
gt:
  attn_dropout: 0.0
  batch_norm: False
  bigbird:
    add_cross_attention: False
    attention_type: block_sparse
    block_size: 3
    chunk_size_feed_forward: 0
    hidden_act: relu
    is_decoder: False
    layer_norm_eps: 1e-06
    max_position_embeddings: 128
    num_random_blocks: 3
    use_bias: False
  dim_hidden: 64
  dropout: 0.2
  full_graph: True
  gamma: 1e-05
  layer_norm: False
  layer_type: GCN+Transformer
  layers: 2
  n_heads: 4
  pna_degrees: []
  residual: True
mem:
  inplace: False
metric_agg: argmax
metric_best: accuracy
model:
  edge_decoding: dot
  graph_pooling: add
  loss_fun: cross_entropy
  match_upper: True
  size_average: mean
  thresh: 0.5
  type: GPSModel
name_tag: 
num_threads: 6
num_workers: 0
optim:
  base_lr: 0.0005
  batch_accumulation: 1
  clip_grad_norm: True
  clip_grad_norm_value: 1.0
  lr_decay: 0.1
  max_epoch: 200
  min_lr: 0.0
  momentum: 0.9
  num_warmup_epochs: 10
  optimizer: adamW
  reduce_factor: 0.1
  schedule_patience: 10
  scheduler: cosine_with_warmup
  steps: [30, 60, 90]
  weight_decay: 1e-05
out_dir: results\wn-squirrel-GPS
posenc_ElstaticSE:
  dim_pe: 16
  enable: False
  kernel:
    times: []
    times_func: range(10)
  layers: 3
  model: none
  n_heads: 4
  pass_as_var: False
  post_layers: 0
  raw_norm_type: none
posenc_EquivStableLapPE:
  eigen:
    eigvec_norm: L2
    laplacian_norm: sym
    max_freqs: 10
  enable: False
  raw_norm_type: none
posenc_GraphormerBias:
  dim_pe: 0
  enable: False
  node_degrees_only: True
  num_in_degrees: 1885
  num_out_degrees: 265
  num_spatial_types: 20
posenc_HKdiagSE:
  dim_pe: 16
  enable: False
  kernel:
    times: []
    times_func: 
  layers: 3
  model: none
  n_heads: 4
  pass_as_var: False
  post_layers: 0
  raw_norm_type: none
posenc_LapPE:
  dim_pe: 4
  eigen:
    eigvec_norm: L2
    laplacian_norm: none
    max_freqs: 4
  enable: True
  layers: 2
  model: DeepSet
  n_heads: 4
  pass_as_var: False
  post_layers: 0
  raw_norm_type: none
posenc_RWSE:
  dim_pe: 16
  enable: False
  kernel:
    times: []
    times_func: range(1,17)
  layers: 3
  model: Linear
  n_heads: 4
  pass_as_var: False
  post_layers: 0
  raw_norm_type: BatchNorm
posenc_SignNet:
  dim_pe: 16
  eigen:
    eigvec_norm: L2
    laplacian_norm: sym
    max_freqs: 10
  enable: False
  layers: 3
  model: none
  n_heads: 4
  pass_as_var: False
  phi_hidden_dim: 64
  phi_out_dim: 4
  post_layers: 0
  raw_norm_type: none
pretrained:
  dir: 
  freeze_main: False
  reset_prediction_head: True
print: both
round: 5
run_dir: results\wn-squirrel-GPS\0
run_id: 0
run_multiple_splits: []
seed: 0
share:
  dim_in: 2089
  dim_out: 5
  num_splits: 3
tensorboard_agg: True
tensorboard_each_run: False
train:
  auto_resume: False
  batch_size: 16
  ckpt_best: False
  ckpt_clean: True
  ckpt_period: 100
  enable_ckpt: False
  epoch_resume: -1
  eval_period: 5
  iter_per_epoch: 32
  mode: custom
  neighbor_sizes: [20, 15, 10, 5]
  node_per_graph: 32
  radius: extend
  sample_node: False
  sampler: full_batch
  skip_train_eval: False
  walk_length: 4
val:
  node_per_graph: 32
  radius: extend
  sample_node: False
  sampler: full_batch
view_emb: False
wandb:
  entity: gtransformers
  name: 
  project: WN-squirrel
  use: False
Num parameters: 200537
Start from epoch 0
train: {'epoch': 0, 'time_epoch': 0.24954, 'eta': 49.65924, 'eta_hours': 0.01379, 'loss': 1.76170647, 'lr': 0.0, 'params': 200537, 'time_iter': 0.24954, 'accuracy': 0.19792, 'f1': 0.11527, 'auc': 0.49571}
...computing epoch stats took: 0.03s
val: {'epoch': 0, 'time_epoch': 0.04351, 'loss': 1.76410174, 'lr': 0, 'params': 200537, 'time_iter': 0.04351, 'accuracy': 0.19892, 'f1': 0.10027, 'auc': 0.48713}
...computing epoch stats took: 0.01s
test: {'epoch': 0, 'time_epoch': 0.024, 'loss': 1.7615931, 'lr': 0, 'params': 200537, 'time_iter': 0.024, 'accuracy': 0.21134, 'f1': 0.10761, 'auc': 0.50457}
...computing epoch stats took: 0.00s
> Epoch 0: took 0.4s (avg 0.4s) | Best so far: epoch 0	train_loss: 1.7617 train_accuracy: 0.1979	val_loss: 1.7641 val_accuracy: 0.1989	test_loss: 1.7616 test_accuracy: 0.2113
train: {'epoch': 1, 'time_epoch': 0.037, 'eta': 28.36784, 'eta_hours': 0.00788, 'loss': 1.77177882, 'lr': 5e-05, 'params': 200537, 'time_iter': 0.037, 'accuracy': 0.1883, 'f1': 0.10936, 'auc': 0.50724}
...computing epoch stats took: 0.01s
train: {'epoch': 2, 'time_epoch': 0.03501, 'eta': 21.1153, 'eta_hours': 0.00587, 'loss': 1.7518723, 'lr': 0.0001, 'params': 200537, 'time_iter': 0.03501, 'accuracy': 0.19391, 'f1': 0.12183, 'auc': 0.50742}
...computing epoch stats took: 0.01s
train: {'epoch': 3, 'time_epoch': 0.035, 'eta': 17.47101, 'eta_hours': 0.00485, 'loss': 1.71920383, 'lr': 0.00015, 'params': 200537, 'time_iter': 0.035, 'accuracy': 0.20152, 'f1': 0.14665, 'auc': 0.50592}
train: {'epoch': 4, 'time_epoch': 0.0375, 'eta': 15.36812, 'eta_hours': 0.00427, 'loss': 1.67972815, 'lr': 0.0002, 'params': 200537, 'time_iter': 0.0375, 'accuracy': 0.20553, 'f1': 0.17525, 'auc': 0.51917}
val: {'epoch': 4, 'time_epoch': 0.022, 'loss': 1.63798249, 'lr': 0, 'params': 200537, 'time_iter': 0.022, 'accuracy': 0.21935, 'f1': 0.19537, 'auc': 0.51846}
test: {'epoch': 4, 'time_epoch': 0.022, 'loss': 1.64457822, 'lr': 0, 'params': 200537, 'time_iter': 0.022, 'accuracy': 0.22286, 'f1': 0.19355, 'auc': 0.53397}
> Epoch 4: took 0.1s (avg 0.1s) | Best so far: epoch 4	train_loss: 1.6797 train_accuracy: 0.2055	val_loss: 1.6380 val_accuracy: 0.2193	test_loss: 1.6446 test_accuracy: 0.2229
train: {'epoch': 5, 'time_epoch': 0.0365, 'eta': 13.92142, 'eta_hours': 0.00387, 'loss': 1.64827418, 'lr': 0.00025, 'params': 200537, 'time_iter': 0.0365, 'accuracy': 0.22636, 'f1': 0.20928, 'auc': 0.54096}
train: {'epoch': 6, 'time_epoch': 0.03575, 'eta': 12.85685, 'eta_hours': 0.00357, 'loss': 1.62976682, 'lr': 0.0003, 'params': 200537, 'time_iter': 0.03575, 'accuracy': 0.24559, 'f1': 0.22678, 'auc': 0.56107}
train: {'epoch': 7, 'time_epoch': 0.036, 'eta': 12.0555, 'eta_hours': 0.00335, 'loss': 1.64248657, 'lr': 0.00035, 'params': 200537, 'time_iter': 0.036, 'accuracy': 0.24079, 'f1': 0.20436, 'auc': 0.56735}
train: {'epoch': 8, 'time_epoch': 0.03851, 'eta': 11.47736, 'eta_hours': 0.00319, 'loss': 1.6260637, 'lr': 0.0004, 'params': 200537, 'time_iter': 0.03851, 'accuracy': 0.2496, 'f1': 0.20802, 'auc': 0.58859}
train: {'epoch': 9, 'time_epoch': 0.036, 'eta': 10.95955, 'eta_hours': 0.00304, 'loss': 1.6090008, 'lr': 0.00045, 'params': 200537, 'time_iter': 0.036, 'accuracy': 0.27003, 'f1': 0.22572, 'auc': 0.61459}
val: {'epoch': 9, 'time_epoch': 0.02151, 'loss': 1.6026895, 'lr': 0, 'params': 200537, 'time_iter': 0.02151, 'accuracy': 0.24519, 'f1': 0.19211, 'auc': 0.59037}
test: {'epoch': 9, 'time_epoch': 0.02151, 'loss': 1.60080278, 'lr': 0, 'params': 200537, 'time_iter': 0.02151, 'accuracy': 0.244, 'f1': 0.20317, 'auc': 0.60739}
> Epoch 9: took 0.1s (avg 0.1s) | Best so far: epoch 9	train_loss: 1.6090 train_accuracy: 0.2700	val_loss: 1.6027 val_accuracy: 0.2452	test_loss: 1.6008 test_accuracy: 0.2440
train: {'epoch': 10, 'time_epoch': 0.036, 'eta': 10.52934, 'eta_hours': 0.00292, 'loss': 1.56764948, 'lr': 0.0005, 'params': 200537, 'time_iter': 0.036, 'accuracy': 0.30489, 'f1': 0.26748, 'auc': 0.65072}
train: {'epoch': 11, 'time_epoch': 0.03451, 'eta': 10.14143, 'eta_hours': 0.00282, 'loss': 1.54917336, 'lr': 0.00049997, 'params': 200537, 'time_iter': 0.03451, 'accuracy': 0.33614, 'f1': 0.30586, 'auc': 0.66743}
train: {'epoch': 12, 'time_epoch': 0.037, 'eta': 9.84374, 'eta_hours': 0.00273, 'loss': 1.5256058, 'lr': 0.00049986, 'params': 200537, 'time_iter': 0.037, 'accuracy': 0.36579, 'f1': 0.33978, 'auc': 0.68353}
train: {'epoch': 13, 'time_epoch': 0.035, 'eta': 9.55676, 'eta_hours': 0.00265, 'loss': 1.48762608, 'lr': 0.00049969, 'params': 200537, 'time_iter': 0.035, 'accuracy': 0.38982, 'f1': 0.37332, 'auc': 0.70757}
train: {'epoch': 14, 'time_epoch': 0.035, 'eta': 9.30332, 'eta_hours': 0.00258, 'loss': 1.46290123, 'lr': 0.00049945, 'params': 200537, 'time_iter': 0.035, 'accuracy': 0.39583, 'f1': 0.38713, 'auc': 0.72256}
val: {'epoch': 14, 'time_epoch': 0.023, 'loss': 1.55494857, 'lr': 0, 'params': 200537, 'time_iter': 0.023, 'accuracy': 0.27764, 'f1': 0.27577, 'auc': 0.62266}
test: {'epoch': 14, 'time_epoch': 0.02101, 'loss': 1.53220379, 'lr': 0, 'params': 200537, 'time_iter': 0.02101, 'accuracy': 0.31604, 'f1': 0.31344, 'auc': 0.64932}
> Epoch 14: took 0.1s (avg 0.1s) | Best so far: epoch 14	train_loss: 1.4629 train_accuracy: 0.3958	val_loss: 1.5549 val_accuracy: 0.2776	test_loss: 1.5322 test_accuracy: 0.3160
train: {'epoch': 15, 'time_epoch': 0.035, 'eta': 9.07722, 'eta_hours': 0.00252, 'loss': 1.44632375, 'lr': 0.00049915, 'params': 200537, 'time_iter': 0.035, 'accuracy': 0.41066, 'f1': 0.4032, 'auc': 0.73485}
train: {'epoch': 16, 'time_epoch': 0.037, 'eta': 8.89513, 'eta_hours': 0.00247, 'loss': 1.4318223, 'lr': 0.00049877, 'params': 200537, 'time_iter': 0.037, 'accuracy': 0.42668, 'f1': 0.41945, 'auc': 0.74919}
train: {'epoch': 17, 'time_epoch': 0.03551, 'eta': 8.71408, 'eta_hours': 0.00242, 'loss': 1.41307545, 'lr': 0.00049833, 'params': 200537, 'time_iter': 0.03551, 'accuracy': 0.4371, 'f1': 0.43187, 'auc': 0.76105}
train: {'epoch': 18, 'time_epoch': 0.036, 'eta': 8.55303, 'eta_hours': 0.00238, 'loss': 1.39854443, 'lr': 0.00049782, 'params': 200537, 'time_iter': 0.036, 'accuracy': 0.46154, 'f1': 0.45981, 'auc': 0.76686}
train: {'epoch': 19, 'time_epoch': 0.03751, 'eta': 8.41805, 'eta_hours': 0.00234, 'loss': 1.37213945, 'lr': 0.00049724, 'params': 200537, 'time_iter': 0.03751, 'accuracy': 0.47556, 'f1': 0.47432, 'auc': 0.78048}
val: {'epoch': 19, 'time_epoch': 0.022, 'loss': 1.51973104, 'lr': 0, 'params': 200537, 'time_iter': 0.022, 'accuracy': 0.3137, 'f1': 0.31169, 'auc': 0.64321}
test: {'epoch': 19, 'time_epoch': 0.023, 'loss': 1.49458623, 'lr': 0, 'params': 200537, 'time_iter': 0.023, 'accuracy': 0.33622, 'f1': 0.33473, 'auc': 0.66503}
> Epoch 19: took 0.1s (avg 0.1s) | Best so far: epoch 19	train_loss: 1.3721 train_accuracy: 0.4756	val_loss: 1.5197 val_accuracy: 0.3137	test_loss: 1.4946 test_accuracy: 0.3362
train: {'epoch': 20, 'time_epoch': 0.0355, 'eta': 8.27528, 'eta_hours': 0.0023, 'loss': 1.34598112, 'lr': 0.00049659, 'params': 200537, 'time_iter': 0.0355, 'accuracy': 0.4996, 'f1': 0.49605, 'auc': 0.79584}
train: {'epoch': 21, 'time_epoch': 0.036, 'eta': 8.14627, 'eta_hours': 0.00226, 'loss': 1.32174337, 'lr': 0.00049588, 'params': 200537, 'time_iter': 0.036, 'accuracy': 0.52804, 'f1': 0.52069, 'auc': 0.80476}
train: {'epoch': 22, 'time_epoch': 0.035, 'eta': 8.01767, 'eta_hours': 0.00223, 'loss': 1.30038428, 'lr': 0.00049509, 'params': 200537, 'time_iter': 0.035, 'accuracy': 0.52604, 'f1': 0.51542, 'auc': 0.81805}
train: {'epoch': 23, 'time_epoch': 0.036, 'eta': 7.90419, 'eta_hours': 0.0022, 'loss': 1.28206062, 'lr': 0.00049425, 'params': 200537, 'time_iter': 0.036, 'accuracy': 0.53245, 'f1': 0.51832, 'auc': 0.82135}
train: {'epoch': 24, 'time_epoch': 0.037, 'eta': 7.80392, 'eta_hours': 0.00217, 'loss': 1.26543128, 'lr': 0.00049333, 'params': 200537, 'time_iter': 0.037, 'accuracy': 0.54487, 'f1': 0.53234, 'auc': 0.82716}
val: {'epoch': 24, 'time_epoch': 0.0225, 'loss': 1.50492084, 'lr': 0, 'params': 200537, 'time_iter': 0.0225, 'accuracy': 0.33534, 'f1': 0.30861, 'auc': 0.65011}
test: {'epoch': 24, 'time_epoch': 0.023, 'loss': 1.47595012, 'lr': 0, 'params': 200537, 'time_iter': 0.023, 'accuracy': 0.35639, 'f1': 0.3266, 'auc': 0.67506}
> Epoch 24: took 0.1s (avg 0.1s) | Best so far: epoch 24	train_loss: 1.2654 train_accuracy: 0.5449	val_loss: 1.5049 val_accuracy: 0.3353	test_loss: 1.4760 test_accuracy: 0.3564
train: {'epoch': 25, 'time_epoch': 0.035, 'eta': 7.69512, 'eta_hours': 0.00214, 'loss': 1.24141526, 'lr': 0.00049235, 'params': 200537, 'time_iter': 0.035, 'accuracy': 0.54968, 'f1': 0.53439, 'auc': 0.84036}
train: {'epoch': 26, 'time_epoch': 0.03451, 'eta': 7.58862, 'eta_hours': 0.00211, 'loss': 1.22078311, 'lr': 0.0004913, 'params': 200537, 'time_iter': 0.03451, 'accuracy': 0.55569, 'f1': 0.54349, 'auc': 0.8466}
train: {'epoch': 27, 'time_epoch': 0.035, 'eta': 7.4903, 'eta_hours': 0.00208, 'loss': 1.20140386, 'lr': 0.00049019, 'params': 200537, 'time_iter': 0.035, 'accuracy': 0.57973, 'f1': 0.57287, 'auc': 0.85106}
train: {'epoch': 28, 'time_epoch': 0.03651, 'eta': 7.40526, 'eta_hours': 0.00206, 'loss': 1.17595541, 'lr': 0.00048901, 'params': 200537, 'time_iter': 0.03651, 'accuracy': 0.58974, 'f1': 0.58638, 'auc': 0.85568}
train: {'epoch': 29, 'time_epoch': 0.037, 'eta': 7.32621, 'eta_hours': 0.00204, 'loss': 1.16663933, 'lr': 0.00048776, 'params': 200537, 'time_iter': 0.037, 'accuracy': 0.59095, 'f1': 0.58932, 'auc': 0.85937}
val: {'epoch': 29, 'time_epoch': 0.023, 'loss': 1.51373541, 'lr': 0, 'params': 200537, 'time_iter': 0.023, 'accuracy': 0.33594, 'f1': 0.33064, 'auc': 0.65615}
test: {'epoch': 29, 'time_epoch': 0.023, 'loss': 1.4780246, 'lr': 0, 'params': 200537, 'time_iter': 0.023, 'accuracy': 0.35831, 'f1': 0.35139, 'auc': 0.68141}
> Epoch 29: took 0.1s (avg 0.1s) | Best so far: epoch 29	train_loss: 1.1666 train_accuracy: 0.5909	val_loss: 1.5137 val_accuracy: 0.3359	test_loss: 1.4780 test_accuracy: 0.3583
train: {'epoch': 30, 'time_epoch': 0.0354, 'eta': 7.24115, 'eta_hours': 0.00201, 'loss': 1.13830507, 'lr': 0.00048645, 'params': 200537, 'time_iter': 0.0354, 'accuracy': 0.61538, 'f1': 0.61549, 'auc': 0.86489}
train: {'epoch': 31, 'time_epoch': 0.036, 'eta': 7.16236, 'eta_hours': 0.00199, 'loss': 1.12406981, 'lr': 0.00048508, 'params': 200537, 'time_iter': 0.036, 'accuracy': 0.62099, 'f1': 0.62169, 'auc': 0.86844}
train: {'epoch': 32, 'time_epoch': 0.03651, 'eta': 7.08872, 'eta_hours': 0.00197, 'loss': 1.09710753, 'lr': 0.00048364, 'params': 200537, 'time_iter': 0.03651, 'accuracy': 0.63421, 'f1': 0.63423, 'auc': 0.8751}
train: {'epoch': 33, 'time_epoch': 0.035, 'eta': 7.00991, 'eta_hours': 0.00195, 'loss': 1.07504773, 'lr': 0.00048214, 'params': 200537, 'time_iter': 0.035, 'accuracy': 0.62981, 'f1': 0.62892, 'auc': 0.87974}
train: {'epoch': 34, 'time_epoch': 0.03551, 'eta': 6.93599, 'eta_hours': 0.00193, 'loss': 1.05695915, 'lr': 0.00048057, 'params': 200537, 'time_iter': 0.03551, 'accuracy': 0.63902, 'f1': 0.63552, 'auc': 0.88421}
val: {'epoch': 34, 'time_epoch': 0.022, 'loss': 1.5378896, 'lr': 0, 'params': 200537, 'time_iter': 0.022, 'accuracy': 0.34796, 'f1': 0.33649, 'auc': 0.65574}
test: {'epoch': 34, 'time_epoch': 0.022, 'loss': 1.50592136, 'lr': 0, 'params': 200537, 'time_iter': 0.022, 'accuracy': 0.35639, 'f1': 0.34284, 'auc': 0.67874}
> Epoch 34: took 0.1s (avg 0.1s) | Best so far: epoch 34	train_loss: 1.0570 train_accuracy: 0.6390	val_loss: 1.5379 val_accuracy: 0.3480	test_loss: 1.5059 test_accuracy: 0.3564
train: {'epoch': 35, 'time_epoch': 0.03576, 'eta': 6.86536, 'eta_hours': 0.00191, 'loss': 1.0339855, 'lr': 0.00047894, 'params': 200537, 'time_iter': 0.03576, 'accuracy': 0.64223, 'f1': 0.63891, 'auc': 0.89005}
train: {'epoch': 36, 'time_epoch': 0.037, 'eta': 6.80208, 'eta_hours': 0.00189, 'loss': 1.01630867, 'lr': 0.00047725, 'params': 200537, 'time_iter': 0.037, 'accuracy': 0.64463, 'f1': 0.64161, 'auc': 0.89241}
train: {'epoch': 37, 'time_epoch': 0.038, 'eta': 6.74446, 'eta_hours': 0.00187, 'loss': 1.00056183, 'lr': 0.0004755, 'params': 200537, 'time_iter': 0.038, 'accuracy': 0.64503, 'f1': 0.643, 'auc': 0.89559}
train: {'epoch': 38, 'time_epoch': 0.03451, 'eta': 6.67342, 'eta_hours': 0.00185, 'loss': 0.98396015, 'lr': 0.00047368, 'params': 200537, 'time_iter': 0.03451, 'accuracy': 0.65705, 'f1': 0.65383, 'auc': 0.89861}
train: {'epoch': 39, 'time_epoch': 0.039, 'eta': 6.62217, 'eta_hours': 0.00184, 'loss': 0.95393616, 'lr': 0.00047181, 'params': 200537, 'time_iter': 0.039, 'accuracy': 0.68189, 'f1': 0.68071, 'auc': 0.90672}
val: {'epoch': 39, 'time_epoch': 0.02551, 'loss': 1.59872711, 'lr': 0, 'params': 200537, 'time_iter': 0.02551, 'accuracy': 0.33894, 'f1': 0.32988, 'auc': 0.64994}
test: {'epoch': 39, 'time_epoch': 0.025, 'loss': 1.56309855, 'lr': 0, 'params': 200537, 'time_iter': 0.025, 'accuracy': 0.34774, 'f1': 0.33631, 'auc': 0.6721}
> Epoch 39: took 0.1s (avg 0.1s) | Best so far: epoch 34	train_loss: 1.0570 train_accuracy: 0.6390	val_loss: 1.5379 val_accuracy: 0.3480	test_loss: 1.5059 test_accuracy: 0.3564
train: {'epoch': 40, 'time_epoch': 0.03675, 'eta': 6.56279, 'eta_hours': 0.00182, 'loss': 0.93873471, 'lr': 0.00046987, 'params': 200537, 'time_iter': 0.03675, 'accuracy': 0.67508, 'f1': 0.67387, 'auc': 0.90918}
train: {'epoch': 41, 'time_epoch': 0.03751, 'eta': 6.50734, 'eta_hours': 0.00181, 'loss': 0.92078388, 'lr': 0.00046787, 'params': 200537, 'time_iter': 0.03751, 'accuracy': 0.6887, 'f1': 0.68947, 'auc': 0.91011}
train: {'epoch': 42, 'time_epoch': 0.037, 'eta': 6.45087, 'eta_hours': 0.00179, 'loss': 0.90008819, 'lr': 0.00046581, 'params': 200537, 'time_iter': 0.037, 'accuracy': 0.70353, 'f1': 0.70516, 'auc': 0.91451}
train: {'epoch': 43, 'time_epoch': 0.03651, 'eta': 6.39353, 'eta_hours': 0.00178, 'loss': 0.87585431, 'lr': 0.0004637, 'params': 200537, 'time_iter': 0.03651, 'accuracy': 0.71114, 'f1': 0.71196, 'auc': 0.91966}
train: {'epoch': 44, 'time_epoch': 0.04, 'eta': 6.34915, 'eta_hours': 0.00176, 'loss': 0.86348981, 'lr': 0.00046152, 'params': 200537, 'time_iter': 0.04, 'accuracy': 0.71074, 'f1': 0.71065, 'auc': 0.92147}
val: {'epoch': 44, 'time_epoch': 0.02551, 'loss': 1.68754017, 'lr': 0, 'params': 200537, 'time_iter': 0.02551, 'accuracy': 0.32272, 'f1': 0.31793, 'auc': 0.64236}
test: {'epoch': 44, 'time_epoch': 0.02351, 'loss': 1.63426745, 'lr': 0, 'params': 200537, 'time_iter': 0.02351, 'accuracy': 0.32853, 'f1': 0.32292, 'auc': 0.66423}
> Epoch 44: took 0.1s (avg 0.1s) | Best so far: epoch 34	train_loss: 1.0570 train_accuracy: 0.6390	val_loss: 1.5379 val_accuracy: 0.3480	test_loss: 1.5059 test_accuracy: 0.3564
train: {'epoch': 45, 'time_epoch': 0.036, 'eta': 6.29157, 'eta_hours': 0.00175, 'loss': 0.8428508, 'lr': 0.00045929, 'params': 200537, 'time_iter': 0.036, 'accuracy': 0.71595, 'f1': 0.71666, 'auc': 0.92552}
train: {'epoch': 46, 'time_epoch': 0.03751, 'eta': 6.23982, 'eta_hours': 0.00173, 'loss': 0.8289482, 'lr': 0.000457, 'params': 200537, 'time_iter': 0.03751, 'accuracy': 0.72196, 'f1': 0.72255, 'auc': 0.92704}
train: {'epoch': 47, 'time_epoch': 0.037, 'eta': 6.18705, 'eta_hours': 0.00172, 'loss': 0.80730873, 'lr': 0.00045466, 'params': 200537, 'time_iter': 0.037, 'accuracy': 0.72516, 'f1': 0.72615, 'auc': 0.93134}
train: {'epoch': 48, 'time_epoch': 0.036, 'eta': 6.13186, 'eta_hours': 0.0017, 'loss': 0.79192883, 'lr': 0.00045225, 'params': 200537, 'time_iter': 0.036, 'accuracy': 0.73117, 'f1': 0.73122, 'auc': 0.9332}
train: {'epoch': 49, 'time_epoch': 0.03551, 'eta': 6.07595, 'eta_hours': 0.00169, 'loss': 0.76816088, 'lr': 0.0004498, 'params': 200537, 'time_iter': 0.03551, 'accuracy': 0.74479, 'f1': 0.74562, 'auc': 0.93804}
val: {'epoch': 49, 'time_epoch': 0.022, 'loss': 1.80050409, 'lr': 0, 'params': 200537, 'time_iter': 0.022, 'accuracy': 0.31851, 'f1': 0.31246, 'auc': 0.6363}
test: {'epoch': 49, 'time_epoch': 0.021, 'loss': 1.73070025, 'lr': 0, 'params': 200537, 'time_iter': 0.021, 'accuracy': 0.32949, 'f1': 0.32156, 'auc': 0.65781}
> Epoch 49: took 0.1s (avg 0.1s) | Best so far: epoch 34	train_loss: 1.0570 train_accuracy: 0.6390	val_loss: 1.5379 val_accuracy: 0.3480	test_loss: 1.5059 test_accuracy: 0.3564
train: {'epoch': 50, 'time_epoch': 0.0345, 'eta': 6.0179, 'eta_hours': 0.00167, 'loss': 0.75535113, 'lr': 0.00044729, 'params': 200537, 'time_iter': 0.0345, 'accuracy': 0.74319, 'f1': 0.74374, 'auc': 0.93843}
train: {'epoch': 51, 'time_epoch': 0.037, 'eta': 5.96787, 'eta_hours': 0.00166, 'loss': 0.74258035, 'lr': 0.00044472, 'params': 200537, 'time_iter': 0.037, 'accuracy': 0.7504, 'f1': 0.7513, 'auc': 0.9392}
train: {'epoch': 52, 'time_epoch': 0.0355, 'eta': 5.91418, 'eta_hours': 0.00164, 'loss': 0.73707896, 'lr': 0.0004421, 'params': 200537, 'time_iter': 0.0355, 'accuracy': 0.7528, 'f1': 0.75297, 'auc': 0.93966}
train: {'epoch': 53, 'time_epoch': 0.034, 'eta': 5.8571, 'eta_hours': 0.00163, 'loss': 0.71561414, 'lr': 0.00043943, 'params': 200537, 'time_iter': 0.034, 'accuracy': 0.76042, 'f1': 0.76043, 'auc': 0.94299}
train: {'epoch': 54, 'time_epoch': 0.038, 'eta': 5.81141, 'eta_hours': 0.00161, 'loss': 0.69990087, 'lr': 0.00043671, 'params': 200537, 'time_iter': 0.038, 'accuracy': 0.76282, 'f1': 0.76348, 'auc': 0.94452}
val: {'epoch': 54, 'time_epoch': 0.02151, 'loss': 1.95204711, 'lr': 0, 'params': 200537, 'time_iter': 0.02151, 'accuracy': 0.31851, 'f1': 0.31712, 'auc': 0.62947}
test: {'epoch': 54, 'time_epoch': 0.024, 'loss': 1.85751057, 'lr': 0, 'params': 200537, 'time_iter': 0.024, 'accuracy': 0.33333, 'f1': 0.32825, 'auc': 0.65038}
> Epoch 54: took 0.1s (avg 0.1s) | Best so far: epoch 34	train_loss: 1.0570 train_accuracy: 0.6390	val_loss: 1.5379 val_accuracy: 0.3480	test_loss: 1.5059 test_accuracy: 0.3564
train: {'epoch': 55, 'time_epoch': 0.036, 'eta': 5.76084, 'eta_hours': 0.0016, 'loss': 0.68349069, 'lr': 0.00043393, 'params': 200537, 'time_iter': 0.036, 'accuracy': 0.76803, 'f1': 0.76964, 'auc': 0.9476}
train: {'epoch': 56, 'time_epoch': 0.03551, 'eta': 5.70955, 'eta_hours': 0.00159, 'loss': 0.66906142, 'lr': 0.00043111, 'params': 200537, 'time_iter': 0.03551, 'accuracy': 0.77284, 'f1': 0.77452, 'auc': 0.94937}
train: {'epoch': 57, 'time_epoch': 0.03471, 'eta': 5.65685, 'eta_hours': 0.00157, 'loss': 0.65324742, 'lr': 0.00042823, 'params': 200537, 'time_iter': 0.03471, 'accuracy': 0.77885, 'f1': 0.77861, 'auc': 0.95245}
train: {'epoch': 58, 'time_epoch': 0.0365, 'eta': 5.60905, 'eta_hours': 0.00156, 'loss': 0.64521402, 'lr': 0.00042531, 'params': 200537, 'time_iter': 0.0365, 'accuracy': 0.78566, 'f1': 0.78536, 'auc': 0.95368}
train: {'epoch': 59, 'time_epoch': 0.039, 'eta': 5.56745, 'eta_hours': 0.00155, 'loss': 0.62467039, 'lr': 0.00042234, 'params': 200537, 'time_iter': 0.039, 'accuracy': 0.79327, 'f1': 0.7934, 'auc': 0.9569}
val: {'epoch': 59, 'time_epoch': 0.023, 'loss': 2.09564447, 'lr': 0, 'params': 200537, 'time_iter': 0.023, 'accuracy': 0.32091, 'f1': 0.31928, 'auc': 0.62504}
test: {'epoch': 59, 'time_epoch': 0.0205, 'loss': 1.9839114, 'lr': 0, 'params': 200537, 'time_iter': 0.0205, 'accuracy': 0.32565, 'f1': 0.32035, 'auc': 0.64613}
> Epoch 59: took 0.1s (avg 0.1s) | Best so far: epoch 34	train_loss: 1.0570 train_accuracy: 0.6390	val_loss: 1.5379 val_accuracy: 0.3480	test_loss: 1.5059 test_accuracy: 0.3564
train: {'epoch': 60, 'time_epoch': 0.03551, 'eta': 5.51797, 'eta_hours': 0.00153, 'loss': 0.62100142, 'lr': 0.00041932, 'params': 200537, 'time_iter': 0.03551, 'accuracy': 0.78926, 'f1': 0.79051, 'auc': 0.95597}
train: {'epoch': 61, 'time_epoch': 0.036, 'eta': 5.47004, 'eta_hours': 0.00152, 'loss': 0.59963864, 'lr': 0.00041626, 'params': 200537, 'time_iter': 0.036, 'accuracy': 0.79607, 'f1': 0.79715, 'auc': 0.95951}
train: {'epoch': 62, 'time_epoch': 0.037, 'eta': 5.42466, 'eta_hours': 0.00151, 'loss': 0.58880848, 'lr': 0.00041315, 'params': 200537, 'time_iter': 0.037, 'accuracy': 0.80128, 'f1': 0.80215, 'auc': 0.96044}
train: {'epoch': 63, 'time_epoch': 0.037, 'eta': 5.37955, 'eta_hours': 0.00149, 'loss': 0.57571971, 'lr': 0.00040999, 'params': 200537, 'time_iter': 0.037, 'accuracy': 0.80088, 'f1': 0.80134, 'auc': 0.96219}
train: {'epoch': 64, 'time_epoch': 0.03551, 'eta': 5.33159, 'eta_hours': 0.00148, 'loss': 0.56735516, 'lr': 0.00040679, 'params': 200537, 'time_iter': 0.03551, 'accuracy': 0.81651, 'f1': 0.81726, 'auc': 0.96378}
val: {'epoch': 64, 'time_epoch': 0.023, 'loss': 2.25679684, 'lr': 0, 'params': 200537, 'time_iter': 0.023, 'accuracy': 0.32332, 'f1': 0.32254, 'auc': 0.62099}
test: {'epoch': 64, 'time_epoch': 0.023, 'loss': 2.11359525, 'lr': 0, 'params': 200537, 'time_iter': 0.023, 'accuracy': 0.33525, 'f1': 0.333, 'auc': 0.64247}
> Epoch 64: took 0.1s (avg 0.1s) | Best so far: epoch 34	train_loss: 1.0570 train_accuracy: 0.6390	val_loss: 1.5379 val_accuracy: 0.3480	test_loss: 1.5059 test_accuracy: 0.3564
train: {'epoch': 65, 'time_epoch': 0.03451, 'eta': 5.28197, 'eta_hours': 0.00147, 'loss': 0.55411476, 'lr': 0.00040355, 'params': 200537, 'time_iter': 0.03451, 'accuracy': 0.8113, 'f1': 0.81166, 'auc': 0.96491}
train: {'epoch': 66, 'time_epoch': 0.037, 'eta': 5.23775, 'eta_hours': 0.00145, 'loss': 0.55295694, 'lr': 0.00040027, 'params': 200537, 'time_iter': 0.037, 'accuracy': 0.81651, 'f1': 0.81721, 'auc': 0.96485}
train: {'epoch': 67, 'time_epoch': 0.03651, 'eta': 5.19279, 'eta_hours': 0.00144, 'loss': 0.53155702, 'lr': 0.00039695, 'params': 200537, 'time_iter': 0.03651, 'accuracy': 0.81771, 'f1': 0.81856, 'auc': 0.9679}
train: {'epoch': 68, 'time_epoch': 0.035, 'eta': 5.14521, 'eta_hours': 0.00143, 'loss': 0.52184057, 'lr': 0.00039358, 'params': 200537, 'time_iter': 0.035, 'accuracy': 0.82051, 'f1': 0.82147, 'auc': 0.96879}
train: {'epoch': 69, 'time_epoch': 0.036, 'eta': 5.09985, 'eta_hours': 0.00142, 'loss': 0.51617855, 'lr': 0.00039018, 'params': 200537, 'time_iter': 0.036, 'accuracy': 0.83213, 'f1': 0.83208, 'auc': 0.969}
val: {'epoch': 69, 'time_epoch': 0.02151, 'loss': 2.43813086, 'lr': 0, 'params': 200537, 'time_iter': 0.02151, 'accuracy': 0.31971, 'f1': 0.31938, 'auc': 0.61872}
test: {'epoch': 69, 'time_epoch': 0.021, 'loss': 2.27689147, 'lr': 0, 'params': 200537, 'time_iter': 0.021, 'accuracy': 0.33237, 'f1': 0.3303, 'auc': 0.63845}
> Epoch 69: took 0.1s (avg 0.1s) | Best so far: epoch 34	train_loss: 1.0570 train_accuracy: 0.6390	val_loss: 1.5379 val_accuracy: 0.3480	test_loss: 1.5059 test_accuracy: 0.3564
train: {'epoch': 70, 'time_epoch': 0.034, 'eta': 5.05112, 'eta_hours': 0.0014, 'loss': 0.51458853, 'lr': 0.00038674, 'params': 200537, 'time_iter': 0.034, 'accuracy': 0.82492, 'f1': 0.82438, 'auc': 0.96908}
train: {'epoch': 71, 'time_epoch': 0.03651, 'eta': 5.00725, 'eta_hours': 0.00139, 'loss': 0.492964, 'lr': 0.00038326, 'params': 200537, 'time_iter': 0.03651, 'accuracy': 0.83253, 'f1': 0.83279, 'auc': 0.97195}
train: {'epoch': 72, 'time_epoch': 0.036, 'eta': 4.96271, 'eta_hours': 0.00138, 'loss': 0.48961899, 'lr': 0.00037974, 'params': 200537, 'time_iter': 0.036, 'accuracy': 0.83494, 'f1': 0.83614, 'auc': 0.97185}
train: {'epoch': 73, 'time_epoch': 0.0355, 'eta': 4.91755, 'eta_hours': 0.00137, 'loss': 0.47865286, 'lr': 0.00037619, 'params': 200537, 'time_iter': 0.0355, 'accuracy': 0.83694, 'f1': 0.83807, 'auc': 0.9735}
train: {'epoch': 74, 'time_epoch': 0.03533, 'eta': 4.87236, 'eta_hours': 0.00135, 'loss': 0.47021714, 'lr': 0.00037261, 'params': 200537, 'time_iter': 0.03533, 'accuracy': 0.83734, 'f1': 0.83826, 'auc': 0.9741}
val: {'epoch': 74, 'time_epoch': 0.022, 'loss': 2.64733267, 'lr': 0, 'params': 200537, 'time_iter': 0.022, 'accuracy': 0.3155, 'f1': 0.31658, 'auc': 0.61665}
test: {'epoch': 74, 'time_epoch': 0.02151, 'loss': 2.45462132, 'lr': 0, 'params': 200537, 'time_iter': 0.02151, 'accuracy': 0.32469, 'f1': 0.32412, 'auc': 0.6345}
> Epoch 74: took 0.1s (avg 0.1s) | Best so far: epoch 34	train_loss: 1.0570 train_accuracy: 0.6390	val_loss: 1.5379 val_accuracy: 0.3480	test_loss: 1.5059 test_accuracy: 0.3564
train: {'epoch': 75, 'time_epoch': 0.036, 'eta': 4.82852, 'eta_hours': 0.00134, 'loss': 0.46193436, 'lr': 0.00036899, 'params': 200537, 'time_iter': 0.036, 'accuracy': 0.83894, 'f1': 0.83884, 'auc': 0.97498}
train: {'epoch': 76, 'time_epoch': 0.036, 'eta': 4.78489, 'eta_hours': 0.00133, 'loss': 0.46034089, 'lr': 0.00036534, 'params': 200537, 'time_iter': 0.036, 'accuracy': 0.84375, 'f1': 0.8439, 'auc': 0.97474}
train: {'epoch': 77, 'time_epoch': 0.03466, 'eta': 4.73934, 'eta_hours': 0.00132, 'loss': 0.45022386, 'lr': 0.00036165, 'params': 200537, 'time_iter': 0.03466, 'accuracy': 0.84295, 'f1': 0.84343, 'auc': 0.97604}
train: {'epoch': 78, 'time_epoch': 0.036, 'eta': 4.69613, 'eta_hours': 0.0013, 'loss': 0.43546629, 'lr': 0.00035794, 'params': 200537, 'time_iter': 0.036, 'accuracy': 0.85657, 'f1': 0.85728, 'auc': 0.97756}
train: {'epoch': 79, 'time_epoch': 0.03351, 'eta': 4.64936, 'eta_hours': 0.00129, 'loss': 0.43762153, 'lr': 0.0003542, 'params': 200537, 'time_iter': 0.03351, 'accuracy': 0.85216, 'f1': 0.85246, 'auc': 0.97721}
val: {'epoch': 79, 'time_epoch': 0.024, 'loss': 2.87953067, 'lr': 0, 'params': 200537, 'time_iter': 0.024, 'accuracy': 0.31611, 'f1': 0.31634, 'auc': 0.61407}
test: {'epoch': 79, 'time_epoch': 0.023, 'loss': 2.6553669, 'lr': 0, 'params': 200537, 'time_iter': 0.023, 'accuracy': 0.32757, 'f1': 0.32472, 'auc': 0.63173}
> Epoch 79: took 0.1s (avg 0.1s) | Best so far: epoch 34	train_loss: 1.0570 train_accuracy: 0.6390	val_loss: 1.5379 val_accuracy: 0.3480	test_loss: 1.5059 test_accuracy: 0.3564
train: {'epoch': 80, 'time_epoch': 0.03551, 'eta': 4.60586, 'eta_hours': 0.00128, 'loss': 0.42233446, 'lr': 0.00035042, 'params': 200537, 'time_iter': 0.03551, 'accuracy': 0.85417, 'f1': 0.85414, 'auc': 0.97918}
train: {'epoch': 81, 'time_epoch': 0.036, 'eta': 4.56327, 'eta_hours': 0.00127, 'loss': 0.41798288, 'lr': 0.00034662, 'params': 200537, 'time_iter': 0.036, 'accuracy': 0.86058, 'f1': 0.8605, 'auc': 0.97892}
train: {'epoch': 82, 'time_epoch': 0.035, 'eta': 4.51942, 'eta_hours': 0.00126, 'loss': 0.41597518, 'lr': 0.0003428, 'params': 200537, 'time_iter': 0.035, 'accuracy': 0.85537, 'f1': 0.85611, 'auc': 0.97908}
train: {'epoch': 83, 'time_epoch': 0.03419, 'eta': 4.47467, 'eta_hours': 0.00124, 'loss': 0.4006274, 'lr': 0.00033895, 'params': 200537, 'time_iter': 0.03419, 'accuracy': 0.86579, 'f1': 0.86631, 'auc': 0.98063}
train: {'epoch': 84, 'time_epoch': 0.037, 'eta': 4.43396, 'eta_hours': 0.00123, 'loss': 0.39252314, 'lr': 0.00033507, 'params': 200537, 'time_iter': 0.037, 'accuracy': 0.86899, 'f1': 0.86942, 'auc': 0.98179}
val: {'epoch': 84, 'time_epoch': 0.022, 'loss': 3.10626626, 'lr': 0, 'params': 200537, 'time_iter': 0.022, 'accuracy': 0.30889, 'f1': 0.30978, 'auc': 0.60977}
test: {'epoch': 84, 'time_epoch': 0.023, 'loss': 2.84266067, 'lr': 0, 'params': 200537, 'time_iter': 0.023, 'accuracy': 0.32181, 'f1': 0.32051, 'auc': 0.62821}
> Epoch 84: took 0.1s (avg 0.1s) | Best so far: epoch 34	train_loss: 1.0570 train_accuracy: 0.6390	val_loss: 1.5379 val_accuracy: 0.3480	test_loss: 1.5059 test_accuracy: 0.3564
train: {'epoch': 85, 'time_epoch': 0.038, 'eta': 4.39467, 'eta_hours': 0.00122, 'loss': 0.38824648, 'lr': 0.00033117, 'params': 200537, 'time_iter': 0.038, 'accuracy': 0.86939, 'f1': 0.86944, 'auc': 0.98215}
train: {'epoch': 86, 'time_epoch': 0.03701, 'eta': 4.35412, 'eta_hours': 0.00121, 'loss': 0.38209975, 'lr': 0.00032725, 'params': 200537, 'time_iter': 0.03701, 'accuracy': 0.8726, 'f1': 0.87245, 'auc': 0.98246}
train: {'epoch': 87, 'time_epoch': 0.035, 'eta': 4.31109, 'eta_hours': 0.0012, 'loss': 0.37673873, 'lr': 0.00032331, 'params': 200537, 'time_iter': 0.035, 'accuracy': 0.87941, 'f1': 0.87976, 'auc': 0.98285}
train: {'epoch': 88, 'time_epoch': 0.037, 'eta': 4.27074, 'eta_hours': 0.00119, 'loss': 0.36706695, 'lr': 0.00031935, 'params': 200537, 'time_iter': 0.037, 'accuracy': 0.8746, 'f1': 0.87501, 'auc': 0.9841}
train: {'epoch': 89, 'time_epoch': 0.038, 'eta': 4.23169, 'eta_hours': 0.00118, 'loss': 0.35783312, 'lr': 0.00031537, 'params': 200537, 'time_iter': 0.038, 'accuracy': 0.88141, 'f1': 0.88129, 'auc': 0.98453}
val: {'epoch': 89, 'time_epoch': 0.021, 'loss': 3.42839718, 'lr': 0, 'params': 200537, 'time_iter': 0.021, 'accuracy': 0.3137, 'f1': 0.31416, 'auc': 0.60732}
test: {'epoch': 89, 'time_epoch': 0.022, 'loss': 3.11652493, 'lr': 0, 'params': 200537, 'time_iter': 0.022, 'accuracy': 0.31988, 'f1': 0.31889, 'auc': 0.62503}
> Epoch 89: took 0.1s (avg 0.1s) | Best so far: epoch 34	train_loss: 1.0570 train_accuracy: 0.6390	val_loss: 1.5379 val_accuracy: 0.3480	test_loss: 1.5059 test_accuracy: 0.3564
train: {'epoch': 90, 'time_epoch': 0.03651, 'eta': 4.19086, 'eta_hours': 0.00116, 'loss': 0.36282605, 'lr': 0.00031137, 'params': 200537, 'time_iter': 0.03651, 'accuracy': 0.87941, 'f1': 0.87944, 'auc': 0.98406}
train: {'epoch': 91, 'time_epoch': 0.034, 'eta': 4.14719, 'eta_hours': 0.00115, 'loss': 0.34383428, 'lr': 0.00030736, 'params': 200537, 'time_iter': 0.034, 'accuracy': 0.88742, 'f1': 0.8877, 'auc': 0.98597}
train: {'epoch': 92, 'time_epoch': 0.03751, 'eta': 4.10776, 'eta_hours': 0.00114, 'loss': 0.34124136, 'lr': 0.00030332, 'params': 200537, 'time_iter': 0.03751, 'accuracy': 0.89223, 'f1': 0.89254, 'auc': 0.98613}
train: {'epoch': 93, 'time_epoch': 0.035, 'eta': 4.06555, 'eta_hours': 0.00113, 'loss': 0.33819643, 'lr': 0.00029928, 'params': 200537, 'time_iter': 0.035, 'accuracy': 0.88421, 'f1': 0.88456, 'auc': 0.98648}
train: {'epoch': 94, 'time_epoch': 0.034, 'eta': 4.02239, 'eta_hours': 0.00112, 'loss': 0.3321254, 'lr': 0.00029522, 'params': 200537, 'time_iter': 0.034, 'accuracy': 0.89263, 'f1': 0.8925, 'auc': 0.98677}
val: {'epoch': 94, 'time_epoch': 0.021, 'loss': 3.7972815, 'lr': 0, 'params': 200537, 'time_iter': 0.021, 'accuracy': 0.30349, 'f1': 0.30457, 'auc': 0.60415}
test: {'epoch': 94, 'time_epoch': 0.021, 'loss': 3.41611075, 'lr': 0, 'params': 200537, 'time_iter': 0.021, 'accuracy': 0.31412, 'f1': 0.31455, 'auc': 0.62132}
> Epoch 94: took 0.1s (avg 0.1s) | Best so far: epoch 34	train_loss: 1.0570 train_accuracy: 0.6390	val_loss: 1.5379 val_accuracy: 0.3480	test_loss: 1.5059 test_accuracy: 0.3564
train: {'epoch': 95, 'time_epoch': 0.035, 'eta': 3.98049, 'eta_hours': 0.00111, 'loss': 0.33032233, 'lr': 0.00029115, 'params': 200537, 'time_iter': 0.035, 'accuracy': 0.89183, 'f1': 0.89131, 'auc': 0.9863}
train: {'epoch': 96, 'time_epoch': 0.03751, 'eta': 3.94141, 'eta_hours': 0.00109, 'loss': 0.32467875, 'lr': 0.00028707, 'params': 200537, 'time_iter': 0.03751, 'accuracy': 0.89423, 'f1': 0.89421, 'auc': 0.98717}
train: {'epoch': 97, 'time_epoch': 0.035, 'eta': 3.89974, 'eta_hours': 0.00108, 'loss': 0.31841937, 'lr': 0.00028297, 'params': 200537, 'time_iter': 0.035, 'accuracy': 0.89143, 'f1': 0.89165, 'auc': 0.98787}
train: {'epoch': 98, 'time_epoch': 0.03537, 'eta': 3.85859, 'eta_hours': 0.00107, 'loss': 0.30768904, 'lr': 0.00027887, 'params': 200537, 'time_iter': 0.03537, 'accuracy': 0.89824, 'f1': 0.89844, 'auc': 0.98872}
train: {'epoch': 99, 'time_epoch': 0.036, 'eta': 3.81819, 'eta_hours': 0.00106, 'loss': 0.29987341, 'lr': 0.00027476, 'params': 200537, 'time_iter': 0.036, 'accuracy': 0.90224, 'f1': 0.90246, 'auc': 0.98915}
val: {'epoch': 99, 'time_epoch': 0.022, 'loss': 4.08029079, 'lr': 0, 'params': 200537, 'time_iter': 0.022, 'accuracy': 0.30529, 'f1': 0.30583, 'auc': 0.60099}
test: {'epoch': 99, 'time_epoch': 0.0235, 'loss': 3.65676665, 'lr': 0, 'params': 200537, 'time_iter': 0.0235, 'accuracy': 0.31796, 'f1': 0.31847, 'auc': 0.61897}
> Epoch 99: took 0.1s (avg 0.1s) | Best so far: epoch 34	train_loss: 1.0570 train_accuracy: 0.6390	val_loss: 1.5379 val_accuracy: 0.3480	test_loss: 1.5059 test_accuracy: 0.3564
train: {'epoch': 100, 'time_epoch': 0.036, 'eta': 3.77787, 'eta_hours': 0.00105, 'loss': 0.30032843, 'lr': 0.00027064, 'params': 200537, 'time_iter': 0.036, 'accuracy': 0.90224, 'f1': 0.902, 'auc': 0.98895}
train: {'epoch': 101, 'time_epoch': 0.037, 'eta': 3.73859, 'eta_hours': 0.00104, 'loss': 0.28668177, 'lr': 0.00026652, 'params': 200537, 'time_iter': 0.037, 'accuracy': 0.91266, 'f1': 0.9126, 'auc': 0.99032}
train: {'epoch': 102, 'time_epoch': 0.036, 'eta': 3.69842, 'eta_hours': 0.00103, 'loss': 0.28798559, 'lr': 0.0002624, 'params': 200537, 'time_iter': 0.036, 'accuracy': 0.90785, 'f1': 0.908, 'auc': 0.98983}
train: {'epoch': 103, 'time_epoch': 0.034, 'eta': 3.65648, 'eta_hours': 0.00102, 'loss': 0.29013914, 'lr': 0.00025827, 'params': 200537, 'time_iter': 0.034, 'accuracy': 0.89904, 'f1': 0.89918, 'auc': 0.98944}
train: {'epoch': 104, 'time_epoch': 0.03751, 'eta': 3.61787, 'eta_hours': 0.001, 'loss': 0.28005114, 'lr': 0.00025413, 'params': 200537, 'time_iter': 0.03751, 'accuracy': 0.91026, 'f1': 0.91055, 'auc': 0.99017}
val: {'epoch': 104, 'time_epoch': 0.023, 'loss': 4.41526794, 'lr': 0, 'params': 200537, 'time_iter': 0.023, 'accuracy': 0.30228, 'f1': 0.303, 'auc': 0.59764}
test: {'epoch': 104, 'time_epoch': 0.024, 'loss': 3.92951035, 'lr': 0, 'params': 200537, 'time_iter': 0.024, 'accuracy': 0.32277, 'f1': 0.3226, 'auc': 0.61609}
> Epoch 104: took 0.1s (avg 0.1s) | Best so far: epoch 34	train_loss: 1.0570 train_accuracy: 0.6390	val_loss: 1.5379 val_accuracy: 0.3480	test_loss: 1.5059 test_accuracy: 0.3564
train: {'epoch': 105, 'time_epoch': 0.0355, 'eta': 3.5775, 'eta_hours': 0.00099, 'loss': 0.28185353, 'lr': 0.00025, 'params': 200537, 'time_iter': 0.0355, 'accuracy': 0.90785, 'f1': 0.90769, 'auc': 0.99015}
train: {'epoch': 106, 'time_epoch': 0.035, 'eta': 3.53678, 'eta_hours': 0.00098, 'loss': 0.28057939, 'lr': 0.00024587, 'params': 200537, 'time_iter': 0.035, 'accuracy': 0.90705, 'f1': 0.90701, 'auc': 0.99002}
train: {'epoch': 107, 'time_epoch': 0.03451, 'eta': 3.49575, 'eta_hours': 0.00097, 'loss': 0.2701056, 'lr': 0.00024173, 'params': 200537, 'time_iter': 0.03451, 'accuracy': 0.91026, 'f1': 0.91011, 'auc': 0.99102}
train: {'epoch': 108, 'time_epoch': 0.037, 'eta': 3.45692, 'eta_hours': 0.00096, 'loss': 0.26503003, 'lr': 0.0002376, 'params': 200537, 'time_iter': 0.037, 'accuracy': 0.91226, 'f1': 0.91236, 'auc': 0.9914}
train: {'epoch': 109, 'time_epoch': 0.03539, 'eta': 3.4168, 'eta_hours': 0.00095, 'loss': 0.26883677, 'lr': 0.00023348, 'params': 200537, 'time_iter': 0.03539, 'accuracy': 0.90745, 'f1': 0.90774, 'auc': 0.99062}
val: {'epoch': 109, 'time_epoch': 0.02151, 'loss': 4.51416349, 'lr': 0, 'params': 200537, 'time_iter': 0.02151, 'accuracy': 0.30288, 'f1': 0.30429, 'auc': 0.59255}
test: {'epoch': 109, 'time_epoch': 0.021, 'loss': 3.98899055, 'lr': 0, 'params': 200537, 'time_iter': 0.021, 'accuracy': 0.31508, 'f1': 0.31573, 'auc': 0.61506}
> Epoch 109: took 0.1s (avg 0.1s) | Best so far: epoch 34	train_loss: 1.0570 train_accuracy: 0.6390	val_loss: 1.5379 val_accuracy: 0.3480	test_loss: 1.5059 test_accuracy: 0.3564
train: {'epoch': 110, 'time_epoch': 0.039, 'eta': 3.37967, 'eta_hours': 0.00094, 'loss': 0.25791669, 'lr': 0.00022936, 'params': 200537, 'time_iter': 0.039, 'accuracy': 0.91827, 'f1': 0.91838, 'auc': 0.9919}
train: {'epoch': 111, 'time_epoch': 0.03721, 'eta': 3.3411, 'eta_hours': 0.00093, 'loss': 0.2510637, 'lr': 0.00022524, 'params': 200537, 'time_iter': 0.03721, 'accuracy': 0.92067, 'f1': 0.9204, 'auc': 0.99266}
train: {'epoch': 112, 'time_epoch': 0.03851, 'eta': 3.30354, 'eta_hours': 0.00092, 'loss': 0.24812061, 'lr': 0.00022113, 'params': 200537, 'time_iter': 0.03851, 'accuracy': 0.92027, 'f1': 0.9201, 'auc': 0.9926}
train: {'epoch': 113, 'time_epoch': 0.03551, 'eta': 3.26371, 'eta_hours': 0.00091, 'loss': 0.2557669, 'lr': 0.00021703, 'params': 200537, 'time_iter': 0.03551, 'accuracy': 0.92027, 'f1': 0.92018, 'auc': 0.99194}
train: {'epoch': 114, 'time_epoch': 0.035, 'eta': 3.22358, 'eta_hours': 0.0009, 'loss': 0.24512711, 'lr': 0.00021293, 'params': 200537, 'time_iter': 0.035, 'accuracy': 0.92268, 'f1': 0.92269, 'auc': 0.99228}
val: {'epoch': 114, 'time_epoch': 0.022, 'loss': 4.88322115, 'lr': 0, 'params': 200537, 'time_iter': 0.022, 'accuracy': 0.30469, 'f1': 0.30628, 'auc': 0.59194}
test: {'epoch': 114, 'time_epoch': 0.0225, 'loss': 4.30555964, 'lr': 0, 'params': 200537, 'time_iter': 0.0225, 'accuracy': 0.32085, 'f1': 0.32209, 'auc': 0.61285}
> Epoch 114: took 0.1s (avg 0.1s) | Best so far: epoch 34	train_loss: 1.0570 train_accuracy: 0.6390	val_loss: 1.5379 val_accuracy: 0.3480	test_loss: 1.5059 test_accuracy: 0.3564
train: {'epoch': 115, 'time_epoch': 0.034, 'eta': 3.18282, 'eta_hours': 0.00088, 'loss': 0.24307872, 'lr': 0.00020885, 'params': 200537, 'time_iter': 0.034, 'accuracy': 0.91867, 'f1': 0.91883, 'auc': 0.99263}
train: {'epoch': 116, 'time_epoch': 0.037, 'eta': 3.1443, 'eta_hours': 0.00087, 'loss': 0.23872109, 'lr': 0.00020478, 'params': 200537, 'time_iter': 0.037, 'accuracy': 0.92147, 'f1': 0.92138, 'auc': 0.99281}
train: {'epoch': 117, 'time_epoch': 0.03451, 'eta': 3.10407, 'eta_hours': 0.00086, 'loss': 0.23858368, 'lr': 0.00020072, 'params': 200537, 'time_iter': 0.03451, 'accuracy': 0.92428, 'f1': 0.92423, 'auc': 0.99275}
train: {'epoch': 118, 'time_epoch': 0.035, 'eta': 3.06427, 'eta_hours': 0.00085, 'loss': 0.23411645, 'lr': 0.00019668, 'params': 200537, 'time_iter': 0.035, 'accuracy': 0.91987, 'f1': 0.91966, 'auc': 0.99293}
train: {'epoch': 119, 'time_epoch': 0.03551, 'eta': 3.02489, 'eta_hours': 0.00084, 'loss': 0.23069255, 'lr': 0.00019264, 'params': 200537, 'time_iter': 0.03551, 'accuracy': 0.92508, 'f1': 0.92488, 'auc': 0.99304}
val: {'epoch': 119, 'time_epoch': 0.022, 'loss': 5.2119565, 'lr': 0, 'params': 200537, 'time_iter': 0.022, 'accuracy': 0.29808, 'f1': 0.29834, 'auc': 0.59215}
test: {'epoch': 119, 'time_epoch': 0.021, 'loss': 4.60008097, 'lr': 0, 'params': 200537, 'time_iter': 0.021, 'accuracy': 0.32277, 'f1': 0.32172, 'auc': 0.61129}
> Epoch 119: took 0.1s (avg 0.1s) | Best so far: epoch 34	train_loss: 1.0570 train_accuracy: 0.6390	val_loss: 1.5379 val_accuracy: 0.3480	test_loss: 1.5059 test_accuracy: 0.3564
train: {'epoch': 120, 'time_epoch': 0.0375, 'eta': 2.98688, 'eta_hours': 0.00083, 'loss': 0.23195751, 'lr': 0.00018863, 'params': 200537, 'time_iter': 0.0375, 'accuracy': 0.92508, 'f1': 0.92495, 'auc': 0.99306}
train: {'epoch': 121, 'time_epoch': 0.035, 'eta': 2.94727, 'eta_hours': 0.00082, 'loss': 0.21723916, 'lr': 0.00018463, 'params': 200537, 'time_iter': 0.035, 'accuracy': 0.92788, 'f1': 0.92791, 'auc': 0.99418}
train: {'epoch': 122, 'time_epoch': 0.035, 'eta': 2.90774, 'eta_hours': 0.00081, 'loss': 0.22302909, 'lr': 0.00018065, 'params': 200537, 'time_iter': 0.035, 'accuracy': 0.92067, 'f1': 0.92083, 'auc': 0.99344}
train: {'epoch': 123, 'time_epoch': 0.03451, 'eta': 2.86799, 'eta_hours': 0.0008, 'loss': 0.22422923, 'lr': 0.00017669, 'params': 200537, 'time_iter': 0.03451, 'accuracy': 0.92588, 'f1': 0.92587, 'auc': 0.99315}
train: {'epoch': 124, 'time_epoch': 0.035, 'eta': 2.82861, 'eta_hours': 0.00079, 'loss': 0.21486293, 'lr': 0.00017275, 'params': 200537, 'time_iter': 0.035, 'accuracy': 0.93189, 'f1': 0.93177, 'auc': 0.99423}
val: {'epoch': 124, 'time_epoch': 0.0245, 'loss': 5.22076893, 'lr': 0, 'params': 200537, 'time_iter': 0.0245, 'accuracy': 0.29627, 'f1': 0.29824, 'auc': 0.58773}
test: {'epoch': 124, 'time_epoch': 0.023, 'loss': 4.60462809, 'lr': 0, 'params': 200537, 'time_iter': 0.023, 'accuracy': 0.32661, 'f1': 0.32717, 'auc': 0.60974}
> Epoch 124: took 0.1s (avg 0.1s) | Best so far: epoch 34	train_loss: 1.0570 train_accuracy: 0.6390	val_loss: 1.5379 val_accuracy: 0.3480	test_loss: 1.5059 test_accuracy: 0.3564
train: {'epoch': 125, 'time_epoch': 0.038, 'eta': 2.79106, 'eta_hours': 0.00078, 'loss': 0.21646233, 'lr': 0.00016883, 'params': 200537, 'time_iter': 0.038, 'accuracy': 0.92788, 'f1': 0.9279, 'auc': 0.99409}
train: {'epoch': 126, 'time_epoch': 0.03751, 'eta': 2.75322, 'eta_hours': 0.00076, 'loss': 0.21181728, 'lr': 0.00016493, 'params': 200537, 'time_iter': 0.03751, 'accuracy': 0.93229, 'f1': 0.93221, 'auc': 0.99433}
train: {'epoch': 127, 'time_epoch': 0.034, 'eta': 2.71342, 'eta_hours': 0.00075, 'loss': 0.20693435, 'lr': 0.00016105, 'params': 200537, 'time_iter': 0.034, 'accuracy': 0.93429, 'f1': 0.93407, 'auc': 0.99467}
train: {'epoch': 128, 'time_epoch': 0.035, 'eta': 2.67425, 'eta_hours': 0.00074, 'loss': 0.2083535, 'lr': 0.0001572, 'params': 200537, 'time_iter': 0.035, 'accuracy': 0.92869, 'f1': 0.92861, 'auc': 0.99438}
train: {'epoch': 129, 'time_epoch': 0.03593, 'eta': 2.63565, 'eta_hours': 0.00073, 'loss': 0.2074569, 'lr': 0.00015338, 'params': 200537, 'time_iter': 0.03593, 'accuracy': 0.93229, 'f1': 0.93229, 'auc': 0.99447}
val: {'epoch': 129, 'time_epoch': 0.022, 'loss': 5.53961849, 'lr': 0, 'params': 200537, 'time_iter': 0.022, 'accuracy': 0.30529, 'f1': 0.30627, 'auc': 0.58717}
test: {'epoch': 129, 'time_epoch': 0.022, 'loss': 4.86661196, 'lr': 0, 'params': 200537, 'time_iter': 0.022, 'accuracy': 0.32373, 'f1': 0.32328, 'auc': 0.6092}
> Epoch 129: took 0.1s (avg 0.1s) | Best so far: epoch 34	train_loss: 1.0570 train_accuracy: 0.6390	val_loss: 1.5379 val_accuracy: 0.3480	test_loss: 1.5059 test_accuracy: 0.3564
train: {'epoch': 130, 'time_epoch': 0.034, 'eta': 2.59608, 'eta_hours': 0.00072, 'loss': 0.20232056, 'lr': 0.00014958, 'params': 200537, 'time_iter': 0.034, 'accuracy': 0.93309, 'f1': 0.93318, 'auc': 0.99503}
train: {'epoch': 131, 'time_epoch': 0.038, 'eta': 2.55865, 'eta_hours': 0.00071, 'loss': 0.19982348, 'lr': 0.0001458, 'params': 200537, 'time_iter': 0.038, 'accuracy': 0.9379, 'f1': 0.93787, 'auc': 0.99496}
train: {'epoch': 132, 'time_epoch': 0.03451, 'eta': 2.51945, 'eta_hours': 0.0007, 'loss': 0.19722183, 'lr': 0.00014206, 'params': 200537, 'time_iter': 0.03451, 'accuracy': 0.9363, 'f1': 0.9361, 'auc': 0.99485}
train: {'epoch': 133, 'time_epoch': 0.03751, 'eta': 2.48179, 'eta_hours': 0.00069, 'loss': 0.19692098, 'lr': 0.00013835, 'params': 200537, 'time_iter': 0.03751, 'accuracy': 0.93389, 'f1': 0.93352, 'auc': 0.99502}
train: {'epoch': 134, 'time_epoch': 0.03551, 'eta': 2.44318, 'eta_hours': 0.00068, 'loss': 0.19824243, 'lr': 0.00013466, 'params': 200537, 'time_iter': 0.03551, 'accuracy': 0.93149, 'f1': 0.93123, 'auc': 0.99482}
val: {'epoch': 134, 'time_epoch': 0.02269, 'loss': 5.86520386, 'lr': 0, 'params': 200537, 'time_iter': 0.02269, 'accuracy': 0.30108, 'f1': 0.30259, 'auc': 0.58693}
test: {'epoch': 134, 'time_epoch': 0.021, 'loss': 5.14378834, 'lr': 0, 'params': 200537, 'time_iter': 0.021, 'accuracy': 0.31988, 'f1': 0.31958, 'auc': 0.60791}
> Epoch 134: took 0.1s (avg 0.1s) | Best so far: epoch 34	train_loss: 1.0570 train_accuracy: 0.6390	val_loss: 1.5379 val_accuracy: 0.3480	test_loss: 1.5059 test_accuracy: 0.3564
train: {'epoch': 135, 'time_epoch': 0.03451, 'eta': 2.40415, 'eta_hours': 0.00067, 'loss': 0.18930611, 'lr': 0.00013101, 'params': 200537, 'time_iter': 0.03451, 'accuracy': 0.94271, 'f1': 0.94255, 'auc': 0.99536}
train: {'epoch': 136, 'time_epoch': 0.035, 'eta': 2.3654, 'eta_hours': 0.00066, 'loss': 0.19113427, 'lr': 0.00012739, 'params': 200537, 'time_iter': 0.035, 'accuracy': 0.93229, 'f1': 0.9322, 'auc': 0.99511}
train: {'epoch': 137, 'time_epoch': 0.037, 'eta': 2.32761, 'eta_hours': 0.00065, 'loss': 0.19481976, 'lr': 0.00012381, 'params': 200537, 'time_iter': 0.037, 'accuracy': 0.9351, 'f1': 0.9351, 'auc': 0.99499}
train: {'epoch': 138, 'time_epoch': 0.03551, 'eta': 2.28918, 'eta_hours': 0.00064, 'loss': 0.19036472, 'lr': 0.00012026, 'params': 200537, 'time_iter': 0.03551, 'accuracy': 0.9347, 'f1': 0.93463, 'auc': 0.99535}
train: {'epoch': 139, 'time_epoch': 0.035, 'eta': 2.25057, 'eta_hours': 0.00063, 'loss': 0.18989109, 'lr': 0.00011674, 'params': 200537, 'time_iter': 0.035, 'accuracy': 0.93389, 'f1': 0.93376, 'auc': 0.99526}
val: {'epoch': 139, 'time_epoch': 0.02251, 'loss': 5.91427946, 'lr': 0, 'params': 200537, 'time_iter': 0.02251, 'accuracy': 0.29988, 'f1': 0.30153, 'auc': 0.58568}
test: {'epoch': 139, 'time_epoch': 0.023, 'loss': 5.18126297, 'lr': 0, 'params': 200537, 'time_iter': 0.023, 'accuracy': 0.32277, 'f1': 0.32284, 'auc': 0.60772}
> Epoch 139: took 0.1s (avg 0.1s) | Best so far: epoch 34	train_loss: 1.0570 train_accuracy: 0.6390	val_loss: 1.5379 val_accuracy: 0.3480	test_loss: 1.5059 test_accuracy: 0.3564
train: {'epoch': 140, 'time_epoch': 0.036, 'eta': 2.21243, 'eta_hours': 0.00061, 'loss': 0.18479005, 'lr': 0.00011326, 'params': 200537, 'time_iter': 0.036, 'accuracy': 0.94311, 'f1': 0.94298, 'auc': 0.99551}
train: {'epoch': 141, 'time_epoch': 0.0375, 'eta': 2.17493, 'eta_hours': 0.0006, 'loss': 0.18035953, 'lr': 0.00010982, 'params': 200537, 'time_iter': 0.0375, 'accuracy': 0.94111, 'f1': 0.941, 'auc': 0.99583}
train: {'epoch': 142, 'time_epoch': 0.036, 'eta': 2.13683, 'eta_hours': 0.00059, 'loss': 0.18504855, 'lr': 0.00010642, 'params': 200537, 'time_iter': 0.036, 'accuracy': 0.9371, 'f1': 0.93675, 'auc': 0.9956}
train: {'epoch': 143, 'time_epoch': 0.035, 'eta': 2.09838, 'eta_hours': 0.00058, 'loss': 0.18248878, 'lr': 0.00010305, 'params': 200537, 'time_iter': 0.035, 'accuracy': 0.9383, 'f1': 0.93806, 'auc': 0.99559}
train: {'epoch': 144, 'time_epoch': 0.035, 'eta': 2.05997, 'eta_hours': 0.00057, 'loss': 0.17337461, 'lr': 9.973e-05, 'params': 200537, 'time_iter': 0.035, 'accuracy': 0.94712, 'f1': 0.94692, 'auc': 0.99604}
val: {'epoch': 144, 'time_epoch': 0.023, 'loss': 5.81250858, 'lr': 0, 'params': 200537, 'time_iter': 0.023, 'accuracy': 0.29267, 'f1': 0.29399, 'auc': 0.583}
test: {'epoch': 144, 'time_epoch': 0.024, 'loss': 5.083776, 'lr': 0, 'params': 200537, 'time_iter': 0.024, 'accuracy': 0.32469, 'f1': 0.32451, 'auc': 0.60741}
> Epoch 144: took 0.1s (avg 0.1s) | Best so far: epoch 34	train_loss: 1.0570 train_accuracy: 0.6390	val_loss: 1.5379 val_accuracy: 0.3480	test_loss: 1.5059 test_accuracy: 0.3564
train: {'epoch': 145, 'time_epoch': 0.036, 'eta': 2.02198, 'eta_hours': 0.00056, 'loss': 0.1840734, 'lr': 9.645e-05, 'params': 200537, 'time_iter': 0.036, 'accuracy': 0.94351, 'f1': 0.94336, 'auc': 0.99572}
train: {'epoch': 146, 'time_epoch': 0.035, 'eta': 1.98365, 'eta_hours': 0.00055, 'loss': 0.17731482, 'lr': 9.321e-05, 'params': 200537, 'time_iter': 0.035, 'accuracy': 0.94311, 'f1': 0.94292, 'auc': 0.99587}
train: {'epoch': 147, 'time_epoch': 0.03351, 'eta': 1.94485, 'eta_hours': 0.00054, 'loss': 0.18302457, 'lr': 9.001e-05, 'params': 200537, 'time_iter': 0.03351, 'accuracy': 0.94231, 'f1': 0.94228, 'auc': 0.9956}
train: {'epoch': 148, 'time_epoch': 0.034, 'eta': 1.90628, 'eta_hours': 0.00053, 'loss': 0.17422292, 'lr': 8.685e-05, 'params': 200537, 'time_iter': 0.034, 'accuracy': 0.94832, 'f1': 0.94813, 'auc': 0.9961}
train: {'epoch': 149, 'time_epoch': 0.03751, 'eta': 1.86895, 'eta_hours': 0.00052, 'loss': 0.17759317, 'lr': 8.374e-05, 'params': 200537, 'time_iter': 0.03751, 'accuracy': 0.94111, 'f1': 0.94089, 'auc': 0.99587}
val: {'epoch': 149, 'time_epoch': 0.023, 'loss': 5.99731398, 'lr': 0, 'params': 200537, 'time_iter': 0.023, 'accuracy': 0.30168, 'f1': 0.30331, 'auc': 0.58447}
test: {'epoch': 149, 'time_epoch': 0.022, 'loss': 5.25597811, 'lr': 0, 'params': 200537, 'time_iter': 0.022, 'accuracy': 0.31988, 'f1': 0.32037, 'auc': 0.60755}
> Epoch 149: took 0.1s (avg 0.1s) | Best so far: epoch 34	train_loss: 1.0570 train_accuracy: 0.6390	val_loss: 1.5379 val_accuracy: 0.3480	test_loss: 1.5059 test_accuracy: 0.3564
train: {'epoch': 150, 'time_epoch': 0.0345, 'eta': 1.83063, 'eta_hours': 0.00051, 'loss': 0.17469482, 'lr': 8.068e-05, 'params': 200537, 'time_iter': 0.0345, 'accuracy': 0.94151, 'f1': 0.94121, 'auc': 0.99609}
train: {'epoch': 151, 'time_epoch': 0.035, 'eta': 1.79253, 'eta_hours': 0.0005, 'loss': 0.1737251, 'lr': 7.766e-05, 'params': 200537, 'time_iter': 0.035, 'accuracy': 0.94431, 'f1': 0.94407, 'auc': 0.99614}
train: {'epoch': 152, 'time_epoch': 0.035, 'eta': 1.75446, 'eta_hours': 0.00049, 'loss': 0.16843571, 'lr': 7.469e-05, 'params': 200537, 'time_iter': 0.035, 'accuracy': 0.94311, 'f1': 0.94292, 'auc': 0.99631}
train: {'epoch': 153, 'time_epoch': 0.0365, 'eta': 1.71689, 'eta_hours': 0.00048, 'loss': 0.17151518, 'lr': 7.177e-05, 'params': 200537, 'time_iter': 0.0365, 'accuracy': 0.94391, 'f1': 0.94381, 'auc': 0.99608}
train: {'epoch': 154, 'time_epoch': 0.034, 'eta': 1.6786, 'eta_hours': 0.00047, 'loss': 0.17049381, 'lr': 6.889e-05, 'params': 200537, 'time_iter': 0.034, 'accuracy': 0.94471, 'f1': 0.94453, 'auc': 0.99623}
val: {'epoch': 154, 'time_epoch': 0.023, 'loss': 6.07473707, 'lr': 0, 'params': 200537, 'time_iter': 0.023, 'accuracy': 0.29507, 'f1': 0.29651, 'auc': 0.58391}
test: {'epoch': 154, 'time_epoch': 0.02351, 'loss': 5.33867121, 'lr': 0, 'params': 200537, 'time_iter': 0.02351, 'accuracy': 0.32181, 'f1': 0.32147, 'auc': 0.60571}
> Epoch 154: took 0.1s (avg 0.1s) | Best so far: epoch 34	train_loss: 1.0570 train_accuracy: 0.6390	val_loss: 1.5379 val_accuracy: 0.3480	test_loss: 1.5059 test_accuracy: 0.3564
train: {'epoch': 155, 'time_epoch': 0.035, 'eta': 1.64065, 'eta_hours': 0.00046, 'loss': 0.16866435, 'lr': 6.607e-05, 'params': 200537, 'time_iter': 0.035, 'accuracy': 0.95152, 'f1': 0.95148, 'auc': 0.99617}
train: {'epoch': 156, 'time_epoch': 0.0345, 'eta': 1.6026, 'eta_hours': 0.00045, 'loss': 0.17178534, 'lr': 6.329e-05, 'params': 200537, 'time_iter': 0.0345, 'accuracy': 0.94631, 'f1': 0.94633, 'auc': 0.99629}
train: {'epoch': 157, 'time_epoch': 0.036, 'eta': 1.56499, 'eta_hours': 0.00043, 'loss': 0.17551343, 'lr': 6.057e-05, 'params': 200537, 'time_iter': 0.036, 'accuracy': 0.94471, 'f1': 0.94471, 'auc': 0.99589}
train: {'epoch': 158, 'time_epoch': 0.035, 'eta': 1.52715, 'eta_hours': 0.00042, 'loss': 0.16551273, 'lr': 5.79e-05, 'params': 200537, 'time_iter': 0.035, 'accuracy': 0.94712, 'f1': 0.94702, 'auc': 0.99628}
train: {'epoch': 159, 'time_epoch': 0.03551, 'eta': 1.48946, 'eta_hours': 0.00041, 'loss': 0.1631698, 'lr': 5.528e-05, 'params': 200537, 'time_iter': 0.03551, 'accuracy': 0.94752, 'f1': 0.94745, 'auc': 0.99666}
val: {'epoch': 159, 'time_epoch': 0.022, 'loss': 6.20576286, 'lr': 0, 'params': 200537, 'time_iter': 0.022, 'accuracy': 0.30168, 'f1': 0.30307, 'auc': 0.58447}
test: {'epoch': 159, 'time_epoch': 0.021, 'loss': 5.45570612, 'lr': 0, 'params': 200537, 'time_iter': 0.021, 'accuracy': 0.31988, 'f1': 0.32007, 'auc': 0.60579}
> Epoch 159: took 0.1s (avg 0.1s) | Best so far: epoch 34	train_loss: 1.0570 train_accuracy: 0.6390	val_loss: 1.5379 val_accuracy: 0.3480	test_loss: 1.5059 test_accuracy: 0.3564
train: {'epoch': 160, 'time_epoch': 0.03451, 'eta': 1.45157, 'eta_hours': 0.0004, 'loss': 0.17612381, 'lr': 5.271e-05, 'params': 200537, 'time_iter': 0.03451, 'accuracy': 0.9403, 'f1': 0.94008, 'auc': 0.9958}
train: {'epoch': 161, 'time_epoch': 0.038, 'eta': 1.41453, 'eta_hours': 0.00039, 'loss': 0.16391265, 'lr': 5.02e-05, 'params': 200537, 'time_iter': 0.038, 'accuracy': 0.94952, 'f1': 0.94941, 'auc': 0.99656}
train: {'epoch': 162, 'time_epoch': 0.03651, 'eta': 1.37714, 'eta_hours': 0.00038, 'loss': 0.16738723, 'lr': 4.775e-05, 'params': 200537, 'time_iter': 0.03651, 'accuracy': 0.94671, 'f1': 0.94649, 'auc': 0.9963}
train: {'epoch': 163, 'time_epoch': 0.034, 'eta': 1.33921, 'eta_hours': 0.00037, 'loss': 0.16071595, 'lr': 4.534e-05, 'params': 200537, 'time_iter': 0.034, 'accuracy': 0.94912, 'f1': 0.94904, 'auc': 0.9968}
train: {'epoch': 164, 'time_epoch': 0.03521, 'eta': 1.30159, 'eta_hours': 0.00036, 'loss': 0.15923038, 'lr': 4.3e-05, 'params': 200537, 'time_iter': 0.03521, 'accuracy': 0.95072, 'f1': 0.95057, 'auc': 0.99678}
val: {'epoch': 164, 'time_epoch': 0.022, 'loss': 6.27256966, 'lr': 0, 'params': 200537, 'time_iter': 0.022, 'accuracy': 0.30168, 'f1': 0.30288, 'auc': 0.58445}
test: {'epoch': 164, 'time_epoch': 0.023, 'loss': 5.51558924, 'lr': 0, 'params': 200537, 'time_iter': 0.023, 'accuracy': 0.31796, 'f1': 0.31827, 'auc': 0.60562}
> Epoch 164: took 0.1s (avg 0.1s) | Best so far: epoch 34	train_loss: 1.0570 train_accuracy: 0.6390	val_loss: 1.5379 val_accuracy: 0.3480	test_loss: 1.5059 test_accuracy: 0.3564
train: {'epoch': 165, 'time_epoch': 0.03501, 'eta': 1.26396, 'eta_hours': 0.00035, 'loss': 0.16515748, 'lr': 4.071e-05, 'params': 200537, 'time_iter': 0.03501, 'accuracy': 0.94872, 'f1': 0.94853, 'auc': 0.99656}
train: {'epoch': 166, 'time_epoch': 0.03451, 'eta': 1.22625, 'eta_hours': 0.00034, 'loss': 0.17741671, 'lr': 3.848e-05, 'params': 200537, 'time_iter': 0.03451, 'accuracy': 0.9399, 'f1': 0.93963, 'auc': 0.99557}
train: {'epoch': 167, 'time_epoch': 0.036, 'eta': 1.18887, 'eta_hours': 0.00033, 'loss': 0.16415064, 'lr': 3.63e-05, 'params': 200537, 'time_iter': 0.036, 'accuracy': 0.94551, 'f1': 0.9454, 'auc': 0.99664}
train: {'epoch': 168, 'time_epoch': 0.03351, 'eta': 1.15105, 'eta_hours': 0.00032, 'loss': 0.16252603, 'lr': 3.419e-05, 'params': 200537, 'time_iter': 0.03351, 'accuracy': 0.94551, 'f1': 0.94538, 'auc': 0.99658}
train: {'epoch': 169, 'time_epoch': 0.035, 'eta': 1.11355, 'eta_hours': 0.00031, 'loss': 0.16170028, 'lr': 3.213e-05, 'params': 200537, 'time_iter': 0.035, 'accuracy': 0.94992, 'f1': 0.94971, 'auc': 0.99644}
val: {'epoch': 169, 'time_epoch': 0.024, 'loss': 6.2590785, 'lr': 0, 'params': 200537, 'time_iter': 0.024, 'accuracy': 0.30349, 'f1': 0.30493, 'auc': 0.58358}
test: {'epoch': 169, 'time_epoch': 0.0225, 'loss': 5.50571156, 'lr': 0, 'params': 200537, 'time_iter': 0.0225, 'accuracy': 0.31988, 'f1': 0.31979, 'auc': 0.60503}
> Epoch 169: took 0.1s (avg 0.1s) | Best so far: epoch 34	train_loss: 1.0570 train_accuracy: 0.6390	val_loss: 1.5379 val_accuracy: 0.3480	test_loss: 1.5059 test_accuracy: 0.3564
train: {'epoch': 170, 'time_epoch': 0.039, 'eta': 1.07675, 'eta_hours': 0.0003, 'loss': 0.16654862, 'lr': 3.013e-05, 'params': 200537, 'time_iter': 0.039, 'accuracy': 0.94391, 'f1': 0.94367, 'auc': 0.9964}
train: {'epoch': 171, 'time_epoch': 0.038, 'eta': 1.03976, 'eta_hours': 0.00029, 'loss': 0.16357505, 'lr': 2.819e-05, 'params': 200537, 'time_iter': 0.038, 'accuracy': 0.94752, 'f1': 0.94729, 'auc': 0.99635}
train: {'epoch': 172, 'time_epoch': 0.036, 'eta': 1.00245, 'eta_hours': 0.00028, 'loss': 0.15570243, 'lr': 2.632e-05, 'params': 200537, 'time_iter': 0.036, 'accuracy': 0.95232, 'f1': 0.95225, 'auc': 0.9969}
train: {'epoch': 173, 'time_epoch': 0.036, 'eta': 0.96515, 'eta_hours': 0.00027, 'loss': 0.16205542, 'lr': 2.45e-05, 'params': 200537, 'time_iter': 0.036, 'accuracy': 0.94832, 'f1': 0.94814, 'auc': 0.99663}
train: {'epoch': 174, 'time_epoch': 0.04151, 'eta': 0.92866, 'eta_hours': 0.00026, 'loss': 0.16697022, 'lr': 2.275e-05, 'params': 200537, 'time_iter': 0.04151, 'accuracy': 0.94511, 'f1': 0.94499, 'auc': 0.99614}
val: {'epoch': 174, 'time_epoch': 0.024, 'loss': 6.2218647, 'lr': 0, 'params': 200537, 'time_iter': 0.024, 'accuracy': 0.29567, 'f1': 0.29788, 'auc': 0.58258}
test: {'epoch': 174, 'time_epoch': 0.022, 'loss': 5.46923733, 'lr': 0, 'params': 200537, 'time_iter': 0.022, 'accuracy': 0.31796, 'f1': 0.31817, 'auc': 0.6045}
> Epoch 174: took 0.1s (avg 0.1s) | Best so far: epoch 34	train_loss: 1.0570 train_accuracy: 0.6390	val_loss: 1.5379 val_accuracy: 0.3480	test_loss: 1.5059 test_accuracy: 0.3564
train: {'epoch': 175, 'time_epoch': 0.0345, 'eta': 0.89115, 'eta_hours': 0.00025, 'loss': 0.16374925, 'lr': 2.106e-05, 'params': 200537, 'time_iter': 0.0345, 'accuracy': 0.94671, 'f1': 0.94667, 'auc': 0.99666}
train: {'epoch': 176, 'time_epoch': 0.036, 'eta': 0.85387, 'eta_hours': 0.00024, 'loss': 0.16472602, 'lr': 1.943e-05, 'params': 200537, 'time_iter': 0.036, 'accuracy': 0.94792, 'f1': 0.94758, 'auc': 0.99636}
train: {'epoch': 177, 'time_epoch': 0.03551, 'eta': 0.81655, 'eta_hours': 0.00023, 'loss': 0.15994391, 'lr': 1.786e-05, 'params': 200537, 'time_iter': 0.03551, 'accuracy': 0.94712, 'f1': 0.94701, 'auc': 0.99659}
train: {'epoch': 178, 'time_epoch': 0.037, 'eta': 0.77942, 'eta_hours': 0.00022, 'loss': 0.15607068, 'lr': 1.636e-05, 'params': 200537, 'time_iter': 0.037, 'accuracy': 0.94992, 'f1': 0.94974, 'auc': 0.99675}
train: {'epoch': 179, 'time_epoch': 0.036, 'eta': 0.74218, 'eta_hours': 0.00021, 'loss': 0.16356818, 'lr': 1.492e-05, 'params': 200537, 'time_iter': 0.036, 'accuracy': 0.94872, 'f1': 0.94855, 'auc': 0.99616}
val: {'epoch': 179, 'time_epoch': 0.022, 'loss': 6.24366999, 'lr': 0, 'params': 200537, 'time_iter': 0.022, 'accuracy': 0.29748, 'f1': 0.29928, 'auc': 0.58248}
test: {'epoch': 179, 'time_epoch': 0.021, 'loss': 5.48697662, 'lr': 0, 'params': 200537, 'time_iter': 0.021, 'accuracy': 0.32085, 'f1': 0.32079, 'auc': 0.60448}
> Epoch 179: took 0.1s (avg 0.1s) | Best so far: epoch 34	train_loss: 1.0570 train_accuracy: 0.6390	val_loss: 1.5379 val_accuracy: 0.3480	test_loss: 1.5059 test_accuracy: 0.3564
train: {'epoch': 180, 'time_epoch': 0.036, 'eta': 0.70495, 'eta_hours': 0.0002, 'loss': 0.16473813, 'lr': 1.355e-05, 'params': 200537, 'time_iter': 0.036, 'accuracy': 0.94912, 'f1': 0.94896, 'auc': 0.99639}
train: {'epoch': 181, 'time_epoch': 0.03351, 'eta': 0.6675, 'eta_hours': 0.00019, 'loss': 0.15998586, 'lr': 1.224e-05, 'params': 200537, 'time_iter': 0.03351, 'accuracy': 0.94912, 'f1': 0.94898, 'auc': 0.99665}
train: {'epoch': 182, 'time_epoch': 0.036, 'eta': 0.63031, 'eta_hours': 0.00018, 'loss': 0.16585492, 'lr': 1.099e-05, 'params': 200537, 'time_iter': 0.036, 'accuracy': 0.94431, 'f1': 0.94408, 'auc': 0.99621}
train: {'epoch': 183, 'time_epoch': 0.03451, 'eta': 0.59301, 'eta_hours': 0.00016, 'loss': 0.16508099, 'lr': 9.81e-06, 'params': 200537, 'time_iter': 0.03451, 'accuracy': 0.94752, 'f1': 0.94736, 'auc': 0.99643}
train: {'epoch': 184, 'time_epoch': 0.036, 'eta': 0.55586, 'eta_hours': 0.00015, 'loss': 0.15830013, 'lr': 8.7e-06, 'params': 200537, 'time_iter': 0.036, 'accuracy': 0.95353, 'f1': 0.95347, 'auc': 0.99676}
val: {'epoch': 184, 'time_epoch': 0.021, 'loss': 6.25298309, 'lr': 0, 'params': 200537, 'time_iter': 0.021, 'accuracy': 0.30108, 'f1': 0.30272, 'auc': 0.58241}
test: {'epoch': 184, 'time_epoch': 0.02113, 'loss': 5.49497747, 'lr': 0, 'params': 200537, 'time_iter': 0.02113, 'accuracy': 0.31988, 'f1': 0.31997, 'auc': 0.60467}
> Epoch 184: took 0.1s (avg 0.1s) | Best so far: epoch 34	train_loss: 1.0570 train_accuracy: 0.6390	val_loss: 1.5379 val_accuracy: 0.3480	test_loss: 1.5059 test_accuracy: 0.3564
train: {'epoch': 185, 'time_epoch': 0.037, 'eta': 0.5188, 'eta_hours': 0.00014, 'loss': 0.1563313, 'lr': 7.65e-06, 'params': 200537, 'time_iter': 0.037, 'accuracy': 0.95272, 'f1': 0.9527, 'auc': 0.99671}
train: {'epoch': 186, 'time_epoch': 0.038, 'eta': 0.48181, 'eta_hours': 0.00013, 'loss': 0.15912668, 'lr': 6.67e-06, 'params': 200537, 'time_iter': 0.038, 'accuracy': 0.94992, 'f1': 0.94979, 'auc': 0.99669}
train: {'epoch': 187, 'time_epoch': 0.036, 'eta': 0.44468, 'eta_hours': 0.00012, 'loss': 0.15749928, 'lr': 5.75e-06, 'params': 200537, 'time_iter': 0.036, 'accuracy': 0.95032, 'f1': 0.95026, 'auc': 0.99681}
train: {'epoch': 188, 'time_epoch': 0.034, 'eta': 0.40744, 'eta_hours': 0.00011, 'loss': 0.15845998, 'lr': 4.91e-06, 'params': 200537, 'time_iter': 0.034, 'accuracy': 0.95112, 'f1': 0.95098, 'auc': 0.99666}
train: {'epoch': 189, 'time_epoch': 0.0345, 'eta': 0.37027, 'eta_hours': 0.0001, 'loss': 0.162303, 'lr': 4.12e-06, 'params': 200537, 'time_iter': 0.0345, 'accuracy': 0.94351, 'f1': 0.94357, 'auc': 0.99663}
val: {'epoch': 189, 'time_epoch': 0.022, 'loss': 6.2578578, 'lr': 0, 'params': 200537, 'time_iter': 0.022, 'accuracy': 0.29988, 'f1': 0.30167, 'auc': 0.5824}
test: {'epoch': 189, 'time_epoch': 0.02551, 'loss': 5.49933863, 'lr': 0, 'params': 200537, 'time_iter': 0.02551, 'accuracy': 0.31892, 'f1': 0.31889, 'auc': 0.6047}
> Epoch 189: took 0.1s (avg 0.1s) | Best so far: epoch 34	train_loss: 1.0570 train_accuracy: 0.6390	val_loss: 1.5379 val_accuracy: 0.3480	test_loss: 1.5059 test_accuracy: 0.3564
train: {'epoch': 190, 'time_epoch': 0.0355, 'eta': 0.33317, 'eta_hours': 9e-05, 'loss': 0.1579757, 'lr': 3.41e-06, 'params': 200537, 'time_iter': 0.0355, 'accuracy': 0.95032, 'f1': 0.95021, 'auc': 0.99685}
train: {'epoch': 191, 'time_epoch': 0.035, 'eta': 0.29607, 'eta_hours': 8e-05, 'loss': 0.15576066, 'lr': 2.76e-06, 'params': 200537, 'time_iter': 0.035, 'accuracy': 0.95112, 'f1': 0.95102, 'auc': 0.99683}
train: {'epoch': 192, 'time_epoch': 0.03451, 'eta': 0.25897, 'eta_hours': 7e-05, 'loss': 0.16266216, 'lr': 2.18e-06, 'params': 200537, 'time_iter': 0.03451, 'accuracy': 0.94792, 'f1': 0.94776, 'auc': 0.9963}
train: {'epoch': 193, 'time_epoch': 0.039, 'eta': 0.22204, 'eta_hours': 6e-05, 'loss': 0.16733789, 'lr': 1.67e-06, 'params': 200537, 'time_iter': 0.039, 'accuracy': 0.94551, 'f1': 0.94533, 'auc': 0.99638}
train: {'epoch': 194, 'time_epoch': 0.037, 'eta': 0.18503, 'eta_hours': 5e-05, 'loss': 0.16134326, 'lr': 1.23e-06, 'params': 200537, 'time_iter': 0.037, 'accuracy': 0.94832, 'f1': 0.94812, 'auc': 0.99658}
val: {'epoch': 194, 'time_epoch': 0.0225, 'loss': 6.26363468, 'lr': 0, 'params': 200537, 'time_iter': 0.0225, 'accuracy': 0.29928, 'f1': 0.30111, 'auc': 0.58247}
test: {'epoch': 194, 'time_epoch': 0.021, 'loss': 5.50406456, 'lr': 0, 'params': 200537, 'time_iter': 0.021, 'accuracy': 0.31892, 'f1': 0.31889, 'auc': 0.60466}
> Epoch 194: took 0.1s (avg 0.1s) | Best so far: epoch 34	train_loss: 1.0570 train_accuracy: 0.6390	val_loss: 1.5379 val_accuracy: 0.3480	test_loss: 1.5059 test_accuracy: 0.3564
train: {'epoch': 195, 'time_epoch': 0.036, 'eta': 0.148, 'eta_hours': 4e-05, 'loss': 0.16027914, 'lr': 8.5e-07, 'params': 200537, 'time_iter': 0.036, 'accuracy': 0.94872, 'f1': 0.94861, 'auc': 0.99649}
train: {'epoch': 196, 'time_epoch': 0.0365, 'eta': 0.11099, 'eta_hours': 3e-05, 'loss': 0.16287446, 'lr': 5.5e-07, 'params': 200537, 'time_iter': 0.0365, 'accuracy': 0.94752, 'f1': 0.94735, 'auc': 0.99657}
train: {'epoch': 197, 'time_epoch': 0.035, 'eta': 0.07398, 'eta_hours': 2e-05, 'loss': 0.15988138, 'lr': 3.1e-07, 'params': 200537, 'time_iter': 0.035, 'accuracy': 0.94712, 'f1': 0.94691, 'auc': 0.99656}
train: {'epoch': 198, 'time_epoch': 0.03651, 'eta': 0.03699, 'eta_hours': 1e-05, 'loss': 0.1577847, 'lr': 1.4e-07, 'params': 200537, 'time_iter': 0.03651, 'accuracy': 0.94872, 'f1': 0.94866, 'auc': 0.99678}
train: {'epoch': 199, 'time_epoch': 0.036, 'eta': 0.0, 'eta_hours': 0.0, 'loss': 0.15836988, 'lr': 3e-08, 'params': 200537, 'time_iter': 0.036, 'accuracy': 0.94992, 'f1': 0.94981, 'auc': 0.9968}
val: {'epoch': 199, 'time_epoch': 0.022, 'loss': 6.26399803, 'lr': 0, 'params': 200537, 'time_iter': 0.022, 'accuracy': 0.29928, 'f1': 0.30111, 'auc': 0.58246}
test: {'epoch': 199, 'time_epoch': 0.02151, 'loss': 5.50437021, 'lr': 0, 'params': 200537, 'time_iter': 0.02151, 'accuracy': 0.31892, 'f1': 0.31898, 'auc': 0.60468}
> Epoch 199: took 0.1s (avg 0.1s) | Best so far: epoch 34	train_loss: 1.0570 train_accuracy: 0.6390	val_loss: 1.5379 val_accuracy: 0.3480	test_loss: 1.5059 test_accuracy: 0.3564
Avg time per epoch: 0.05s
Total train loop time: 0.00h
Task done, results saved in results\wn-squirrel-GPS\0
Results aggregated across runs saved in results\wn-squirrel-GPS\agg
[*] All done: 2026-06-06 18:42:14.335213
